 Iex

 Timestamp is 510d5da3 (Sun Feb 03 02:40:35 2013)

 Preferred load address is 10000000

 Start         Length     Name                   Class
 0001:00000000 000045faH .text                   CODE
 0001:00004600 000000c0H .text$x                 CODE
 0002:00000000 000000ccH .idata$5                DATA
 0002:000000cc 00000004H .CRT$XCA                DATA
 0002:000000d0 00000004H .CRT$XCZ                DATA
 0002:000000d4 00000004H .CRT$XIA                DATA
 0002:000000d8 00000004H .CRT$XIAA               DATA
 0002:000000dc 00000004H .CRT$XIZ                DATA
 0002:000000e0 000004c0H .rdata                  DATA
 0002:000005a0 0000006eH .rdata$debug            DATA
 0002:00000610 00001e98H .rdata$r                DATA
 0002:000024b0 00000014H .rdata$sxdata           DATA
 0002:000024c4 00000004H .rtc$IAA                DATA
 0002:000024c8 00000004H .rtc$IZZ                DATA
 0002:000024cc 00000004H .rtc$TAA                DATA
 0002:000024d0 00000004H .rtc$TZZ                DATA
 0002:000024d8 00001914H .xdata$x                DATA
 0002:00003dec 0000003cH .idata$2                DATA
 0002:00003e28 00000014H .idata$3                DATA
 0002:00003e3c 000000ccH .idata$4                DATA
 0002:00003f08 0000040aH .idata$6                DATA
 0002:00004312 00000000H .edata                  DATA
 0003:00000000 00000a40H .data                   DATA
 0003:00000a40 00000348H .bss                    DATA

  Address         Publics by Value              Rva+Base       Lib:Object

 0000:00000005       ___safe_se_handler_count   00000005     <absolute>
 0000:00000000       ___ImageBase               10000000     <linker-defined>
 0001:00000000       ??0bad_alloc@std@@QAE@PBD@Z 10001000 f i IexBaseExc.obj
 0001:00000020       ??1bad_alloc@std@@UAE@XZ   10001020 f i IexBaseExc.obj
 0001:00000030       ??_Gbad_alloc@std@@UAEPAXI@Z 10001030 f i IexBaseExc.obj
 0001:00000030       ??_Ebad_alloc@std@@UAEPAXI@Z 10001030 f i IexBaseExc.obj
 0001:00000060       ?length@?$char_traits@D@std@@SAIPBD@Z 10001060 f i IexBaseExc.obj
 0001:00000080       ?copy@?$char_traits@D@std@@SAPADPADPBDI@Z 10001080 f i IexBaseExc.obj
 0001:00000090       ?move@?$char_traits@D@std@@SAPADPADPBDI@Z 10001090 f i IexBaseExc.obj
 0001:000000a0       ?assign@?$char_traits@D@std@@SAXAADABD@Z 100010a0 f i IexBaseExc.obj
 0001:000000b0       ?setStackTracer@Iex@@YAXP6A?AV?$basic_string@DU?$char_traits@D@std@@V?$allocator@D@2@@std@@XZ@Z 100010b0 f   IexBaseExc.obj
 0001:000000c0       ?stackTracer@Iex@@YAP6A?AV?$basic_string@DU?$char_traits@D@std@@V?$allocator@D@2@@std@@XZXZ 100010c0 f   IexBaseExc.obj
 0001:000000d0       ?size@?$basic_string@DU?$char_traits@D@std@@V?$allocator@D@2@@std@@QBEIXZ 100010d0 f i IexBaseExc.obj
 0001:000000e0       ??1?$_String_val@DV?$allocator@D@std@@@std@@QAE@XZ 100010e0 f i IexBaseExc.obj
 0001:000000f0       ??0?$allocator@D@std@@QAE@XZ 100010f0 f i IexBaseExc.obj
 0001:00000100       ?deallocate@?$allocator@D@std@@QAEXPADI@Z 10001100 f i IexBaseExc.obj
 0001:00000120       ?_Myptr@?$basic_string@DU?$char_traits@D@std@@V?$allocator@D@2@@std@@QBEPBDXZ 10001120 f i IexBaseExc.obj
 0001:00000120       ?_Myptr@?$basic_string@DU?$char_traits@D@std@@V?$allocator@D@2@@std@@QAEPADXZ 10001120 f i IexBaseExc.obj
 0001:00000120       ?c_str@?$basic_string@DU?$char_traits@D@std@@V?$allocator@D@2@@std@@QBEPBDXZ 10001120 f i IexBaseExc.obj
 0001:00000130       ?_Xlen@?$basic_string@DU?$char_traits@D@std@@V?$allocator@D@2@@std@@QBEXXZ 10001130 f i IexBaseExc.obj
 0001:00000140       ?_Xran@?$basic_string@DU?$char_traits@D@std@@V?$allocator@D@2@@std@@QBEXXZ 10001140 f i IexBaseExc.obj
 0001:00000150       ?max_size@?$allocator@D@std@@QBEIXZ 10001150 f i IexBaseExc.obj
 0001:00000160       ??$forward@V?$allocator@D@std@@@std@@YA$$QAV?$allocator@D@0@AAV10@@Z 10001160 f i IexBaseExc.obj
 0001:00000160       ??$forward@V?$basic_string@DU?$char_traits@D@std@@V?$allocator@D@2@@std@@@std@@YA$$QAV?$basic_string@DU?$char_traits@D@std@@V?$allocator@D@2@@0@AAV10@@Z 10001160 f i IexBaseExc.obj
 0001:00000170       ??$_Allocate@D@std@@YAPADIPAD@Z 10001170 f i IexBaseExc.obj
 0001:000001c0       ??0bad_alloc@std@@QAE@ABV01@@Z 100011c0 f i IexBaseExc.obj
 0001:000001e0       ??$?8DD@std@@YA_NABV?$allocator@D@0@0@Z 100011e0 f i IexBaseExc.obj
 0001:000001f0       ?get_allocator@?$basic_string@DU?$char_traits@D@std@@V?$allocator@D@2@@std@@QBE?AV?$allocator@D@2@XZ 100011f0 f i IexBaseExc.obj
 0001:00000200       ??0?$allocator@D@std@@QAE@ABV01@@Z 10001200 f i IexBaseExc.obj
 0001:00000200       ??0?$_String_val@DV?$allocator@D@std@@@std@@QAE@V?$allocator@D@1@@Z 10001200 f i IexBaseExc.obj
 0001:00000210       ?allocate@?$allocator@D@std@@QAEPADI@Z 10001210 f i IexBaseExc.obj
 0001:00000260       ?_Eos@?$basic_string@DU?$char_traits@D@std@@V?$allocator@D@2@@std@@QAEXI@Z 10001260 f i IexBaseExc.obj
 0001:00000280       ?_Inside@?$basic_string@DU?$char_traits@D@std@@V?$allocator@D@2@@std@@QAE_NPBD@Z 10001280 f i IexBaseExc.obj
 0001:000002c0       ?max_size@?$basic_string@DU?$char_traits@D@std@@V?$allocator@D@2@@std@@QBEIXZ 100012c0 f i IexBaseExc.obj
 0001:000002d0       ??$?9DD@std@@YA_NABV?$allocator@D@0@0@Z 100012d0 f i IexBaseExc.obj
 0001:000002e0       ?what@BaseExc@Iex@@UBEPBDXZ 100012e0 f   IexBaseExc.obj
 0001:000002f0       ?_Tidy@?$basic_string@DU?$char_traits@D@std@@V?$allocator@D@2@@std@@QAEX_NI@Z 100012f0 f i IexBaseExc.obj
 0001:00000340       ?erase@?$basic_string@DU?$char_traits@D@std@@V?$allocator@D@2@@std@@QAEAAV12@II@Z 10001340 f i IexBaseExc.obj
 0001:000003d0       ?_Copy@?$basic_string@DU?$char_traits@D@std@@V?$allocator@D@2@@std@@QAEXII@Z 100013d0 f i IexBaseExc.obj
 0001:00000540       ??0?$basic_string@DU?$char_traits@D@std@@V?$allocator@D@2@@std@@QAE@XZ 10001540 f i IexBaseExc.obj
 0001:00000560       ??1?$basic_string@DU?$char_traits@D@std@@V?$allocator@D@2@@std@@QAE@XZ 10001560 f i IexBaseExc.obj
 0001:00000590       ?_Grow@?$basic_string@DU?$char_traits@D@std@@V?$allocator@D@2@@std@@QAE_NI_N@Z 10001590 f i IexBaseExc.obj
 0001:00000640       ??1BaseExc@Iex@@UAE@XZ     10001640 f   IexBaseExc.obj
 0001:000006a0       ?append@?$basic_string@DU?$char_traits@D@std@@V?$allocator@D@2@@std@@QAEAAV12@ABV12@II@Z 100016a0 f i IexBaseExc.obj
 0001:00000790       ?assign@?$basic_string@DU?$char_traits@D@std@@V?$allocator@D@2@@std@@QAEAAV12@ABV12@II@Z 10001790 f i IexBaseExc.obj
 0001:00000880       ?assign@?$basic_string@DU?$char_traits@D@std@@V?$allocator@D@2@@std@@QAEAAV12@PBDI@Z 10001880 f i IexBaseExc.obj
 0001:00000980       ??0?$basic_string@DU?$char_traits@D@std@@V?$allocator@D@2@@std@@QAE@PBDI@Z 10001980 f i IexBaseExc.obj
 0001:000009b0       ??_GBaseExc@Iex@@UAEPAXI@Z 100019b0 f i IexBaseExc.obj
 0001:000009b0       ??_EBaseExc@Iex@@UAEPAXI@Z 100019b0 f i IexBaseExc.obj
 0001:00000a20       ??0?$basic_string@DU?$char_traits@D@std@@V?$allocator@D@2@@std@@QAE@ABV01@@Z 10001a20 f i IexBaseExc.obj
 0001:00000a50       ?append@?$basic_string@DU?$char_traits@D@std@@V?$allocator@D@2@@std@@QAEAAV12@ABV12@@Z 10001a50 f i IexBaseExc.obj
 0001:00000a70       ?assign@?$basic_string@DU?$char_traits@D@std@@V?$allocator@D@2@@std@@QAEAAV12@PBD@Z 10001a70 f i IexBaseExc.obj
 0001:00000aa0       ??4?$basic_string@DU?$char_traits@D@std@@V?$allocator@D@2@@std@@QAEAAV01@ABV01@@Z 10001aa0 f i IexBaseExc.obj
 0001:00000aa0       ?assign@?$basic_string@DU?$char_traits@D@std@@V?$allocator@D@2@@std@@QAEAAV12@ABV12@@Z 10001aa0 f i IexBaseExc.obj
 0001:00000ac0       ??0BaseExc@Iex@@QAE@ABV01@@Z 10001ac0 f   IexBaseExc.obj
 0001:00000b30       ??0?$basic_string@DU?$char_traits@D@std@@V?$allocator@D@2@@std@@QAE@PBD@Z 10001b30 f i IexBaseExc.obj
 0001:00000b70       ?assign@?$basic_string@DU?$char_traits@D@std@@V?$allocator@D@2@@std@@QAEAAV12@$$QAV12@@Z 10001b70 f i IexBaseExc.obj
 0001:00000bf0       ??0?$basic_string@DU?$char_traits@D@std@@V?$allocator@D@2@@std@@QAE@$$QAV01@@Z 10001bf0 f i IexBaseExc.obj
 0001:00000c20       ?str@?$basic_stringbuf@DU?$char_traits@D@std@@V?$allocator@D@2@@std@@QBE?AV?$basic_string@DU?$char_traits@D@std@@V?$allocator@D@2@@2@XZ 10001c20 f i IexBaseExc.obj
 0001:00000d50       ??0BaseExc@Iex@@QAE@PBD@Z  10001d50 f   IexBaseExc.obj
 0001:00000eb0       ??0BaseExc@Iex@@QAE@ABV?$basic_string@DU?$char_traits@D@std@@V?$allocator@D@2@@std@@@Z 10001eb0 f   IexBaseExc.obj
 0001:00000fd0       ?str@?$basic_stringstream@DU?$char_traits@D@std@@V?$allocator@D@2@@std@@QBE?AV?$basic_string@DU?$char_traits@D@std@@V?$allocator@D@2@@2@XZ 10001fd0 f i IexBaseExc.obj
 0001:00001000       ??0BaseExc@Iex@@QAE@AAV?$basic_stringstream@DU?$char_traits@D@std@@V?$allocator@D@2@@std@@@Z 10002000 f   IexBaseExc.obj
 0001:00001120       ?assign@BaseExc@Iex@@QAEAAV12@AAV?$basic_stringstream@DU?$char_traits@D@std@@V?$allocator@D@2@@std@@@Z 10002120 f   IexBaseExc.obj
 0001:000011a0       ?append@BaseExc@Iex@@QAEAAV12@AAV?$basic_stringstream@DU?$char_traits@D@std@@V?$allocator@D@2@@std@@@Z 100021a0 f   IexBaseExc.obj
 0001:00001220       ?compare@?$char_traits@D@std@@SAHPBD0I@Z 10002220 f i IexThrowErrnoExc.obj
 0001:000012a0       ?find@?$char_traits@D@std@@SAPBDPBDIABD@Z 100022a0 f i IexThrowErrnoExc.obj
 0001:000012c0       ??0ErrnoExc@Iex@@QAE@ABV?$basic_string@DU?$char_traits@D@std@@V?$allocator@D@2@@std@@@Z 100022c0 f i IexThrowErrnoExc.obj
 0001:000012e0       ??0EpermExc@Iex@@QAE@ABV?$basic_string@DU?$char_traits@D@std@@V?$allocator@D@2@@std@@@Z 100022e0 f i IexThrowErrnoExc.obj
 0001:00001300       ??0EnoentExc@Iex@@QAE@ABV?$basic_string@DU?$char_traits@D@std@@V?$allocator@D@2@@std@@@Z 10002300 f i IexThrowErrnoExc.obj
 0001:00001320       ??0EsrchExc@Iex@@QAE@ABV?$basic_string@DU?$char_traits@D@std@@V?$allocator@D@2@@std@@@Z 10002320 f i IexThrowErrnoExc.obj
 0001:00001340       ??0EintrExc@Iex@@QAE@ABV?$basic_string@DU?$char_traits@D@std@@V?$allocator@D@2@@std@@@Z 10002340 f i IexThrowErrnoExc.obj
 0001:00001360       ??0EioExc@Iex@@QAE@ABV?$basic_string@DU?$char_traits@D@std@@V?$allocator@D@2@@std@@@Z 10002360 f i IexThrowErrnoExc.obj
 0001:00001380       ??0EnxioExc@Iex@@QAE@ABV?$basic_string@DU?$char_traits@D@std@@V?$allocator@D@2@@std@@@Z 10002380 f i IexThrowErrnoExc.obj
 0001:000013a0       ??0E2bigExc@Iex@@QAE@ABV?$basic_string@DU?$char_traits@D@std@@V?$allocator@D@2@@std@@@Z 100023a0 f i IexThrowErrnoExc.obj
 0001:000013c0       ??0EnoexecExc@Iex@@QAE@ABV?$basic_string@DU?$char_traits@D@std@@V?$allocator@D@2@@std@@@Z 100023c0 f i IexThrowErrnoExc.obj
 0001:000013e0       ??0EbadfExc@Iex@@QAE@ABV?$basic_string@DU?$char_traits@D@std@@V?$allocator@D@2@@std@@@Z 100023e0 f i IexThrowErrnoExc.obj
 0001:00001400       ??0EchildExc@Iex@@QAE@ABV?$basic_string@DU?$char_traits@D@std@@V?$allocator@D@2@@std@@@Z 10002400 f i IexThrowErrnoExc.obj
 0001:00001420       ??0EagainExc@Iex@@QAE@ABV?$basic_string@DU?$char_traits@D@std@@V?$allocator@D@2@@std@@@Z 10002420 f i IexThrowErrnoExc.obj
 0001:00001440       ??0EnomemExc@Iex@@QAE@ABV?$basic_string@DU?$char_traits@D@std@@V?$allocator@D@2@@std@@@Z 10002440 f i IexThrowErrnoExc.obj
 0001:00001460       ??0EaccesExc@Iex@@QAE@ABV?$basic_string@DU?$char_traits@D@std@@V?$allocator@D@2@@std@@@Z 10002460 f i IexThrowErrnoExc.obj
 0001:00001480       ??0EfaultExc@Iex@@QAE@ABV?$basic_string@DU?$char_traits@D@std@@V?$allocator@D@2@@std@@@Z 10002480 f i IexThrowErrnoExc.obj
 0001:000014a0       ??0EbusyExc@Iex@@QAE@ABV?$basic_string@DU?$char_traits@D@std@@V?$allocator@D@2@@std@@@Z 100024a0 f i IexThrowErrnoExc.obj
 0001:000014c0       ??0EexistExc@Iex@@QAE@ABV?$basic_string@DU?$char_traits@D@std@@V?$allocator@D@2@@std@@@Z 100024c0 f i IexThrowErrnoExc.obj
 0001:000014e0       ??0ExdevExc@Iex@@QAE@ABV?$basic_string@DU?$char_traits@D@std@@V?$allocator@D@2@@std@@@Z 100024e0 f i IexThrowErrnoExc.obj
 0001:00001500       ??0EnodevExc@Iex@@QAE@ABV?$basic_string@DU?$char_traits@D@std@@V?$allocator@D@2@@std@@@Z 10002500 f i IexThrowErrnoExc.obj
 0001:00001520       ??0EnotdirExc@Iex@@QAE@ABV?$basic_string@DU?$char_traits@D@std@@V?$allocator@D@2@@std@@@Z 10002520 f i IexThrowErrnoExc.obj
 0001:00001540       ??0EisdirExc@Iex@@QAE@ABV?$basic_string@DU?$char_traits@D@std@@V?$allocator@D@2@@std@@@Z 10002540 f i IexThrowErrnoExc.obj
 0001:00001560       ??0EinvalExc@Iex@@QAE@ABV?$basic_string@DU?$char_traits@D@std@@V?$allocator@D@2@@std@@@Z 10002560 f i IexThrowErrnoExc.obj
 0001:00001580       ??0EnfileExc@Iex@@QAE@ABV?$basic_string@DU?$char_traits@D@std@@V?$allocator@D@2@@std@@@Z 10002580 f i IexThrowErrnoExc.obj
 0001:000015a0       ??0EmfileExc@Iex@@QAE@ABV?$basic_string@DU?$char_traits@D@std@@V?$allocator@D@2@@std@@@Z 100025a0 f i IexThrowErrnoExc.obj
 0001:000015c0       ??0EnottyExc@Iex@@QAE@ABV?$basic_string@DU?$char_traits@D@std@@V?$allocator@D@2@@std@@@Z 100025c0 f i IexThrowErrnoExc.obj
 0001:000015e0       ??0EtxtbsyExc@Iex@@QAE@ABV?$basic_string@DU?$char_traits@D@std@@V?$allocator@D@2@@std@@@Z 100025e0 f i IexThrowErrnoExc.obj
 0001:00001600       ??0EfbigExc@Iex@@QAE@ABV?$basic_string@DU?$char_traits@D@std@@V?$allocator@D@2@@std@@@Z 10002600 f i IexThrowErrnoExc.obj
 0001:00001620       ??0EnospcExc@Iex@@QAE@ABV?$basic_string@DU?$char_traits@D@std@@V?$allocator@D@2@@std@@@Z 10002620 f i IexThrowErrnoExc.obj
 0001:00001640       ??0EspipeExc@Iex@@QAE@ABV?$basic_string@DU?$char_traits@D@std@@V?$allocator@D@2@@std@@@Z 10002640 f i IexThrowErrnoExc.obj
 0001:00001660       ??0ErofsExc@Iex@@QAE@ABV?$basic_string@DU?$char_traits@D@std@@V?$allocator@D@2@@std@@@Z 10002660 f i IexThrowErrnoExc.obj
 0001:00001680       ??0EmlinkExc@Iex@@QAE@ABV?$basic_string@DU?$char_traits@D@std@@V?$allocator@D@2@@std@@@Z 10002680 f i IexThrowErrnoExc.obj
 0001:000016a0       ??0EpipeExc@Iex@@QAE@ABV?$basic_string@DU?$char_traits@D@std@@V?$allocator@D@2@@std@@@Z 100026a0 f i IexThrowErrnoExc.obj
 0001:000016c0       ??0EdomExc@Iex@@QAE@ABV?$basic_string@DU?$char_traits@D@std@@V?$allocator@D@2@@std@@@Z 100026c0 f i IexThrowErrnoExc.obj
 0001:000016e0       ??0ErangeExc@Iex@@QAE@ABV?$basic_string@DU?$char_traits@D@std@@V?$allocator@D@2@@std@@@Z 100026e0 f i IexThrowErrnoExc.obj
 0001:00001700       ??0EnomsgExc@Iex@@QAE@ABV?$basic_string@DU?$char_traits@D@std@@V?$allocator@D@2@@std@@@Z 10002700 f i IexThrowErrnoExc.obj
 0001:00001720       ??0EidrmExc@Iex@@QAE@ABV?$basic_string@DU?$char_traits@D@std@@V?$allocator@D@2@@std@@@Z 10002720 f i IexThrowErrnoExc.obj
 0001:00001740       ??0EdeadlkExc@Iex@@QAE@ABV?$basic_string@DU?$char_traits@D@std@@V?$allocator@D@2@@std@@@Z 10002740 f i IexThrowErrnoExc.obj
 0001:00001760       ??0EnolckExc@Iex@@QAE@ABV?$basic_string@DU?$char_traits@D@std@@V?$allocator@D@2@@std@@@Z 10002760 f i IexThrowErrnoExc.obj
 0001:00001780       ??0EnostrExc@Iex@@QAE@ABV?$basic_string@DU?$char_traits@D@std@@V?$allocator@D@2@@std@@@Z 10002780 f i IexThrowErrnoExc.obj
 0001:000017a0       ??0EnodataExc@Iex@@QAE@ABV?$basic_string@DU?$char_traits@D@std@@V?$allocator@D@2@@std@@@Z 100027a0 f i IexThrowErrnoExc.obj
 0001:000017c0       ??0EtimeExc@Iex@@QAE@ABV?$basic_string@DU?$char_traits@D@std@@V?$allocator@D@2@@std@@@Z 100027c0 f i IexThrowErrnoExc.obj
 0001:000017e0       ??1EisdirExc@Iex@@UAE@XZ   100027e0 f i IexThrowErrnoExc.obj
 0001:000017e0       ??1EnomsgExc@Iex@@UAE@XZ   100027e0 f i IexThrowErrnoExc.obj
 0001:000017e0       ??1EtimeExc@Iex@@UAE@XZ    100027e0 f i IexThrowErrnoExc.obj
 0001:000017e0       ??1EcanceledExc@Iex@@UAE@XZ 100027e0 f i IexThrowErrnoExc.obj
 0001:000017e0       ??1EpipeExc@Iex@@UAE@XZ    100027e0 f i IexThrowErrnoExc.obj
 0001:000017e0       ??1EintrExc@Iex@@UAE@XZ    100027e0 f i IexThrowErrnoExc.obj
 0001:000017e0       ??1EnotsupExc@Iex@@UAE@XZ  100027e0 f i IexThrowErrnoExc.obj
 0001:000017e0       ??1EnostrExc@Iex@@UAE@XZ   100027e0 f i IexThrowErrnoExc.obj
 0001:000017e0       ??1EprotonosupportExc@Iex@@UAE@XZ 100027e0 f i IexThrowErrnoExc.obj
 0001:000017e0       ??1EaccesExc@Iex@@UAE@XZ   100027e0 f i IexThrowErrnoExc.obj
 0001:000017e0       ??1EnomemExc@Iex@@UAE@XZ   100027e0 f i IexThrowErrnoExc.obj
 0001:000017e0       ??1EconnabortedExc@Iex@@UAE@XZ 100027e0 f i IexThrowErrnoExc.obj
 0001:000017e0       ??1EmlinkExc@Iex@@UAE@XZ   100027e0 f i IexThrowErrnoExc.obj
 0001:000017e0       ??1EconnrefusedExc@Iex@@UAE@XZ 100027e0 f i IexThrowErrnoExc.obj
 0001:000017e0       ??1EdomExc@Iex@@UAE@XZ     100027e0 f i IexThrowErrnoExc.obj
 0001:000017e0       ??1EsrchExc@Iex@@UAE@XZ    100027e0 f i IexThrowErrnoExc.obj
 0001:000017e0       ??1EexistExc@Iex@@UAE@XZ   100027e0 f i IexThrowErrnoExc.obj
 0001:000017e0       ??1EprototypeExc@Iex@@UAE@XZ 100027e0 f i IexThrowErrnoExc.obj
 0001:000017e0       ??1EprotoExc@Iex@@UAE@XZ   100027e0 f i IexThrowErrnoExc.obj
 0001:000017e0       ??1EdeadlkExc@Iex@@UAE@XZ  100027e0 f i IexThrowErrnoExc.obj
 0001:000017e0       ??1EnfileExc@Iex@@UAE@XZ   100027e0 f i IexThrowErrnoExc.obj
 0001:000017e0       ??1EnxioExc@Iex@@UAE@XZ    100027e0 f i IexThrowErrnoExc.obj
 0001:000017e0       ??1ErofsExc@Iex@@UAE@XZ    100027e0 f i IexThrowErrnoExc.obj
 0001:000017e0       ??1EnotsockExc@Iex@@UAE@XZ 100027e0 f i IexThrowErrnoExc.obj
 0001:000017e0       ??1EfaultExc@Iex@@UAE@XZ   100027e0 f i IexThrowErrnoExc.obj
 0001:000017e0       ??1EfbigExc@Iex@@UAE@XZ    100027e0 f i IexThrowErrnoExc.obj
 0001:000017e0       ??1EnobufsExc@Iex@@UAE@XZ  100027e0 f i IexThrowErrnoExc.obj
 0001:000017e0       ??1EinvalExc@Iex@@UAE@XZ   100027e0 f i IexThrowErrnoExc.obj
 0001:000017e0       ??1ExdevExc@Iex@@UAE@XZ    100027e0 f i IexThrowErrnoExc.obj
 0001:000017e0       ??1EnolinkExc@Iex@@UAE@XZ  100027e0 f i IexThrowErrnoExc.obj
 0001:000017e0       ??1ErangeExc@Iex@@UAE@XZ   100027e0 f i IexThrowErrnoExc.obj
 0001:000017e0       ??1EnetresetExc@Iex@@UAE@XZ 100027e0 f i IexThrowErrnoExc.obj
 0001:000017e0       ??1EafnosupportExc@Iex@@UAE@XZ 100027e0 f i IexThrowErrnoExc.obj
 0001:000017e0       ??1EnotconnExc@Iex@@UAE@XZ 100027e0 f i IexThrowErrnoExc.obj
 0001:000017e0       ??1EnottyExc@Iex@@UAE@XZ   100027e0 f i IexThrowErrnoExc.obj
 0001:000017e0       ??1EnoprotooptExc@Iex@@UAE@XZ 100027e0 f i IexThrowErrnoExc.obj
 0001:000017e0       ??1EnospcExc@Iex@@UAE@XZ   100027e0 f i IexThrowErrnoExc.obj
 0001:000017e0       ??1EopnotsuppExc@Iex@@UAE@XZ 100027e0 f i IexThrowErrnoExc.obj
 0001:000017e0       ??1EnosrExc@Iex@@UAE@XZ    100027e0 f i IexThrowErrnoExc.obj
 0001:000017e0       ??1EoverflowExc@Iex@@UAE@XZ 100027e0 f i IexThrowErrnoExc.obj
 0001:000017e0       ??1EloopExc@Iex@@UAE@XZ    100027e0 f i IexThrowErrnoExc.obj
 0001:000017e0       ??1ErrnoExc@Iex@@UAE@XZ    100027e0 f i IexThrowErrnoExc.obj
 0001:000017e0       ??1EchildExc@Iex@@UAE@XZ   100027e0 f i IexThrowErrnoExc.obj
 0001:000017e0       ??1EalreadyExc@Iex@@UAE@XZ 100027e0 f i IexThrowErrnoExc.obj
 0001:000017e0       ??1EpermExc@Iex@@UAE@XZ    100027e0 f i IexThrowErrnoExc.obj
 0001:000017e0       ??1EioExc@Iex@@UAE@XZ      100027e0 f i IexThrowErrnoExc.obj
 0001:000017e0       ??1EconnresetExc@Iex@@UAE@XZ 100027e0 f i IexThrowErrnoExc.obj
 0001:000017e0       ??1EnametoolongExc@Iex@@UAE@XZ 100027e0 f i IexThrowErrnoExc.obj
 0001:000017e0       ??1EbadmsgExc@Iex@@UAE@XZ  100027e0 f i IexThrowErrnoExc.obj
 0001:000017e0       ??1EagainExc@Iex@@UAE@XZ   100027e0 f i IexThrowErrnoExc.obj
 0001:000017e0       ??1EidrmExc@Iex@@UAE@XZ    100027e0 f i IexThrowErrnoExc.obj
 0001:000017e0       ??1EtimedoutExc@Iex@@UAE@XZ 100027e0 f i IexThrowErrnoExc.obj
 0001:000017e0       ??1EnodataExc@Iex@@UAE@XZ  100027e0 f i IexThrowErrnoExc.obj
 0001:000017e0       ??1EnoexecExc@Iex@@UAE@XZ  100027e0 f i IexThrowErrnoExc.obj
 0001:000017e0       ??1EaddrinuseExc@Iex@@UAE@XZ 100027e0 f i IexThrowErrnoExc.obj
 0001:000017e0       ??1EnotdirExc@Iex@@UAE@XZ  100027e0 f i IexThrowErrnoExc.obj
 0001:000017e0       ??1E2bigExc@Iex@@UAE@XZ    100027e0 f i IexThrowErrnoExc.obj
 0001:000017e0       ??1EhostunreachExc@Iex@@UAE@XZ 100027e0 f i IexThrowErrnoExc.obj
 0001:000017e0       ??1EnolckExc@Iex@@UAE@XZ   100027e0 f i IexThrowErrnoExc.obj
 0001:000017e0       ??1EaddrnotavailExc@Iex@@UAE@XZ 100027e0 f i IexThrowErrnoExc.obj
 0001:000017e0       ??1EmsgsizeExc@Iex@@UAE@XZ 100027e0 f i IexThrowErrnoExc.obj
 0001:000017e0       ??1EnetunreachExc@Iex@@UAE@XZ 100027e0 f i IexThrowErrnoExc.obj
 0001:000017e0       ??1EinprogressExc@Iex@@UAE@XZ 100027e0 f i IexThrowErrnoExc.obj
 0001:000017e0       ??1EbadfExc@Iex@@UAE@XZ    100027e0 f i IexThrowErrnoExc.obj
 0001:000017e0       ??1EspipeExc@Iex@@UAE@XZ   100027e0 f i IexThrowErrnoExc.obj
 0001:000017e0       ??1EdestaddrreqExc@Iex@@UAE@XZ 100027e0 f i IexThrowErrnoExc.obj
 0001:000017e0       ??1EnetdownExc@Iex@@UAE@XZ 100027e0 f i IexThrowErrnoExc.obj
 0001:000017e0       ??1EnoentExc@Iex@@UAE@XZ   100027e0 f i IexThrowErrnoExc.obj
 0001:000017e0       ??1EilseqExc@Iex@@UAE@XZ   100027e0 f i IexThrowErrnoExc.obj
 0001:000017e0       ??1EnotemptyExc@Iex@@UAE@XZ 100027e0 f i IexThrowErrnoExc.obj
 0001:000017e0       ??1EtxtbsyExc@Iex@@UAE@XZ  100027e0 f i IexThrowErrnoExc.obj
 0001:000017e0       ??1EnosysExc@Iex@@UAE@XZ   100027e0 f i IexThrowErrnoExc.obj
 0001:000017e0       ??1EisconnExc@Iex@@UAE@XZ  100027e0 f i IexThrowErrnoExc.obj
 0001:000017e0       ??1EmfileExc@Iex@@UAE@XZ   100027e0 f i IexThrowErrnoExc.obj
 0001:000017e0       ??1EbusyExc@Iex@@UAE@XZ    100027e0 f i IexThrowErrnoExc.obj
 0001:000017e0       ??1EnodevExc@Iex@@UAE@XZ   100027e0 f i IexThrowErrnoExc.obj
 0001:000017f0       ??0EnosrExc@Iex@@QAE@ABV?$basic_string@DU?$char_traits@D@std@@V?$allocator@D@2@@std@@@Z 100027f0 f i IexThrowErrnoExc.obj
 0001:00001810       ??0EnolinkExc@Iex@@QAE@ABV?$basic_string@DU?$char_traits@D@std@@V?$allocator@D@2@@std@@@Z 10002810 f i IexThrowErrnoExc.obj
 0001:00001830       ??0EprotoExc@Iex@@QAE@ABV?$basic_string@DU?$char_traits@D@std@@V?$allocator@D@2@@std@@@Z 10002830 f i IexThrowErrnoExc.obj
 0001:00001850       ??0EbadmsgExc@Iex@@QAE@ABV?$basic_string@DU?$char_traits@D@std@@V?$allocator@D@2@@std@@@Z 10002850 f i IexThrowErrnoExc.obj
 0001:00001870       ??0EnametoolongExc@Iex@@QAE@ABV?$basic_string@DU?$char_traits@D@std@@V?$allocator@D@2@@std@@@Z 10002870 f i IexThrowErrnoExc.obj
 0001:00001890       ??0EoverflowExc@Iex@@QAE@ABV?$basic_string@DU?$char_traits@D@std@@V?$allocator@D@2@@std@@@Z 10002890 f i IexThrowErrnoExc.obj
 0001:000018b0       ??0EilseqExc@Iex@@QAE@ABV?$basic_string@DU?$char_traits@D@std@@V?$allocator@D@2@@std@@@Z 100028b0 f i IexThrowErrnoExc.obj
 0001:000018d0       ??0EnosysExc@Iex@@QAE@ABV?$basic_string@DU?$char_traits@D@std@@V?$allocator@D@2@@std@@@Z 100028d0 f i IexThrowErrnoExc.obj
 0001:000018f0       ??0EloopExc@Iex@@QAE@ABV?$basic_string@DU?$char_traits@D@std@@V?$allocator@D@2@@std@@@Z 100028f0 f i IexThrowErrnoExc.obj
 0001:00001910       ??0EnotemptyExc@Iex@@QAE@ABV?$basic_string@DU?$char_traits@D@std@@V?$allocator@D@2@@std@@@Z 10002910 f i IexThrowErrnoExc.obj
 0001:00001930       ??0EnotsockExc@Iex@@QAE@ABV?$basic_string@DU?$char_traits@D@std@@V?$allocator@D@2@@std@@@Z 10002930 f i IexThrowErrnoExc.obj
 0001:00001950       ??0EdestaddrreqExc@Iex@@QAE@ABV?$basic_string@DU?$char_traits@D@std@@V?$allocator@D@2@@std@@@Z 10002950 f i IexThrowErrnoExc.obj
 0001:00001970       ??0EmsgsizeExc@Iex@@QAE@ABV?$basic_string@DU?$char_traits@D@std@@V?$allocator@D@2@@std@@@Z 10002970 f i IexThrowErrnoExc.obj
 0001:00001990       ??0EprototypeExc@Iex@@QAE@ABV?$basic_string@DU?$char_traits@D@std@@V?$allocator@D@2@@std@@@Z 10002990 f i IexThrowErrnoExc.obj
 0001:000019b0       ??0EnoprotooptExc@Iex@@QAE@ABV?$basic_string@DU?$char_traits@D@std@@V?$allocator@D@2@@std@@@Z 100029b0 f i IexThrowErrnoExc.obj
 0001:000019d0       ??0EprotonosupportExc@Iex@@QAE@ABV?$basic_string@DU?$char_traits@D@std@@V?$allocator@D@2@@std@@@Z 100029d0 f i IexThrowErrnoExc.obj
 0001:000019f0       ??0EopnotsuppExc@Iex@@QAE@ABV?$basic_string@DU?$char_traits@D@std@@V?$allocator@D@2@@std@@@Z 100029f0 f i IexThrowErrnoExc.obj
 0001:00001a10       ??0EafnosupportExc@Iex@@QAE@ABV?$basic_string@DU?$char_traits@D@std@@V?$allocator@D@2@@std@@@Z 10002a10 f i IexThrowErrnoExc.obj
 0001:00001a30       ??0EaddrinuseExc@Iex@@QAE@ABV?$basic_string@DU?$char_traits@D@std@@V?$allocator@D@2@@std@@@Z 10002a30 f i IexThrowErrnoExc.obj
 0001:00001a50       ??0EaddrnotavailExc@Iex@@QAE@ABV?$basic_string@DU?$char_traits@D@std@@V?$allocator@D@2@@std@@@Z 10002a50 f i IexThrowErrnoExc.obj
 0001:00001a70       ??0EnetdownExc@Iex@@QAE@ABV?$basic_string@DU?$char_traits@D@std@@V?$allocator@D@2@@std@@@Z 10002a70 f i IexThrowErrnoExc.obj
 0001:00001a90       ??0EnetunreachExc@Iex@@QAE@ABV?$basic_string@DU?$char_traits@D@std@@V?$allocator@D@2@@std@@@Z 10002a90 f i IexThrowErrnoExc.obj
 0001:00001ab0       ??0EnetresetExc@Iex@@QAE@ABV?$basic_string@DU?$char_traits@D@std@@V?$allocator@D@2@@std@@@Z 10002ab0 f i IexThrowErrnoExc.obj
 0001:00001ad0       ??0EconnabortedExc@Iex@@QAE@ABV?$basic_string@DU?$char_traits@D@std@@V?$allocator@D@2@@std@@@Z 10002ad0 f i IexThrowErrnoExc.obj
 0001:00001af0       ??0EconnresetExc@Iex@@QAE@ABV?$basic_string@DU?$char_traits@D@std@@V?$allocator@D@2@@std@@@Z 10002af0 f i IexThrowErrnoExc.obj
 0001:00001b10       ??0EnobufsExc@Iex@@QAE@ABV?$basic_string@DU?$char_traits@D@std@@V?$allocator@D@2@@std@@@Z 10002b10 f i IexThrowErrnoExc.obj
 0001:00001b30       ??0EisconnExc@Iex@@QAE@ABV?$basic_string@DU?$char_traits@D@std@@V?$allocator@D@2@@std@@@Z 10002b30 f i IexThrowErrnoExc.obj
 0001:00001b50       ??0EnotconnExc@Iex@@QAE@ABV?$basic_string@DU?$char_traits@D@std@@V?$allocator@D@2@@std@@@Z 10002b50 f i IexThrowErrnoExc.obj
 0001:00001b70       ??0EtimedoutExc@Iex@@QAE@ABV?$basic_string@DU?$char_traits@D@std@@V?$allocator@D@2@@std@@@Z 10002b70 f i IexThrowErrnoExc.obj
 0001:00001b90       ??0EconnrefusedExc@Iex@@QAE@ABV?$basic_string@DU?$char_traits@D@std@@V?$allocator@D@2@@std@@@Z 10002b90 f i IexThrowErrnoExc.obj
 0001:00001bb0       ??0EhostunreachExc@Iex@@QAE@ABV?$basic_string@DU?$char_traits@D@std@@V?$allocator@D@2@@std@@@Z 10002bb0 f i IexThrowErrnoExc.obj
 0001:00001bd0       ??0EalreadyExc@Iex@@QAE@ABV?$basic_string@DU?$char_traits@D@std@@V?$allocator@D@2@@std@@@Z 10002bd0 f i IexThrowErrnoExc.obj
 0001:00001bf0       ??0EinprogressExc@Iex@@QAE@ABV?$basic_string@DU?$char_traits@D@std@@V?$allocator@D@2@@std@@@Z 10002bf0 f i IexThrowErrnoExc.obj
 0001:00001c10       ??0EcanceledExc@Iex@@QAE@ABV?$basic_string@DU?$char_traits@D@std@@V?$allocator@D@2@@std@@@Z 10002c10 f i IexThrowErrnoExc.obj
 0001:00001c30       ??0EnotsupExc@Iex@@QAE@ABV?$basic_string@DU?$char_traits@D@std@@V?$allocator@D@2@@std@@@Z 10002c30 f i IexThrowErrnoExc.obj
 0001:00001c50       ??_GEopnotsuppExc@Iex@@UAEPAXI@Z 10002c50 f i IexThrowErrnoExc.obj
 0001:00001c50       ??_GEprototypeExc@Iex@@UAEPAXI@Z 10002c50 f i IexThrowErrnoExc.obj
 0001:00001c50       ??_GEioExc@Iex@@UAEPAXI@Z  10002c50 f i IexThrowErrnoExc.obj
 0001:00001c50       ??_EEnotsupExc@Iex@@UAEPAXI@Z 10002c50 f i IexThrowErrnoExc.obj
 0001:00001c50       ??_GErangeExc@Iex@@UAEPAXI@Z 10002c50 f i IexThrowErrnoExc.obj
 0001:00001c50       ??_EEnomemExc@Iex@@UAEPAXI@Z 10002c50 f i IexThrowErrnoExc.obj
 0001:00001c50       ??_GEprotonosupportExc@Iex@@UAEPAXI@Z 10002c50 f i IexThrowErrnoExc.obj
 0001:00001c50       ??_EE2bigExc@Iex@@UAEPAXI@Z 10002c50 f i IexThrowErrnoExc.obj
 0001:00001c50       ??_EEdeadlkExc@Iex@@UAEPAXI@Z 10002c50 f i IexThrowErrnoExc.obj
 0001:00001c50       ??_EEnodevExc@Iex@@UAEPAXI@Z 10002c50 f i IexThrowErrnoExc.obj
 0001:00001c50       ??_EEtimedoutExc@Iex@@UAEPAXI@Z 10002c50 f i IexThrowErrnoExc.obj
 0001:00001c50       ??_GEfaultExc@Iex@@UAEPAXI@Z 10002c50 f i IexThrowErrnoExc.obj
 0001:00001c50       ??_GEtxtbsyExc@Iex@@UAEPAXI@Z 10002c50 f i IexThrowErrnoExc.obj
 0001:00001c50       ??_EExdevExc@Iex@@UAEPAXI@Z 10002c50 f i IexThrowErrnoExc.obj
 0001:00001c50       ??_GEexistExc@Iex@@UAEPAXI@Z 10002c50 f i IexThrowErrnoExc.obj
 0001:00001c50       ??_EEnodataExc@Iex@@UAEPAXI@Z 10002c50 f i IexThrowErrnoExc.obj
 0001:00001c50       ??_GEnobufsExc@Iex@@UAEPAXI@Z 10002c50 f i IexThrowErrnoExc.obj
 0001:00001c50       ??_EEconnrefusedExc@Iex@@UAEPAXI@Z 10002c50 f i IexThrowErrnoExc.obj
 0001:00001c50       ??_EEaccesExc@Iex@@UAEPAXI@Z 10002c50 f i IexThrowErrnoExc.obj
 0001:00001c50       ??_GEaddrinuseExc@Iex@@UAEPAXI@Z 10002c50 f i IexThrowErrnoExc.obj
 0001:00001c50       ??_GEmlinkExc@Iex@@UAEPAXI@Z 10002c50 f i IexThrowErrnoExc.obj
 0001:00001c50       ??_GEchildExc@Iex@@UAEPAXI@Z 10002c50 f i IexThrowErrnoExc.obj
 0001:00001c50       ??_EEintrExc@Iex@@UAEPAXI@Z 10002c50 f i IexThrowErrnoExc.obj
 0001:00001c50       ??_GEdomExc@Iex@@UAEPAXI@Z 10002c50 f i IexThrowErrnoExc.obj
 0001:00001c50       ??_EEafnosupportExc@Iex@@UAEPAXI@Z 10002c50 f i IexThrowErrnoExc.obj
 0001:00001c50       ??_EEcanceledExc@Iex@@UAEPAXI@Z 10002c50 f i IexThrowErrnoExc.obj
 0001:00001c50       ??_GEbusyExc@Iex@@UAEPAXI@Z 10002c50 f i IexThrowErrnoExc.obj
 0001:00001c50       ??_GErrnoExc@Iex@@UAEPAXI@Z 10002c50 f i IexThrowErrnoExc.obj
 0001:00001c50       ??_EEnolckExc@Iex@@UAEPAXI@Z 10002c50 f i IexThrowErrnoExc.obj
 0001:00001c50       ??_GEbadfExc@Iex@@UAEPAXI@Z 10002c50 f i IexThrowErrnoExc.obj
 0001:00001c50       ??_EEnottyExc@Iex@@UAEPAXI@Z 10002c50 f i IexThrowErrnoExc.obj
 0001:00001c50       ??_EEnfileExc@Iex@@UAEPAXI@Z 10002c50 f i IexThrowErrnoExc.obj
 0001:00001c50       ??_GEidrmExc@Iex@@UAEPAXI@Z 10002c50 f i IexThrowErrnoExc.obj
 0001:00001c50       ??_GEhostunreachExc@Iex@@UAEPAXI@Z 10002c50 f i IexThrowErrnoExc.obj
 0001:00001c50       ??_EErofsExc@Iex@@UAEPAXI@Z 10002c50 f i IexThrowErrnoExc.obj
 0001:00001c50       ??_GEnostrExc@Iex@@UAEPAXI@Z 10002c50 f i IexThrowErrnoExc.obj
 0001:00001c50       ??_EEdomExc@Iex@@UAEPAXI@Z 10002c50 f i IexThrowErrnoExc.obj
 0001:00001c50       ??_EEoverflowExc@Iex@@UAEPAXI@Z 10002c50 f i IexThrowErrnoExc.obj
 0001:00001c50       ??_GEilseqExc@Iex@@UAEPAXI@Z 10002c50 f i IexThrowErrnoExc.obj
 0001:00001c50       ??_EEpermExc@Iex@@UAEPAXI@Z 10002c50 f i IexThrowErrnoExc.obj
 0001:00001c50       ??_EEilseqExc@Iex@@UAEPAXI@Z 10002c50 f i IexThrowErrnoExc.obj
 0001:00001c50       ??_GE2bigExc@Iex@@UAEPAXI@Z 10002c50 f i IexThrowErrnoExc.obj
 0001:00001c50       ??_GEnotemptyExc@Iex@@UAEPAXI@Z 10002c50 f i IexThrowErrnoExc.obj
 0001:00001c50       ??_EEidrmExc@Iex@@UAEPAXI@Z 10002c50 f i IexThrowErrnoExc.obj
 0001:00001c50       ??_GEprotoExc@Iex@@UAEPAXI@Z 10002c50 f i IexThrowErrnoExc.obj
 0001:00001c50       ??_GEtimeExc@Iex@@UAEPAXI@Z 10002c50 f i IexThrowErrnoExc.obj
 0001:00001c50       ??_EEnostrExc@Iex@@UAEPAXI@Z 10002c50 f i IexThrowErrnoExc.obj
 0001:00001c50       ??_GEnetdownExc@Iex@@UAEPAXI@Z 10002c50 f i IexThrowErrnoExc.obj
 0001:00001c50       ??_EEnosrExc@Iex@@UAEPAXI@Z 10002c50 f i IexThrowErrnoExc.obj
 0001:00001c50       ??_EEhostunreachExc@Iex@@UAEPAXI@Z 10002c50 f i IexThrowErrnoExc.obj
 0001:00001c50       ??_GEconnresetExc@Iex@@UAEPAXI@Z 10002c50 f i IexThrowErrnoExc.obj
 0001:00001c50       ??_GEnfileExc@Iex@@UAEPAXI@Z 10002c50 f i IexThrowErrnoExc.obj
 0001:00001c50       ??_EEprototypeExc@Iex@@UAEPAXI@Z 10002c50 f i IexThrowErrnoExc.obj
 0001:00001c50       ??_GEnospcExc@Iex@@UAEPAXI@Z 10002c50 f i IexThrowErrnoExc.obj
 0001:00001c50       ??_EEisconnExc@Iex@@UAEPAXI@Z 10002c50 f i IexThrowErrnoExc.obj
 0001:00001c50       ??_GEinvalExc@Iex@@UAEPAXI@Z 10002c50 f i IexThrowErrnoExc.obj
 0001:00001c50       ??_GEinprogressExc@Iex@@UAEPAXI@Z 10002c50 f i IexThrowErrnoExc.obj
 0001:00001c50       ??_EEprotonosupportExc@Iex@@UAEPAXI@Z 10002c50 f i IexThrowErrnoExc.obj
 0001:00001c50       ??_EEmfileExc@Iex@@UAEPAXI@Z 10002c50 f i IexThrowErrnoExc.obj
 0001:00001c50       ??_EEtimeExc@Iex@@UAEPAXI@Z 10002c50 f i IexThrowErrnoExc.obj
 0001:00001c50       ??_EEnotdirExc@Iex@@UAEPAXI@Z 10002c50 f i IexThrowErrnoExc.obj
 0001:00001c50       ??_EEspipeExc@Iex@@UAEPAXI@Z 10002c50 f i IexThrowErrnoExc.obj
 0001:00001c50       ??_GEnottyExc@Iex@@UAEPAXI@Z 10002c50 f i IexThrowErrnoExc.obj
 0001:00001c50       ??_GEloopExc@Iex@@UAEPAXI@Z 10002c50 f i IexThrowErrnoExc.obj
 0001:00001c50       ??_GEnosrExc@Iex@@UAEPAXI@Z 10002c50 f i IexThrowErrnoExc.obj
 0001:00001c50       ??_EEtxtbsyExc@Iex@@UAEPAXI@Z 10002c50 f i IexThrowErrnoExc.obj
 0001:00001c50       ??_EEprotoExc@Iex@@UAEPAXI@Z 10002c50 f i IexThrowErrnoExc.obj
 0001:00001c50       ??_GEnxioExc@Iex@@UAEPAXI@Z 10002c50 f i IexThrowErrnoExc.obj
 0001:00001c50       ??_EEnobufsExc@Iex@@UAEPAXI@Z 10002c50 f i IexThrowErrnoExc.obj
 0001:00001c50       ??_EEbusyExc@Iex@@UAEPAXI@Z 10002c50 f i IexThrowErrnoExc.obj
 0001:00001c50       ??_GEnomemExc@Iex@@UAEPAXI@Z 10002c50 f i IexThrowErrnoExc.obj
 0001:00001c50       ??_EEnetdownExc@Iex@@UAEPAXI@Z 10002c50 f i IexThrowErrnoExc.obj
 0001:00001c50       ??_EEfaultExc@Iex@@UAEPAXI@Z 10002c50 f i IexThrowErrnoExc.obj
 0001:00001c50       ??_GEpipeExc@Iex@@UAEPAXI@Z 10002c50 f i IexThrowErrnoExc.obj
 0001:00001c50       ??_GEnoprotooptExc@Iex@@UAEPAXI@Z 10002c50 f i IexThrowErrnoExc.obj
 0001:00001c50       ??_GEnotsupExc@Iex@@UAEPAXI@Z 10002c50 f i IexThrowErrnoExc.obj
 0001:00001c50       ??_GEagainExc@Iex@@UAEPAXI@Z 10002c50 f i IexThrowErrnoExc.obj
 0001:00001c50       ??_EEaddrnotavailExc@Iex@@UAEPAXI@Z 10002c50 f i IexThrowErrnoExc.obj
 0001:00001c50       ??_GEnetunreachExc@Iex@@UAEPAXI@Z 10002c50 f i IexThrowErrnoExc.obj
 0001:00001c50       ??_EEfbigExc@Iex@@UAEPAXI@Z 10002c50 f i IexThrowErrnoExc.obj
 0001:00001c50       ??_GEisdirExc@Iex@@UAEPAXI@Z 10002c50 f i IexThrowErrnoExc.obj
 0001:00001c50       ??_EEloopExc@Iex@@UAEPAXI@Z 10002c50 f i IexThrowErrnoExc.obj
 0001:00001c50       ??_EEexistExc@Iex@@UAEPAXI@Z 10002c50 f i IexThrowErrnoExc.obj
 0001:00001c50       ??_GEafnosupportExc@Iex@@UAEPAXI@Z 10002c50 f i IexThrowErrnoExc.obj
 0001:00001c50       ??_EEnoentExc@Iex@@UAEPAXI@Z 10002c50 f i IexThrowErrnoExc.obj
 0001:00001c50       ??_EEsrchExc@Iex@@UAEPAXI@Z 10002c50 f i IexThrowErrnoExc.obj
 0001:00001c50       ??_GEconnabortedExc@Iex@@UAEPAXI@Z 10002c50 f i IexThrowErrnoExc.obj
 0001:00001c50       ??_EEalreadyExc@Iex@@UAEPAXI@Z 10002c50 f i IexThrowErrnoExc.obj
 0001:00001c50       ??_GEsrchExc@Iex@@UAEPAXI@Z 10002c50 f i IexThrowErrnoExc.obj
 0001:00001c50       ??_GExdevExc@Iex@@UAEPAXI@Z 10002c50 f i IexThrowErrnoExc.obj
 0001:00001c50       ??_EEnetunreachExc@Iex@@UAEPAXI@Z 10002c50 f i IexThrowErrnoExc.obj
 0001:00001c50       ??_GEnolckExc@Iex@@UAEPAXI@Z 10002c50 f i IexThrowErrnoExc.obj
 0001:00001c50       ??_EEpipeExc@Iex@@UAEPAXI@Z 10002c50 f i IexThrowErrnoExc.obj
 0001:00001c50       ??_GEnodevExc@Iex@@UAEPAXI@Z 10002c50 f i IexThrowErrnoExc.obj
 0001:00001c50       ??_GEnetresetExc@Iex@@UAEPAXI@Z 10002c50 f i IexThrowErrnoExc.obj
 0001:00001c50       ??_GEmsgsizeExc@Iex@@UAEPAXI@Z 10002c50 f i IexThrowErrnoExc.obj
 0001:00001c50       ??_EErrnoExc@Iex@@UAEPAXI@Z 10002c50 f i IexThrowErrnoExc.obj
 0001:00001c50       ??_EEnetresetExc@Iex@@UAEPAXI@Z 10002c50 f i IexThrowErrnoExc.obj
 0001:00001c50       ??_GEnoentExc@Iex@@UAEPAXI@Z 10002c50 f i IexThrowErrnoExc.obj
 0001:00001c50       ??_GEintrExc@Iex@@UAEPAXI@Z 10002c50 f i IexThrowErrnoExc.obj
 0001:00001c50       ??_GErofsExc@Iex@@UAEPAXI@Z 10002c50 f i IexThrowErrnoExc.obj
 0001:00001c50       ??_GEdeadlkExc@Iex@@UAEPAXI@Z 10002c50 f i IexThrowErrnoExc.obj
 0001:00001c50       ??_GEnotdirExc@Iex@@UAEPAXI@Z 10002c50 f i IexThrowErrnoExc.obj
 0001:00001c50       ??_EEnospcExc@Iex@@UAEPAXI@Z 10002c50 f i IexThrowErrnoExc.obj
 0001:00001c50       ??_EEnolinkExc@Iex@@UAEPAXI@Z 10002c50 f i IexThrowErrnoExc.obj
 0001:00001c50       ??_EEopnotsuppExc@Iex@@UAEPAXI@Z 10002c50 f i IexThrowErrnoExc.obj
 0001:00001c50       ??_GEnoexecExc@Iex@@UAEPAXI@Z 10002c50 f i IexThrowErrnoExc.obj
 0001:00001c50       ??_GEnotsockExc@Iex@@UAEPAXI@Z 10002c50 f i IexThrowErrnoExc.obj
 0001:00001c50       ??_EEioExc@Iex@@UAEPAXI@Z  10002c50 f i IexThrowErrnoExc.obj
 0001:00001c50       ??_EEnotsockExc@Iex@@UAEPAXI@Z 10002c50 f i IexThrowErrnoExc.obj
 0001:00001c50       ??_EEnosysExc@Iex@@UAEPAXI@Z 10002c50 f i IexThrowErrnoExc.obj
 0001:00001c50       ??_GEbadmsgExc@Iex@@UAEPAXI@Z 10002c50 f i IexThrowErrnoExc.obj
 0001:00001c50       ??_EEinprogressExc@Iex@@UAEPAXI@Z 10002c50 f i IexThrowErrnoExc.obj
 0001:00001c50       ??_GEcanceledExc@Iex@@UAEPAXI@Z 10002c50 f i IexThrowErrnoExc.obj
 0001:00001c50       ??_EEmlinkExc@Iex@@UAEPAXI@Z 10002c50 f i IexThrowErrnoExc.obj
 0001:00001c50       ??_GEnosysExc@Iex@@UAEPAXI@Z 10002c50 f i IexThrowErrnoExc.obj
 0001:00001c50       ??_GEaccesExc@Iex@@UAEPAXI@Z 10002c50 f i IexThrowErrnoExc.obj
 0001:00001c50       ??_GEnomsgExc@Iex@@UAEPAXI@Z 10002c50 f i IexThrowErrnoExc.obj
 0001:00001c50       ??_GEspipeExc@Iex@@UAEPAXI@Z 10002c50 f i IexThrowErrnoExc.obj
 0001:00001c50       ??_EEdestaddrreqExc@Iex@@UAEPAXI@Z 10002c50 f i IexThrowErrnoExc.obj
 0001:00001c50       ??_GEnolinkExc@Iex@@UAEPAXI@Z 10002c50 f i IexThrowErrnoExc.obj
 0001:00001c50       ??_EEconnresetExc@Iex@@UAEPAXI@Z 10002c50 f i IexThrowErrnoExc.obj
 0001:00001c50       ??_EEagainExc@Iex@@UAEPAXI@Z 10002c50 f i IexThrowErrnoExc.obj
 0001:00001c50       ??_EEaddrinuseExc@Iex@@UAEPAXI@Z 10002c50 f i IexThrowErrnoExc.obj
 0001:00001c50       ??_EEnametoolongExc@Iex@@UAEPAXI@Z 10002c50 f i IexThrowErrnoExc.obj
 0001:00001c50       ??_GEisconnExc@Iex@@UAEPAXI@Z 10002c50 f i IexThrowErrnoExc.obj
 0001:00001c50       ??_EEchildExc@Iex@@UAEPAXI@Z 10002c50 f i IexThrowErrnoExc.obj
 0001:00001c50       ??_GEmfileExc@Iex@@UAEPAXI@Z 10002c50 f i IexThrowErrnoExc.obj
 0001:00001c50       ??_EEnoexecExc@Iex@@UAEPAXI@Z 10002c50 f i IexThrowErrnoExc.obj
 0001:00001c50       ??_GEtimedoutExc@Iex@@UAEPAXI@Z 10002c50 f i IexThrowErrnoExc.obj
 0001:00001c50       ??_EEmsgsizeExc@Iex@@UAEPAXI@Z 10002c50 f i IexThrowErrnoExc.obj
 0001:00001c50       ??_GEpermExc@Iex@@UAEPAXI@Z 10002c50 f i IexThrowErrnoExc.obj
 0001:00001c50       ??_GEfbigExc@Iex@@UAEPAXI@Z 10002c50 f i IexThrowErrnoExc.obj
 0001:00001c50       ??_EEbadfExc@Iex@@UAEPAXI@Z 10002c50 f i IexThrowErrnoExc.obj
 0001:00001c50       ??_EEbadmsgExc@Iex@@UAEPAXI@Z 10002c50 f i IexThrowErrnoExc.obj
 0001:00001c50       ??_GEnotconnExc@Iex@@UAEPAXI@Z 10002c50 f i IexThrowErrnoExc.obj
 0001:00001c50       ??_GEconnrefusedExc@Iex@@UAEPAXI@Z 10002c50 f i IexThrowErrnoExc.obj
 0001:00001c50       ??_EEnomsgExc@Iex@@UAEPAXI@Z 10002c50 f i IexThrowErrnoExc.obj
 0001:00001c50       ??_GEalreadyExc@Iex@@UAEPAXI@Z 10002c50 f i IexThrowErrnoExc.obj
 0001:00001c50       ??_EEisdirExc@Iex@@UAEPAXI@Z 10002c50 f i IexThrowErrnoExc.obj
 0001:00001c50       ??_GEnodataExc@Iex@@UAEPAXI@Z 10002c50 f i IexThrowErrnoExc.obj
 0001:00001c50       ??_GEaddrnotavailExc@Iex@@UAEPAXI@Z 10002c50 f i IexThrowErrnoExc.obj
 0001:00001c50       ??_EEinvalExc@Iex@@UAEPAXI@Z 10002c50 f i IexThrowErrnoExc.obj
 0001:00001c50       ??_EEnoprotooptExc@Iex@@UAEPAXI@Z 10002c50 f i IexThrowErrnoExc.obj
 0001:00001c50       ??_EEnxioExc@Iex@@UAEPAXI@Z 10002c50 f i IexThrowErrnoExc.obj
 0001:00001c50       ??_GEoverflowExc@Iex@@UAEPAXI@Z 10002c50 f i IexThrowErrnoExc.obj
 0001:00001c50       ??_EEnotconnExc@Iex@@UAEPAXI@Z 10002c50 f i IexThrowErrnoExc.obj
 0001:00001c50       ??_EErangeExc@Iex@@UAEPAXI@Z 10002c50 f i IexThrowErrnoExc.obj
 0001:00001c50       ??_GEdestaddrreqExc@Iex@@UAEPAXI@Z 10002c50 f i IexThrowErrnoExc.obj
 0001:00001c50       ??_EEconnabortedExc@Iex@@UAEPAXI@Z 10002c50 f i IexThrowErrnoExc.obj
 0001:00001c50       ??_GEnametoolongExc@Iex@@UAEPAXI@Z 10002c50 f i IexThrowErrnoExc.obj
 0001:00001c50       ??_EEnotemptyExc@Iex@@UAEPAXI@Z 10002c50 f i IexThrowErrnoExc.obj
 0001:00001c80       ?find@?$basic_string@DU?$char_traits@D@std@@V?$allocator@D@2@@std@@QBEIPBDII@Z 10002c80 f i IexThrowErrnoExc.obj
 0001:00001d30       ?find@?$basic_string@DU?$char_traits@D@std@@V?$allocator@D@2@@std@@QBEIPBDI@Z 10002d30 f i IexThrowErrnoExc.obj
 0001:00001d60       ?replace@?$basic_string@DU?$char_traits@D@std@@V?$allocator@D@2@@std@@QAEAAV12@IIABV12@II@Z 10002d60 f i IexThrowErrnoExc.obj
 0001:00002090       ?replace@?$basic_string@DU?$char_traits@D@std@@V?$allocator@D@2@@std@@QAEAAV12@IIPBDI@Z 10003090 f i IexThrowErrnoExc.obj
 0001:00002260       ?throwErrnoExc@Iex@@YAXABV?$basic_string@DU?$char_traits@D@std@@V?$allocator@D@2@@std@@H@Z 10003260 f   IexThrowErrnoExc.obj
 0001:00003160       ??0ErrnoExc@Iex@@QAE@ABV01@@Z 10004160 f i IexThrowErrnoExc.obj
 0001:00003180       ??0EnoentExc@Iex@@QAE@ABV01@@Z 10004180 f i IexThrowErrnoExc.obj
 0001:000031a0       ??0EsrchExc@Iex@@QAE@ABV01@@Z 100041a0 f i IexThrowErrnoExc.obj
 0001:000031c0       ??0EintrExc@Iex@@QAE@ABV01@@Z 100041c0 f i IexThrowErrnoExc.obj
 0001:000031e0       ??0EioExc@Iex@@QAE@ABV01@@Z 100041e0 f i IexThrowErrnoExc.obj
 0001:00003200       ??0EnxioExc@Iex@@QAE@ABV01@@Z 10004200 f i IexThrowErrnoExc.obj
 0001:00003220       ??0E2bigExc@Iex@@QAE@ABV01@@Z 10004220 f i IexThrowErrnoExc.obj
 0001:00003240       ??0EnoexecExc@Iex@@QAE@ABV01@@Z 10004240 f i IexThrowErrnoExc.obj
 0001:00003260       ??0EbadfExc@Iex@@QAE@ABV01@@Z 10004260 f i IexThrowErrnoExc.obj
 0001:00003280       ??0EchildExc@Iex@@QAE@ABV01@@Z 10004280 f i IexThrowErrnoExc.obj
 0001:000032a0       ??0EagainExc@Iex@@QAE@ABV01@@Z 100042a0 f i IexThrowErrnoExc.obj
 0001:000032c0       ??0EnomemExc@Iex@@QAE@ABV01@@Z 100042c0 f i IexThrowErrnoExc.obj
 0001:000032e0       ??0EaccesExc@Iex@@QAE@ABV01@@Z 100042e0 f i IexThrowErrnoExc.obj
 0001:00003300       ??0EfaultExc@Iex@@QAE@ABV01@@Z 10004300 f i IexThrowErrnoExc.obj
 0001:00003320       ??0EbusyExc@Iex@@QAE@ABV01@@Z 10004320 f i IexThrowErrnoExc.obj
 0001:00003340       ??0EexistExc@Iex@@QAE@ABV01@@Z 10004340 f i IexThrowErrnoExc.obj
 0001:00003360       ??0ExdevExc@Iex@@QAE@ABV01@@Z 10004360 f i IexThrowErrnoExc.obj
 0001:00003380       ??0EnodevExc@Iex@@QAE@ABV01@@Z 10004380 f i IexThrowErrnoExc.obj
 0001:000033a0       ??0EnotdirExc@Iex@@QAE@ABV01@@Z 100043a0 f i IexThrowErrnoExc.obj
 0001:000033c0       ??0EisdirExc@Iex@@QAE@ABV01@@Z 100043c0 f i IexThrowErrnoExc.obj
 0001:000033e0       ??0EinvalExc@Iex@@QAE@ABV01@@Z 100043e0 f i IexThrowErrnoExc.obj
 0001:00003400       ??0EnfileExc@Iex@@QAE@ABV01@@Z 10004400 f i IexThrowErrnoExc.obj
 0001:00003420       ??0EmfileExc@Iex@@QAE@ABV01@@Z 10004420 f i IexThrowErrnoExc.obj
 0001:00003440       ??0EnottyExc@Iex@@QAE@ABV01@@Z 10004440 f i IexThrowErrnoExc.obj
 0001:00003460       ??0EtxtbsyExc@Iex@@QAE@ABV01@@Z 10004460 f i IexThrowErrnoExc.obj
 0001:00003480       ??0EfbigExc@Iex@@QAE@ABV01@@Z 10004480 f i IexThrowErrnoExc.obj
 0001:000034a0       ??0EnospcExc@Iex@@QAE@ABV01@@Z 100044a0 f i IexThrowErrnoExc.obj
 0001:000034c0       ??0EspipeExc@Iex@@QAE@ABV01@@Z 100044c0 f i IexThrowErrnoExc.obj
 0001:000034e0       ??0ErofsExc@Iex@@QAE@ABV01@@Z 100044e0 f i IexThrowErrnoExc.obj
 0001:00003500       ??0EmlinkExc@Iex@@QAE@ABV01@@Z 10004500 f i IexThrowErrnoExc.obj
 0001:00003520       ??0EpipeExc@Iex@@QAE@ABV01@@Z 10004520 f i IexThrowErrnoExc.obj
 0001:00003540       ??0EdomExc@Iex@@QAE@ABV01@@Z 10004540 f i IexThrowErrnoExc.obj
 0001:00003560       ??0ErangeExc@Iex@@QAE@ABV01@@Z 10004560 f i IexThrowErrnoExc.obj
 0001:00003580       ??0EnomsgExc@Iex@@QAE@ABV01@@Z 10004580 f i IexThrowErrnoExc.obj
 0001:000035a0       ??0EidrmExc@Iex@@QAE@ABV01@@Z 100045a0 f i IexThrowErrnoExc.obj
 0001:000035c0       ??0EdeadlkExc@Iex@@QAE@ABV01@@Z 100045c0 f i IexThrowErrnoExc.obj
 0001:000035e0       ??0EnolckExc@Iex@@QAE@ABV01@@Z 100045e0 f i IexThrowErrnoExc.obj
 0001:00003600       ??0EnostrExc@Iex@@QAE@ABV01@@Z 10004600 f i IexThrowErrnoExc.obj
 0001:00003620       ??0EnodataExc@Iex@@QAE@ABV01@@Z 10004620 f i IexThrowErrnoExc.obj
 0001:00003640       ??0EtimeExc@Iex@@QAE@ABV01@@Z 10004640 f i IexThrowErrnoExc.obj
 0001:00003660       ??0EnosrExc@Iex@@QAE@ABV01@@Z 10004660 f i IexThrowErrnoExc.obj
 0001:00003680       ??0EnolinkExc@Iex@@QAE@ABV01@@Z 10004680 f i IexThrowErrnoExc.obj
 0001:000036a0       ??0EprotoExc@Iex@@QAE@ABV01@@Z 100046a0 f i IexThrowErrnoExc.obj
 0001:000036c0       ??0EbadmsgExc@Iex@@QAE@ABV01@@Z 100046c0 f i IexThrowErrnoExc.obj
 0001:000036e0       ??0EnametoolongExc@Iex@@QAE@ABV01@@Z 100046e0 f i IexThrowErrnoExc.obj
 0001:00003700       ??0EoverflowExc@Iex@@QAE@ABV01@@Z 10004700 f i IexThrowErrnoExc.obj
 0001:00003720       ??0EilseqExc@Iex@@QAE@ABV01@@Z 10004720 f i IexThrowErrnoExc.obj
 0001:00003740       ??0EnosysExc@Iex@@QAE@ABV01@@Z 10004740 f i IexThrowErrnoExc.obj
 0001:00003760       ??0EloopExc@Iex@@QAE@ABV01@@Z 10004760 f i IexThrowErrnoExc.obj
 0001:00003780       ??0EnotemptyExc@Iex@@QAE@ABV01@@Z 10004780 f i IexThrowErrnoExc.obj
 0001:000037a0       ??0EnotsockExc@Iex@@QAE@ABV01@@Z 100047a0 f i IexThrowErrnoExc.obj
 0001:000037c0       ??0EdestaddrreqExc@Iex@@QAE@ABV01@@Z 100047c0 f i IexThrowErrnoExc.obj
 0001:000037e0       ??0EmsgsizeExc@Iex@@QAE@ABV01@@Z 100047e0 f i IexThrowErrnoExc.obj
 0001:00003800       ??0EprototypeExc@Iex@@QAE@ABV01@@Z 10004800 f i IexThrowErrnoExc.obj
 0001:00003820       ??0EnoprotooptExc@Iex@@QAE@ABV01@@Z 10004820 f i IexThrowErrnoExc.obj
 0001:00003840       ??0EprotonosupportExc@Iex@@QAE@ABV01@@Z 10004840 f i IexThrowErrnoExc.obj
 0001:00003860       ??0EopnotsuppExc@Iex@@QAE@ABV01@@Z 10004860 f i IexThrowErrnoExc.obj
 0001:00003880       ??0EafnosupportExc@Iex@@QAE@ABV01@@Z 10004880 f i IexThrowErrnoExc.obj
 0001:000038a0       ??0EaddrinuseExc@Iex@@QAE@ABV01@@Z 100048a0 f i IexThrowErrnoExc.obj
 0001:000038c0       ??0EaddrnotavailExc@Iex@@QAE@ABV01@@Z 100048c0 f i IexThrowErrnoExc.obj
 0001:000038e0       ??0EnetdownExc@Iex@@QAE@ABV01@@Z 100048e0 f i IexThrowErrnoExc.obj
 0001:00003900       ??0EnetunreachExc@Iex@@QAE@ABV01@@Z 10004900 f i IexThrowErrnoExc.obj
 0001:00003920       ??0EnetresetExc@Iex@@QAE@ABV01@@Z 10004920 f i IexThrowErrnoExc.obj
 0001:00003940       ??0EconnabortedExc@Iex@@QAE@ABV01@@Z 10004940 f i IexThrowErrnoExc.obj
 0001:00003960       ??0EconnresetExc@Iex@@QAE@ABV01@@Z 10004960 f i IexThrowErrnoExc.obj
 0001:00003980       ??0EnobufsExc@Iex@@QAE@ABV01@@Z 10004980 f i IexThrowErrnoExc.obj
 0001:000039a0       ??0EisconnExc@Iex@@QAE@ABV01@@Z 100049a0 f i IexThrowErrnoExc.obj
 0001:000039c0       ??0EnotconnExc@Iex@@QAE@ABV01@@Z 100049c0 f i IexThrowErrnoExc.obj
 0001:000039e0       ??0EtimedoutExc@Iex@@QAE@ABV01@@Z 100049e0 f i IexThrowErrnoExc.obj
 0001:00003a00       ??0EconnrefusedExc@Iex@@QAE@ABV01@@Z 10004a00 f i IexThrowErrnoExc.obj
 0001:00003a20       ??0EhostunreachExc@Iex@@QAE@ABV01@@Z 10004a20 f i IexThrowErrnoExc.obj
 0001:00003a40       ??0EalreadyExc@Iex@@QAE@ABV01@@Z 10004a40 f i IexThrowErrnoExc.obj
 0001:00003a60       ??0EinprogressExc@Iex@@QAE@ABV01@@Z 10004a60 f i IexThrowErrnoExc.obj
 0001:00003a80       ??0EcanceledExc@Iex@@QAE@ABV01@@Z 10004a80 f i IexThrowErrnoExc.obj
 0001:00003aa0       ??0EnotsupExc@Iex@@QAE@ABV01@@Z 10004aa0 f i IexThrowErrnoExc.obj
 0001:00003ac0       ??0EpermExc@Iex@@QAE@ABV01@@Z 10004ac0 f i IexThrowErrnoExc.obj
 0001:00003ae0       ??0?$_String_val@DV?$allocator@D@std@@@std@@QAE@ABV01@@Z 10004ae0 f i IexThrowErrnoExc.obj
 0001:00003b10       ?throwErrnoExc@Iex@@YAXABV?$basic_string@DU?$char_traits@D@std@@V?$allocator@D@2@@std@@@Z 10004b10 f   IexThrowErrnoExc.obj
 0001:00003b26       ?_Xlength_error@std@@YAXPBD@Z 10004b26 f   msvcprt:MSVCP100.dll
 0001:00003b2c       ?_Xout_of_range@std@@YAXPBD@Z 10004b2c f   msvcprt:MSVCP100.dll
 0001:00003b32       ??0exception@std@@QAE@ABQBD@Z 10004b32 f   MSVCRT:MSVCR100.dll
 0001:00003b38       ??0type_info@@AAE@ABV0@@Z  10004b38 f   MSVCRT:ti_inst.obj
 0001:00003b43       ??_Etype_info@@UAEPAXI@Z   10004b43 f i MSVCRT:ti_inst.obj
 0001:00003b8f       ??4type_info@@AAEAAV0@ABV0@@Z 10004b8f f   MSVCRT:ti_inst.obj
 0001:00003b94       ?what@exception@std@@UBEPBDXZ 10004b94 f   MSVCRT:MSVCR100.dll
 0001:00003b9a       ??1exception@std@@UAE@XZ   10004b9a f   MSVCRT:MSVCR100.dll
 0001:00003ba0       ??3@YAXPAX@Z               10004ba0 f   MSVCRT:MSVCR100.dll
 0001:00003ba6       _memcpy                    10004ba6 f   MSVCRT:MSVCR100.dll
 0001:00003bac       _memmove                   10004bac f   MSVCRT:MSVCR100.dll
 0001:00003bb2       ??2@YAPAXI@Z               10004bb2 f   MSVCRT:MSVCR100.dll
 0001:00003bb8       __CxxThrowException@8      10004bb8 f   MSVCRT:MSVCR100.dll
 0001:00003bbe       ??0exception@std@@QAE@ABV01@@Z 10004bbe f   MSVCRT:MSVCR100.dll
 0001:00003bc4       ___CxxFrameHandler3        10004bc4 f   MSVCRT:MSVCR100.dll
 0001:00003bca       @__security_check_cookie@4 10004bca f   MSVCRT:secchk.obj
 0001:00003bda       ??0exception@std@@QAE@XZ   10004bda f   MSVCRT:MSVCR100.dll
 0001:00003be0       _memchr                    10004be0 f   MSVCRT:MSVCR100.dll
 0001:00003be6       _strerror                  10004be6 f   MSVCRT:MSVCR100.dll
 0001:00003bf0       __alloca_probe             10004bf0     MSVCRT:chkstk.obj
 0001:00003bf0       __chkstk                   10004bf0 f   MSVCRT:chkstk.obj
 0001:00003c1c       __errno                    10004c1c f   MSVCRT:MSVCR100.dll
 0001:00003c22       _NtCurrentTeb              10004c22 f i MSVCRT:crtdll.obj
 0001:00003c77       __CRT_INIT@12              10004c77 f   MSVCRT:crtdll.obj
 0001:00003f97       __DllMainCRTStartup@12     10004f97 f   MSVCRT:crtdll.obj
 0001:00003fcc       ?__ArrayUnwind@@YGXPAXIHP6EX0@Z@Z 10004fcc f   MSVCRT:ehvecdtr.obj
 0001:0000402a       ??_M@YGXPAXIHP6EX0@Z@Z     1000502a f   MSVCRT:ehvecdtr.obj
 0001:0000408d       ___report_gsfailure        1000508d f   MSVCRT:gs_report.obj
 0001:00004193       ___clean_type_info_names   10005193 f   MSVCRT:tncleanup.obj
 0001:0000419f       __onexit                   1000519f f   MSVCRT:atonexit.obj
 0001:00004240       _atexit                    10005240 f   MSVCRT:atonexit.obj
 0001:00004257       __RTC_Initialize           10005257 f   MSVCRT:_initsect_.obj
 0001:0000427d       __RTC_Terminate            1000527d f   MSVCRT:_initsect_.obj
 0001:000042a4       __malloc_crt               100052a4 f   MSVCRT:MSVCR100.dll
 0001:000042aa       _free                      100052aa f   MSVCRT:MSVCR100.dll
 0001:000042b0       __encoded_null             100052b0 f   MSVCRT:MSVCR100.dll
 0001:000042c0       __ValidateImageBase        100052c0 f   MSVCRT:pesect.obj
 0001:00004300       __FindPESection            10005300 f   MSVCRT:pesect.obj
 0001:00004350       __IsNonwritableInCurrentImage 10005350 f   MSVCRT:pesect.obj
 0001:0000440c       __initterm                 1000540c f   MSVCRT:MSVCR100.dll
 0001:00004412       __initterm_e               10005412 f   MSVCRT:MSVCR100.dll
 0001:00004418       __amsg_exit                10005418 f   MSVCRT:MSVCR100.dll
 0001:0000441e       ___CppXcptFilter           1000541e f   MSVCRT:MSVCR100.dll
 0001:00004424       _DllMain@12                10005424 f   MSVCRT:dllmain.obj
 0001:00004450       __SEH_prolog4              10005450 f   MSVCRT:sehprolg4.obj
 0001:00004495       __SEH_epilog4              10005495 f   MSVCRT:sehprolg4.obj
 0001:000044a9       __except_handler4          100054a9 f   MSVCRT:chandler4gs.obj
 0001:000044ce       ___security_init_cookie    100054ce f   MSVCRT:gs_support.obj
 0001:0000456a       ?terminate@@YAXXZ          1000556a f   MSVCRT:MSVCR100.dll
 0001:00004570       ?_type_info_dtor_internal_method@type_info@@QAEXXZ 10005570 f   MSVCRT:MSVCR100.dll
 0001:00004570       ??1type_info@@UAE@XZ       10005570 f   MSVCRT:MSVCR100.dll
 0001:00004576       __crt_debugger_hook        10005576 f   MSVCRT:MSVCR100.dll
 0001:0000457c       ___clean_type_info_names_internal 1000557c f   MSVCRT:MSVCR100.dll
 0001:00004582       __unlock                   10005582 f   MSVCRT:MSVCR100.dll
 0001:00004588       ___dllonexit               10005588 f   MSVCRT:MSVCR100.dll
 0001:0000458e       __lock                     1000558e f   MSVCRT:MSVCR100.dll
 0001:00004594       __except_handler4_common   10005594 f   MSVCRT:MSVCR100.dll
 0001:0000459a       _EncodePointer@4           1000559a f   kernel32:KERNEL32.dll
 0001:000045a0       _DecodePointer@4           100055a0 f   kernel32:KERNEL32.dll
 0001:000045a6       _InterlockedExchange@8     100055a6 f   kernel32:KERNEL32.dll
 0001:000045ac       _Sleep@4                   100055ac f   kernel32:KERNEL32.dll
 0001:000045b2       _InterlockedCompareExchange@12 100055b2 f   kernel32:KERNEL32.dll
 0001:000045b8       _TerminateProcess@8        100055b8 f   kernel32:KERNEL32.dll
 0001:000045be       _GetCurrentProcess@0       100055be f   kernel32:KERNEL32.dll
 0001:000045c4       _UnhandledExceptionFilter@4 100055c4 f   kernel32:KERNEL32.dll
 0001:000045ca       _SetUnhandledExceptionFilter@4 100055ca f   kernel32:KERNEL32.dll
 0001:000045d0       _IsDebuggerPresent@0       100055d0 f   kernel32:KERNEL32.dll
 0001:000045d6       _DisableThreadLibraryCalls@4 100055d6 f   kernel32:KERNEL32.dll
 0001:000045dc       _QueryPerformanceCounter@4 100055dc f   kernel32:KERNEL32.dll
 0001:000045e2       _GetTickCount@0            100055e2 f   kernel32:KERNEL32.dll
 0001:000045e8       _GetCurrentThreadId@0      100055e8 f   kernel32:KERNEL32.dll
 0001:000045ee       _GetCurrentProcessId@0     100055ee f   kernel32:KERNEL32.dll
 0001:000045f4       _GetSystemTimeAsFileTime@4 100055f4 f   kernel32:KERNEL32.dll
 0002:00000000       __imp__DecodePointer@4     10006000     kernel32:KERNEL32.dll
 0002:00000004       __imp__InterlockedExchange@8 10006004     kernel32:KERNEL32.dll
 0002:00000008       __imp__GetSystemTimeAsFileTime@4 10006008     kernel32:KERNEL32.dll
 0002:0000000c       __imp__GetCurrentProcessId@0 1000600c     kernel32:KERNEL32.dll
 0002:00000010       __imp__GetCurrentThreadId@0 10006010     kernel32:KERNEL32.dll
 0002:00000014       __imp__GetTickCount@0      10006014     kernel32:KERNEL32.dll
 0002:00000018       __imp__QueryPerformanceCounter@4 10006018     kernel32:KERNEL32.dll
 0002:0000001c       __imp__DisableThreadLibraryCalls@4 1000601c     kernel32:KERNEL32.dll
 0002:00000020       __imp__IsDebuggerPresent@0 10006020     kernel32:KERNEL32.dll
 0002:00000024       __imp__SetUnhandledExceptionFilter@4 10006024     kernel32:KERNEL32.dll
 0002:00000028       __imp__UnhandledExceptionFilter@4 10006028     kernel32:KERNEL32.dll
 0002:0000002c       __imp__GetCurrentProcess@0 1000602c     kernel32:KERNEL32.dll
 0002:00000030       __imp__TerminateProcess@8  10006030     kernel32:KERNEL32.dll
 0002:00000034       __imp__InterlockedCompareExchange@12 10006034     kernel32:KERNEL32.dll
 0002:00000038       __imp__Sleep@4             10006038     kernel32:KERNEL32.dll
 0002:0000003c       __imp__EncodePointer@4     1000603c     kernel32:KERNEL32.dll
 0002:00000040       \177KERNEL32_NULL_THUNK_DATA 10006040     kernel32:KERNEL32.dll
 0002:00000044       __imp_?_Xout_of_range@std@@YAXPBD@Z 10006044     msvcprt:MSVCP100.dll
 0002:00000048       __imp_?_Xlength_error@std@@YAXPBD@Z 10006048     msvcprt:MSVCP100.dll
 0002:0000004c       \177MSVCP100_NULL_THUNK_DATA 1000604c     msvcprt:MSVCP100.dll
 0002:00000050       __imp___initterm           10006050     MSVCRT:MSVCR100.dll
 0002:00000054       __imp___initterm_e         10006054     MSVCRT:MSVCR100.dll
 0002:00000058       __imp___amsg_exit          10006058     MSVCRT:MSVCR100.dll
 0002:0000005c       __imp____CppXcptFilter     1000605c     MSVCRT:MSVCR100.dll
 0002:00000060       __imp___encoded_null       10006060     MSVCRT:MSVCR100.dll
 0002:00000064       __imp_?_type_info_dtor_internal_method@type_info@@QAEXXZ 10006064     MSVCRT:MSVCR100.dll
 0002:00000068       __imp___crt_debugger_hook  10006068     MSVCRT:MSVCR100.dll
 0002:0000006c       __imp____clean_type_info_names_internal 1000606c     MSVCRT:MSVCR100.dll
 0002:00000070       __imp___unlock             10006070     MSVCRT:MSVCR100.dll
 0002:00000074       __imp____dllonexit         10006074     MSVCRT:MSVCR100.dll
 0002:00000078       __imp___lock               10006078     MSVCRT:MSVCR100.dll
 0002:0000007c       __imp___onexit             1000607c     MSVCRT:MSVCR100.dll
 0002:00000080       __imp___except_handler4_common 10006080     MSVCRT:MSVCR100.dll
 0002:00000084       __imp__free                10006084     MSVCRT:MSVCR100.dll
 0002:00000088       __imp___malloc_crt         10006088     MSVCRT:MSVCR100.dll
 0002:0000008c       __imp___errno              1000608c     MSVCRT:MSVCR100.dll
 0002:00000090       __imp__strerror            10006090     MSVCRT:MSVCR100.dll
 0002:00000094       __imp__memchr              10006094     MSVCRT:MSVCR100.dll
 0002:00000098       __imp_??0exception@std@@QAE@XZ 10006098     MSVCRT:MSVCR100.dll
 0002:0000009c       __imp____CxxFrameHandler3  1000609c     MSVCRT:MSVCR100.dll
 0002:000000a0       __imp_??0exception@std@@QAE@ABV01@@Z 100060a0     MSVCRT:MSVCR100.dll
 0002:000000a4       __imp___CxxThrowException@8 100060a4     MSVCRT:MSVCR100.dll
 0002:000000a8       __imp_??2@YAPAXI@Z         100060a8     MSVCRT:MSVCR100.dll
 0002:000000ac       __imp__memmove             100060ac     MSVCRT:MSVCR100.dll
 0002:000000b0       __imp__memcpy              100060b0     MSVCRT:MSVCR100.dll
 0002:000000b4       __imp_??3@YAXPAX@Z         100060b4     MSVCRT:MSVCR100.dll
 0002:000000b8       __imp_??1exception@std@@UAE@XZ 100060b8     MSVCRT:MSVCR100.dll
 0002:000000bc       __imp_?what@exception@std@@UBEPBDXZ 100060bc     MSVCRT:MSVCR100.dll
 0002:000000c0       __imp_??0exception@std@@QAE@ABQBD@Z 100060c0     MSVCRT:MSVCR100.dll
 0002:000000c4       __imp_?terminate@@YAXXZ    100060c4     MSVCRT:MSVCR100.dll
 0002:000000c8       \177MSVCR100_NULL_THUNK_DATA 100060c8     MSVCRT:MSVCR100.dll
 0002:000000cc       ___xc_a                    100060cc     MSVCRT:cinitexe.obj
 0002:000000d0       ___xc_z                    100060d0     MSVCRT:cinitexe.obj
 0002:000000d4       ___xi_a                    100060d4     MSVCRT:cinitexe.obj
 0002:000000dc       ___xi_z                    100060dc     MSVCRT:cinitexe.obj
 0002:000000fc       ?value@?$integral_constant@_N$00@tr1@std@@2_NB 100060fc     IexBaseExc.obj
 0002:00000100       ?out@?$_Iosb@H@std@@2W4_Openmode@12@B 10006100     IexBaseExc.obj
 0002:00000100       ?unitbuf@?$_Iosb@H@std@@2W4_Fmtflags@12@B 10006100     IexBaseExc.obj
 0002:00000100       ?failbit@?$_Iosb@H@std@@2W4_Iostate@12@B 10006100     IexBaseExc.obj
 0002:00000100       ?ctype@?$_Locbase@H@std@@2HB 10006100     IexBaseExc.obj
 0002:00000100       ?_Rank@?$_Arithmetic_traits@C@std@@2HB 10006100     IexBaseExc.obj
 0002:00000100       ?_Rank@?$_Arithmetic_traits@E@std@@2HB 10006100     IexBaseExc.obj
 0002:00000100       ?ThreadAttach@NativeDll@<CrtImplementationDetails>@@0IB 10006100     MSVCRT:tncleanup.obj
 0002:00000100       ?end@?$_Iosb@H@std@@2W4_Seekdir@12@B 10006100     IexBaseExc.obj
 0002:00000100       ?_Rank@?$_Arithmetic_traits@D@std@@2HB 10006100     IexBaseExc.obj
 0002:00000104       ?_Rank@?$_Arithmetic_traits@K@std@@2HB 10006104     IexBaseExc.obj
 0002:00000104       ?_Rank@?$_Arithmetic_traits@J@std@@2HB 10006104     IexBaseExc.obj
 0002:00000108       ?_Rank@?$_Arithmetic_traits@_J@std@@2HB 10006108     IexBaseExc.obj
 0002:00000108       ?_Rank@?$_Arithmetic_traits@_K@std@@2HB 10006108     IexBaseExc.obj
 0002:0000010c       ?_Rank@?$_Arithmetic_traits@M@std@@2HB 1000610c     IexBaseExc.obj
 0002:00000110       ?_Rank@?$_Arithmetic_traits@O@std@@2HB 10006110     IexBaseExc.obj
 0002:00000114       ?ProcessAttach@NativeDll@<CrtImplementationDetails>@@0IB 10006114     MSVCRT:tncleanup.obj
 0002:00000114       ?skipws@?$_Iosb@H@std@@2W4_Fmtflags@12@B 10006114     IexBaseExc.obj
 0002:00000114       ?eofbit@?$_Iosb@H@std@@2W4_Iostate@12@B 10006114     IexBaseExc.obj
 0002:00000114       ?in@?$_Iosb@H@std@@2W4_Openmode@12@B 10006114     IexBaseExc.obj
 0002:00000114       ?_Rank@?$_Arithmetic_traits@_N@std@@2HB 10006114     IexBaseExc.obj
 0002:00000114       ?cur@?$_Iosb@H@std@@2W4_Seekdir@12@B 10006114     IexBaseExc.obj
 0002:00000114       ?collate@?$_Locbase@H@std@@2HB 10006114     IexBaseExc.obj
 0002:00000118       ?_Rank@?$_Arithmetic_traits@I@std@@2HB 10006118     IexBaseExc.obj
 0002:00000118       ?badbit@?$_Iosb@H@std@@2W4_Iostate@12@B 10006118     IexBaseExc.obj
 0002:00000118       ?uppercase@?$_Iosb@H@std@@2W4_Fmtflags@12@B 10006118     IexBaseExc.obj
 0002:00000118       ?monetary@?$_Locbase@H@std@@2HB 10006118     IexBaseExc.obj
 0002:00000118       ?_Rank@?$_Arithmetic_traits@H@std@@2HB 10006118     IexBaseExc.obj
 0002:00000118       ?ProcessVerifier@NativeDll@<CrtImplementationDetails>@@0IB 10006118     MSVCRT:tncleanup.obj
 0002:00000118       ?ate@?$_Iosb@H@std@@2W4_Openmode@12@B 10006118     IexBaseExc.obj
 0002:0000011c       ?showbase@?$_Iosb@H@std@@2W4_Fmtflags@12@B 1000611c     IexBaseExc.obj
 0002:0000011c       ?_Rank@?$_Arithmetic_traits@N@std@@2HB 1000611c     IexBaseExc.obj
 0002:0000011c       ?numeric@?$_Locbase@H@std@@2HB 1000611c     IexBaseExc.obj
 0002:0000011c       ?app@?$_Iosb@H@std@@2W4_Openmode@12@B 1000611c     IexBaseExc.obj
 0002:00000120       ?all@?$_Locbase@H@std@@2HB 10006120     IexBaseExc.obj
 0002:00000124       ?binary@?$_Iosb@H@std@@2W4_Openmode@12@B 10006124     IexBaseExc.obj
 0002:00000124       ?showpos@?$_Iosb@H@std@@2W4_Fmtflags@12@B 10006124     IexBaseExc.obj
 0002:00000124       ?messages@?$_Locbase@H@std@@2HB 10006124     IexBaseExc.obj
 0002:00000128       ?left@?$_Iosb@H@std@@2W4_Fmtflags@12@B 10006128     IexBaseExc.obj
 0002:00000128       ?_Nocreate@?$_Iosb@H@std@@2W4_Openmode@12@B 10006128     IexBaseExc.obj
 0002:0000012c       ?internal@?$_Iosb@H@std@@2W4_Fmtflags@12@B 1000612c     IexBaseExc.obj
 0002:00000130       ?dec@?$_Iosb@H@std@@2W4_Fmtflags@12@B 10006130     IexBaseExc.obj
 0002:00000134       ?oct@?$_Iosb@H@std@@2W4_Fmtflags@12@B 10006134     IexBaseExc.obj
 0002:00000138       ?hex@?$_Iosb@H@std@@2W4_Fmtflags@12@B 10006138     IexBaseExc.obj
 0002:0000013c       ?scientific@?$_Iosb@H@std@@2W4_Fmtflags@12@B 1000613c     IexBaseExc.obj
 0002:00000140       ?fixed@?$_Iosb@H@std@@2W4_Fmtflags@12@B 10006140     IexBaseExc.obj
 0002:00000144       ?floatfield@?$_Iosb@H@std@@2W4_Fmtflags@12@B 10006144     IexBaseExc.obj
 0002:00000144       ?hexfloat@?$_Iosb@H@std@@2W4_Fmtflags@12@B 10006144     IexBaseExc.obj
 0002:00000148       ?boolalpha@?$_Iosb@H@std@@2W4_Fmtflags@12@B 10006148     IexBaseExc.obj
 0002:0000014c       ?_Stdio@?$_Iosb@H@std@@2W4_Fmtflags@12@B 1000614c     IexBaseExc.obj
 0002:00000150       ?adjustfield@?$_Iosb@H@std@@2W4_Fmtflags@12@B 10006150     IexBaseExc.obj
 0002:00000154       ?basefield@?$_Iosb@H@std@@2W4_Fmtflags@12@B 10006154     IexBaseExc.obj
 0002:00000158       ?_Hardfail@?$_Iosb@H@std@@2W4_Iostate@12@B 10006158     IexBaseExc.obj
 0002:00000158       ?showpoint@?$_Iosb@H@std@@2W4_Fmtflags@12@B 10006158     IexBaseExc.obj
 0002:00000158       ?time@?$_Locbase@H@std@@2HB 10006158     IexBaseExc.obj
 0002:00000158       ?trunc@?$_Iosb@H@std@@2W4_Openmode@12@B 10006158     IexBaseExc.obj
 0002:0000015c       ?right@?$_Iosb@H@std@@2W4_Fmtflags@12@B 1000615c     IexBaseExc.obj
 0002:0000015c       ?_Noreplace@?$_Iosb@H@std@@2W4_Openmode@12@B 1000615c     IexBaseExc.obj
 0002:00000164       ??_7bad_alloc@std@@6B@     10006164     IexBaseExc.obj
 0002:0000016c       ??_C@_0BA@JFNIOLAK@string?5too?5long?$AA@ 1000616c     IexBaseExc.obj
 0002:0000017c       ??_C@_0BI@CFPLBAOH@invalid?5string?5position?$AA@ 1000617c     IexBaseExc.obj
 0002:00000198       ??_7BaseExc@Iex@@6B@       10006198     IexBaseExc.obj
 0002:000001a0       ??_C@_00CNPNBAHC@?$AA@     100061a0     IexBaseExc.obj
 0002:000001a0       ?value@?$integral_constant@_N$0A@@tr1@std@@2_NB 100061a0     IexBaseExc.obj
 0002:000001a8       ??_7ErrnoExc@Iex@@6B@      100061a8     IexThrowErrnoExc.obj
 0002:000001b4       ??_7EpermExc@Iex@@6B@      100061b4     IexThrowErrnoExc.obj
 0002:000001c0       ??_7EnoentExc@Iex@@6B@     100061c0     IexThrowErrnoExc.obj
 0002:000001cc       ??_7EsrchExc@Iex@@6B@      100061cc     IexThrowErrnoExc.obj
 0002:000001d8       ??_7EintrExc@Iex@@6B@      100061d8     IexThrowErrnoExc.obj
 0002:000001e4       ??_7EioExc@Iex@@6B@        100061e4     IexThrowErrnoExc.obj
 0002:000001f0       ??_7EnxioExc@Iex@@6B@      100061f0     IexThrowErrnoExc.obj
 0002:000001fc       ??_7E2bigExc@Iex@@6B@      100061fc     IexThrowErrnoExc.obj
 0002:00000208       ??_7EnoexecExc@Iex@@6B@    10006208     IexThrowErrnoExc.obj
 0002:00000214       ??_7EbadfExc@Iex@@6B@      10006214     IexThrowErrnoExc.obj
 0002:00000220       ??_7EchildExc@Iex@@6B@     10006220     IexThrowErrnoExc.obj
 0002:0000022c       ??_7EagainExc@Iex@@6B@     1000622c     IexThrowErrnoExc.obj
 0002:00000238       ??_7EnomemExc@Iex@@6B@     10006238     IexThrowErrnoExc.obj
 0002:00000244       ??_7EaccesExc@Iex@@6B@     10006244     IexThrowErrnoExc.obj
 0002:00000250       ??_7EfaultExc@Iex@@6B@     10006250     IexThrowErrnoExc.obj
 0002:0000025c       ??_7EbusyExc@Iex@@6B@      1000625c     IexThrowErrnoExc.obj
 0002:00000268       ??_7EexistExc@Iex@@6B@     10006268     IexThrowErrnoExc.obj
 0002:00000274       ??_7ExdevExc@Iex@@6B@      10006274     IexThrowErrnoExc.obj
 0002:00000280       ??_7EnodevExc@Iex@@6B@     10006280     IexThrowErrnoExc.obj
 0002:0000028c       ??_7EnotdirExc@Iex@@6B@    1000628c     IexThrowErrnoExc.obj
 0002:00000298       ??_7EisdirExc@Iex@@6B@     10006298     IexThrowErrnoExc.obj
 0002:000002a4       ??_7EinvalExc@Iex@@6B@     100062a4     IexThrowErrnoExc.obj
 0002:000002b0       ??_7EnfileExc@Iex@@6B@     100062b0     IexThrowErrnoExc.obj
 0002:000002bc       ??_7EmfileExc@Iex@@6B@     100062bc     IexThrowErrnoExc.obj
 0002:000002c8       ??_7EnottyExc@Iex@@6B@     100062c8     IexThrowErrnoExc.obj
 0002:000002d4       ??_7EtxtbsyExc@Iex@@6B@    100062d4     IexThrowErrnoExc.obj
 0002:000002e0       ??_7EfbigExc@Iex@@6B@      100062e0     IexThrowErrnoExc.obj
 0002:000002ec       ??_7EnospcExc@Iex@@6B@     100062ec     IexThrowErrnoExc.obj
 0002:000002f8       ??_7EspipeExc@Iex@@6B@     100062f8     IexThrowErrnoExc.obj
 0002:00000304       ??_7ErofsExc@Iex@@6B@      10006304     IexThrowErrnoExc.obj
 0002:00000310       ??_7EmlinkExc@Iex@@6B@     10006310     IexThrowErrnoExc.obj
 0002:0000031c       ??_7EpipeExc@Iex@@6B@      1000631c     IexThrowErrnoExc.obj
 0002:00000328       ??_7EdomExc@Iex@@6B@       10006328     IexThrowErrnoExc.obj
 0002:00000334       ??_7ErangeExc@Iex@@6B@     10006334     IexThrowErrnoExc.obj
 0002:00000340       ??_7EnomsgExc@Iex@@6B@     10006340     IexThrowErrnoExc.obj
 0002:0000034c       ??_7EidrmExc@Iex@@6B@      1000634c     IexThrowErrnoExc.obj
 0002:00000358       ??_7EdeadlkExc@Iex@@6B@    10006358     IexThrowErrnoExc.obj
 0002:00000364       ??_7EnolckExc@Iex@@6B@     10006364     IexThrowErrnoExc.obj
 0002:00000370       ??_7EnostrExc@Iex@@6B@     10006370     IexThrowErrnoExc.obj
 0002:0000037c       ??_7EnodataExc@Iex@@6B@    1000637c     IexThrowErrnoExc.obj
 0002:00000388       ??_7EtimeExc@Iex@@6B@      10006388     IexThrowErrnoExc.obj
 0002:00000394       ??_7EnosrExc@Iex@@6B@      10006394     IexThrowErrnoExc.obj
 0002:000003a0       ??_7EnolinkExc@Iex@@6B@    100063a0     IexThrowErrnoExc.obj
 0002:000003ac       ??_7EprotoExc@Iex@@6B@     100063ac     IexThrowErrnoExc.obj
 0002:000003b8       ??_7EbadmsgExc@Iex@@6B@    100063b8     IexThrowErrnoExc.obj
 0002:000003c4       ??_7EnametoolongExc@Iex@@6B@ 100063c4     IexThrowErrnoExc.obj
 0002:000003d0       ??_7EoverflowExc@Iex@@6B@  100063d0     IexThrowErrnoExc.obj
 0002:000003dc       ??_7EilseqExc@Iex@@6B@     100063dc     IexThrowErrnoExc.obj
 0002:000003e8       ??_7EnosysExc@Iex@@6B@     100063e8     IexThrowErrnoExc.obj
 0002:000003f4       ??_7EloopExc@Iex@@6B@      100063f4     IexThrowErrnoExc.obj
 0002:00000400       ??_7EnotemptyExc@Iex@@6B@  10006400     IexThrowErrnoExc.obj
 0002:0000040c       ??_7EnotsockExc@Iex@@6B@   1000640c     IexThrowErrnoExc.obj
 0002:00000418       ??_7EdestaddrreqExc@Iex@@6B@ 10006418     IexThrowErrnoExc.obj
 0002:00000424       ??_7EmsgsizeExc@Iex@@6B@   10006424     IexThrowErrnoExc.obj
 0002:00000430       ??_7EprototypeExc@Iex@@6B@ 10006430     IexThrowErrnoExc.obj
 0002:0000043c       ??_7EnoprotooptExc@Iex@@6B@ 1000643c     IexThrowErrnoExc.obj
 0002:00000448       ??_7EprotonosupportExc@Iex@@6B@ 10006448     IexThrowErrnoExc.obj
 0002:00000454       ??_7EopnotsuppExc@Iex@@6B@ 10006454     IexThrowErrnoExc.obj
 0002:00000460       ??_7EafnosupportExc@Iex@@6B@ 10006460     IexThrowErrnoExc.obj
 0002:0000046c       ??_7EaddrinuseExc@Iex@@6B@ 1000646c     IexThrowErrnoExc.obj
 0002:00000478       ??_7EaddrnotavailExc@Iex@@6B@ 10006478     IexThrowErrnoExc.obj
 0002:00000484       ??_7EnetdownExc@Iex@@6B@   10006484     IexThrowErrnoExc.obj
 0002:00000490       ??_7EnetunreachExc@Iex@@6B@ 10006490     IexThrowErrnoExc.obj
 0002:0000049c       ??_7EnetresetExc@Iex@@6B@  1000649c     IexThrowErrnoExc.obj
 0002:000004a8       ??_7EconnabortedExc@Iex@@6B@ 100064a8     IexThrowErrnoExc.obj
 0002:000004b4       ??_7EconnresetExc@Iex@@6B@ 100064b4     IexThrowErrnoExc.obj
 0002:000004c0       ??_7EnobufsExc@Iex@@6B@    100064c0     IexThrowErrnoExc.obj
 0002:000004cc       ??_7EisconnExc@Iex@@6B@    100064cc     IexThrowErrnoExc.obj
 0002:000004d8       ??_7EnotconnExc@Iex@@6B@   100064d8     IexThrowErrnoExc.obj
 0002:000004e4       ??_7EtimedoutExc@Iex@@6B@  100064e4     IexThrowErrnoExc.obj
 0002:000004f0       ??_7EconnrefusedExc@Iex@@6B@ 100064f0     IexThrowErrnoExc.obj
 0002:000004fc       ??_7EhostunreachExc@Iex@@6B@ 100064fc     IexThrowErrnoExc.obj
 0002:00000508       ??_7EalreadyExc@Iex@@6B@   10006508     IexThrowErrnoExc.obj
 0002:00000514       ??_7EinprogressExc@Iex@@6B@ 10006514     IexThrowErrnoExc.obj
 0002:00000520       ??_7EcanceledExc@Iex@@6B@  10006520     IexThrowErrnoExc.obj
 0002:0000052c       ??_7EnotsupExc@Iex@@6B@    1000652c     IexThrowErrnoExc.obj
 0002:00000534       ??_C@_02OAOPDKLG@?$CFT?$AA@ 10006534     IexThrowErrnoExc.obj
 0002:0000053c       ??_7type_info@@6B@         1000653c     MSVCRT:ti_inst.obj
 0002:00000540       __pDefaultRawDllMain       10006540     MSVCRT:crtdll.obj
 0002:00000540       __pRawDllMain              10006540     MSVCRT:crtdll.obj
 0002:0000054c       ?value@?$integral_constant@I$0A@@tr1@std@@2IB 1000654c     IexBaseExc.obj
 0002:0000054c       ?none@?$_Locbase@H@std@@2HB 1000654c     IexBaseExc.obj
 0002:0000054c       ?goodbit@?$_Iosb@H@std@@2W4_Iostate@12@B 1000654c     IexBaseExc.obj
 0002:0000054c       ?ProcessDetach@NativeDll@<CrtImplementationDetails>@@0IB 1000654c     MSVCRT:tncleanup.obj
 0002:0000054c       ?beg@?$_Iosb@H@std@@2W4_Seekdir@12@B 1000654c     IexBaseExc.obj
 0002:00000550       ?ThreadDetach@NativeDll@<CrtImplementationDetails>@@0IB 10006550     MSVCRT:tncleanup.obj
 0002:00000550       ?_Rank@?$_Arithmetic_traits@G@std@@2HB 10006550     IexBaseExc.obj
 0002:00000550       ?_Rank@?$_Arithmetic_traits@F@std@@2HB 10006550     IexBaseExc.obj
 0002:00000558       __load_config_used         10006558     MSVCRT:loadcfg.obj
 0002:00000610       ??_R4bad_alloc@std@@6B@    10006610     IexBaseExc.obj
 0002:00000624       ??_R3bad_alloc@std@@8      10006624     IexBaseExc.obj
 0002:00000634       ??_R2bad_alloc@std@@8      10006634     IexBaseExc.obj
 0002:00000640       ??_R1A@?0A@EA@bad_alloc@std@@8 10006640     IexBaseExc.obj
 0002:0000065c       ??_R1A@?0A@EA@exception@std@@8 1000665c     IexBaseExc.obj
 0002:00000678       ??_R3exception@std@@8      10006678     IexBaseExc.obj
 0002:00000688       ??_R2exception@std@@8      10006688     IexBaseExc.obj
 0002:00000690       ??_R4BaseExc@Iex@@6B@      10006690     IexBaseExc.obj
 0002:000006a4       ??_R3BaseExc@Iex@@8        100066a4     IexBaseExc.obj
 0002:000006b4       ??_R2BaseExc@Iex@@8        100066b4     IexBaseExc.obj
 0002:000006cc       ??_R1A@?0A@EA@BaseExc@Iex@@8 100066cc     IexBaseExc.obj
 0002:000006e8       ??_R1M@?0A@EA@?$basic_string@DU?$char_traits@D@std@@V?$allocator@D@2@@std@@8 100066e8     IexBaseExc.obj
 0002:00000704       ??_R3?$basic_string@DU?$char_traits@D@std@@V?$allocator@D@2@@std@@8 10006704     IexBaseExc.obj
 0002:00000714       ??_R2?$basic_string@DU?$char_traits@D@std@@V?$allocator@D@2@@std@@8 10006714     IexBaseExc.obj
 0002:00000724       ??_R1A@?0A@EA@?$basic_string@DU?$char_traits@D@std@@V?$allocator@D@2@@std@@8 10006724     IexBaseExc.obj
 0002:00000740       ??_R1A@?0A@EA@?$_String_val@DV?$allocator@D@std@@@std@@8 10006740     IexBaseExc.obj
 0002:0000075c       ??_R3?$_String_val@DV?$allocator@D@std@@@std@@8 1000675c     IexBaseExc.obj
 0002:0000076c       ??_R2?$_String_val@DV?$allocator@D@std@@@std@@8 1000676c     IexBaseExc.obj
 0002:00000778       ??_R1A@?0A@EA@_Container_base0@std@@8 10006778     IexBaseExc.obj
 0002:00000794       ??_R3_Container_base0@std@@8 10006794     IexBaseExc.obj
 0002:000007a4       ??_R2_Container_base0@std@@8 100067a4     IexBaseExc.obj
 0002:000007ac       ??_R1M@?0A@EA@?$_String_val@DV?$allocator@D@std@@@std@@8 100067ac     IexBaseExc.obj
 0002:000007c8       ??_R1M@?0A@EA@_Container_base0@std@@8 100067c8     IexBaseExc.obj
 0002:000007e4       ??_R4ErrnoExc@Iex@@6B@     100067e4     IexThrowErrnoExc.obj
 0002:000007f8       ??_R3ErrnoExc@Iex@@8       100067f8     IexThrowErrnoExc.obj
 0002:00000808       ??_R2ErrnoExc@Iex@@8       10006808     IexThrowErrnoExc.obj
 0002:00000824       ??_R1A@?0A@EA@ErrnoExc@Iex@@8 10006824     IexThrowErrnoExc.obj
 0002:00000840       ??_R4EpermExc@Iex@@6B@     10006840     IexThrowErrnoExc.obj
 0002:00000854       ??_R3EpermExc@Iex@@8       10006854     IexThrowErrnoExc.obj
 0002:00000864       ??_R2EpermExc@Iex@@8       10006864     IexThrowErrnoExc.obj
 0002:00000884       ??_R1A@?0A@EA@EpermExc@Iex@@8 10006884     IexThrowErrnoExc.obj
 0002:000008a0       ??_R4EnoentExc@Iex@@6B@    100068a0     IexThrowErrnoExc.obj
 0002:000008b4       ??_R3EnoentExc@Iex@@8      100068b4     IexThrowErrnoExc.obj
 0002:000008c4       ??_R2EnoentExc@Iex@@8      100068c4     IexThrowErrnoExc.obj
 0002:000008e4       ??_R1A@?0A@EA@EnoentExc@Iex@@8 100068e4     IexThrowErrnoExc.obj
 0002:00000900       ??_R4EsrchExc@Iex@@6B@     10006900     IexThrowErrnoExc.obj
 0002:00000914       ??_R3EsrchExc@Iex@@8       10006914     IexThrowErrnoExc.obj
 0002:00000924       ??_R2EsrchExc@Iex@@8       10006924     IexThrowErrnoExc.obj
 0002:00000944       ??_R1A@?0A@EA@EsrchExc@Iex@@8 10006944     IexThrowErrnoExc.obj
 0002:00000960       ??_R4EintrExc@Iex@@6B@     10006960     IexThrowErrnoExc.obj
 0002:00000974       ??_R3EintrExc@Iex@@8       10006974     IexThrowErrnoExc.obj
 0002:00000984       ??_R2EintrExc@Iex@@8       10006984     IexThrowErrnoExc.obj
 0002:000009a4       ??_R1A@?0A@EA@EintrExc@Iex@@8 100069a4     IexThrowErrnoExc.obj
 0002:000009c0       ??_R4EioExc@Iex@@6B@       100069c0     IexThrowErrnoExc.obj
 0002:000009d4       ??_R3EioExc@Iex@@8         100069d4     IexThrowErrnoExc.obj
 0002:000009e4       ??_R2EioExc@Iex@@8         100069e4     IexThrowErrnoExc.obj
 0002:00000a04       ??_R1A@?0A@EA@EioExc@Iex@@8 10006a04     IexThrowErrnoExc.obj
 0002:00000a20       ??_R4EnxioExc@Iex@@6B@     10006a20     IexThrowErrnoExc.obj
 0002:00000a34       ??_R3EnxioExc@Iex@@8       10006a34     IexThrowErrnoExc.obj
 0002:00000a44       ??_R2EnxioExc@Iex@@8       10006a44     IexThrowErrnoExc.obj
 0002:00000a64       ??_R1A@?0A@EA@EnxioExc@Iex@@8 10006a64     IexThrowErrnoExc.obj
 0002:00000a80       ??_R4E2bigExc@Iex@@6B@     10006a80     IexThrowErrnoExc.obj
 0002:00000a94       ??_R3E2bigExc@Iex@@8       10006a94     IexThrowErrnoExc.obj
 0002:00000aa4       ??_R2E2bigExc@Iex@@8       10006aa4     IexThrowErrnoExc.obj
 0002:00000ac4       ??_R1A@?0A@EA@E2bigExc@Iex@@8 10006ac4     IexThrowErrnoExc.obj
 0002:00000ae0       ??_R4EnoexecExc@Iex@@6B@   10006ae0     IexThrowErrnoExc.obj
 0002:00000af4       ??_R3EnoexecExc@Iex@@8     10006af4     IexThrowErrnoExc.obj
 0002:00000b04       ??_R2EnoexecExc@Iex@@8     10006b04     IexThrowErrnoExc.obj
 0002:00000b24       ??_R1A@?0A@EA@EnoexecExc@Iex@@8 10006b24     IexThrowErrnoExc.obj
 0002:00000b40       ??_R4EbadfExc@Iex@@6B@     10006b40     IexThrowErrnoExc.obj
 0002:00000b54       ??_R3EbadfExc@Iex@@8       10006b54     IexThrowErrnoExc.obj
 0002:00000b64       ??_R2EbadfExc@Iex@@8       10006b64     IexThrowErrnoExc.obj
 0002:00000b84       ??_R1A@?0A@EA@EbadfExc@Iex@@8 10006b84     IexThrowErrnoExc.obj
 0002:00000ba0       ??_R4EchildExc@Iex@@6B@    10006ba0     IexThrowErrnoExc.obj
 0002:00000bb4       ??_R3EchildExc@Iex@@8      10006bb4     IexThrowErrnoExc.obj
 0002:00000bc4       ??_R2EchildExc@Iex@@8      10006bc4     IexThrowErrnoExc.obj
 0002:00000be4       ??_R1A@?0A@EA@EchildExc@Iex@@8 10006be4     IexThrowErrnoExc.obj
 0002:00000c00       ??_R4EagainExc@Iex@@6B@    10006c00     IexThrowErrnoExc.obj
 0002:00000c14       ??_R3EagainExc@Iex@@8      10006c14     IexThrowErrnoExc.obj
 0002:00000c24       ??_R2EagainExc@Iex@@8      10006c24     IexThrowErrnoExc.obj
 0002:00000c44       ??_R1A@?0A@EA@EagainExc@Iex@@8 10006c44     IexThrowErrnoExc.obj
 0002:00000c60       ??_R4EnomemExc@Iex@@6B@    10006c60     IexThrowErrnoExc.obj
 0002:00000c74       ??_R3EnomemExc@Iex@@8      10006c74     IexThrowErrnoExc.obj
 0002:00000c84       ??_R2EnomemExc@Iex@@8      10006c84     IexThrowErrnoExc.obj
 0002:00000ca4       ??_R1A@?0A@EA@EnomemExc@Iex@@8 10006ca4     IexThrowErrnoExc.obj
 0002:00000cc0       ??_R4EaccesExc@Iex@@6B@    10006cc0     IexThrowErrnoExc.obj
 0002:00000cd4       ??_R3EaccesExc@Iex@@8      10006cd4     IexThrowErrnoExc.obj
 0002:00000ce4       ??_R2EaccesExc@Iex@@8      10006ce4     IexThrowErrnoExc.obj
 0002:00000d04       ??_R1A@?0A@EA@EaccesExc@Iex@@8 10006d04     IexThrowErrnoExc.obj
 0002:00000d20       ??_R4EfaultExc@Iex@@6B@    10006d20     IexThrowErrnoExc.obj
 0002:00000d34       ??_R3EfaultExc@Iex@@8      10006d34     IexThrowErrnoExc.obj
 0002:00000d44       ??_R2EfaultExc@Iex@@8      10006d44     IexThrowErrnoExc.obj
 0002:00000d64       ??_R1A@?0A@EA@EfaultExc@Iex@@8 10006d64     IexThrowErrnoExc.obj
 0002:00000d80       ??_R4EbusyExc@Iex@@6B@     10006d80     IexThrowErrnoExc.obj
 0002:00000d94       ??_R3EbusyExc@Iex@@8       10006d94     IexThrowErrnoExc.obj
 0002:00000da4       ??_R2EbusyExc@Iex@@8       10006da4     IexThrowErrnoExc.obj
 0002:00000dc4       ??_R1A@?0A@EA@EbusyExc@Iex@@8 10006dc4     IexThrowErrnoExc.obj
 0002:00000de0       ??_R4EexistExc@Iex@@6B@    10006de0     IexThrowErrnoExc.obj
 0002:00000df4       ??_R3EexistExc@Iex@@8      10006df4     IexThrowErrnoExc.obj
 0002:00000e04       ??_R2EexistExc@Iex@@8      10006e04     IexThrowErrnoExc.obj
 0002:00000e24       ??_R1A@?0A@EA@EexistExc@Iex@@8 10006e24     IexThrowErrnoExc.obj
 0002:00000e40       ??_R4ExdevExc@Iex@@6B@     10006e40     IexThrowErrnoExc.obj
 0002:00000e54       ??_R3ExdevExc@Iex@@8       10006e54     IexThrowErrnoExc.obj
 0002:00000e64       ??_R2ExdevExc@Iex@@8       10006e64     IexThrowErrnoExc.obj
 0002:00000e84       ??_R1A@?0A@EA@ExdevExc@Iex@@8 10006e84     IexThrowErrnoExc.obj
 0002:00000ea0       ??_R4EnodevExc@Iex@@6B@    10006ea0     IexThrowErrnoExc.obj
 0002:00000eb4       ??_R3EnodevExc@Iex@@8      10006eb4     IexThrowErrnoExc.obj
 0002:00000ec4       ??_R2EnodevExc@Iex@@8      10006ec4     IexThrowErrnoExc.obj
 0002:00000ee4       ??_R1A@?0A@EA@EnodevExc@Iex@@8 10006ee4     IexThrowErrnoExc.obj
 0002:00000f00       ??_R4EnotdirExc@Iex@@6B@   10006f00     IexThrowErrnoExc.obj
 0002:00000f14       ??_R3EnotdirExc@Iex@@8     10006f14     IexThrowErrnoExc.obj
 0002:00000f24       ??_R2EnotdirExc@Iex@@8     10006f24     IexThrowErrnoExc.obj
 0002:00000f44       ??_R1A@?0A@EA@EnotdirExc@Iex@@8 10006f44     IexThrowErrnoExc.obj
 0002:00000f60       ??_R4EisdirExc@Iex@@6B@    10006f60     IexThrowErrnoExc.obj
 0002:00000f74       ??_R3EisdirExc@Iex@@8      10006f74     IexThrowErrnoExc.obj
 0002:00000f84       ??_R2EisdirExc@Iex@@8      10006f84     IexThrowErrnoExc.obj
 0002:00000fa4       ??_R1A@?0A@EA@EisdirExc@Iex@@8 10006fa4     IexThrowErrnoExc.obj
 0002:00000fc0       ??_R4EinvalExc@Iex@@6B@    10006fc0     IexThrowErrnoExc.obj
[...]
 0002:00003338       __CT??_R0?AVErangeExc@Iex@@@8??0ErangeExc@Iex@@QAE@ABV01@@Z68 10009338     IexThrowErrnoExc.obj
 0002:00003354       __CTA7?AVEnomsgExc@Iex@@   10009354     IexThrowErrnoExc.obj
 0002:00003374       __CT??_R0?AVEnomsgExc@Iex@@@8??0EnomsgExc@Iex@@QAE@ABV01@@Z68 10009374     IexThrowErrnoExc.obj
 0002:00003390       __CTA7?AVEidrmExc@Iex@@    10009390     IexThrowErrnoExc.obj
 0002:000033b0       __CT??_R0?AVEidrmExc@Iex@@@8??0EidrmExc@Iex@@QAE@ABV01@@Z68 100093b0     IexThrowErrnoExc.obj
 0002:000033cc       __CTA7?AVEdeadlkExc@Iex@@  100093cc     IexThrowErrnoExc.obj
 0002:000033ec       __CT??_R0?AVEdeadlkExc@Iex@@@8??0EdeadlkExc@Iex@@QAE@ABV01@@Z68 100093ec     IexThrowErrnoExc.obj
 0002:00003408       __CTA7?AVEnolckExc@Iex@@   10009408     IexThrowErrnoExc.obj
 0002:00003428       __CT??_R0?AVEnolckExc@Iex@@@8??0EnolckExc@Iex@@QAE@ABV01@@Z68 10009428     IexThrowErrnoExc.obj
 0002:00003444       __CTA7?AVEnostrExc@Iex@@   10009444     IexThrowErrnoExc.obj
 0002:00003464       __CT??_R0?AVEnostrExc@Iex@@@8??0EnostrExc@Iex@@QAE@ABV01@@Z68 10009464     IexThrowErrnoExc.obj
 0002:00003480       __CTA7?AVEnodataExc@Iex@@  10009480     IexThrowErrnoExc.obj
 0002:000034a0       __CT??_R0?AVEnodataExc@Iex@@@8??0EnodataExc@Iex@@QAE@ABV01@@Z68 100094a0     IexThrowErrnoExc.obj
 0002:000034bc       __CTA7?AVEtimeExc@Iex@@    100094bc     IexThrowErrnoExc.obj
 0002:000034dc       __CT??_R0?AVEtimeExc@Iex@@@8??0EtimeExc@Iex@@QAE@ABV01@@Z68 100094dc     IexThrowErrnoExc.obj
 0002:000034f8       __CTA7?AVEnosrExc@Iex@@    100094f8     IexThrowErrnoExc.obj
 0002:00003518       __CT??_R0?AVEnosrExc@Iex@@@8??0EnosrExc@Iex@@QAE@ABV01@@Z68 10009518     IexThrowErrnoExc.obj
 0002:00003534       __CTA7?AVEnolinkExc@Iex@@  10009534     IexThrowErrnoExc.obj
 0002:00003554       __CT??_R0?AVEnolinkExc@Iex@@@8??0EnolinkExc@Iex@@QAE@ABV01@@Z68 10009554     IexThrowErrnoExc.obj
 0002:00003570       __CTA7?AVEprotoExc@Iex@@   10009570     IexThrowErrnoExc.obj
 0002:00003590       __CT??_R0?AVEprotoExc@Iex@@@8??0EprotoExc@Iex@@QAE@ABV01@@Z68 10009590     IexThrowErrnoExc.obj
 0002:000035ac       __CTA7?AVEbadmsgExc@Iex@@  100095ac     IexThrowErrnoExc.obj
 0002:000035cc       __CT??_R0?AVEbadmsgExc@Iex@@@8??0EbadmsgExc@Iex@@QAE@ABV01@@Z68 100095cc     IexThrowErrnoExc.obj
 0002:000035e8       __CTA7?AVEnametoolongExc@Iex@@ 100095e8     IexThrowErrnoExc.obj
 0002:00003608       __CT??_R0?AVEnametoolongExc@Iex@@@8??0EnametoolongExc@Iex@@QAE@ABV01@@Z68 10009608     IexThrowErrnoExc.obj
 0002:00003624       __CTA7?AVEoverflowExc@Iex@@ 10009624     IexThrowErrnoExc.obj
 0002:00003644       __CT??_R0?AVEoverflowExc@Iex@@@8??0EoverflowExc@Iex@@QAE@ABV01@@Z68 10009644     IexThrowErrnoExc.obj
 0002:00003660       __CTA7?AVEilseqExc@Iex@@   10009660     IexThrowErrnoExc.obj
 0002:00003680       __CT??_R0?AVEilseqExc@Iex@@@8??0EilseqExc@Iex@@QAE@ABV01@@Z68 10009680     IexThrowErrnoExc.obj
 0002:0000369c       __CTA7?AVEnosysExc@Iex@@   1000969c     IexThrowErrnoExc.obj
 0002:000036bc       __CT??_R0?AVEnosysExc@Iex@@@8??0EnosysExc@Iex@@QAE@ABV01@@Z68 100096bc     IexThrowErrnoExc.obj
 0002:000036d8       __CTA7?AVEloopExc@Iex@@    100096d8     IexThrowErrnoExc.obj
 0002:000036f8       __CT??_R0?AVEloopExc@Iex@@@8??0EloopExc@Iex@@QAE@ABV01@@Z68 100096f8     IexThrowErrnoExc.obj
 0002:00003714       __CTA7?AVEnotemptyExc@Iex@@ 10009714     IexThrowErrnoExc.obj
 0002:00003734       __CT??_R0?AVEnotemptyExc@Iex@@@8??0EnotemptyExc@Iex@@QAE@ABV01@@Z68 10009734     IexThrowErrnoExc.obj
 0002:00003750       __CTA7?AVEnotsockExc@Iex@@ 10009750     IexThrowErrnoExc.obj
 0002:00003770       __CT??_R0?AVEnotsockExc@Iex@@@8??0EnotsockExc@Iex@@QAE@ABV01@@Z68 10009770     IexThrowErrnoExc.obj
 0002:0000378c       __CTA7?AVEdestaddrreqExc@Iex@@ 1000978c     IexThrowErrnoExc.obj
 0002:000037ac       __CT??_R0?AVEdestaddrreqExc@Iex@@@8??0EdestaddrreqExc@Iex@@QAE@ABV01@@Z68 100097ac     IexThrowErrnoExc.obj
 0002:000037c8       __CTA7?AVEmsgsizeExc@Iex@@ 100097c8     IexThrowErrnoExc.obj
 0002:000037e8       __CT??_R0?AVEmsgsizeExc@Iex@@@8??0EmsgsizeExc@Iex@@QAE@ABV01@@Z68 100097e8     IexThrowErrnoExc.obj
 0002:00003804       __CTA7?AVEprototypeExc@Iex@@ 10009804     IexThrowErrnoExc.obj
 0002:00003824       __CT??_R0?AVEprototypeExc@Iex@@@8??0EprototypeExc@Iex@@QAE@ABV01@@Z68 10009824     IexThrowErrnoExc.obj
 0002:00003840       __CTA7?AVEnoprotooptExc@Iex@@ 10009840     IexThrowErrnoExc.obj
 0002:00003860       __CT??_R0?AVEnoprotooptExc@Iex@@@8??0EnoprotooptExc@Iex@@QAE@ABV01@@Z68 10009860     IexThrowErrnoExc.obj
 0002:0000387c       __CTA7?AVEprotonosupportExc@Iex@@ 1000987c     IexThrowErrnoExc.obj
 0002:0000389c       __CT??_R0?AVEprotonosupportExc@Iex@@@8??0EprotonosupportExc@Iex@@QAE@ABV01@@Z68 1000989c     IexThrowErrnoExc.obj
 0002:000038b8       __CTA7?AVEopnotsuppExc@Iex@@ 100098b8     IexThrowErrnoExc.obj
 0002:000038d8       __CT??_R0?AVEopnotsuppExc@Iex@@@8??0EopnotsuppExc@Iex@@QAE@ABV01@@Z68 100098d8     IexThrowErrnoExc.obj
 0002:000038f4       __CTA7?AVEafnosupportExc@Iex@@ 100098f4     IexThrowErrnoExc.obj
 0002:00003914       __CT??_R0?AVEafnosupportExc@Iex@@@8??0EafnosupportExc@Iex@@QAE@ABV01@@Z68 10009914     IexThrowErrnoExc.obj
 0002:00003930       __CTA7?AVEaddrinuseExc@Iex@@ 10009930     IexThrowErrnoExc.obj
 0002:00003950       __CT??_R0?AVEaddrinuseExc@Iex@@@8??0EaddrinuseExc@Iex@@QAE@ABV01@@Z68 10009950     IexThrowErrnoExc.obj
 0002:0000396c       __CTA7?AVEaddrnotavailExc@Iex@@ 1000996c     IexThrowErrnoExc.obj
 0002:0000398c       __CT??_R0?AVEaddrnotavailExc@Iex@@@8??0EaddrnotavailExc@Iex@@QAE@ABV01@@Z68 1000998c     IexThrowErrnoExc.obj
 0002:000039a8       __CTA7?AVEnetdownExc@Iex@@ 100099a8     IexThrowErrnoExc.obj
 0002:000039c8       __CT??_R0?AVEnetdownExc@Iex@@@8??0EnetdownExc@Iex@@QAE@ABV01@@Z68 100099c8     IexThrowErrnoExc.obj
 0002:000039e4       __CTA7?AVEnetunreachExc@Iex@@ 100099e4     IexThrowErrnoExc.obj
 0002:00003a04       __CT??_R0?AVEnetunreachExc@Iex@@@8??0EnetunreachExc@Iex@@QAE@ABV01@@Z68 10009a04     IexThrowErrnoExc.obj
 0002:00003a20       __CTA7?AVEnetresetExc@Iex@@ 10009a20     IexThrowErrnoExc.obj
 0002:00003a40       __CT??_R0?AVEnetresetExc@Iex@@@8??0EnetresetExc@Iex@@QAE@ABV01@@Z68 10009a40     IexThrowErrnoExc.obj
 0002:00003a5c       __CTA7?AVEconnabortedExc@Iex@@ 10009a5c     IexThrowErrnoExc.obj
 0002:00003a7c       __CT??_R0?AVEconnabortedExc@Iex@@@8??0EconnabortedExc@Iex@@QAE@ABV01@@Z68 10009a7c     IexThrowErrnoExc.obj
 0002:00003a98       __CTA7?AVEconnresetExc@Iex@@ 10009a98     IexThrowErrnoExc.obj
 0002:00003ab8       __CT??_R0?AVEconnresetExc@Iex@@@8??0EconnresetExc@Iex@@QAE@ABV01@@Z68 10009ab8     IexThrowErrnoExc.obj
 0002:00003ad4       __CTA7?AVEnobufsExc@Iex@@  10009ad4     IexThrowErrnoExc.obj
 0002:00003af4       __CT??_R0?AVEnobufsExc@Iex@@@8??0EnobufsExc@Iex@@QAE@ABV01@@Z68 10009af4     IexThrowErrnoExc.obj
 0002:00003b10       __CTA7?AVEisconnExc@Iex@@  10009b10     IexThrowErrnoExc.obj
 0002:00003b30       __CT??_R0?AVEisconnExc@Iex@@@8??0EisconnExc@Iex@@QAE@ABV01@@Z68 10009b30     IexThrowErrnoExc.obj
 0002:00003b4c       __CTA7?AVEnotconnExc@Iex@@ 10009b4c     IexThrowErrnoExc.obj
 0002:00003b6c       __CT??_R0?AVEnotconnExc@Iex@@@8??0EnotconnExc@Iex@@QAE@ABV01@@Z68 10009b6c     IexThrowErrnoExc.obj
 0002:00003b88       __CTA7?AVEtimedoutExc@Iex@@ 10009b88     IexThrowErrnoExc.obj
 0002:00003ba8       __CT??_R0?AVEtimedoutExc@Iex@@@8??0EtimedoutExc@Iex@@QAE@ABV01@@Z68 10009ba8     IexThrowErrnoExc.obj
 0002:00003bc4       __CTA7?AVEconnrefusedExc@Iex@@ 10009bc4     IexThrowErrnoExc.obj
 0002:00003be4       __CT??_R0?AVEconnrefusedExc@Iex@@@8??0EconnrefusedExc@Iex@@QAE@ABV01@@Z68 10009be4     IexThrowErrnoExc.obj
 0002:00003c00       __CTA7?AVEhostunreachExc@Iex@@ 10009c00     IexThrowErrnoExc.obj
 0002:00003c20       __CT??_R0?AVEhostunreachExc@Iex@@@8??0EhostunreachExc@Iex@@QAE@ABV01@@Z68 10009c20     IexThrowErrnoExc.obj
 0002:00003c3c       __CTA7?AVEalreadyExc@Iex@@ 10009c3c     IexThrowErrnoExc.obj
 0002:00003c5c       __CT??_R0?AVEalreadyExc@Iex@@@8??0EalreadyExc@Iex@@QAE@ABV01@@Z68 10009c5c     IexThrowErrnoExc.obj
 0002:00003c78       __CTA7?AVEinprogressExc@Iex@@ 10009c78     IexThrowErrnoExc.obj
 0002:00003c98       __CT??_R0?AVEinprogressExc@Iex@@@8??0EinprogressExc@Iex@@QAE@ABV01@@Z68 10009c98     IexThrowErrnoExc.obj
 0002:00003cb4       __CTA7?AVEcanceledExc@Iex@@ 10009cb4     IexThrowErrnoExc.obj
 0002:00003cd4       __CT??_R0?AVEcanceledExc@Iex@@@8??0EcanceledExc@Iex@@QAE@ABV01@@Z68 10009cd4     IexThrowErrnoExc.obj
 0002:00003cf0       __CTA7?AVEnotsupExc@Iex@@  10009cf0     IexThrowErrnoExc.obj
 0002:00003d10       __CT??_R0?AVEnotsupExc@Iex@@@8??0EnotsupExc@Iex@@QAE@ABV01@@Z68 10009d10     IexThrowErrnoExc.obj
 0002:00003d2c       __CTA6?AVErrnoExc@Iex@@    10009d2c     IexThrowErrnoExc.obj
 0002:00003dec       __IMPORT_DESCRIPTOR_MSVCP100 10009dec     msvcprt:MSVCP100.dll
 0002:00003e00       __IMPORT_DESCRIPTOR_MSVCR100 10009e00     MSVCRT:MSVCR100.dll
 0002:00003e14       __IMPORT_DESCRIPTOR_KERNEL32 10009e14     kernel32:KERNEL32.dll
 0002:00003e28       __NULL_IMPORT_DESCRIPTOR   10009e28     msvcprt:MSVCP100.dll
 0003:00000000       ??_R0?AVbad_alloc@std@@@8  1000b000     IexBaseExc.obj
 0003:0000001c       ??_R0?AVexception@std@@@8  1000b01c     IexBaseExc.obj
 0003:00000038       ??_R0?AVBaseExc@Iex@@@8    1000b038     IexBaseExc.obj
 0003:00000058       ??_R0?AV?$basic_string@DU?$char_traits@D@std@@V?$allocator@D@2@@std@@@8 1000b058     IexBaseExc.obj
 0003:000000a4       ??_R0?AV?$_String_val@DV?$allocator@D@std@@@std@@@8 1000b0a4     IexBaseExc.obj
 0003:000000dc       ??_R0?AU_Container_base0@std@@@8 1000b0dc     IexBaseExc.obj
 0003:00000100       ??_R0?AVErrnoExc@Iex@@@8   1000b100     IexThrowErrnoExc.obj
 0003:0000011c       ??_R0?AVEpermExc@Iex@@@8   1000b11c     IexThrowErrnoExc.obj
 0003:00000138       ??_R0?AVEnoentExc@Iex@@@8  1000b138     IexThrowErrnoExc.obj
 0003:00000154       ??_R0?AVEsrchExc@Iex@@@8   1000b154     IexThrowErrnoExc.obj
 0003:00000170       ??_R0?AVEintrExc@Iex@@@8   1000b170     IexThrowErrnoExc.obj
 0003:0000018c       ??_R0?AVEioExc@Iex@@@8     1000b18c     IexThrowErrnoExc.obj
 0003:000001a8       ??_R0?AVEnxioExc@Iex@@@8   1000b1a8     IexThrowErrnoExc.obj
 0003:000001c4       ??_R0?AVE2bigExc@Iex@@@8   1000b1c4     IexThrowErrnoExc.obj
 0003:000001e0       ??_R0?AVEnoexecExc@Iex@@@8 1000b1e0     IexThrowErrnoExc.obj
 0003:00000200       ??_R0?AVEbadfExc@Iex@@@8   1000b200     IexThrowErrnoExc.obj
 0003:0000021c       ??_R0?AVEchildExc@Iex@@@8  1000b21c     IexThrowErrnoExc.obj
 0003:00000238       ??_R0?AVEagainExc@Iex@@@8  1000b238     IexThrowErrnoExc.obj
 0003:00000254       ??_R0?AVEnomemExc@Iex@@@8  1000b254     IexThrowErrnoExc.obj
 0003:00000270       ??_R0?AVEaccesExc@Iex@@@8  1000b270     IexThrowErrnoExc.obj
 0003:0000028c       ??_R0?AVEfaultExc@Iex@@@8  1000b28c     IexThrowErrnoExc.obj
 0003:000002a8       ??_R0?AVEbusyExc@Iex@@@8   1000b2a8     IexThrowErrnoExc.obj
 0003:000002c4       ??_R0?AVEexistExc@Iex@@@8  1000b2c4     IexThrowErrnoExc.obj
 0003:000002e0       ??_R0?AVExdevExc@Iex@@@8   1000b2e0     IexThrowErrnoExc.obj
 0003:000002fc       ??_R0?AVEnodevExc@Iex@@@8  1000b2fc     IexThrowErrnoExc.obj
 0003:00000318       ??_R0?AVEnotdirExc@Iex@@@8 1000b318     IexThrowErrnoExc.obj
 0003:00000338       ??_R0?AVEisdirExc@Iex@@@8  1000b338     IexThrowErrnoExc.obj
 0003:00000354       ??_R0?AVEinvalExc@Iex@@@8  1000b354     IexThrowErrnoExc.obj
 0003:00000370       ??_R0?AVEnfileExc@Iex@@@8  1000b370     IexThrowErrnoExc.obj
 0003:0000038c       ??_R0?AVEmfileExc@Iex@@@8  1000b38c     IexThrowErrnoExc.obj
 0003:000003a8       ??_R0?AVEnottyExc@Iex@@@8  1000b3a8     IexThrowErrnoExc.obj
 0003:000003c4       ??_R0?AVEtxtbsyExc@Iex@@@8 1000b3c4     IexThrowErrnoExc.obj
 0003:000003e4       ??_R0?AVEfbigExc@Iex@@@8   1000b3e4     IexThrowErrnoExc.obj
 0003:00000400       ??_R0?AVEnospcExc@Iex@@@8  1000b400     IexThrowErrnoExc.obj
 0003:0000041c       ??_R0?AVEspipeExc@Iex@@@8  1000b41c     IexThrowErrnoExc.obj
 0003:00000438       ??_R0?AVErofsExc@Iex@@@8   1000b438     IexThrowErrnoExc.obj
 0003:00000454       ??_R0?AVEmlinkExc@Iex@@@8  1000b454     IexThrowErrnoExc.obj
 0003:00000470       ??_R0?AVEpipeExc@Iex@@@8   1000b470     IexThrowErrnoExc.obj
 0003:0000048c       ??_R0?AVEdomExc@Iex@@@8    1000b48c     IexThrowErrnoExc.obj
 0003:000004a8       ??_R0?AVErangeExc@Iex@@@8  1000b4a8     IexThrowErrnoExc.obj
 0003:000004c4       ??_R0?AVEnomsgExc@Iex@@@8  1000b4c4     IexThrowErrnoExc.obj
 0003:000004e0       ??_R0?AVEidrmExc@Iex@@@8   1000b4e0     IexThrowErrnoExc.obj
 0003:000004fc       ??_R0?AVEdeadlkExc@Iex@@@8 1000b4fc     IexThrowErrnoExc.obj
 0003:0000051c       ??_R0?AVEnolckExc@Iex@@@8  1000b51c     IexThrowErrnoExc.obj
 0003:00000538       ??_R0?AVEnostrExc@Iex@@@8  1000b538     IexThrowErrnoExc.obj
 0003:00000554       ??_R0?AVEnodataExc@Iex@@@8 1000b554     IexThrowErrnoExc.obj
 0003:00000574       ??_R0?AVEtimeExc@Iex@@@8   1000b574     IexThrowErrnoExc.obj
 0003:00000590       ??_R0?AVEnosrExc@Iex@@@8   1000b590     IexThrowErrnoExc.obj
 0003:000005ac       ??_R0?AVEnolinkExc@Iex@@@8 1000b5ac     IexThrowErrnoExc.obj
 0003:000005cc       ??_R0?AVEprotoExc@Iex@@@8  1000b5cc     IexThrowErrnoExc.obj
 0003:000005e8       ??_R0?AVEbadmsgExc@Iex@@@8 1000b5e8     IexThrowErrnoExc.obj
 0003:00000608       ??_R0?AVEnametoolongExc@Iex@@@8 1000b608     IexThrowErrnoExc.obj
 0003:0000062c       ??_R0?AVEoverflowExc@Iex@@@8 1000b62c     IexThrowErrnoExc.obj
 0003:0000064c       ??_R0?AVEilseqExc@Iex@@@8  1000b64c     IexThrowErrnoExc.obj
 0003:00000668       ??_R0?AVEnosysExc@Iex@@@8  1000b668     IexThrowErrnoExc.obj
 0003:00000684       ??_R0?AVEloopExc@Iex@@@8   1000b684     IexThrowErrnoExc.obj
 0003:000006a0       ??_R0?AVEnotemptyExc@Iex@@@8 1000b6a0     IexThrowErrnoExc.obj
 0003:000006c0       ??_R0?AVEnotsockExc@Iex@@@8 1000b6c0     IexThrowErrnoExc.obj
 0003:000006e0       ??_R0?AVEdestaddrreqExc@Iex@@@8 1000b6e0     IexThrowErrnoExc.obj
 0003:00000704       ??_R0?AVEmsgsizeExc@Iex@@@8 1000b704     IexThrowErrnoExc.obj
 0003:00000724       ??_R0?AVEprototypeExc@Iex@@@8 1000b724     IexThrowErrnoExc.obj
 0003:00000744       ??_R0?AVEnoprotooptExc@Iex@@@8 1000b744     IexThrowErrnoExc.obj
 0003:00000768       ??_R0?AVEprotonosupportExc@Iex@@@8 1000b768     IexThrowErrnoExc.obj
 0003:00000790       ??_R0?AVEopnotsuppExc@Iex@@@8 1000b790     IexThrowErrnoExc.obj
 0003:000007b0       ??_R0?AVEafnosupportExc@Iex@@@8 1000b7b0     IexThrowErrnoExc.obj
 0003:000007d4       ??_R0?AVEaddrinuseExc@Iex@@@8 1000b7d4     IexThrowErrnoExc.obj
 0003:000007f4       ??_R0?AVEaddrnotavailExc@Iex@@@8 1000b7f4     IexThrowErrnoExc.obj
 0003:00000818       ??_R0?AVEnetdownExc@Iex@@@8 1000b818     IexThrowErrnoExc.obj
 0003:00000838       ??_R0?AVEnetunreachExc@Iex@@@8 1000b838     IexThrowErrnoExc.obj
 0003:0000085c       ??_R0?AVEnetresetExc@Iex@@@8 1000b85c     IexThrowErrnoExc.obj
 0003:0000087c       ??_R0?AVEconnabortedExc@Iex@@@8 1000b87c     IexThrowErrnoExc.obj
 0003:000008a0       ??_R0?AVEconnresetExc@Iex@@@8 1000b8a0     IexThrowErrnoExc.obj
 0003:000008c0       ??_R0?AVEnobufsExc@Iex@@@8 1000b8c0     IexThrowErrnoExc.obj
 0003:000008e0       ??_R0?AVEisconnExc@Iex@@@8 1000b8e0     IexThrowErrnoExc.obj
 0003:00000900       ??_R0?AVEnotconnExc@Iex@@@8 1000b900     IexThrowErrnoExc.obj
 0003:00000920       ??_R0?AVEtimedoutExc@Iex@@@8 1000b920     IexThrowErrnoExc.obj
 0003:00000940       ??_R0?AVEconnrefusedExc@Iex@@@8 1000b940     IexThrowErrnoExc.obj
 0003:00000964       ??_R0?AVEhostunreachExc@Iex@@@8 1000b964     IexThrowErrnoExc.obj
 0003:00000988       ??_R0?AVEalreadyExc@Iex@@@8 1000b988     IexThrowErrnoExc.obj
 0003:000009a8       ??_R0?AVEinprogressExc@Iex@@@8 1000b9a8     IexThrowErrnoExc.obj
 0003:000009cc       ??_R0?AVEcanceledExc@Iex@@@8 1000b9cc     IexThrowErrnoExc.obj
 0003:000009ec       ??_R0?AVEnotsupExc@Iex@@@8 1000b9ec     IexThrowErrnoExc.obj
 0003:00000a0c       ??_R0?AVtype_info@@@8      1000ba0c     MSVCRT:ti_inst.obj
 0003:00000a24       ___security_cookie         1000ba24     MSVCRT:gs_cookie.obj
 0003:00000a28       ___security_cookie_complement 1000ba28     MSVCRT:gs_cookie.obj
 0003:00000a30       ___native_dllmain_reason   1000ba30     MSVCRT:natstart.obj
 0003:00000a34       ___native_vcclrit_reason   1000ba34     MSVCRT:natstart.obj
 0003:00000a40       ?currentStackTracer@?A0x591e432d@Iex@@3P6A?AV?$basic_string@DU?$char_traits@D@std@@V?$allocator@D@2@@std@@XZA 1000ba40     IexBaseExc.obj
 0003:00000d6c       ?__type_info_root_node@@3U__type_info_node@@A 1000bd6c     MSVCRT:tncleanup.obj
 0003:00000d74       ___native_startup_state    1000bd74     <common>
 0003:00000d78       ___native_startup_lock     1000bd78     <common>
 0003:00000d7c       ___onexitend               1000bd7c     <common>
 0003:00000d80       ___onexitbegin             1000bd80     <common>
 0003:00000d84       ___dyn_tls_init_callback   1000bd84     <common>

 entry point at        0001:00003f97

 Static symbols

 0001:fffff000       __ehhandler$?_Copy@?$basic_string@DU?$char_traits@D@std@@V?$allocator@D@2@@std@@QAEXII@Z 10000000 f   IexThrowErrnoExc.obj
 0001:fffff0b4       __catch$?_Copy@?$basic_string@DU?$char_traits@D@std@@V?$allocator@D@2@@std@@QAEXII@Z$0 100000b4 f   IexThrowErrnoExc.obj
 0001:fffff13c       __catch$?_Copy@?$basic_string@DU?$char_traits@D@std@@V?$allocator@D@2@@std@@QAEXII@Z$1 1000013c f   IexThrowErrnoExc.obj
 0001:00000484       __catch$?_Copy@?$basic_string@DU?$char_traits@D@std@@V?$allocator@D@2@@std@@QAEXII@Z$0 10001484 f i IexBaseExc.obj
 0001:0000050c       __catch$?_Copy@?$basic_string@DU?$char_traits@D@std@@V?$allocator@D@2@@std@@QAEXII@Z$1 1000150c f i IexBaseExc.obj
 0001:00003c29       _pre_c_init                10004c29 f   MSVCRT:crtdll.obj
 0001:00003e81       ___DllMainCRTStartup       10004e81 f   MSVCRT:crtdll.obj
 0001:00003fba       ?ArrayUnwindFilter@@YAHPAU_EXCEPTION_POINTERS@@@Z 10004fba f   MSVCRT:ehvecdtr.obj
 0001:00004600       __ehhandler$?_Copy@?$basic_string@DU?$char_traits@D@std@@V?$allocator@D@2@@std@@QAEXII@Z 10005600 f   IexBaseExc.obj
 0001:00004620       __unwindfunclet$?str@?$basic_stringbuf@DU?$char_traits@D@std@@V?$allocator@D@2@@std@@QBE?AV?$basic_string@DU?$char_traits@D@std@@V?$allocator@D@2@@2@XZ$0 10005620 f   IexBaseExc.obj
 0001:00004628       __unwindfunclet$?str@?$basic_stringbuf@DU?$char_traits@D@std@@V?$allocator@D@2@@std@@QBE?AV?$basic_string@DU?$char_traits@D@std@@V?$allocator@D@2@@2@XZ$2 10005628 f   IexBaseExc.obj
 0001:00004630       __unwindfunclet$?str@?$basic_stringbuf@DU?$char_traits@D@std@@V?$allocator@D@2@@std@@QBE?AV?$basic_string@DU?$char_traits@D@std@@V?$allocator@D@2@@2@XZ$3 10005630 f   IexBaseExc.obj
 0001:00004638       __ehhandler$?str@?$basic_stringbuf@DU?$char_traits@D@std@@V?$allocator@D@2@@std@@QBE?AV?$basic_string@DU?$char_traits@D@std@@V?$allocator@D@2@@2@XZ 10005638 f   IexBaseExc.obj
 0001:00004660       __unwindfunclet$?append@BaseExc@Iex@@QAEAAV12@AAV?$basic_stringstream@DU?$char_traits@D@std@@V?$allocator@D@2@@std@@@Z$0 10005660 f   IexBaseExc.obj
 0001:00004660       __unwindfunclet$?assign@BaseExc@Iex@@QAEAAV12@AAV?$basic_stringstream@DU?$char_traits@D@std@@V?$allocator@D@2@@std@@@Z$0 10005660 f   IexBaseExc.obj
 0001:00004668       __ehhandler$?append@BaseExc@Iex@@QAEAAV12@AAV?$basic_stringstream@DU?$char_traits@D@std@@V?$allocator@D@2@@std@@@Z 10005668 f   IexBaseExc.obj
 0001:00004668       __ehhandler$?assign@BaseExc@Iex@@QAEAAV12@AAV?$basic_stringstream@DU?$char_traits@D@std@@V?$allocator@D@2@@std@@@Z 10005668 f   IexBaseExc.obj
 0001:00004690       __unwindfunclet$?throwErrnoExc@Iex@@YAXABV?$basic_string@DU?$char_traits@D@std@@V?$allocator@D@2@@std@@H@Z$0 10005690 f   IexThrowErrnoExc.obj
 0001:00004698       __ehhandler$?throwErrnoExc@Iex@@YAXABV?$basic_string@DU?$char_traits@D@std@@V?$allocator@D@2@@std@@H@Z 10005698 f   IexThrowErrnoExc.obj
