 Imath

 Timestamp is 510d5daa (Sun Feb 03 02:40:42 2013)

 Preferred load address is 10000000

 Start         Length     Name                   Class
 0001:00000000 0001958aH .text                   CODE
 0001:00019590 0000001bH .text$x                 CODE
 0002:00000000 000000dcH .idata$5                DATA
 0002:000000dc 00000004H .CRT$XCA                DATA
 0002:000000e0 00000004H .CRT$XCZ                DATA
 0002:000000e4 00000004H .CRT$XIA                DATA
 0002:000000e8 00000004H .CRT$XIAA               DATA
 0002:000000ec 00000004H .CRT$XIZ                DATA
 0002:000000f0 00000258H .rdata                  DATA
 0002:00000348 00000070H .rdata$debug            DATA
 0002:000003b8 00000324H .rdata$r                DATA
 0002:000006e0 00000008H .rdata$sxdata           DATA
 0002:000006e8 00000004H .rtc$IAA                DATA
 0002:000006ec 00000004H .rtc$IZZ                DATA
 0002:000006f0 00000004H .rtc$TAA                DATA
 0002:000006f4 00000004H .rtc$TZZ                DATA
 0002:000006f8 000002acH .xdata$x                DATA
 0002:000009a4 00000050H .idata$2                DATA
 0002:000009f4 00000014H .idata$3                DATA
 0002:00000a08 000000dcH .idata$4                DATA
 0002:00000ae4 00000466H .idata$6                DATA
 0002:00000f50 000000f6H .edata                  DATA
 0003:00000000 000002c0H .data                   DATA
 0003:000002c0 00000350H .bss                    DATA

  Address         Publics by Value              Rva+Base       Lib:Object

 0000:00000000       __except_list              00000000     <absolute>
 0000:00000002       ___safe_se_handler_count   00000002     <absolute>
 0000:00009876       __fltused                  00009876     <absolute>
 0000:00009876       __ldused                   00009876     <absolute>
 0000:00000000       ___ImageBase               10000000     <linker-defined>
 0001:00000000       ?floor@?$Math@N@Imath@@SANN@Z 10001000 f i ImathColorAlgo.obj
 0001:00000020       ??0?$Vec3@N@Imath@@QAE@NNN@Z 10001020 f i ImathColorAlgo.obj
 0001:00000050       ?hsv2rgb_d@Imath@@YA?AV?$Vec3@N@1@ABV21@@Z 10001050 f   ImathColorAlgo.obj
 0001:000001c0       ?hsv2rgb_d@Imath@@YA?AV?$Color4@N@1@ABV21@@Z 100011c0 f   ImathColorAlgo.obj
 0001:00000340       ?rgb2hsv_d@Imath@@YA?AV?$Vec3@N@1@ABV21@@Z 10001340 f   ImathColorAlgo.obj
 0001:00000440       ?rgb2hsv_d@Imath@@YA?AV?$Color4@N@1@ABV21@@Z 10001440 f   ImathColorAlgo.obj
 0001:00000550       ?succf@Imath@@YAMM@Z       10001550 f   ImathFun.obj
 0001:000005a0       ?predf@Imath@@YAMM@Z       100015a0 f   ImathFun.obj
 0001:000005f0       ?succd@Imath@@YANN@Z       100015f0 f   ImathFun.obj
 0001:00000670       ?predd@Imath@@YANN@Z       10001670 f   ImathFun.obj
 0001:000006f0       ?sqrt@@YAMM@Z              100016f0 f i ImathMatrixAlgo.obj
 0001:000006f0       _sqrtf                     100016f0 f i ImathMatrixAlgo.obj
 0001:000006f0       ?sqrt@?$Math@M@Imath@@SAMM@Z 100016f0 f i ImathVec.obj
 0001:00000710       ?abs@@YANN@Z               10001710 f i ImathMatrixAlgo.obj
 0001:00000720       _fabsf                     10001720 f i ImathMatrixAlgo.obj
 0001:00000720       ?abs@@YAMM@Z               10001720 f i ImathMatrixAlgo.obj
 0001:00000730       ?epsilon@?$limits@M@Imath@@SAMXZ 10001730 f i ImathMatrixAlgo.obj
 0001:00000740       ?epsilon@?$limits@N@Imath@@SANXZ 10001740 f i ImathMatrixAlgo.obj
 0001:00000750       ??0KahanSum@?A0x735d0683@Imath@@QAE@XZ 10001750 f i ImathMatrixAlgo.obj
 0001:00000760       ??YKahanSum@?A0x735d0683@Imath@@QAEXN@Z 10001760 f i ImathMatrixAlgo.obj
 0001:00000790       ?get@KahanSum@?A0x735d0683@Imath@@QBENXZ 10001790 f i ImathMatrixAlgo.obj
 0001:000007a0       ??0?$Matrix33@M@Imath@@QAE@MMMMMMMMM@Z 100017a0 f i ImathMatrixAlgo.obj
 0001:00000810       ??0?$Matrix44@M@Imath@@QAE@MMMMMMMMMMMMMMMM@Z 10001810 f i ImathMatrixAlgo.obj
 0001:000008c0       ??0?$Matrix33@N@Imath@@QAE@NNNNNNNNN@Z 100018c0 f i ImathMatrixAlgo.obj
 0001:00000930       ??0?$Matrix44@N@Imath@@QAE@NNNNNNNNNNNNNNNN@Z 10001930 f i ImathMatrixAlgo.obj
 0001:000009e0       ?dimensions@?$Matrix33@M@Imath@@SAIXZ 100019e0 f i ImathMatrixAlgo.obj
 0001:000009e0       ?dimensions@?$Vec3@N@Imath@@SAIXZ 100019e0 f i ImathMatrixAlgo.obj
 0001:000009e0       ?dimensions@?$Vec3@M@Imath@@SAIXZ 100019e0 f i ImathMatrixAlgo.obj
 0001:000009e0       ?dimensions@?$Matrix33@N@Imath@@SAIXZ 100019e0 f i ImathMatrixAlgo.obj
 0001:000009f0       ?dimensions@?$Matrix44@M@Imath@@SAIXZ 100019f0 f i ImathMatrixAlgo.obj
 0001:000009f0       ?dimensions@?$Matrix44@N@Imath@@SAIXZ 100019f0 f i ImathMatrixAlgo.obj
 0001:000009f0       ?dimensions@?$Vec4@M@Imath@@SAIXZ 100019f0 f i ImathMatrixAlgo.obj
 0001:000009f0       ?dimensions@?$Vec4@N@Imath@@SAIXZ 100019f0 f i ImathMatrixAlgo.obj
 0001:00000a00       ??0?$Matrix33@M@Imath@@QAE@ABV01@@Z 10001a00 f i ImathMatrixAlgo.obj
 0001:00000a40       ??0?$Matrix33@M@Imath@@QAE@XZ 10001a40 f i ImathMatrixAlgo.obj
 0001:00000a80       ?makeIdentity@?$Matrix33@M@Imath@@QAEXXZ 10001a80 f i ImathMatrixAlgo.obj
 0001:00000ac0       ??A?$Matrix44@M@Imath@@QAEPAMH@Z 10001ac0 f i ImathMatrixAlgo.obj
 0001:00000ac0       ??A?$Matrix44@M@Imath@@QBEPBMH@Z 10001ac0 f i ImathMatrixAlgo.obj
 0001:00000ad0       ??0?$Matrix44@M@Imath@@QAE@ABV01@@Z 10001ad0 f i ImathMatrixAlgo.obj
 0001:00000b40       ??0?$Matrix44@M@Imath@@QAE@XZ 10001b40 f i ImathMatrixAlgo.obj
 0001:00000b70       ?makeIdentity@?$Matrix44@M@Imath@@QAEXXZ 10001b70 f i ImathMatrixAlgo.obj
 0001:00000ba0       ??A?$Matrix33@N@Imath@@QAEPANH@Z 10001ba0 f i ImathMatrixAlgo.obj
 0001:00000ba0       ??A?$Matrix33@N@Imath@@QBEPBNH@Z 10001ba0 f i ImathMatrixAlgo.obj
 0001:00000bb0       ??0?$Matrix33@N@Imath@@QAE@ABV01@@Z 10001bb0 f i ImathMatrixAlgo.obj
 0001:00000bd0       ??0?$Matrix33@N@Imath@@QAE@N@Z 10001bd0 f i ImathMatrixAlgo.obj
 0001:00000c10       ??0?$Matrix33@N@Imath@@QAE@XZ 10001c10 f i ImathMatrixAlgo.obj
 0001:00000c40       ?makeIdentity@?$Matrix33@N@Imath@@QAEXXZ 10001c40 f i ImathMatrixAlgo.obj
 0001:00000c70       ??Y?$Matrix33@N@Imath@@QAEABV01@ABV01@@Z 10001c70 f i ImathMatrixAlgo.obj
 0001:00000d00       ??D?$Matrix33@N@Imath@@QBE?AV01@ABV01@@Z 10001d00 f i ImathMatrixAlgo.obj
 0001:00000e40       ?transposed@?$Matrix33@N@Imath@@QBE?AV12@XZ 10001e40 f i ImathMatrixAlgo.obj
 0001:00000e80       ??A?$Matrix44@N@Imath@@QAEPANH@Z 10001e80 f i ImathMatrixAlgo.obj
 0001:00000e80       ??A?$Matrix44@N@Imath@@QBEPBNH@Z 10001e80 f i ImathMatrixAlgo.obj
 0001:00000e90       ??0?$Matrix44@N@Imath@@QAE@ABV01@@Z 10001e90 f i ImathMatrixAlgo.obj
 0001:00000f00       ??0?$Matrix44@N@Imath@@QAE@XZ 10001f00 f i ImathMatrixAlgo.obj
 0001:00000f40       ?makeIdentity@?$Matrix44@N@Imath@@QAEXXZ 10001f40 f i ImathMatrixAlgo.obj
 0001:00000f70       ??0?$Vec3@N@Imath@@QAE@ABV01@@Z 10001f70 f i ImathMatrixAlgo.obj
 0001:00000f90       ??0?$Vec3@N@Imath@@QAE@N@Z 10001f90 f i ImathMatrixAlgo.obj
 0001:00000fb0       ??0?$Vec3@M@Imath@@QAE@XZ  10001fb0 f i ImathMatrixAlgo.obj
 0001:00000fb0       ??0?$Vec4@M@Imath@@QAE@XZ  10001fb0 f i ImathMatrixAlgo.obj
 0001:00000fb0       ??0?$Vec3@N@Imath@@QAE@XZ  10001fb0 f i ImathMatrixAlgo.obj
 0001:00000fb0       ??0?$Vec4@N@Imath@@QAE@XZ  10001fb0 f i ImathMatrixAlgo.obj
 0001:00000fc0       ??Y?$Vec3@N@Imath@@QAEABV01@ABV01@@Z 10001fc0 f i ImathMatrixAlgo.obj
 0001:00001000       ??G?$Vec3@N@Imath@@QBE?AV01@ABV01@@Z 10002000 f i ImathMatrixAlgo.obj
 0001:00001040       ??_0?$Vec3@N@Imath@@QAEABV01@N@Z 10002040 f i ImathMatrixAlgo.obj
 0001:00001080       ??0?$Vec3@M@Imath@@QAE@MMM@Z 10002080 f i ImathMatrixAlgo.obj
 0001:000010b0       ??$?DN@Imath@@YA?AV?$Vec3@N@0@NABV10@@Z 100020b0 f i ImathMatrixAlgo.obj
 0001:000010f0       ??$outerProduct@N@Imath@@YA?AV?$Matrix33@N@0@ABV?$Vec3@N@0@0@Z 100020f0 f i ImathMatrixAlgo.obj
 0001:00001190       ??$?DNN@Imath@@YA?AV?$Vec3@N@0@ABV10@ABV?$Matrix33@N@0@@Z 10002190 f i ImathMatrixAlgo.obj
 0001:00001230       ??$?0M@?$Vec3@N@Imath@@QAE@ABV?$Vec3@M@1@@Z 10002230 f i ImathMatrixAlgo.obj
 0001:00001270       ??0?$Vec4@M@Imath@@QAE@MMMM@Z 10002270 f i ImathMatrixAlgo.obj
 0001:000012a0       ??0?$Color4@N@Imath@@QAE@NNNN@Z 100022a0 f i ImathColorAlgo.obj
 0001:000012a0       ??0?$Vec4@N@Imath@@QAE@NNNN@Z 100022a0 f i ImathMatrixAlgo.obj
 0001:000012d0       ??A?$Matrix33@M@Imath@@QBEPBMH@Z 100022d0 f i ImathMatrixAlgo.obj
 0001:000012d0       ??A?$Matrix33@M@Imath@@QAEPAMH@Z 100022d0 f i ImathMatrixAlgo.obj
 0001:000012e0       ?determinant@?$Matrix33@M@Imath@@QBEMXZ 100022e0 f i ImathMatrixAlgo.obj
 0001:00001360       ?determinant@?$Matrix33@N@Imath@@QBENXZ 10002360 f i ImathMatrixAlgo.obj
 0001:000013b0       ?dot@?$Vec3@N@Imath@@QBENABV12@@Z 100023b0 f i ImathMatrixAlgo.obj
 0001:000013d0       ??A?$Vec3@N@Imath@@QAEAANH@Z 100023d0 f i ImathMatrixAlgo.obj
 0001:000013d0       ??A?$Vec4@N@Imath@@QBEABNH@Z 100023d0 f i ImathMatrixAlgo.obj
 0001:000013d0       ??A?$Vec4@N@Imath@@QAEAANH@Z 100023d0 f i ImathMatrixAlgo.obj
 0001:000013e0       ??$max@M@std@@YAABMABM0@Z  100023e0 f i ImathMatrixAlgo.obj
 0001:00001410       ??$jacobiRotateRight@$0A@$00V?$Matrix33@M@Imath@@@?A0x735d0683@Imath@@YAXAAV?$Matrix33@M@1@MM@Z 10002410 f i ImathMatrixAlgo.obj
 0001:00001550       ??$jacobiRotateRight@$0A@$01V?$Matrix33@M@Imath@@@?A0x735d0683@Imath@@YAXAAV?$Matrix33@M@1@MM@Z 10002550 f i ImathMatrixAlgo.obj
 0001:00001690       ??$jacobiRotateRight@$00$01V?$Matrix33@M@Imath@@@?A0x735d0683@Imath@@YAXAAV?$Matrix33@M@1@MM@Z 10002690 f i ImathMatrixAlgo.obj
 0001:000017d0       ??$max@N@std@@YAABNABN0@Z  100027d0 f i ImathMatrixAlgo.obj
 0001:000017f0       ??$jacobiRotateRight@$0A@$00V?$Matrix33@N@Imath@@@?A0x735d0683@Imath@@YAXAAV?$Matrix33@N@1@NN@Z 100027f0 f i ImathMatrixAlgo.obj
 0001:000018c0       ??$jacobiRotateRight@$0A@$01V?$Matrix33@N@Imath@@@?A0x735d0683@Imath@@YAXAAV?$Matrix33@N@1@NN@Z 100028c0 f i ImathMatrixAlgo.obj
 0001:00001990       ??$jacobiRotateRight@$00$01V?$Matrix33@N@Imath@@@?A0x735d0683@Imath@@YAXAAV?$Matrix33@N@1@NN@Z 10002990 f i ImathMatrixAlgo.obj
 0001:00001a60       ??$jacobiRotateRight@$0A@$00V?$Matrix44@M@Imath@@@?A0x735d0683@Imath@@YAXAAV?$Matrix44@M@1@MM@Z 10002a60 f i ImathMatrixAlgo.obj
 0001:00001c00       ??$jacobiRotateRight@$0A@$01V?$Matrix44@M@Imath@@@?A0x735d0683@Imath@@YAXAAV?$Matrix44@M@1@MM@Z 10002c00 f i ImathMatrixAlgo.obj
 0001:00001da0       ??$jacobiRotateRight@$0A@$02V?$Matrix44@M@Imath@@@?A0x735d0683@Imath@@YAXAAV?$Matrix44@M@1@MM@Z 10002da0 f i ImathMatrixAlgo.obj
 0001:00001f40       ??$jacobiRotateRight@$00$01V?$Matrix44@M@Imath@@@?A0x735d0683@Imath@@YAXAAV?$Matrix44@M@1@MM@Z 10002f40 f i ImathMatrixAlgo.obj
 0001:000020e0       ??$jacobiRotateRight@$00$02V?$Matrix44@M@Imath@@@?A0x735d0683@Imath@@YAXAAV?$Matrix44@M@1@MM@Z 100030e0 f i ImathMatrixAlgo.obj
 0001:00002280       ??$jacobiRotateRight@$01$02V?$Matrix44@M@Imath@@@?A0x735d0683@Imath@@YAXAAV?$Matrix44@M@1@MM@Z 10003280 f i ImathMatrixAlgo.obj
 0001:00002420       ??$jacobiRotateRight@$0A@$00V?$Matrix44@N@Imath@@@?A0x735d0683@Imath@@YAXAAV?$Matrix44@N@1@NN@Z 10003420 f i ImathMatrixAlgo.obj
 0001:00002530       ??$jacobiRotateRight@$0A@$01V?$Matrix44@N@Imath@@@?A0x735d0683@Imath@@YAXAAV?$Matrix44@N@1@NN@Z 10003530 f i ImathMatrixAlgo.obj
 0001:00002640       ??$jacobiRotateRight@$0A@$02V?$Matrix44@N@Imath@@@?A0x735d0683@Imath@@YAXAAV?$Matrix44@N@1@NN@Z 10003640 f i ImathMatrixAlgo.obj
 0001:00002750       ??$jacobiRotateRight@$00$01V?$Matrix44@N@Imath@@@?A0x735d0683@Imath@@YAXAAV?$Matrix44@N@1@NN@Z 10003750 f i ImathMatrixAlgo.obj
 0001:00002860       ??$jacobiRotateRight@$00$02V?$Matrix44@N@Imath@@@?A0x735d0683@Imath@@YAXAAV?$Matrix44@N@1@NN@Z 10003860 f i ImathMatrixAlgo.obj
 0001:00002970       ??$jacobiRotateRight@$01$02V?$Matrix44@N@Imath@@@?A0x735d0683@Imath@@YAXAAV?$Matrix44@N@1@NN@Z 10003970 f i ImathMatrixAlgo.obj
 0001:00002a80       ?fastMinor@?$Matrix44@M@Imath@@QBEMHHHHHH@Z 10003a80 f i ImathMatrixAlgo.obj
 0001:00002b30       ?fastMinor@?$Matrix44@N@Imath@@QBENHHHHHH@Z 10003b30 f i ImathMatrixAlgo.obj
 0001:00002bb0       ??$jacobiRotateRight@M$0A@$00@?A0x735d0683@Imath@@YAXAAV?$Matrix33@M@1@MM@Z 10003bb0 f i ImathMatrixAlgo.obj
 0001:00002cb0       ??$jacobiRotateRight@M$0A@$01@?A0x735d0683@Imath@@YAXAAV?$Matrix33@M@1@MM@Z 10003cb0 f i ImathMatrixAlgo.obj
 0001:00002db0       ??$jacobiRotateRight@M$00$01@?A0x735d0683@Imath@@YAXAAV?$Matrix33@M@1@MM@Z 10003db0 f i ImathMatrixAlgo.obj
 0001:00002eb0       ??$_Move@AAN@std@@YA$$QANAAN@Z 10003eb0 f i ImathMatrixAlgo.obj
 0001:00002eb0       ??$_Move@AAM@std@@YA$$QAMAAM@Z 10003eb0 f i ImathMatrixAlgo.obj
 0001:00002ec0       ??$jacobiRotateRight@N$0A@$00@?A0x735d0683@Imath@@YAXAAV?$Matrix33@N@1@NN@Z 10003ec0 f i ImathMatrixAlgo.obj
 0001:00002f70       ??$jacobiRotateRight@N$0A@$01@?A0x735d0683@Imath@@YAXAAV?$Matrix33@N@1@NN@Z 10003f70 f i ImathMatrixAlgo.obj
 0001:00003020       ??$jacobiRotateRight@N$00$01@?A0x735d0683@Imath@@YAXAAV?$Matrix33@N@1@NN@Z 10004020 f i ImathMatrixAlgo.obj
 0001:000030d0       ??$jacobiRotateRight@M@?A0x735d0683@Imath@@YAXAAV?$Matrix44@M@1@HHMM@Z 100040d0 f i ImathMatrixAlgo.obj
 0001:00003230       ??$jacobiRotateRight@N@?A0x735d0683@Imath@@YAXAAV?$Matrix44@N@1@HHNN@Z 10004230 f i ImathMatrixAlgo.obj
 0001:00003330       ?length2@?$Vec3@N@Imath@@QBENXZ 10004330 f i ImathMatrixAlgo.obj
 0001:00003350       ??$maxOffDiagSymm@V?$Matrix33@M@Imath@@@?A0x735d0683@Imath@@YAMABV?$Matrix33@M@1@@Z 10004350 f i ImathMatrixAlgo.obj
 0001:000034e0       ??$jacobiRotation@$0A@$00$01M@?A0x735d0683@Imath@@YA_NAAV?$Matrix33@M@1@0AAV?$Vec3@M@1@M@Z 100044e0 f i ImathMatrixAlgo.obj
 0001:00003850       ??$jacobiRotation@$0A@$01$00M@?A0x735d0683@Imath@@YA_NAAV?$Matrix33@M@1@0AAV?$Vec3@M@1@M@Z 10004850 f i ImathMatrixAlgo.obj
 0001:00003bc0       ??$jacobiRotation@$00$01$0A@M@?A0x735d0683@Imath@@YA_NAAV?$Matrix33@M@1@0AAV?$Vec3@M@1@M@Z 10004bc0 f i ImathMatrixAlgo.obj
 0001:00003f40       ??$maxOffDiagSymm@V?$Matrix33@N@Imath@@@?A0x735d0683@Imath@@YANABV?$Matrix33@N@1@@Z 10004f40 f i ImathMatrixAlgo.obj
 0001:00004090       ??$jacobiRotation@$0A@$00$01N@?A0x735d0683@Imath@@YA_NAAV?$Matrix33@N@1@0AAV?$Vec3@N@1@N@Z 10005090 f i ImathMatrixAlgo.obj
 0001:00004290       ??$jacobiRotation@$0A@$01$00N@?A0x735d0683@Imath@@YA_NAAV?$Matrix33@N@1@0AAV?$Vec3@N@1@N@Z 10005290 f i ImathMatrixAlgo.obj
 0001:00004490       ??$jacobiRotation@$00$01$0A@N@?A0x735d0683@Imath@@YA_NAAV?$Matrix33@N@1@0AAV?$Vec3@N@1@N@Z 10005490 f i ImathMatrixAlgo.obj
 0001:00004690       ??$maxOffDiagSymm@V?$Matrix44@M@Imath@@@?A0x735d0683@Imath@@YAMABV?$Matrix44@M@1@@Z 10005690 f i ImathMatrixAlgo.obj
 0001:00004830       ??$jacobiRotation@$0A@$00$01$02M@?A0x735d0683@Imath@@YA_NAAV?$Matrix44@M@1@0AAV?$Vec4@M@1@M@Z 10005830 f i ImathMatrixAlgo.obj
 0001:00004c80       ??$jacobiRotation@$0A@$01$00$02M@?A0x735d0683@Imath@@YA_NAAV?$Matrix44@M@1@0AAV?$Vec4@M@1@M@Z 10005c80 f i ImathMatrixAlgo.obj
 0001:000050d0       ??$jacobiRotation@$0A@$02$00$01M@?A0x735d0683@Imath@@YA_NAAV?$Matrix44@M@1@0AAV?$Vec4@M@1@M@Z 100060d0 f i ImathMatrixAlgo.obj
 0001:00005520       ??$jacobiRotation@$00$01$0A@$02M@?A0x735d0683@Imath@@YA_NAAV?$Matrix44@M@1@0AAV?$Vec4@M@1@M@Z 10006520 f i ImathMatrixAlgo.obj
 0001:00005980       ??$jacobiRotation@$00$02$0A@$01M@?A0x735d0683@Imath@@YA_NAAV?$Matrix44@M@1@0AAV?$Vec4@M@1@M@Z 10006980 f i ImathMatrixAlgo.obj
 0001:00005de0       ??$jacobiRotation@$01$02$0A@$00M@?A0x735d0683@Imath@@YA_NAAV?$Matrix44@M@1@0AAV?$Vec4@M@1@M@Z 10006de0 f i ImathMatrixAlgo.obj
 0001:00006240       ??$maxOffDiagSymm@V?$Matrix44@N@Imath@@@?A0x735d0683@Imath@@YANABV?$Matrix44@N@1@@Z 10007240 f i ImathMatrixAlgo.obj
 0001:000063a0       ??$jacobiRotation@$0A@$00$01$02N@?A0x735d0683@Imath@@YA_NAAV?$Matrix44@N@1@0AAV?$Vec4@N@1@N@Z 100073a0 f i ImathMatrixAlgo.obj
 0001:00006610       ??$jacobiRotation@$0A@$01$00$02N@?A0x735d0683@Imath@@YA_NAAV?$Matrix44@N@1@0AAV?$Vec4@N@1@N@Z 10007610 f i ImathMatrixAlgo.obj
 0001:00006880       ??$jacobiRotation@$0A@$02$00$01N@?A0x735d0683@Imath@@YA_NAAV?$Matrix44@N@1@0AAV?$Vec4@N@1@N@Z 10007880 f i ImathMatrixAlgo.obj
 0001:00006af0       ??$jacobiRotation@$00$01$0A@$02N@?A0x735d0683@Imath@@YA_NAAV?$Matrix44@N@1@0AAV?$Vec4@N@1@N@Z 10007af0 f i ImathMatrixAlgo.obj
 0001:00006d70       ??$jacobiRotation@$00$02$0A@$01N@?A0x735d0683@Imath@@YA_NAAV?$Matrix44@N@1@0AAV?$Vec4@N@1@N@Z 10007d70 f i ImathMatrixAlgo.obj
 0001:00006ff0       ??$jacobiRotation@$01$02$0A@$00N@?A0x735d0683@Imath@@YA_NAAV?$Matrix44@N@1@0AAV?$Vec4@N@1@N@Z 10007ff0 f i ImathMatrixAlgo.obj
 0001:00007270       ?determinant@?$Matrix44@M@Imath@@QBEMXZ 10008270 f i ImathMatrixAlgo.obj
 0001:00007360       ?determinant@?$Matrix44@N@Imath@@QBENXZ 10008360 f i ImathMatrixAlgo.obj
 0001:00007570       ??$maxOffDiag@M@?A0x735d0683@Imath@@YAMABV?$Matrix33@M@1@@Z 10008570 f i ImathMatrixAlgo.obj
 0001:000076c0       ??$twoSidedJacobiRotation@M$0A@$00$01@?A0x735d0683@Imath@@YA_NAAV?$Matrix33@M@1@00M@Z 100086c0 f i ImathMatrixAlgo.obj
 0001:00007da0       ??$twoSidedJacobiRotation@M$0A@$01$00@?A0x735d0683@Imath@@YA_NAAV?$Matrix33@M@1@00M@Z 10008da0 f i ImathMatrixAlgo.obj
 0001:00008480       ??$twoSidedJacobiRotation@M$00$01$0A@@?A0x735d0683@Imath@@YA_NAAV?$Matrix33@M@1@00M@Z 10009480 f i ImathMatrixAlgo.obj
 0001:00008b70       ??$swap@M@std@@YAXAAM0@Z   10009b70 f i ImathMatrixAlgo.obj
 0001:00008b90       ??$swapColumns@M@?A0x735d0683@Imath@@YAXAAV?$Matrix33@M@1@HH@Z 10009b90 f i ImathMatrixAlgo.obj
 0001:00008be0       ??$maxOffDiag@N@?A0x735d0683@Imath@@YANABV?$Matrix33@N@1@@Z 10009be0 f i ImathMatrixAlgo.obj
 0001:00008cd0       ??$twoSidedJacobiRotation@N$0A@$00$01@?A0x735d0683@Imath@@YA_NAAV?$Matrix33@N@1@00N@Z 10009cd0 f i ImathMatrixAlgo.obj
 0001:000090c0       ??$twoSidedJacobiRotation@N$0A@$01$00@?A0x735d0683@Imath@@YA_NAAV?$Matrix33@N@1@00N@Z 1000a0c0 f i ImathMatrixAlgo.obj
 0001:000094b0       ??$twoSidedJacobiRotation@N$00$01$0A@@?A0x735d0683@Imath@@YA_NAAV?$Matrix33@N@1@00N@Z 1000a4b0 f i ImathMatrixAlgo.obj
 0001:000098a0       ??$swap@N@std@@YAXAAN0@Z   1000a8a0 f i ImathMatrixAlgo.obj
 0001:000098c0       ??$swapColumns@N@?A0x735d0683@Imath@@YAXAAV?$Matrix33@N@1@HH@Z 1000a8c0 f i ImathMatrixAlgo.obj
 0001:00009910       ??$maxOffDiag@M@?A0x735d0683@Imath@@YAMABV?$Matrix44@M@1@@Z 1000a910 f i ImathMatrixAlgo.obj
 0001:00009a20       ??$twoSidedJacobiRotation@M@?A0x735d0683@Imath@@YA_NAAV?$Matrix44@M@1@HH00M@Z 1000aa20 f i ImathMatrixAlgo.obj
 0001:0000a500       ??$maxOffDiag@N@?A0x735d0683@Imath@@YANABV?$Matrix44@N@1@@Z 1000b500 f i ImathMatrixAlgo.obj
 0001:0000a6c0       ??$twoSidedJacobiRotation@N@?A0x735d0683@Imath@@YA_NAAV?$Matrix44@N@1@HH00N@Z 1000b6c0 f i ImathMatrixAlgo.obj
 0001:0000ad20       ??$jacobiEigenSolver@M@Imath@@YAXAAV?$Matrix33@M@0@AAV?$Vec3@M@0@0M@Z 1000bd20 f i ImathMatrixAlgo.obj
 0001:0000b950       ??$jacobiEigenSolver@N@Imath@@YAXAAV?$Matrix33@N@0@AAV?$Vec3@N@0@0N@Z 1000c950 f i ImathMatrixAlgo.obj
 0001:0000bab0       ??$jacobiEigenSolver@M@Imath@@YAXAAV?$Matrix44@M@0@AAV?$Vec4@M@0@0M@Z 1000cab0 f i ImathMatrixAlgo.obj
 0001:0000d870       ??$jacobiEigenSolver@N@Imath@@YAXAAV?$Matrix44@N@0@AAV?$Vec4@N@0@0N@Z 1000e870 f i ImathMatrixAlgo.obj
 0001:0000da70       ??$twoSidedJacobiSVD@M@?A0x735d0683@Imath@@YAXV?$Matrix33@M@1@AAV21@AAV?$Vec3@M@1@1M_N@Z 1000ea70 f i ImathMatrixAlgo.obj
 0001:0000e180       ??$twoSidedJacobiSVD@N@?A0x735d0683@Imath@@YAXV?$Matrix33@N@1@AAV21@AAV?$Vec3@N@1@1N_N@Z 1000f180 f i ImathMatrixAlgo.obj
 0001:0000e750       ??$twoSidedJacobiSVD@M@?A0x735d0683@Imath@@YAXV?$Matrix44@M@1@AAV21@AAV?$Vec4@M@1@1M_N@Z 1000f750 f i ImathMatrixAlgo.obj
 0001:0000ec80       ??$twoSidedJacobiSVD@N@?A0x735d0683@Imath@@YAXV?$Matrix44@N@1@AAV21@AAV?$Vec4@N@1@1N_N@Z 1000fc80 f i ImathMatrixAlgo.obj
 0001:00010fe0       ??$jacobiEigenSolver@M@Imath@@YAXAAV?$Matrix33@M@0@AAV?$Vec3@M@0@0@Z 10011fe0 f i ImathMatrixAlgo.obj
 0001:00011010       ??$jacobiEigenSolver@M@Imath@@YAXAAV?$Matrix44@M@0@AAV?$Vec4@M@0@0@Z 10012010 f i ImathMatrixAlgo.obj
 0001:00011040       ??$jacobiEigenSolver@N@Imath@@YAXAAV?$Matrix33@N@0@AAV?$Vec3@N@0@0@Z 10012040 f i ImathMatrixAlgo.obj
 0001:00011070       ??$jacobiEigenSolver@N@Imath@@YAXAAV?$Matrix44@N@0@AAV?$Vec4@N@0@0@Z 10012070 f i ImathMatrixAlgo.obj
 0001:000110a0       ??$jacobiSVD@M@Imath@@YAXABV?$Matrix33@M@0@AAV10@AAV?$Vec3@M@0@1M_N@Z 100120a0 f i ImathMatrixAlgo.obj
 0001:00011100       ??$jacobiSVD@N@Imath@@YAXABV?$Matrix33@N@0@AAV10@AAV?$Vec3@N@0@1N_N@Z 10012100 f i ImathMatrixAlgo.obj
 0001:00011140       ??$jacobiSVD@M@Imath@@YAXABV?$Matrix44@M@0@AAV10@AAV?$Vec4@M@0@1M_N@Z 10012140 f i ImathMatrixAlgo.obj
 0001:00011180       ??$jacobiSVD@N@Imath@@YAXABV?$Matrix44@N@0@AAV10@AAV?$Vec4@N@0@1N_N@Z 10012180 f i ImathMatrixAlgo.obj
 0001:000111c0       ??$maxEigenVector@V?$Matrix33@M@Imath@@V?$Vec3@M@2@@Imath@@YAXAAV?$Matrix33@M@0@AAV?$Vec3@M@0@@Z 100121c0 f i ImathMatrixAlgo.obj
 0001:000112d0       ??$maxEigenVector@V?$Matrix44@M@Imath@@V?$Vec4@M@2@@Imath@@YAXAAV?$Matrix44@M@0@AAV?$Vec4@M@0@@Z 100122d0 f i ImathMatrixAlgo.obj
 0001:00011410       ??$maxEigenVector@V?$Matrix33@N@Imath@@V?$Vec3@N@2@@Imath@@YAXAAV?$Matrix33@N@0@AAV?$Vec3@N@0@@Z 10012410 f i ImathMatrixAlgo.obj
 0001:000114e0       ??$maxEigenVector@V?$Matrix44@N@Imath@@V?$Vec4@N@2@@Imath@@YAXAAV?$Matrix44@N@0@AAV?$Vec4@N@0@@Z 100124e0 f i ImathMatrixAlgo.obj
 0001:00011600       ??$minEigenVector@V?$Matrix33@M@Imath@@V?$Vec3@M@2@@Imath@@YAXAAV?$Matrix33@M@0@AAV?$Vec3@M@0@@Z 10012600 f i ImathMatrixAlgo.obj
 0001:00011710       ??$minEigenVector@V?$Matrix44@M@Imath@@V?$Vec4@M@2@@Imath@@YAXAAV?$Matrix44@M@0@AAV?$Vec4@M@0@@Z 10012710 f i ImathMatrixAlgo.obj
 0001:00011850       ??$minEigenVector@V?$Matrix33@N@Imath@@V?$Vec3@N@2@@Imath@@YAXAAV?$Matrix33@N@0@AAV?$Vec3@N@0@@Z 10012850 f i ImathMatrixAlgo.obj
 0001:00011920       ??$minEigenVector@V?$Matrix44@N@Imath@@V?$Vec4@N@2@@Imath@@YAXAAV?$Matrix44@N@0@AAV?$Vec4@N@0@@Z 10012920 f i ImathMatrixAlgo.obj
 0001:00011a40       ??$procrustesRotationAndTranslation@N@Imath@@YA?AV?$Matrix44@N@0@PBV?$Vec3@N@0@0PBNI_N@Z 10012a40 f i ImathMatrixAlgo.obj
 0001:000140c0       ??$procrustesRotationAndTranslation@M@Imath@@YA?AV?$Matrix44@N@0@PBV?$Vec3@M@0@0PBMI_N@Z 100150c0 f i ImathMatrixAlgo.obj
 0001:00016b80       ??$procrustesRotationAndTranslation@N@Imath@@YA?AV?$Matrix44@N@0@PBV?$Vec3@N@0@0I_N@Z 10017b80 f i ImathMatrixAlgo.obj
 0001:00016bb0       ??$procrustesRotationAndTranslation@M@Imath@@YA?AV?$Matrix44@N@0@PBV?$Vec3@M@0@0I_N@Z 10017bb0 f i ImathMatrixAlgo.obj
 0001:00016be0       ?next@Rand32@Imath@@AAEXXZ 10017be0 f i ImathRandom.obj
 0001:00016bf0       ?rand48Next@?A0xf39c232e@Imath@@YAXQAG@Z 10017bf0 f   ImathRandom.obj
 0001:00016c50       ?erand48@Imath@@YANQAG@Z   10017c50 f   ImathRandom.obj
 0001:00016d10       ?drand48@Imath@@YANXZ      10017d10 f   ImathRandom.obj
 0001:00016d20       ?nrand48@Imath@@YAJQAG@Z   10017d20 f   ImathRandom.obj
 0001:00016da0       ?lrand48@Imath@@YAJXZ      10017da0 f   ImathRandom.obj
 0001:00016e30       ?srand48@Imath@@YAXJ@Z     10017e30 f   ImathRandom.obj
 0001:00016e60       ?nextf@Rand32@Imath@@QAEMXZ 10017e60 f   ImathRandom.obj
 0001:00016ea0       ??0MathExc@Iex@@QAE@PBD@Z  10017ea0 f i ImathVec.obj
 0001:00016ec0       ??0NullVecExc@Imath@@QAE@PBD@Z 10017ec0 f i ImathVec.obj
 0001:00016ee0       ??1NullVecExc@Imath@@UAE@XZ 10017ee0 f i ImathVec.obj
 0001:00016ee0       ??1MathExc@Iex@@UAE@XZ     10017ee0 f i ImathVec.obj
 0001:00016ee0       ??1IntVecNormalizeExc@Imath@@UAE@XZ 10017ee0 f i ImathVec.obj
 0001:00016ef0       ??0IntVecNormalizeExc@Imath@@QAE@PBD@Z 10017ef0 f i ImathVec.obj
 0001:00016f10       ??0?$Vec2@F@Imath@@QAE@ABV01@@Z 10017f10 f i ImathVec.obj
 0001:00016f30       ?dot@?$Vec2@F@Imath@@QBEFABV12@@Z 10017f30 f i ImathVec.obj
 0001:00016f60       ??0?$Vec2@H@Imath@@QAE@ABV01@@Z 10017f60 f i ImathVec.obj
 0001:00016f80       ?dot@?$Vec2@H@Imath@@QBEHABV12@@Z 10017f80 f i ImathVec.obj
 0001:00016fa0       ??0?$Vec3@F@Imath@@QAE@ABV01@@Z 10017fa0 f i ImathVec.obj
 0001:00016fd0       ?dot@?$Vec3@F@Imath@@QBEFABV12@@Z 10017fd0 f i ImathVec.obj
 0001:00017010       ??0?$Vec3@H@Imath@@QAE@ABV01@@Z 10018010 f i ImathVec.obj
 0001:00017030       ?dot@?$Vec3@H@Imath@@QBEHABV12@@Z 10018030 f i ImathVec.obj
 0001:00017060       ??0?$Vec4@F@Imath@@QAE@ABV01@@Z 10018060 f i ImathVec.obj
 0001:00017090       ?dot@?$Vec4@F@Imath@@QBEFABV12@@Z 10018090 f i ImathVec.obj
 0001:000170d0       ??0?$Vec4@H@Imath@@QAE@ABV01@@Z 100180d0 f i ImathVec.obj
 0001:00017100       ?dot@?$Vec4@H@Imath@@QBEHABV12@@Z 10018100 f i ImathVec.obj
 0001:00017130       ??A?$Vec3@F@Imath@@QAEAAFH@Z 10018130 f i ImathVec.obj
 0001:00017130       ??A?$Vec2@F@Imath@@QAEAAFH@Z 10018130 f i ImathVec.obj
 0001:00017130       ??A?$Vec4@F@Imath@@QAEAAFH@Z 10018130 f i ImathVec.obj
 0001:00017140       ??A?$Vec4@H@Imath@@QAEAAHH@Z 10018140 f i ImathVec.obj
 0001:00017140       ??A?$Vec4@M@Imath@@QAEAAMH@Z 10018140 f i ImathMatrixAlgo.obj
 0001:00017140       ??A?$Vec4@M@Imath@@QBEABMH@Z 10018140 f i ImathMatrixAlgo.obj
 0001:00017140       ??A?$Vec3@H@Imath@@QAEAAHH@Z 10018140 f i ImathVec.obj
 0001:00017140       ??A?$Vec2@H@Imath@@QAEAAHH@Z 10018140 f i ImathVec.obj
 0001:00017140       ??A?$Vec3@M@Imath@@QAEAAMH@Z 10018140 f i ImathMatrixAlgo.obj
 0001:00017150       ??_ENullVecExc@Imath@@UAEPAXI@Z 10018150 f i ImathVec.obj
 0001:00017150       ??_GNullVecExc@Imath@@UAEPAXI@Z 10018150 f i ImathVec.obj
 0001:00017150       ??_GIntVecNormalizeExc@Imath@@UAEPAXI@Z 10018150 f i ImathVec.obj
 0001:00017150       ??_GMathExc@Iex@@UAEPAXI@Z 10018150 f i ImathVec.obj
 0001:00017150       ??_EIntVecNormalizeExc@Imath@@UAEPAXI@Z 10018150 f i ImathVec.obj
 0001:00017150       ??_EMathExc@Iex@@UAEPAXI@Z 10018150 f i ImathVec.obj
 0001:00017180       ?length@?$Vec2@F@Imath@@QBEFXZ 10018180 f   ImathVec.obj
 0001:000171c0       ?length@?$Vec2@H@Imath@@QBEHXZ 100181c0 f   ImathVec.obj
 0001:000171f0       ?length@?$Vec3@F@Imath@@QBEFXZ 100181f0 f   ImathVec.obj
 0001:00017230       ?length@?$Vec3@H@Imath@@QBEHXZ 10018230 f   ImathVec.obj
 0001:00017270       ?length@?$Vec4@F@Imath@@QBEFXZ 10018270 f   ImathVec.obj
 0001:000172c0       ?length@?$Vec4@H@Imath@@QBEHXZ 100182c0 f   ImathVec.obj
 0001:00017310       ??$normalizeOrThrow@F@?A0x1c54a369@Imath@@YA_NAAV?$Vec2@F@1@@Z 10018310 f i ImathVec.obj
 0001:00017380       ??0bad_alloc@std@@QAE@PBD@Z 10018380 f i ImathVec.obj
 0001:000173a0       ??1bad_alloc@std@@UAE@XZ   100183a0 f i ImathVec.obj
 0001:000173b0       ??_Ebad_alloc@std@@UAEPAXI@Z 100183b0 f i ImathVec.obj
 0001:000173b0       ??_Gbad_alloc@std@@UAEPAXI@Z 100183b0 f i ImathVec.obj
 0001:000173e0       ?copy@?$char_traits@D@std@@SAPADPADPBDI@Z 100183e0 f i ImathVec.obj
 0001:000173f0       ?move@?$char_traits@D@std@@SAPADPADPBDI@Z 100183f0 f i ImathVec.obj
 0001:00017400       ?assign@?$char_traits@D@std@@SAXAADABD@Z 10018400 f i ImathVec.obj
 0001:00017410       ??0MathExc@Iex@@QAE@ABV01@@Z 10018410 f i ImathVec.obj
 0001:00017430       ??0?$allocator@D@std@@QAE@ABV01@@Z 10018430 f i ImathVec.obj
 0001:00017430       ??0?$_String_val@DV?$allocator@D@std@@@std@@QAE@V?$allocator@D@1@@Z 10018430 f i ImathVec.obj
 0001:00017440       ?size@?$basic_string@DU?$char_traits@D@std@@V?$allocator@D@2@@std@@QBEIXZ 10018440 f i ImathVec.obj
 0001:00017450       ??1?$_String_val@DV?$allocator@D@std@@@std@@QAE@XZ 10018450 f i ImathVec.obj
 0001:00017460       ?deallocate@?$allocator@D@std@@QAEXPADI@Z 10018460 f i ImathVec.obj
 0001:00017480       ?_Myptr@?$basic_string@DU?$char_traits@D@std@@V?$allocator@D@2@@std@@QAEPADXZ 10018480 f i ImathVec.obj
 0001:00017480       ?_Myptr@?$basic_string@DU?$char_traits@D@std@@V?$allocator@D@2@@std@@QBEPBDXZ 10018480 f i ImathVec.obj
 0001:00017490       ?_Xlen@?$basic_string@DU?$char_traits@D@std@@V?$allocator@D@2@@std@@QBEXXZ 10018490 f i ImathVec.obj
 0001:000174a0       ?_Xran@?$basic_string@DU?$char_traits@D@std@@V?$allocator@D@2@@std@@QBEXXZ 100184a0 f i ImathVec.obj
 0001:000174b0       ?max_size@?$allocator@D@std@@QBEIXZ 100184b0 f i ImathVec.obj
 0001:000174c0       ??$_Allocate@D@std@@YAPADIPAD@Z 100184c0 f i ImathVec.obj
 0001:00017510       ??0IntVecNormalizeExc@Imath@@QAE@ABV01@@Z 10018510 f i ImathVec.obj
 0001:00017530       ??0bad_alloc@std@@QAE@ABV01@@Z 10018530 f i ImathVec.obj
 0001:00017550       ??0?$_String_val@DV?$allocator@D@std@@@std@@QAE@ABV01@@Z 10018550 f i ImathVec.obj
 0001:00017580       ?allocate@?$allocator@D@std@@QAEPADI@Z 10018580 f i ImathVec.obj
 0001:000175d0       ?_Eos@?$basic_string@DU?$char_traits@D@std@@V?$allocator@D@2@@std@@QAEXI@Z 100185d0 f i ImathVec.obj
 0001:000175f0       ?max_size@?$basic_string@DU?$char_traits@D@std@@V?$allocator@D@2@@std@@QBEIXZ 100185f0 f i ImathVec.obj
 0001:00017600       ??$normalizeOrThrow@H@?A0x1c54a369@Imath@@YA_NAAV?$Vec2@H@1@@Z 10018600 f i ImathVec.obj
 0001:00017670       ??$normalizeOrThrow@F@?A0x1c54a369@Imath@@YA_NAAV?$Vec3@F@1@@Z 10018670 f i ImathVec.obj
 0001:000176e0       ??$normalizeOrThrow@H@?A0x1c54a369@Imath@@YA_NAAV?$Vec3@H@1@@Z 100186e0 f i ImathVec.obj
 0001:00017750       ??$normalizeOrThrow@F@?A0x1c54a369@Imath@@YA_NAAV?$Vec4@F@1@@Z 10018750 f i ImathVec.obj
 0001:000177c0       ??$normalizeOrThrow@H@?A0x1c54a369@Imath@@YA_NAAV?$Vec4@H@1@@Z 100187c0 f i ImathVec.obj
 0001:00017830       ?normalizeExc@?$Vec2@F@Imath@@QAEABV12@XZ 10018830 f   ImathVec.obj
 0001:000178d0       ??0NullVecExc@Imath@@QAE@ABV01@@Z 100188d0 f i ImathVec.obj
 0001:000178f0       ?normalizeNonNull@?$Vec2@F@Imath@@QAEABV12@XZ 100188f0 f   ImathVec.obj
 0001:000178f0       ?normalize@?$Vec2@F@Imath@@QAEABV12@XZ 100188f0 f   ImathVec.obj
 0001:00017960       ?normalizedNonNull@?$Vec2@F@Imath@@QBE?AV12@XZ 10018960 f   ImathVec.obj
 0001:00017960       ?normalized@?$Vec2@F@Imath@@QBE?AV12@XZ 10018960 f   ImathVec.obj
 0001:000179e0       ?normalizedExc@?$Vec2@F@Imath@@QBE?AV12@XZ 100189e0 f   ImathVec.obj
 0001:00017a90       ?normalizeNonNull@?$Vec2@H@Imath@@QAEABV12@XZ 10018a90 f   ImathVec.obj
 0001:00017a90       ?normalize@?$Vec2@H@Imath@@QAEABV12@XZ 10018a90 f   ImathVec.obj
 0001:00017b00       ?normalizeExc@?$Vec2@H@Imath@@QAEABV12@XZ 10018b00 f   ImathVec.obj
 0001:00017ba0       ?normalizedNonNull@?$Vec2@H@Imath@@QBE?AV12@XZ 10018ba0 f   ImathVec.obj
 0001:00017ba0       ?normalized@?$Vec2@H@Imath@@QBE?AV12@XZ 10018ba0 f   ImathVec.obj
 0001:00017c20       ?normalizedExc@?$Vec2@H@Imath@@QBE?AV12@XZ 10018c20 f   ImathVec.obj
 0001:00017cd0       ?normalize@?$Vec3@F@Imath@@QAEABV12@XZ 10018cd0 f   ImathVec.obj
 0001:00017cd0       ?normalizeNonNull@?$Vec3@F@Imath@@QAEABV12@XZ 10018cd0 f   ImathVec.obj
 0001:00017d40       ?normalizeExc@?$Vec3@F@Imath@@QAEABV12@XZ 10018d40 f   ImathVec.obj
 0001:00017df0       ?normalizedNonNull@?$Vec3@F@Imath@@QBE?AV12@XZ 10018df0 f   ImathVec.obj
 0001:00017df0       ?normalized@?$Vec3@F@Imath@@QBE?AV12@XZ 10018df0 f   ImathVec.obj
 0001:00017e80       ?normalizedExc@?$Vec3@F@Imath@@QBE?AV12@XZ 10018e80 f   ImathVec.obj
 0001:00017f40       ?normalize@?$Vec3@H@Imath@@QAEABV12@XZ 10018f40 f   ImathVec.obj
 0001:00017f40       ?normalizeNonNull@?$Vec3@H@Imath@@QAEABV12@XZ 10018f40 f   ImathVec.obj
 0001:00017fb0       ?normalizeExc@?$Vec3@H@Imath@@QAEABV12@XZ 10018fb0 f   ImathVec.obj
 0001:00018060       ?normalizedNonNull@?$Vec3@H@Imath@@QBE?AV12@XZ 10019060 f   ImathVec.obj
 0001:00018060       ?normalized@?$Vec3@H@Imath@@QBE?AV12@XZ 10019060 f   ImathVec.obj
 0001:000180e0       ?normalizedExc@?$Vec3@H@Imath@@QBE?AV12@XZ 100190e0 f   ImathVec.obj
 0001:00018190       ?normalizeExc@?$Vec4@F@Imath@@QAEABV12@XZ 10019190 f   ImathVec.obj
 0001:00018240       ?normalizeNonNull@?$Vec4@F@Imath@@QAEABV12@XZ 10019240 f   ImathVec.obj
 0001:00018240       ?normalize@?$Vec4@F@Imath@@QAEABV12@XZ 10019240 f   ImathVec.obj
 0001:000182b0       ?normalizedNonNull@?$Vec4@F@Imath@@QBE?AV12@XZ 100192b0 f   ImathVec.obj
 0001:000182b0       ?normalized@?$Vec4@F@Imath@@QBE?AV12@XZ 100192b0 f   ImathVec.obj
 0001:00018340       ?normalizedExc@?$Vec4@F@Imath@@QBE?AV12@XZ 10019340 f   ImathVec.obj
 0001:00018410       ?normalizeExc@?$Vec4@H@Imath@@QAEABV12@XZ 10019410 f   ImathVec.obj
 0001:000184c0       ?normalize@?$Vec4@H@Imath@@QAEABV12@XZ 100194c0 f   ImathVec.obj
 0001:000184c0       ?normalizeNonNull@?$Vec4@H@Imath@@QAEABV12@XZ 100194c0 f   ImathVec.obj
 0001:00018530       ?normalizedExc@?$Vec4@H@Imath@@QBE?AV12@XZ 10019530 f   ImathVec.obj
 0001:000185f0       ?normalized@?$Vec4@H@Imath@@QBE?AV12@XZ 100195f0 f   ImathVec.obj
 0001:000185f0       ?normalizedNonNull@?$Vec4@H@Imath@@QBE?AV12@XZ 100195f0 f   ImathVec.obj
 0001:00018680       ?_Tidy@?$basic_string@DU?$char_traits@D@std@@V?$allocator@D@2@@std@@QAEX_NI@Z 10019680 f i ImathVec.obj
 0001:000186d0       ?erase@?$basic_string@DU?$char_traits@D@std@@V?$allocator@D@2@@std@@QAEAAV12@II@Z 100196d0 f i ImathVec.obj
 0001:00018760       ?_Copy@?$basic_string@DU?$char_traits@D@std@@V?$allocator@D@2@@std@@QAEXII@Z 10019760 f i ImathVec.obj
 0001:000188d0       ?_Grow@?$basic_string@DU?$char_traits@D@std@@V?$allocator@D@2@@std@@QAE_NI_N@Z 100198d0 f i ImathVec.obj
 0001:00018980       ?assign@?$basic_string@DU?$char_traits@D@std@@V?$allocator@D@2@@std@@QAEAAV12@ABV12@II@Z 10019980 f i ImathVec.obj
 0001:00018a70       ??0?$basic_string@DU?$char_traits@D@std@@V?$allocator@D@2@@std@@QAE@ABV01@@Z 10019a70 f i ImathVec.obj
 0001:00018a9c       ??0BaseExc@Iex@@QAE@PBD@Z  10019a9c f   Iex:Iex.dll
 0001:00018aa2       ?what@BaseExc@Iex@@UBEPBDXZ 10019aa2 f   Iex:Iex.dll
 0001:00018aa8       ??1BaseExc@Iex@@UAE@XZ     10019aa8 f   Iex:Iex.dll
 0001:00018aae       ??0BaseExc@Iex@@QAE@ABV01@@Z 10019aae f   Iex:Iex.dll
 0001:00018ab4       ?_Xlength_error@std@@YAXPBD@Z 10019ab4 f   msvcprt:MSVCP100.dll
 0001:00018aba       ?_Xout_of_range@std@@YAXPBD@Z 10019aba f   msvcprt:MSVCP100.dll
 0001:00018ac0       _floor                     10019ac0 f   MSVCRT:MSVCR100.dll
 0001:00018ac6       __CIsqrt                   10019ac6 f   MSVCRT:MSVCR100.dll
 0001:00018acc       _memset                    10019acc f   MSVCRT:MSVCR100.dll
 0001:00018ad2       @__security_check_cookie@4 10019ad2 f   MSVCRT:secchk.obj
 0001:00018af0       __allmul                   10019af0 f   MSVCRT:llmul.obj
 0001:00018b24       ??0type_info@@AAE@ABV0@@Z  10019b24 f   MSVCRT:ti_inst.obj
 0001:00018b2f       ??_Etype_info@@UAEPAXI@Z   10019b2f f i MSVCRT:ti_inst.obj
 0001:00018b7b       ??4type_info@@AAEAAV0@ABV0@@Z 10019b7b f   MSVCRT:ti_inst.obj
 0001:00018b80       ??3@YAXPAX@Z               10019b80 f   MSVCRT:MSVCR100.dll
 0001:00018b86       __CxxThrowException@8      10019b86 f   MSVCRT:MSVCR100.dll
 0001:00018b8c       ??0exception@std@@QAE@ABV01@@Z 10019b8c f   MSVCRT:MSVCR100.dll
 0001:00018b92       ??0exception@std@@QAE@ABQBD@Z 10019b92 f   MSVCRT:MSVCR100.dll
 0001:00018b98       ?what@exception@std@@UBEPBDXZ 10019b98 f   MSVCRT:MSVCR100.dll
 0001:00018b9e       ??1exception@std@@UAE@XZ   10019b9e f   MSVCRT:MSVCR100.dll
 0001:00018ba4       _memcpy                    10019ba4 f   MSVCRT:MSVCR100.dll
 0001:00018baa       _memmove                   10019baa f   MSVCRT:MSVCR100.dll
 0001:00018bb0       ??2@YAPAXI@Z               10019bb0 f   MSVCRT:MSVCR100.dll
 0001:00018bb6       ___CxxFrameHandler3        10019bb6 f   MSVCRT:MSVCR100.dll
 0001:00018bbc       _NtCurrentTeb              10019bbc f i MSVCRT:crtdll.obj
 0001:00018c11       __CRT_INIT@12              10019c11 f   MSVCRT:crtdll.obj
 0001:00018f31       __DllMainCRTStartup@12     10019f31 f   MSVCRT:crtdll.obj
 0001:00018f54       ___report_gsfailure        10019f54 f   MSVCRT:gs_report.obj
 0001:0001906c       ?__ArrayUnwind@@YGXPAXIHP6EX0@Z@Z 1001a06c f   MSVCRT:ehvecdtr.obj
 0001:000190ca       ??_M@YGXPAXIHP6EX0@Z@Z     1001a0ca f   MSVCRT:ehvecdtr.obj
 0001:0001912d       ___clean_type_info_names   1001a12d f   MSVCRT:tncleanup.obj
 0001:00019139       __onexit                   1001a139 f   MSVCRT:atonexit.obj
 0001:000191da       _atexit                    1001a1da f   MSVCRT:atonexit.obj
 0001:000191f1       __RTC_Initialize           1001a1f1 f   MSVCRT:_initsect_.obj
 0001:00019217       __RTC_Terminate            1001a217 f   MSVCRT:_initsect_.obj
 0001:0001923e       __malloc_crt               1001a23e f   MSVCRT:MSVCR100.dll
 0001:00019244       _free                      1001a244 f   MSVCRT:MSVCR100.dll
 0001:0001924a       __encoded_null             1001a24a f   MSVCRT:MSVCR100.dll
 0001:00019250       __ValidateImageBase        1001a250 f   MSVCRT:pesect.obj
 0001:00019290       __FindPESection            1001a290 f   MSVCRT:pesect.obj
 0001:000192e0       __IsNonwritableInCurrentImage 1001a2e0 f   MSVCRT:pesect.obj
 0001:0001939c       __initterm                 1001a39c f   MSVCRT:MSVCR100.dll
 0001:000193a2       __initterm_e               1001a3a2 f   MSVCRT:MSVCR100.dll
 0001:000193a8       __amsg_exit                1001a3a8 f   MSVCRT:MSVCR100.dll
 0001:000193ae       ___CppXcptFilter           1001a3ae f   MSVCRT:MSVCR100.dll
 0001:000193b4       _DllMain@12                1001a3b4 f   MSVCRT:dllmain.obj
 0001:000193e0       __SEH_prolog4              1001a3e0 f   MSVCRT:sehprolg4.obj
 0001:00019425       __SEH_epilog4              1001a425 f   MSVCRT:sehprolg4.obj
 0001:00019439       __except_handler4          1001a439 f   MSVCRT:chandler4gs.obj
 0001:0001945e       ___security_init_cookie    1001a45e f   MSVCRT:gs_support.obj
 0001:000194fa       __crt_debugger_hook        1001a4fa f   MSVCRT:MSVCR100.dll
 0001:00019500       ?terminate@@YAXXZ          1001a500 f   MSVCRT:MSVCR100.dll
 0001:00019506       ??1type_info@@UAE@XZ       1001a506 f   MSVCRT:MSVCR100.dll
 0001:00019506       ?_type_info_dtor_internal_method@type_info@@QAEXXZ 1001a506 f   MSVCRT:MSVCR100.dll
 0001:0001950c       ___clean_type_info_names_internal 1001a50c f   MSVCRT:MSVCR100.dll
 0001:00019512       __unlock                   1001a512 f   MSVCRT:MSVCR100.dll
 0001:00019518       ___dllonexit               1001a518 f   MSVCRT:MSVCR100.dll
 0001:0001951e       __lock                     1001a51e f   MSVCRT:MSVCR100.dll
 0001:00019524       __except_handler4_common   1001a524 f   MSVCRT:MSVCR100.dll
 0001:0001952a       _EncodePointer@4           1001a52a f   kernel32:KERNEL32.dll
 0001:00019530       _DecodePointer@4           1001a530 f   kernel32:KERNEL32.dll
 0001:00019536       _InterlockedExchange@8     1001a536 f   kernel32:KERNEL32.dll
 0001:0001953c       _Sleep@4                   1001a53c f   kernel32:KERNEL32.dll
 0001:00019542       _InterlockedCompareExchange@12 1001a542 f   kernel32:KERNEL32.dll
 0001:00019548       _TerminateProcess@8        1001a548 f   kernel32:KERNEL32.dll
 0001:0001954e       _GetCurrentProcess@0       1001a54e f   kernel32:KERNEL32.dll
 0001:00019554       _UnhandledExceptionFilter@4 1001a554 f   kernel32:KERNEL32.dll
 0001:0001955a       _SetUnhandledExceptionFilter@4 1001a55a f   kernel32:KERNEL32.dll
 0001:00019560       _IsDebuggerPresent@0       1001a560 f   kernel32:KERNEL32.dll
 0001:00019566       _DisableThreadLibraryCalls@4 1001a566 f   kernel32:KERNEL32.dll
 0001:0001956c       _QueryPerformanceCounter@4 1001a56c f   kernel32:KERNEL32.dll
 0001:00019572       _GetTickCount@0            1001a572 f   kernel32:KERNEL32.dll
 0001:00019578       _GetCurrentThreadId@0      1001a578 f   kernel32:KERNEL32.dll
 0001:0001957e       _GetCurrentProcessId@0     1001a57e f   kernel32:KERNEL32.dll
 0001:00019584       _GetSystemTimeAsFileTime@4 1001a584 f   kernel32:KERNEL32.dll
 0002:00000000       __imp_?what@BaseExc@Iex@@UBEPBDXZ 1001b000     Iex:Iex.dll
 0002:00000004       __imp_??1BaseExc@Iex@@UAE@XZ 1001b004     Iex:Iex.dll
 0002:00000008       __imp_??0BaseExc@Iex@@QAE@ABV01@@Z 1001b008     Iex:Iex.dll
 0002:0000000c       __imp_??0BaseExc@Iex@@QAE@PBD@Z 1001b00c     Iex:Iex.dll
 0002:00000010       \177Iex_NULL_THUNK_DATA    1001b010     Iex:Iex.dll
 0002:00000014       __imp__GetSystemTimeAsFileTime@4 1001b014     kernel32:KERNEL32.dll
 0002:00000018       __imp__GetCurrentProcessId@0 1001b018     kernel32:KERNEL32.dll
 0002:0000001c       __imp__GetCurrentThreadId@0 1001b01c     kernel32:KERNEL32.dll
 0002:00000020       __imp__GetTickCount@0      1001b020     kernel32:KERNEL32.dll
 0002:00000024       __imp__QueryPerformanceCounter@4 1001b024     kernel32:KERNEL32.dll
 0002:00000028       __imp__DisableThreadLibraryCalls@4 1001b028     kernel32:KERNEL32.dll
 0002:0000002c       __imp__IsDebuggerPresent@0 1001b02c     kernel32:KERNEL32.dll
 0002:00000030       __imp__SetUnhandledExceptionFilter@4 1001b030     kernel32:KERNEL32.dll
 0002:00000034       __imp__UnhandledExceptionFilter@4 1001b034     kernel32:KERNEL32.dll
 0002:00000038       __imp__GetCurrentProcess@0 1001b038     kernel32:KERNEL32.dll
 0002:0000003c       __imp__TerminateProcess@8  1001b03c     kernel32:KERNEL32.dll
 0002:00000040       __imp__InterlockedCompareExchange@12 1001b040     kernel32:KERNEL32.dll
 0002:00000044       __imp__Sleep@4             1001b044     kernel32:KERNEL32.dll
 0002:00000048       __imp__InterlockedExchange@8 1001b048     kernel32:KERNEL32.dll
 0002:0000004c       __imp__DecodePointer@4     1001b04c     kernel32:KERNEL32.dll
 0002:00000050       __imp__EncodePointer@4     1001b050     kernel32:KERNEL32.dll
 0002:00000054       \177KERNEL32_NULL_THUNK_DATA 1001b054     kernel32:KERNEL32.dll
 0002:00000058       __imp_?_Xlength_error@std@@YAXPBD@Z 1001b058     msvcprt:MSVCP100.dll
 0002:0000005c       __imp_?_Xout_of_range@std@@YAXPBD@Z 1001b05c     msvcprt:MSVCP100.dll
 0002:00000060       \177MSVCP100_NULL_THUNK_DATA 1001b060     msvcprt:MSVCP100.dll
 0002:00000064       __imp___initterm_e         1001b064     MSVCRT:MSVCR100.dll
 0002:00000068       __imp___amsg_exit          1001b068     MSVCRT:MSVCR100.dll
 0002:0000006c       __imp___malloc_crt         1001b06c     MSVCRT:MSVCR100.dll
 0002:00000070       __imp___crt_debugger_hook  1001b070     MSVCRT:MSVCR100.dll
 0002:00000074       __imp_?terminate@@YAXXZ    1001b074     MSVCRT:MSVCR100.dll
 0002:00000078       __imp_?_type_info_dtor_internal_method@type_info@@QAEXXZ 1001b078     MSVCRT:MSVCR100.dll
 0002:0000007c       __imp____clean_type_info_names_internal 1001b07c     MSVCRT:MSVCR100.dll
 0002:00000080       __imp___unlock             1001b080     MSVCRT:MSVCR100.dll
 0002:00000084       __imp____dllonexit         1001b084     MSVCRT:MSVCR100.dll
 0002:00000088       __imp___lock               1001b088     MSVCRT:MSVCR100.dll
 0002:0000008c       __imp___onexit             1001b08c     MSVCRT:MSVCR100.dll
 0002:00000090       __imp___initterm           1001b090     MSVCRT:MSVCR100.dll
 0002:00000094       __imp____CxxFrameHandler3  1001b094     MSVCRT:MSVCR100.dll
 0002:00000098       __imp_??2@YAPAXI@Z         1001b098     MSVCRT:MSVCR100.dll
 0002:0000009c       __imp__memmove             1001b09c     MSVCRT:MSVCR100.dll
 0002:000000a0       __imp__memcpy              1001b0a0     MSVCRT:MSVCR100.dll
 0002:000000a4       __imp_??1exception@std@@UAE@XZ 1001b0a4     MSVCRT:MSVCR100.dll
 0002:000000a8       __imp_?what@exception@std@@UBEPBDXZ 1001b0a8     MSVCRT:MSVCR100.dll
 0002:000000ac       __imp_??0exception@std@@QAE@ABQBD@Z 1001b0ac     MSVCRT:MSVCR100.dll
 0002:000000b0       __imp_??0exception@std@@QAE@ABV01@@Z 1001b0b0     MSVCRT:MSVCR100.dll
 0002:000000b4       __imp___CxxThrowException@8 1001b0b4     MSVCRT:MSVCR100.dll
 0002:000000b8       __imp_??3@YAXPAX@Z         1001b0b8     MSVCRT:MSVCR100.dll
 0002:000000bc       __imp__memset              1001b0bc     MSVCRT:MSVCR100.dll
 0002:000000c0       __imp___CIsqrt             1001b0c0     MSVCRT:MSVCR100.dll
 0002:000000c4       __imp__floor               1001b0c4     MSVCRT:MSVCR100.dll
 0002:000000c8       __imp___encoded_null       1001b0c8     MSVCRT:MSVCR100.dll
 0002:000000cc       __imp___except_handler4_common 1001b0cc     MSVCRT:MSVCR100.dll
 0002:000000d0       __imp__free                1001b0d0     MSVCRT:MSVCR100.dll
 0002:000000d4       __imp____CppXcptFilter     1001b0d4     MSVCRT:MSVCR100.dll
 0002:000000d8       \177MSVCR100_NULL_THUNK_DATA 1001b0d8     MSVCRT:MSVCR100.dll
 0002:000000dc       ___xc_a                    1001b0dc     MSVCRT:cinitexe.obj
 0002:000000e0       ___xc_z                    1001b0e0     MSVCRT:cinitexe.obj
 0002:000000e4       ___xi_a                    1001b0e4     MSVCRT:cinitexe.obj
 0002:000000ec       ___xi_z                    1001b0ec     MSVCRT:cinitexe.obj
 0002:0000010c       ?value@?$integral_constant@_N$0A@@tr1@std@@2_NB 1001b10c     ImathBox.obj
 0002:0000010d       ?value@?$integral_constant@_N$00@tr1@std@@2_NB 1001b10d     ImathBox.obj
 0002:00000110       ?goodbit@?$_Iosb@H@std@@2W4_Iostate@12@B 1001b110     ImathBox.obj
 0002:00000110       ?none@?$_Locbase@H@std@@2HB 1001b110     ImathBox.obj
 0002:00000110       ?beg@?$_Iosb@H@std@@2W4_Seekdir@12@B 1001b110     ImathBox.obj
 0002:00000110       ?value@?$integral_constant@I$0A@@tr1@std@@2IB 1001b110     ImathBox.obj
 0002:00000110       __real@00000000            1001b110     ImathMatrixAlgo.obj
 0002:00000110       ?ProcessDetach@NativeDll@<CrtImplementationDetails>@@0IB 1001b110     MSVCRT:tncleanup.obj
 0002:00000114       ?ThreadDetach@NativeDll@<CrtImplementationDetails>@@0IB 1001b114     MSVCRT:tncleanup.obj
 0002:00000114       ?_Rank@?$_Arithmetic_traits@G@std@@2HB 1001b114     ImathBox.obj
 0002:00000114       ?_Rank@?$_Arithmetic_traits@F@std@@2HB 1001b114     ImathBox.obj
 0002:00000118       ?_Rank@?$_Arithmetic_traits@J@std@@2HB 1001b118     ImathBox.obj
 0002:00000118       ?_Rank@?$_Arithmetic_traits@K@std@@2HB 1001b118     ImathBox.obj
 0002:0000011c       ?_Rank@?$_Arithmetic_traits@_K@std@@2HB 1001b11c     ImathBox.obj
 0002:0000011c       ?_Rank@?$_Arithmetic_traits@_J@std@@2HB 1001b11c     ImathBox.obj
 0002:00000120       ?_Rank@?$_Arithmetic_traits@M@std@@2HB 1001b120     ImathBox.obj
 0002:00000124       ?_Rank@?$_Arithmetic_traits@O@std@@2HB 1001b124     ImathBox.obj
 0002:00000128       ?trunc@?$_Iosb@H@std@@2W4_Openmode@12@B 1001b128     ImathBox.obj
 0002:00000128       ?_Hardfail@?$_Iosb@H@std@@2W4_Iostate@12@B 1001b128     ImathBox.obj
 0002:00000128       ?time@?$_Locbase@H@std@@2HB 1001b128     ImathBox.obj
 0002:00000128       ?showpoint@?$_Iosb@H@std@@2W4_Fmtflags@12@B 1001b128     ImathBox.obj
 0002:0000012c       ?all@?$_Locbase@H@std@@2HB 1001b12c     ImathBox.obj
 0002:00000130       ?_Nocreate@?$_Iosb@H@std@@2W4_Openmode@12@B 1001b130     ImathBox.obj
 0002:00000130       ?left@?$_Iosb@H@std@@2W4_Fmtflags@12@B 1001b130     ImathBox.obj
 0002:00000134       ?internal@?$_Iosb@H@std@@2W4_Fmtflags@12@B 1001b134     ImathBox.obj
 0002:00000138       ?dec@?$_Iosb@H@std@@2W4_Fmtflags@12@B 1001b138     ImathBox.obj
 0002:0000013c       ?oct@?$_Iosb@H@std@@2W4_Fmtflags@12@B 1001b13c     ImathBox.obj
 0002:00000140       ?hex@?$_Iosb@H@std@@2W4_Fmtflags@12@B 1001b140     ImathBox.obj
 0002:00000144       ?scientific@?$_Iosb@H@std@@2W4_Fmtflags@12@B 1001b144     ImathBox.obj
 0002:00000148       ?fixed@?$_Iosb@H@std@@2W4_Fmtflags@12@B 1001b148     ImathBox.obj
 0002:0000014c       ?boolalpha@?$_Iosb@H@std@@2W4_Fmtflags@12@B 1001b14c     ImathBox.obj
 0002:00000150       ?_Stdio@?$_Iosb@H@std@@2W4_Fmtflags@12@B 1001b150     ImathBox.obj
 0002:00000154       ?adjustfield@?$_Iosb@H@std@@2W4_Fmtflags@12@B 1001b154     ImathBox.obj
 0002:00000158       ?basefield@?$_Iosb@H@std@@2W4_Fmtflags@12@B 1001b158     ImathBox.obj
 0002:0000015c       ?hexfloat@?$_Iosb@H@std@@2W4_Fmtflags@12@B 1001b15c     ImathBox.obj
 0002:0000015c       ?floatfield@?$_Iosb@H@std@@2W4_Fmtflags@12@B 1001b15c     ImathBox.obj
 0002:00000160       ?failbit@?$_Iosb@H@std@@2W4_Iostate@12@B 1001b160     ImathBox.obj
 0002:00000160       ?ThreadAttach@NativeDll@<CrtImplementationDetails>@@0IB 1001b160     MSVCRT:tncleanup.obj
 0002:00000160       ?out@?$_Iosb@H@std@@2W4_Openmode@12@B 1001b160     ImathBox.obj
 0002:00000160       ?ctype@?$_Locbase@H@std@@2HB 1001b160     ImathBox.obj
 0002:00000160       ?_Rank@?$_Arithmetic_traits@D@std@@2HB 1001b160     ImathBox.obj
 0002:00000160       ?unitbuf@?$_Iosb@H@std@@2W4_Fmtflags@12@B 1001b160     ImathBox.obj
 0002:00000160       ?end@?$_Iosb@H@std@@2W4_Seekdir@12@B 1001b160     ImathBox.obj
 0002:00000160       ?_Rank@?$_Arithmetic_traits@E@std@@2HB 1001b160     ImathBox.obj
 0002:00000160       ?_Rank@?$_Arithmetic_traits@C@std@@2HB 1001b160     ImathBox.obj
 0002:00000164       ?badbit@?$_Iosb@H@std@@2W4_Iostate@12@B 1001b164     ImathBox.obj
 0002:00000164       ?monetary@?$_Locbase@H@std@@2HB 1001b164     ImathBox.obj
 0002:00000164       ?uppercase@?$_Iosb@H@std@@2W4_Fmtflags@12@B 1001b164     ImathBox.obj
 0002:00000164       ?_Rank@?$_Arithmetic_traits@I@std@@2HB 1001b164     ImathBox.obj
 0002:00000164       ?ate@?$_Iosb@H@std@@2W4_Openmode@12@B 1001b164     ImathBox.obj
 0002:00000164       ?ProcessVerifier@NativeDll@<CrtImplementationDetails>@@0IB 1001b164     MSVCRT:tncleanup.obj
 0002:00000164       ?_Rank@?$_Arithmetic_traits@H@std@@2HB 1001b164     ImathBox.obj
 0002:00000168       ?in@?$_Iosb@H@std@@2W4_Openmode@12@B 1001b168     ImathBox.obj
 0002:00000168       ?skipws@?$_Iosb@H@std@@2W4_Fmtflags@12@B 1001b168     ImathBox.obj
 0002:00000168       ?_Rank@?$_Arithmetic_traits@_N@std@@2HB 1001b168     ImathBox.obj
 0002:00000168       ?cur@?$_Iosb@H@std@@2W4_Seekdir@12@B 1001b168     ImathBox.obj
 0002:00000168       ?ProcessAttach@NativeDll@<CrtImplementationDetails>@@0IB 1001b168     MSVCRT:tncleanup.obj
 0002:00000168       ?collate@?$_Locbase@H@std@@2HB 1001b168     ImathBox.obj
 0002:00000168       ?eofbit@?$_Iosb@H@std@@2W4_Iostate@12@B 1001b168     ImathBox.obj
 0002:0000016c       ?showbase@?$_Iosb@H@std@@2W4_Fmtflags@12@B 1001b16c     ImathBox.obj
 0002:0000016c       ?_Rank@?$_Arithmetic_traits@N@std@@2HB 1001b16c     ImathBox.obj
 0002:0000016c       ?app@?$_Iosb@H@std@@2W4_Openmode@12@B 1001b16c     ImathBox.obj
 0002:0000016c       ?numeric@?$_Locbase@H@std@@2HB 1001b16c     ImathBox.obj
 0002:00000170       ?_Noreplace@?$_Iosb@H@std@@2W4_Openmode@12@B 1001b170     ImathBox.obj
 0002:00000170       ?right@?$_Iosb@H@std@@2W4_Fmtflags@12@B 1001b170     ImathBox.obj
 0002:00000174       ?messages@?$_Locbase@H@std@@2HB 1001b174     ImathBox.obj
 0002:00000174       ?binary@?$_Iosb@H@std@@2W4_Openmode@12@B 1001b174     ImathBox.obj
 0002:00000174       ?showpos@?$_Iosb@H@std@@2W4_Fmtflags@12@B 1001b174     ImathBox.obj
 0002:00000178       __real@4330000000000000    1001b178     ImathColorAlgo.obj
 0002:00000180       __real@8000000000000000    1001b180     ImathColorAlgo.obj
 0002:00000188       __real@4018000000000000    1001b188     ImathColorAlgo.obj
 0002:00000190       __real@3ff0000000000000    1001b190     ImathColorAlgo.obj
 0002:00000198       __real@4010000000000000    1001b198     ImathColorAlgo.obj
 0002:000001a0       __real@4000000000000000    1001b1a0     ImathColorAlgo.obj
 0002:000001a8       __real@34000000            1001b1a8     ImathMatrixAlgo.obj
 0002:000001b0       __real@3cb0000000000000    1001b1b0     ImathMatrixAlgo.obj
 0002:000001b8       __real@3f800000            1001b1b8     ImathMatrixAlgo.obj
 0002:000001c0       __mask@@AbsDouble@         1001b1c0     ImathMatrixAlgo.obj
 0002:000001d0       __real@bf800000            1001b1d0     ImathMatrixAlgo.obj
 0002:000001d8       __real@bff0000000000000    1001b1d8     ImathMatrixAlgo.obj
 0002:000001e0       __real@0000000000000000    1001b1e0     ImathMatrixAlgo.obj
 0002:000001f0       __mask@@NegFloat@          1001b1f0     ImathMatrixAlgo.obj
 0002:00000200       __mask@@NegDouble@         1001b200     ImathMatrixAlgo.obj
 0002:00000210       __real@41f0000000000000    1001b210     ImathMatrixAlgo.obj
 0002:0000021c       ??_7MathExc@Iex@@6B@       1001b21c     ImathVec.obj
 0002:00000228       ??_7NullVecExc@Imath@@6B@  1001b228     ImathVec.obj
 0002:00000234       ??_7IntVecNormalizeExc@Imath@@6B@ 1001b234     ImathVec.obj
 0002:00000240       __real@3fe0000000000000    1001b240     ImathVec.obj
 0002:00000248       ??_C@_0EN@JLBBIMKH@Cannot?5normalize?5an?5integer?5vect@ 1001b248     ImathVec.obj
 0002:0000029c       ??_7bad_alloc@std@@6B@     1001b29c     ImathVec.obj
 0002:000002a4       ??_C@_0BA@JFNIOLAK@string?5too?5long?$AA@ 1001b2a4     ImathVec.obj
 0002:000002b4       ??_C@_0BI@CFPLBAOH@invalid?5string?5position?$AA@ 1001b2b4     ImathVec.obj
 0002:000002cc       ??_C@_0BO@HFPFHIEE@Cannot?5normalize?5null?5vector?4?$AA@ 1001b2cc     ImathVec.obj
 0002:000002f0       ??_7type_info@@6B@         1001b2f0     MSVCRT:ti_inst.obj
 0002:000002f4       __pRawDllMain              1001b2f4     MSVCRT:crtdll.obj
 0002:000002f4       __pDefaultRawDllMain       1001b2f4     MSVCRT:crtdll.obj
 0002:00000300       __load_config_used         1001b300     MSVCRT:loadcfg.obj
 0002:000003b8       ??_R4MathExc@Iex@@6B@      1001b3b8     ImathVec.obj
 0002:000003cc       ??_R3MathExc@Iex@@8        1001b3cc     ImathVec.obj
 0002:000003dc       ??_R2MathExc@Iex@@8        1001b3dc     ImathVec.obj
 0002:000003f8       ??_R1A@?0A@EA@MathExc@Iex@@8 1001b3f8     ImathVec.obj
 0002:00000414       ??_R1A@?0A@EA@BaseExc@Iex@@8 1001b414     ImathVec.obj
 0002:00000430       ??_R3BaseExc@Iex@@8        1001b430     ImathVec.obj
 0002:00000440       ??_R2BaseExc@Iex@@8        1001b440     ImathVec.obj
 0002:00000458       ??_R1M@?0A@EA@?$basic_string@DU?$char_traits@D@std@@V?$allocator@D@2@@std@@8 1001b458     ImathVec.obj
 0002:00000474       ??_R3?$basic_string@DU?$char_traits@D@std@@V?$allocator@D@2@@std@@8 1001b474     ImathVec.obj
 0002:00000484       ??_R2?$basic_string@DU?$char_traits@D@std@@V?$allocator@D@2@@std@@8 1001b484     ImathVec.obj
 0002:00000494       ??_R1A@?0A@EA@?$basic_string@DU?$char_traits@D@std@@V?$allocator@D@2@@std@@8 1001b494     ImathVec.obj
 0002:000004b0       ??_R1A@?0A@EA@?$_String_val@DV?$allocator@D@std@@@std@@8 1001b4b0     ImathVec.obj
 0002:000004cc       ??_R3?$_String_val@DV?$allocator@D@std@@@std@@8 1001b4cc     ImathVec.obj
 0002:000004dc       ??_R2?$_String_val@DV?$allocator@D@std@@@std@@8 1001b4dc     ImathVec.obj
 0002:000004e8       ??_R1A@?0A@EA@_Container_base0@std@@8 1001b4e8     ImathVec.obj
 0002:00000504       ??_R3_Container_base0@std@@8 1001b504     ImathVec.obj
 0002:00000514       ??_R2_Container_base0@std@@8 1001b514     ImathVec.obj
 0002:0000051c       ??_R1M@?0A@EA@?$_String_val@DV?$allocator@D@std@@@std@@8 1001b51c     ImathVec.obj
 0002:00000538       ??_R1M@?0A@EA@_Container_base0@std@@8 1001b538     ImathVec.obj
 0002:00000554       ??_R1A@?0A@EA@exception@std@@8 1001b554     ImathVec.obj
 0002:00000570       ??_R3exception@std@@8      1001b570     ImathVec.obj
 0002:00000580       ??_R2exception@std@@8      1001b580     ImathVec.obj
 0002:00000588       ??_R4NullVecExc@Imath@@6B@ 1001b588     ImathVec.obj
 0002:0000059c       ??_R3NullVecExc@Imath@@8   1001b59c     ImathVec.obj
 0002:000005ac       ??_R2NullVecExc@Imath@@8   1001b5ac     ImathVec.obj
 0002:000005cc       ??_R1A@?0A@EA@NullVecExc@Imath@@8 1001b5cc     ImathVec.obj
 0002:000005e8       ??_R4IntVecNormalizeExc@Imath@@6B@ 1001b5e8     ImathVec.obj
 0002:000005fc       ??_R3IntVecNormalizeExc@Imath@@8 1001b5fc     ImathVec.obj
 0002:0000060c       ??_R2IntVecNormalizeExc@Imath@@8 1001b60c     ImathVec.obj
 0002:0000062c       ??_R1A@?0A@EA@IntVecNormalizeExc@Imath@@8 1001b62c     ImathVec.obj
 0002:00000648       ??_R4bad_alloc@std@@6B@    1001b648     ImathVec.obj
 0002:0000065c       ??_R3bad_alloc@std@@8      1001b65c     ImathVec.obj
 0002:0000066c       ??_R2bad_alloc@std@@8      1001b66c     ImathVec.obj
 0002:00000678       ??_R1A@?0A@EA@bad_alloc@std@@8 1001b678     ImathVec.obj
 0002:00000694       ??_R4type_info@@6B@        1001b694     MSVCRT:ti_inst.obj
 0002:000006a8       ??_R3type_info@@8          1001b6a8     MSVCRT:ti_inst.obj
 0002:000006b8       ??_R2type_info@@8          1001b6b8     MSVCRT:ti_inst.obj
 0002:000006c0       ??_R1A@?0A@EA@type_info@@8 1001b6c0     MSVCRT:ti_inst.obj
 0002:000006e0       ___safe_se_handler_table   1001b6e0     <linker-defined>
 0002:000006e8       ___rtc_iaa                 1001b6e8     MSVCRT:_initsect_.obj
 0002:000006ec       ___rtc_izz                 1001b6ec     MSVCRT:_initsect_.obj
 0002:000006f0       ___rtc_taa                 1001b6f0     MSVCRT:_initsect_.obj
 0002:000006f4       ___rtc_tzz                 1001b6f4     MSVCRT:_initsect_.obj
 0002:000006f8       __TI7?AVIntVecNormalizeExc@Imath@@ 1001b6f8     ImathVec.obj
 0002:00000708       __CTA7?AVIntVecNormalizeExc@Imath@@ 1001b708     ImathVec.obj
 0002:00000728       __CT??_R0?AVIntVecNormalizeExc@Imath@@@8??0IntVecNormalizeExc@Imath@@QAE@ABV01@@Z68 1001b728     ImathVec.obj
 0002:00000744       __CT??_R0?AVMathExc@Iex@@@8??0MathExc@Iex@@QAE@ABV01@@Z68 1001b744     ImathVec.obj
 0002:00000760       __CT??_R0?AVBaseExc@Iex@@@8??0BaseExc@Iex@@QAE@ABV01@@Z68 1001b760     ImathVec.obj
 0002:0000077c       __CT??_R0?AV?$basic_string@DU?$char_traits@D@std@@V?$allocator@D@2@@std@@@8??0?$basic_string@DU?$char_traits@D@std@@V?$allocator@D@2@@std@@QAE@ABV01@@Z2812 1001b77c     ImathVec.obj
 0002:00000798       __CT??_R0?AV?$_String_val@DV?$allocator@D@std@@@std@@@8??0?$_String_val@DV?$allocator@D@std@@@std@@QAE@ABV01@@Z2812 1001b798     ImathVec.obj
 0002:000007b4       __CT??_R0?AU_Container_base0@std@@@8112 1001b7b4     ImathVec.obj
 0002:000007d0       __CT??_R0?AVexception@std@@@8??0exception@std@@QAE@ABV01@@Z12 1001b7d0     ImathVec.obj
 0002:000007ec       __TI2?AVbad_alloc@std@@    1001b7ec     ImathVec.obj
 0002:000007fc       __CTA2?AVbad_alloc@std@@   1001b7fc     ImathVec.obj
 0002:00000808       __CT??_R0?AVbad_alloc@std@@@8??0bad_alloc@std@@QAE@ABV01@@Z12 1001b808     ImathVec.obj
 0002:00000824       __TI7?AVNullVecExc@Imath@@ 1001b824     ImathVec.obj
 0002:00000834       __CTA7?AVNullVecExc@Imath@@ 1001b834     ImathVec.obj
 0002:00000854       __CT??_R0?AVNullVecExc@Imath@@@8??0NullVecExc@Imath@@QAE@ABV01@@Z68 1001b854     ImathVec.obj
 0002:000009a4       __IMPORT_DESCRIPTOR_Iex    1001b9a4     Iex:Iex.dll
 0002:000009b8       __IMPORT_DESCRIPTOR_MSVCP100 1001b9b8     msvcprt:MSVCP100.dll
 0002:000009cc       __IMPORT_DESCRIPTOR_MSVCR100 1001b9cc     MSVCRT:MSVCR100.dll
 0002:000009e0       __IMPORT_DESCRIPTOR_KERNEL32 1001b9e0     kernel32:KERNEL32.dll
 0002:000009f4       __NULL_IMPORT_DESCRIPTOR   1001b9f4     Iex:Iex.dll
 0003:00000000       ?identity33f@Imath@@3V?$Matrix33@M@1@A 1001d000     ImathMatrixAlgo.obj
 0003:00000028       ?identity33d@Imath@@3V?$Matrix33@N@1@A 1001d028     ImathMatrixAlgo.obj
 0003:00000070       ?identity44f@Imath@@3V?$Matrix44@M@1@A 1001d070     ImathMatrixAlgo.obj
 0003:000000b0       ?identity44d@Imath@@3V?$Matrix44@N@1@A 1001d0b0     ImathMatrixAlgo.obj
 0003:00000130       ??_R0?AVMathExc@Iex@@@8    1001d130     ImathVec.obj
 0003:0000014c       ??_R0?AVBaseExc@Iex@@@8    1001d14c     ImathVec.obj
 0003:00000168       ??_R0?AV?$basic_string@DU?$char_traits@D@std@@V?$allocator@D@2@@std@@@8 1001d168     ImathVec.obj
 0003:000001b4       ??_R0?AV?$_String_val@DV?$allocator@D@std@@@std@@@8 1001d1b4     ImathVec.obj
 0003:000001ec       ??_R0?AU_Container_base0@std@@@8 1001d1ec     ImathVec.obj
 0003:00000210       ??_R0?AVexception@std@@@8  1001d210     ImathVec.obj
 0003:0000022c       ??_R0?AVNullVecExc@Imath@@@8 1001d22c     ImathVec.obj
 0003:0000024c       ??_R0?AVIntVecNormalizeExc@Imath@@@8 1001d24c     ImathVec.obj
 0003:00000274       ??_R0?AVbad_alloc@std@@@8  1001d274     ImathVec.obj
 0003:00000290       ___security_cookie         1001d290     MSVCRT:gs_cookie.obj
 0003:00000294       ___security_cookie_complement 1001d294     MSVCRT:gs_cookie.obj
 0003:000002a0       ??_R0?AVtype_info@@@8      1001d2a0     MSVCRT:ti_inst.obj
 0003:000002b8       ___native_dllmain_reason   1001d2b8     MSVCRT:natstart.obj
 0003:000002bc       ___native_vcclrit_reason   1001d2bc     MSVCRT:natstart.obj
 0003:000002c0       ?staticState@?A0xf39c232e@Imath@@3PAGA 1001d2c0     ImathRandom.obj
 0003:000005f4       ?__type_info_root_node@@3U__type_info_node@@A 1001d5f4     MSVCRT:tncleanup.obj
 0003:000005fc       ___native_startup_state    1001d5fc     <common>
 0003:00000600       ___native_startup_lock     1001d600     <common>
 0003:00000604       ___onexitend               1001d604     <common>
 0003:00000608       ___onexitbegin             1001d608     <common>
 0003:0000060c       ___dyn_tls_init_callback   1001d60c     <common>

 entry point at        0001:00018f31

 Static symbols

 0001:00018814       __catch$?_Copy@?$basic_string@DU?$char_traits@D@std@@V?$allocator@D@2@@std@@QAEXII@Z$0 10019814 f i ImathVec.obj
 0001:0001889c       __catch$?_Copy@?$basic_string@DU?$char_traits@D@std@@V?$allocator@D@2@@std@@QAEXII@Z$1 1001989c f i ImathVec.obj
 0001:00018bc3       _pre_c_init                10019bc3 f   MSVCRT:crtdll.obj
 0001:00018e1b       ___DllMainCRTStartup       10019e1b f   MSVCRT:crtdll.obj
 0001:0001905a       ?ArrayUnwindFilter@@YAHPAU_EXCEPTION_POINTERS@@@Z 1001a05a f   MSVCRT:ehvecdtr.obj
 0001:00019590       __ehhandler$?_Copy@?$basic_string@DU?$char_traits@D@std@@V?$allocator@D@2@@std@@QAEXII@Z 1001a590 f   ImathVec.obj

 Exports

  ordinal    name

        1    ?identity33d@Imath@@3V?$Matrix33@N@1@A (class Imath::Matrix33<double> Imath::identity33d)
        2    ?identity33f@Imath@@3V?$Matrix33@M@1@A (class Imath::Matrix33<float> Imath::identity33f)
        3    ?identity44d@Imath@@3V?$Matrix44@N@1@A (class Imath::Matrix44<double> Imath::identity44d)
        4    ?identity44f@Imath@@3V?$Matrix44@M@1@A (class Imath::Matrix44<float> Imath::identity44f)
