 Iex

 Timestamp is 510d5c71 (Sun Feb 03 02:35:29 2013)

 Preferred load address is 10000000

 Start         Length     Name                   Class
 0001:00000000 00010000H .textbss                DATA
 0002:00000000 00010e8bH .text                   CODE
 0002:00010e90 0000135aH .text$x                 CODE
 0003:00000000 00000104H .CRT$XCA                DATA
 0003:00000104 00000104H .CRT$XCZ                DATA
 0003:00000208 00000104H .CRT$XIA                DATA
 0003:0000030c 00000104H .CRT$XIAA               DATA
 0003:00000410 00000104H .CRT$XIZ                DATA
 0003:00000520 00001262H .rdata                  DATA
 0003:00001784 00000181H .rdata$debug            DATA
 0003:00001908 000026e8H .rdata$r                DATA
 0003:00003ff0 00000104H .rtc$IAA                DATA
 0003:000040f4 00000109H .rtc$IMZ                DATA
 0003:00004200 00000104H .rtc$IZZ                DATA
 0003:00004304 00000104H .rtc$TAA                DATA
 0003:00004408 00000109H .rtc$TMZ                DATA
 0003:00004514 00000104H .rtc$TZZ                DATA
 0003:00004618 000023b6H .xdata$x                DATA
 0003:000069ce 00000000H .edata                  DATA
 0004:00000000 00000d76H .data                   DATA
 0004:00000d78 00000428H .bss                    DATA
 0005:00000000 0000003cH .idata$2                DATA
 0005:0000003c 00000014H .idata$3                DATA
 0005:00000050 000001f4H .idata$4                DATA
 0005:00000244 000001f4H .idata$5                DATA
 0005:00000438 00000918H .idata$6                DATA
 0006:00000000 00000169H .rsrc$01                DATA
 0006:00000170 000002e9H .rsrc$02                DATA

  Address         Publics by Value              Rva+Base       Lib:Object

 0000:00000000       ___safe_se_handler_count   00000000     <absolute>
 0000:00000000       ___safe_se_handler_table   00000000     <absolute>
 0000:00000000       ___ImageBase               10000000     <linker-defined>
 0001:00000000       __enc$textbss$begin        10001000     <linker-defined>
 0001:00010000       __enc$textbss$end          10011000     <linker-defined>
 0002:000016e0       ?setStackTracer@Iex@@YAXP6A?AV?$basic_string@DU?$char_traits@D@std@@V?$allocator@D@2@@std@@XZ@Z 100126e0 f   IexBaseExc.obj
 0002:00001720       ?stackTracer@Iex@@YAP6A?AV?$basic_string@DU?$char_traits@D@std@@V?$allocator@D@2@@std@@XZXZ 10012720 f   IexBaseExc.obj
 0002:00001760       ??0BaseExc@Iex@@QAE@PBD@Z  10012760 f   IexBaseExc.obj
 0002:00001940       ??_EBaseExc@Iex@@UAEPAXI@Z 10012940 f i IexBaseExc.obj
 0002:00001940       ??_GBaseExc@Iex@@UAEPAXI@Z 10012940 f i IexBaseExc.obj
 0002:000019b0       ??0BaseExc@Iex@@QAE@ABV?$basic_string@DU?$char_traits@D@std@@V?$allocator@D@2@@std@@@Z 100129b0 f   IexBaseExc.obj
 0002:00001b60       ??0BaseExc@Iex@@QAE@AAV?$basic_stringstream@DU?$char_traits@D@std@@V?$allocator@D@2@@std@@@Z 10012b60 f   IexBaseExc.obj
 0002:00001d10       ??0BaseExc@Iex@@QAE@ABV01@@Z 10012d10 f   IexBaseExc.obj
 0002:00001dd0       ??1BaseExc@Iex@@UAE@XZ     10012dd0 f   IexBaseExc.obj
 0002:00001e60       ?what@BaseExc@Iex@@UBEPBDXZ 10012e60 f   IexBaseExc.obj
 0002:00001ec0       ?assign@BaseExc@Iex@@QAEAAV12@AAV?$basic_stringstream@DU?$char_traits@D@std@@V?$allocator@D@2@@std@@@Z 10012ec0 f   IexBaseExc.obj
 0002:00001fb0       ?append@BaseExc@Iex@@QAEAAV12@AAV?$basic_stringstream@DU?$char_traits@D@std@@V?$allocator@D@2@@std@@@Z 10012fb0 f   IexBaseExc.obj
 0002:000020a0       ??0?$basic_string@DU?$char_traits@D@std@@V?$allocator@D@2@@std@@QAE@ABV01@@Z 100130a0 f i IexBaseExc.obj
 0002:00002180       ??0?$basic_string@DU?$char_traits@D@std@@V?$allocator@D@2@@std@@QAE@PBD@Z 10013180 f i IexBaseExc.obj
 0002:00002250       ??0?$basic_string@DU?$char_traits@D@std@@V?$allocator@D@2@@std@@QAE@$$QAV01@@Z 10013250 f i IexBaseExc.obj
 0002:00002340       ?assign@?$basic_string@DU?$char_traits@D@std@@V?$allocator@D@2@@std@@QAEAAV12@$$QAV12@@Z 10013340 f i IexBaseExc.obj
 0002:00002480       ?move@?$char_traits@D@std@@SAPADPADPBDI@Z 10013480 f i IexBaseExc.obj
 0002:000024f0       ??1?$basic_string@DU?$char_traits@D@std@@V?$allocator@D@2@@std@@QAE@XZ 100134f0 f i IexBaseExc.obj
 0002:000025a0       ?append@?$basic_string@DU?$char_traits@D@std@@V?$allocator@D@2@@std@@QAEAAV12@ABV12@@Z 100135a0 f i IexBaseExc.obj
 0002:00002600       ?assign@?$basic_string@DU?$char_traits@D@std@@V?$allocator@D@2@@std@@QAEAAV12@PBD@Z 10013600 f i IexBaseExc.obj
 0002:00002690       ?length@?$char_traits@D@std@@SAIPBD@Z 10013690 f i IexBaseExc.obj
 0002:000026e0       ?c_str@?$basic_string@DU?$char_traits@D@std@@V?$allocator@D@2@@std@@QBEPBDXZ 100136e0 f i IexBaseExc.obj
 0002:00002730       ?str@?$basic_stringstream@DU?$char_traits@D@std@@V?$allocator@D@2@@std@@QBE?AV?$basic_string@DU?$char_traits@D@std@@V?$allocator@D@2@@2@XZ 10013730 f i IexBaseExc.obj
 0002:000027b0       ??4?$basic_string@DU?$char_traits@D@std@@V?$allocator@D@2@@std@@QAEAAV01@ABV01@@Z 100137b0 f i IexBaseExc.obj
 0002:00002810       ?append@?$basic_string@DU?$char_traits@D@std@@V?$allocator@D@2@@std@@QAEAAV12@ABV12@II@Z 10013810 f i IexBaseExc.obj
 0002:00002930       ?copy@?$char_traits@D@std@@SAPADPADPBDI@Z 10013930 f i IexBaseExc.obj
 0002:00002990       ?assign@?$basic_string@DU?$char_traits@D@std@@V?$allocator@D@2@@std@@QAEAAV12@ABV12@II@Z 10013990 f i IexBaseExc.obj
 0002:00002ab0       ?assign@?$basic_string@DU?$char_traits@D@std@@V?$allocator@D@2@@std@@QAEAAV12@PBDI@Z 10013ab0 f i IexBaseExc.obj
 0002:00002bb0       ?size@?$basic_string@DU?$char_traits@D@std@@V?$allocator@D@2@@std@@QBEIXZ 10013bb0 f i IexBaseExc.obj
 0002:00002bf0       ?get_allocator@?$basic_string@DU?$char_traits@D@std@@V?$allocator@D@2@@std@@QBE?AV?$allocator@D@2@XZ 10013bf0 f i IexBaseExc.obj
 0002:00002c50       ?_Tidy@?$basic_string@DU?$char_traits@D@std@@V?$allocator@D@2@@std@@QAEX_NI@Z 10013c50 f i IexBaseExc.obj
 0002:00002d20       ?_Myptr@?$basic_string@DU?$char_traits@D@std@@V?$allocator@D@2@@std@@QBEPBDXZ 10013d20 f i IexBaseExc.obj
 0002:00002d90       ??0?$_String_val@DV?$allocator@D@std@@@std@@QAE@V?$allocator@D@1@@Z 10013d90 f i IexBaseExc.obj
 0002:00002ee0       ??0_Container_proxy@std@@QAE@XZ 10013ee0 f i IexBaseExc.obj
 0002:00002f30       ??1?$_String_val@DV?$allocator@D@std@@@std@@QAE@XZ 10013f30 f i IexBaseExc.obj
 0002:00003070       ??0?$allocator@D@std@@QAE@XZ 10014070 f i IexBaseExc.obj
 0002:000030b0       ??0?$allocator@D@std@@QAE@ABV01@@Z 100140b0 f i IexBaseExc.obj
 0002:000030f0       ?deallocate@?$allocator@D@std@@QAEXPADI@Z 100140f0 f i IexBaseExc.obj
 0002:00003150       ?str@?$basic_stringbuf@DU?$char_traits@D@std@@V?$allocator@D@2@@std@@QBE?AV?$basic_string@DU?$char_traits@D@std@@V?$allocator@D@2@@2@XZ 10014150 f i IexBaseExc.obj
 0002:00003480       ??0?$basic_string@DU?$char_traits@D@std@@V?$allocator@D@2@@std@@QAE@XZ 10014480 f i IexBaseExc.obj
 0002:00003540       ??0?$basic_string@DU?$char_traits@D@std@@V?$allocator@D@2@@std@@QAE@PBDI@Z 10014540 f i IexBaseExc.obj
 0002:00003610       ?assign@?$basic_string@DU?$char_traits@D@std@@V?$allocator@D@2@@std@@QAEAAV12@ABV12@@Z 10014610 f i IexBaseExc.obj
 0002:00003670       ?erase@?$basic_string@DU?$char_traits@D@std@@V?$allocator@D@2@@std@@QAEAAV12@II@Z 10014670 f i IexBaseExc.obj
 0002:00003760       ?_Eos@?$basic_string@DU?$char_traits@D@std@@V?$allocator@D@2@@std@@QAEXI@Z 10014760 f i IexBaseExc.obj
 0002:000037e0       ?assign@?$char_traits@D@std@@SAXAADABD@Z 100147e0 f i IexBaseExc.obj
 0002:00003820       ?_Grow@?$basic_string@DU?$char_traits@D@std@@V?$allocator@D@2@@std@@QAE_NI_N@Z 10014820 f i IexBaseExc.obj
 0002:00003920       ?_Inside@?$basic_string@DU?$char_traits@D@std@@V?$allocator@D@2@@std@@QAE_NPBD@Z 10014920 f i IexBaseExc.obj
 0002:000039a0       ?_Myptr@?$basic_string@DU?$char_traits@D@std@@V?$allocator@D@2@@std@@QAEPADXZ 100149a0 f i IexBaseExc.obj
 0002:00003a10       ?_Xlen@?$basic_string@DU?$char_traits@D@std@@V?$allocator@D@2@@std@@QBEXXZ 10014a10 f i IexBaseExc.obj
 0002:00003a70       ?_Xran@?$basic_string@DU?$char_traits@D@std@@V?$allocator@D@2@@std@@QBEXXZ 10014a70 f i IexBaseExc.obj
 0002:00003ad0       ?deallocate@?$allocator@U_Container_proxy@std@@@std@@QAEXPAU_Container_proxy@2@I@Z 10014ad0 f i IexBaseExc.obj
 0002:00003b30       ?allocate@?$allocator@U_Container_proxy@std@@@std@@QAEPAU_Container_proxy@2@I@Z 10014b30 f i IexBaseExc.obj
 0002:00003b90       ?max_size@?$basic_string@DU?$char_traits@D@std@@V?$allocator@D@2@@std@@QBEIXZ 10014b90 f i IexBaseExc.obj
 0002:00003c20       ?_Copy@?$basic_string@DU?$char_traits@D@std@@V?$allocator@D@2@@std@@QAEXII@Z 10014c20 f i IexBaseExc.obj
 0002:00003e50       ?allocate@?$allocator@D@std@@QAEPADI@Z 10014e50 f i IexBaseExc.obj
 0002:00003eb0       ?max_size@?$allocator@D@std@@QBEIXZ 10014eb0 f i IexBaseExc.obj
 0002:00003f20       ??$forward@V?$allocator@D@std@@@std@@YA$$QAV?$allocator@D@0@AAV10@@Z 10014f20 f i IexBaseExc.obj
 0002:00003f60       ??$forward@V?$basic_string@DU?$char_traits@D@std@@V?$allocator@D@2@@std@@@std@@YA$$QAV?$basic_string@DU?$char_traits@D@std@@V?$allocator@D@2@@0@AAV10@@Z 10014f60 f i IexBaseExc.obj
 0002:00003fa0       ??$?9DD@std@@YA_NABV?$allocator@D@0@0@Z 10014fa0 f i IexBaseExc.obj
 0002:00004000       ??$_Debug_pointer@D@std@@YAXPBDPB_WI@Z 10015000 f i IexBaseExc.obj
 0002:00004070       ??$?0D@?$allocator@U_Container_proxy@std@@@std@@QAE@ABV?$allocator@D@1@@Z 10015070 f i IexBaseExc.obj
 0002:000040b0       ??$_Cons_val@V?$allocator@U_Container_proxy@std@@@std@@U_Container_proxy@2@U32@@std@@YAXAAV?$allocator@U_Container_proxy@std@@@0@PAU_Container_proxy@0@$$QAU20@@Z 100150b0 f i IexBaseExc.obj
 0002:00004110       ??$_Dest_val@V?$allocator@U_Container_proxy@std@@@std@@U_Container_proxy@2@@std@@YAXAAV?$allocator@U_Container_proxy@std@@@0@PAU_Container_proxy@0@@Z 10015110 f i IexBaseExc.obj
 0002:00004160       ??$_Allocate@D@std@@YAPADIPAD@Z 10015160 f i IexBaseExc.obj
 0002:00004210       ??0bad_alloc@std@@QAE@PBD@Z 10015210 f i IexBaseExc.obj
 0002:00004290       ??1bad_alloc@std@@UAE@XZ   10015290 f i IexBaseExc.obj
 0002:00004300       ??_Gbad_alloc@std@@UAEPAXI@Z 10015300 f i IexBaseExc.obj
 0002:00004300       ??_Ebad_alloc@std@@UAEPAXI@Z 10015300 f i IexBaseExc.obj
 0002:00004370       ??$_Allocate@U_Container_proxy@std@@@std@@YAPAU_Container_proxy@0@IPAU10@@Z 10015370 f i IexBaseExc.obj
 0002:00004420       ??0bad_alloc@std@@QAE@ABV01@@Z 10015420 f i IexBaseExc.obj
 0002:000044a0       ?construct@?$allocator@U_Container_proxy@std@@@std@@QAEXPAU_Container_proxy@2@$$QAU32@@Z 100154a0 f i IexBaseExc.obj
 0002:000045b0       ??2@YAPAXIPAX@Z            100155b0 f i IexBaseExc.obj
 0002:000045f0       ??3@YAXPAX0@Z              100155f0 f i IexBaseExc.obj
 0002:00004620       ?destroy@?$allocator@U_Container_proxy@std@@@std@@QAEXPAU_Container_proxy@2@@Z 10015620 f i IexBaseExc.obj
 0002:00004680       ??$?8DD@std@@YA_NABV?$allocator@D@0@0@Z 10015680 f i IexBaseExc.obj
 0002:000046b0       ??$forward@U_Container_proxy@std@@@std@@YA$$QAU_Container_proxy@0@AAU10@@Z 100156b0 f i IexBaseExc.obj
 0002:000046f0       ??$_Destroy@U_Container_proxy@std@@@std@@YAXPAU_Container_proxy@0@@Z 100156f0 f i IexBaseExc.obj
 0002:00004720       ?throwErrnoExc@Iex@@YAXABV?$basic_string@DU?$char_traits@D@std@@V?$allocator@D@2@@std@@H@Z 10015720 f   IexThrowErrnoExc.obj
 0002:000056d0       ??0ErrnoExc@Iex@@QAE@ABV?$basic_string@DU?$char_traits@D@std@@V?$allocator@D@2@@std@@@Z 100166d0 f i IexThrowErrnoExc.obj
 0002:00005740       ??_GErrnoExc@Iex@@UAEPAXI@Z 10016740 f i IexThrowErrnoExc.obj
 0002:00005740       ??_EErrnoExc@Iex@@UAEPAXI@Z 10016740 f i IexThrowErrnoExc.obj
 0002:000057b0       ??1ErrnoExc@Iex@@UAE@XZ    100167b0 f i IexThrowErrnoExc.obj
 0002:00005800       ??0EpermExc@Iex@@QAE@ABV?$basic_string@DU?$char_traits@D@std@@V?$allocator@D@2@@std@@@Z 10016800 f i IexThrowErrnoExc.obj
 0002:00005870       ??_EEpermExc@Iex@@UAEPAXI@Z 10016870 f i IexThrowErrnoExc.obj
 0002:00005870       ??_GEpermExc@Iex@@UAEPAXI@Z 10016870 f i IexThrowErrnoExc.obj
 0002:000058e0       ??1EpermExc@Iex@@UAE@XZ    100168e0 f i IexThrowErrnoExc.obj
 0002:00005930       ??0EnoentExc@Iex@@QAE@ABV?$basic_string@DU?$char_traits@D@std@@V?$allocator@D@2@@std@@@Z 10016930 f i IexThrowErrnoExc.obj
 0002:000059a0       ??_GEnoentExc@Iex@@UAEPAXI@Z 100169a0 f i IexThrowErrnoExc.obj
 0002:000059a0       ??_EEnoentExc@Iex@@UAEPAXI@Z 100169a0 f i IexThrowErrnoExc.obj
 0002:00005a10       ??1EnoentExc@Iex@@UAE@XZ   10016a10 f i IexThrowErrnoExc.obj
 0002:00005a60       ??0EsrchExc@Iex@@QAE@ABV?$basic_string@DU?$char_traits@D@std@@V?$allocator@D@2@@std@@@Z 10016a60 f i IexThrowErrnoExc.obj
 0002:00005ad0       ??_GEsrchExc@Iex@@UAEPAXI@Z 10016ad0 f i IexThrowErrnoExc.obj
 0002:00005ad0       ??_EEsrchExc@Iex@@UAEPAXI@Z 10016ad0 f i IexThrowErrnoExc.obj
 0002:00005b40       ??1EsrchExc@Iex@@UAE@XZ    10016b40 f i IexThrowErrnoExc.obj
 0002:00005b90       ??0EintrExc@Iex@@QAE@ABV?$basic_string@DU?$char_traits@D@std@@V?$allocator@D@2@@std@@@Z 10016b90 f i IexThrowErrnoExc.obj
 0002:00005c00       ??_EEintrExc@Iex@@UAEPAXI@Z 10016c00 f i IexThrowErrnoExc.obj
 0002:00005c00       ??_GEintrExc@Iex@@UAEPAXI@Z 10016c00 f i IexThrowErrnoExc.obj
 0002:00005c70       ??1EintrExc@Iex@@UAE@XZ    10016c70 f i IexThrowErrnoExc.obj
 0002:00005cc0       ??0EioExc@Iex@@QAE@ABV?$basic_string@DU?$char_traits@D@std@@V?$allocator@D@2@@std@@@Z 10016cc0 f i IexThrowErrnoExc.obj
 0002:00005d30       ??_EEioExc@Iex@@UAEPAXI@Z  10016d30 f i IexThrowErrnoExc.obj
 0002:00005d30       ??_GEioExc@Iex@@UAEPAXI@Z  10016d30 f i IexThrowErrnoExc.obj
 0002:00005da0       ??1EioExc@Iex@@UAE@XZ      10016da0 f i IexThrowErrnoExc.obj
 0002:00005df0       ??0EnxioExc@Iex@@QAE@ABV?$basic_string@DU?$char_traits@D@std@@V?$allocator@D@2@@std@@@Z 10016df0 f i IexThrowErrnoExc.obj
 0002:00005e60       ??_EEnxioExc@Iex@@UAEPAXI@Z 10016e60 f i IexThrowErrnoExc.obj
 0002:00005e60       ??_GEnxioExc@Iex@@UAEPAXI@Z 10016e60 f i IexThrowErrnoExc.obj
 0002:00005ed0       ??1EnxioExc@Iex@@UAE@XZ    10016ed0 f i IexThrowErrnoExc.obj
 0002:00005f20       ??0E2bigExc@Iex@@QAE@ABV?$basic_string@DU?$char_traits@D@std@@V?$allocator@D@2@@std@@@Z 10016f20 f i IexThrowErrnoExc.obj
 0002:00005f90       ??_EE2bigExc@Iex@@UAEPAXI@Z 10016f90 f i IexThrowErrnoExc.obj
 0002:00005f90       ??_GE2bigExc@Iex@@UAEPAXI@Z 10016f90 f i IexThrowErrnoExc.obj
 0002:00006000       ??1E2bigExc@Iex@@UAE@XZ    10017000 f i IexThrowErrnoExc.obj
 0002:00006050       ??0EnoexecExc@Iex@@QAE@ABV?$basic_string@DU?$char_traits@D@std@@V?$allocator@D@2@@std@@@Z 10017050 f i IexThrowErrnoExc.obj
 0002:000060c0       ??_EEnoexecExc@Iex@@UAEPAXI@Z 100170c0 f i IexThrowErrnoExc.obj
 0002:000060c0       ??_GEnoexecExc@Iex@@UAEPAXI@Z 100170c0 f i IexThrowErrnoExc.obj
 0002:00006130       ??1EnoexecExc@Iex@@UAE@XZ  10017130 f i IexThrowErrnoExc.obj
 0002:00006180       ??0EbadfExc@Iex@@QAE@ABV?$basic_string@DU?$char_traits@D@std@@V?$allocator@D@2@@std@@@Z 10017180 f i IexThrowErrnoExc.obj
 0002:000061f0       ??_EEbadfExc@Iex@@UAEPAXI@Z 100171f0 f i IexThrowErrnoExc.obj
 0002:000061f0       ??_GEbadfExc@Iex@@UAEPAXI@Z 100171f0 f i IexThrowErrnoExc.obj
 0002:00006260       ??1EbadfExc@Iex@@UAE@XZ    10017260 f i IexThrowErrnoExc.obj
 0002:000062b0       ??0EchildExc@Iex@@QAE@ABV?$basic_string@DU?$char_traits@D@std@@V?$allocator@D@2@@std@@@Z 100172b0 f i IexThrowErrnoExc.obj
 0002:00006320       ??_GEchildExc@Iex@@UAEPAXI@Z 10017320 f i IexThrowErrnoExc.obj
 0002:00006320       ??_EEchildExc@Iex@@UAEPAXI@Z 10017320 f i IexThrowErrnoExc.obj
 0002:00006390       ??1EchildExc@Iex@@UAE@XZ   10017390 f i IexThrowErrnoExc.obj
 0002:000063e0       ??0EagainExc@Iex@@QAE@ABV?$basic_string@DU?$char_traits@D@std@@V?$allocator@D@2@@std@@@Z 100173e0 f i IexThrowErrnoExc.obj
 0002:00006450       ??_EEagainExc@Iex@@UAEPAXI@Z 10017450 f i IexThrowErrnoExc.obj
 0002:00006450       ??_GEagainExc@Iex@@UAEPAXI@Z 10017450 f i IexThrowErrnoExc.obj
 0002:000064c0       ??1EagainExc@Iex@@UAE@XZ   100174c0 f i IexThrowErrnoExc.obj
 0002:00006510       ??0EnomemExc@Iex@@QAE@ABV?$basic_string@DU?$char_traits@D@std@@V?$allocator@D@2@@std@@@Z 10017510 f i IexThrowErrnoExc.obj
 0002:00006580       ??_EEnomemExc@Iex@@UAEPAXI@Z 10017580 f i IexThrowErrnoExc.obj
 0002:00006580       ??_GEnomemExc@Iex@@UAEPAXI@Z 10017580 f i IexThrowErrnoExc.obj
 0002:000065f0       ??1EnomemExc@Iex@@UAE@XZ   100175f0 f i IexThrowErrnoExc.obj
 0002:00006640       ??0EaccesExc@Iex@@QAE@ABV?$basic_string@DU?$char_traits@D@std@@V?$allocator@D@2@@std@@@Z 10017640 f i IexThrowErrnoExc.obj
 0002:000066b0       ??_EEaccesExc@Iex@@UAEPAXI@Z 100176b0 f i IexThrowErrnoExc.obj
 0002:000066b0       ??_GEaccesExc@Iex@@UAEPAXI@Z 100176b0 f i IexThrowErrnoExc.obj
 0002:00006720       ??1EaccesExc@Iex@@UAE@XZ   10017720 f i IexThrowErrnoExc.obj
 0002:00006770       ??0EfaultExc@Iex@@QAE@ABV?$basic_string@DU?$char_traits@D@std@@V?$allocator@D@2@@std@@@Z 10017770 f i IexThrowErrnoExc.obj
 0002:000067e0       ??_EEfaultExc@Iex@@UAEPAXI@Z 100177e0 f i IexThrowErrnoExc.obj
 0002:000067e0       ??_GEfaultExc@Iex@@UAEPAXI@Z 100177e0 f i IexThrowErrnoExc.obj
 0002:00006850       ??1EfaultExc@Iex@@UAE@XZ   10017850 f i IexThrowErrnoExc.obj
 0002:000068a0       ??0EbusyExc@Iex@@QAE@ABV?$basic_string@DU?$char_traits@D@std@@V?$allocator@D@2@@std@@@Z 100178a0 f i IexThrowErrnoExc.obj
 0002:00006910       ??_EEbusyExc@Iex@@UAEPAXI@Z 10017910 f i IexThrowErrnoExc.obj
 0002:00006910       ??_GEbusyExc@Iex@@UAEPAXI@Z 10017910 f i IexThrowErrnoExc.obj
 0002:00006980       ??1EbusyExc@Iex@@UAE@XZ    10017980 f i IexThrowErrnoExc.obj
 0002:000069d0       ??0EexistExc@Iex@@QAE@ABV?$basic_string@DU?$char_traits@D@std@@V?$allocator@D@2@@std@@@Z 100179d0 f i IexThrowErrnoExc.obj
 0002:00006a40       ??_EEexistExc@Iex@@UAEPAXI@Z 10017a40 f i IexThrowErrnoExc.obj
 0002:00006a40       ??_GEexistExc@Iex@@UAEPAXI@Z 10017a40 f i IexThrowErrnoExc.obj
 0002:00006ab0       ??1EexistExc@Iex@@UAE@XZ   10017ab0 f i IexThrowErrnoExc.obj
 0002:00006b00       ??0ExdevExc@Iex@@QAE@ABV?$basic_string@DU?$char_traits@D@std@@V?$allocator@D@2@@std@@@Z 10017b00 f i IexThrowErrnoExc.obj
 0002:00006b70       ??_GExdevExc@Iex@@UAEPAXI@Z 10017b70 f i IexThrowErrnoExc.obj
 0002:00006b70       ??_EExdevExc@Iex@@UAEPAXI@Z 10017b70 f i IexThrowErrnoExc.obj
 0002:00006be0       ??1ExdevExc@Iex@@UAE@XZ    10017be0 f i IexThrowErrnoExc.obj
 0002:00006c30       ??0EnodevExc@Iex@@QAE@ABV?$basic_string@DU?$char_traits@D@std@@V?$allocator@D@2@@std@@@Z 10017c30 f i IexThrowErrnoExc.obj
 0002:00006ca0       ??_GEnodevExc@Iex@@UAEPAXI@Z 10017ca0 f i IexThrowErrnoExc.obj
 0002:00006ca0       ??_EEnodevExc@Iex@@UAEPAXI@Z 10017ca0 f i IexThrowErrnoExc.obj
 0002:00006d10       ??1EnodevExc@Iex@@UAE@XZ   10017d10 f i IexThrowErrnoExc.obj
 0002:00006d60       ??0EnotdirExc@Iex@@QAE@ABV?$basic_string@DU?$char_traits@D@std@@V?$allocator@D@2@@std@@@Z 10017d60 f i IexThrowErrnoExc.obj
 0002:00006dd0       ??_GEnotdirExc@Iex@@UAEPAXI@Z 10017dd0 f i IexThrowErrnoExc.obj
 0002:00006dd0       ??_EEnotdirExc@Iex@@UAEPAXI@Z 10017dd0 f i IexThrowErrnoExc.obj
 0002:00006e40       ??1EnotdirExc@Iex@@UAE@XZ  10017e40 f i IexThrowErrnoExc.obj
 0002:00006e90       ??0EisdirExc@Iex@@QAE@ABV?$basic_string@DU?$char_traits@D@std@@V?$allocator@D@2@@std@@@Z 10017e90 f i IexThrowErrnoExc.obj
 0002:00006f00       ??_EEisdirExc@Iex@@UAEPAXI@Z 10017f00 f i IexThrowErrnoExc.obj
 0002:00006f00       ??_GEisdirExc@Iex@@UAEPAXI@Z 10017f00 f i IexThrowErrnoExc.obj
 0002:00006f70       ??1EisdirExc@Iex@@UAE@XZ   10017f70 f i IexThrowErrnoExc.obj
 0002:00006fc0       ??0EinvalExc@Iex@@QAE@ABV?$basic_string@DU?$char_traits@D@std@@V?$allocator@D@2@@std@@@Z 10017fc0 f i IexThrowErrnoExc.obj
 0002:00007030       ??_EEinvalExc@Iex@@UAEPAXI@Z 10018030 f i IexThrowErrnoExc.obj
 0002:00007030       ??_GEinvalExc@Iex@@UAEPAXI@Z 10018030 f i IexThrowErrnoExc.obj
 0002:000070a0       ??1EinvalExc@Iex@@UAE@XZ   100180a0 f i IexThrowErrnoExc.obj
 0002:000070f0       ??0EnfileExc@Iex@@QAE@ABV?$basic_string@DU?$char_traits@D@std@@V?$allocator@D@2@@std@@@Z 100180f0 f i IexThrowErrnoExc.obj
 0002:00007160       ??_EEnfileExc@Iex@@UAEPAXI@Z 10018160 f i IexThrowErrnoExc.obj
 0002:00007160       ??_GEnfileExc@Iex@@UAEPAXI@Z 10018160 f i IexThrowErrnoExc.obj
 0002:000071d0       ??1EnfileExc@Iex@@UAE@XZ   100181d0 f i IexThrowErrnoExc.obj
 0002:00007220       ??0EmfileExc@Iex@@QAE@ABV?$basic_string@DU?$char_traits@D@std@@V?$allocator@D@2@@std@@@Z 10018220 f i IexThrowErrnoExc.obj
 0002:00007290       ??_EEmfileExc@Iex@@UAEPAXI@Z 10018290 f i IexThrowErrnoExc.obj
 0002:00007290       ??_GEmfileExc@Iex@@UAEPAXI@Z 10018290 f i IexThrowErrnoExc.obj
 0002:00007300       ??1EmfileExc@Iex@@UAE@XZ   10018300 f i IexThrowErrnoExc.obj
 0002:00007350       ??0EnottyExc@Iex@@QAE@ABV?$basic_string@DU?$char_traits@D@std@@V?$allocator@D@2@@std@@@Z 10018350 f i IexThrowErrnoExc.obj
 0002:000073c0       ??_EEnottyExc@Iex@@UAEPAXI@Z 100183c0 f i IexThrowErrnoExc.obj
 0002:000073c0       ??_GEnottyExc@Iex@@UAEPAXI@Z 100183c0 f i IexThrowErrnoExc.obj
 0002:00007430       ??1EnottyExc@Iex@@UAE@XZ   10018430 f i IexThrowErrnoExc.obj
 0002:00007480       ??0EtxtbsyExc@Iex@@QAE@ABV?$basic_string@DU?$char_traits@D@std@@V?$allocator@D@2@@std@@@Z 10018480 f i IexThrowErrnoExc.obj
 0002:000074f0       ??_GEtxtbsyExc@Iex@@UAEPAXI@Z 100184f0 f i IexThrowErrnoExc.obj
 0002:000074f0       ??_EEtxtbsyExc@Iex@@UAEPAXI@Z 100184f0 f i IexThrowErrnoExc.obj
 0002:00007560       ??1EtxtbsyExc@Iex@@UAE@XZ  10018560 f i IexThrowErrnoExc.obj
 0002:000075b0       ??0EfbigExc@Iex@@QAE@ABV?$basic_string@DU?$char_traits@D@std@@V?$allocator@D@2@@std@@@Z 100185b0 f i IexThrowErrnoExc.obj
 0002:00007620       ??_GEfbigExc@Iex@@UAEPAXI@Z 10018620 f i IexThrowErrnoExc.obj
 0002:00007620       ??_EEfbigExc@Iex@@UAEPAXI@Z 10018620 f i IexThrowErrnoExc.obj
 0002:00007690       ??1EfbigExc@Iex@@UAE@XZ    10018690 f i IexThrowErrnoExc.obj
 0002:000076e0       ??0EnospcExc@Iex@@QAE@ABV?$basic_string@DU?$char_traits@D@std@@V?$allocator@D@2@@std@@@Z 100186e0 f i IexThrowErrnoExc.obj
 0002:00007750       ??_EEnospcExc@Iex@@UAEPAXI@Z 10018750 f i IexThrowErrnoExc.obj
 0002:00007750       ??_GEnospcExc@Iex@@UAEPAXI@Z 10018750 f i IexThrowErrnoExc.obj
 0002:000077c0       ??1EnospcExc@Iex@@UAE@XZ   100187c0 f i IexThrowErrnoExc.obj
 0002:00007810       ??0EspipeExc@Iex@@QAE@ABV?$basic_string@DU?$char_traits@D@std@@V?$allocator@D@2@@std@@@Z 10018810 f i IexThrowErrnoExc.obj
 0002:00007880       ??_GEspipeExc@Iex@@UAEPAXI@Z 10018880 f i IexThrowErrnoExc.obj
 0002:00007880       ??_EEspipeExc@Iex@@UAEPAXI@Z 10018880 f i IexThrowErrnoExc.obj
 0002:000078f0       ??1EspipeExc@Iex@@UAE@XZ   100188f0 f i IexThrowErrnoExc.obj
 0002:00007940       ??0ErofsExc@Iex@@QAE@ABV?$basic_string@DU?$char_traits@D@std@@V?$allocator@D@2@@std@@@Z 10018940 f i IexThrowErrnoExc.obj
 0002:000079b0       ??_EErofsExc@Iex@@UAEPAXI@Z 100189b0 f i IexThrowErrnoExc.obj
 0002:000079b0       ??_GErofsExc@Iex@@UAEPAXI@Z 100189b0 f i IexThrowErrnoExc.obj
 0002:00007a20       ??1ErofsExc@Iex@@UAE@XZ    10018a20 f i IexThrowErrnoExc.obj
 0002:00007a70       ??0EmlinkExc@Iex@@QAE@ABV?$basic_string@DU?$char_traits@D@std@@V?$allocator@D@2@@std@@@Z 10018a70 f i IexThrowErrnoExc.obj
 0002:00007ae0       ??_EEmlinkExc@Iex@@UAEPAXI@Z 10018ae0 f i IexThrowErrnoExc.obj
 0002:00007ae0       ??_GEmlinkExc@Iex@@UAEPAXI@Z 10018ae0 f i IexThrowErrnoExc.obj
 0002:00007b50       ??1EmlinkExc@Iex@@UAE@XZ   10018b50 f i IexThrowErrnoExc.obj
 0002:00007ba0       ??0EpipeExc@Iex@@QAE@ABV?$basic_string@DU?$char_traits@D@std@@V?$allocator@D@2@@std@@@Z 10018ba0 f i IexThrowErrnoExc.obj
 0002:00007c10       ??_EEpipeExc@Iex@@UAEPAXI@Z 10018c10 f i IexThrowErrnoExc.obj
 0002:00007c10       ??_GEpipeExc@Iex@@UAEPAXI@Z 10018c10 f i IexThrowErrnoExc.obj
 0002:00007c80       ??1EpipeExc@Iex@@UAE@XZ    10018c80 f i IexThrowErrnoExc.obj
 0002:00007cd0       ??0EdomExc@Iex@@QAE@ABV?$basic_string@DU?$char_traits@D@std@@V?$allocator@D@2@@std@@@Z 10018cd0 f i IexThrowErrnoExc.obj
 0002:00007d40       ??_GEdomExc@Iex@@UAEPAXI@Z 10018d40 f i IexThrowErrnoExc.obj
 0002:00007d40       ??_EEdomExc@Iex@@UAEPAXI@Z 10018d40 f i IexThrowErrnoExc.obj
 0002:00007db0       ??1EdomExc@Iex@@UAE@XZ     10018db0 f i IexThrowErrnoExc.obj
 0002:00007e00       ??0ErangeExc@Iex@@QAE@ABV?$basic_string@DU?$char_traits@D@std@@V?$allocator@D@2@@std@@@Z 10018e00 f i IexThrowErrnoExc.obj
 0002:00007e70       ??_GErangeExc@Iex@@UAEPAXI@Z 10018e70 f i IexThrowErrnoExc.obj
 0002:00007e70       ??_EErangeExc@Iex@@UAEPAXI@Z 10018e70 f i IexThrowErrnoExc.obj
 0002:00007ee0       ??1ErangeExc@Iex@@UAE@XZ   10018ee0 f i IexThrowErrnoExc.obj
 0002:00007f30       ??0EnomsgExc@Iex@@QAE@ABV?$basic_string@DU?$char_traits@D@std@@V?$allocator@D@2@@std@@@Z 10018f30 f i IexThrowErrnoExc.obj
 0002:00007fa0       ??_GEnomsgExc@Iex@@UAEPAXI@Z 10018fa0 f i IexThrowErrnoExc.obj
 0002:00007fa0       ??_EEnomsgExc@Iex@@UAEPAXI@Z 10018fa0 f i IexThrowErrnoExc.obj
 0002:00008010       ??1EnomsgExc@Iex@@UAE@XZ   10019010 f i IexThrowErrnoExc.obj
 0002:00008060       ??0EidrmExc@Iex@@QAE@ABV?$basic_string@DU?$char_traits@D@std@@V?$allocator@D@2@@std@@@Z 10019060 f i IexThrowErrnoExc.obj
 0002:000080d0       ??_GEidrmExc@Iex@@UAEPAXI@Z 100190d0 f i IexThrowErrnoExc.obj
 0002:000080d0       ??_EEidrmExc@Iex@@UAEPAXI@Z 100190d0 f i IexThrowErrnoExc.obj
 0002:00008140       ??1EidrmExc@Iex@@UAE@XZ    10019140 f i IexThrowErrnoExc.obj
 0002:00008190       ??0EdeadlkExc@Iex@@QAE@ABV?$basic_string@DU?$char_traits@D@std@@V?$allocator@D@2@@std@@@Z 10019190 f i IexThrowErrnoExc.obj
 0002:00008200       ??_GEdeadlkExc@Iex@@UAEPAXI@Z 10019200 f i IexThrowErrnoExc.obj
 0002:00008200       ??_EEdeadlkExc@Iex@@UAEPAXI@Z 10019200 f i IexThrowErrnoExc.obj
 0002:00008270       ??1EdeadlkExc@Iex@@UAE@XZ  10019270 f i IexThrowErrnoExc.obj
 0002:000082c0       ??0EnolckExc@Iex@@QAE@ABV?$basic_string@DU?$char_traits@D@std@@V?$allocator@D@2@@std@@@Z 100192c0 f i IexThrowErrnoExc.obj
 0002:00008330       ??_GEnolckExc@Iex@@UAEPAXI@Z 10019330 f i IexThrowErrnoExc.obj
 0002:00008330       ??_EEnolckExc@Iex@@UAEPAXI@Z 10019330 f i IexThrowErrnoExc.obj
 0002:000083a0       ??1EnolckExc@Iex@@UAE@XZ   100193a0 f i IexThrowErrnoExc.obj
 0002:000083f0       ??0EnostrExc@Iex@@QAE@ABV?$basic_string@DU?$char_traits@D@std@@V?$allocator@D@2@@std@@@Z 100193f0 f i IexThrowErrnoExc.obj
 0002:00008460       ??_EEnostrExc@Iex@@UAEPAXI@Z 10019460 f i IexThrowErrnoExc.obj
 0002:00008460       ??_GEnostrExc@Iex@@UAEPAXI@Z 10019460 f i IexThrowErrnoExc.obj
 0002:000084d0       ??1EnostrExc@Iex@@UAE@XZ   100194d0 f i IexThrowErrnoExc.obj
 0002:00008520       ??0EnodataExc@Iex@@QAE@ABV?$basic_string@DU?$char_traits@D@std@@V?$allocator@D@2@@std@@@Z 10019520 f i IexThrowErrnoExc.obj
 0002:00008590       ??_EEnodataExc@Iex@@UAEPAXI@Z 10019590 f i IexThrowErrnoExc.obj
 0002:00008590       ??_GEnodataExc@Iex@@UAEPAXI@Z 10019590 f i IexThrowErrnoExc.obj
 0002:00008600       ??1EnodataExc@Iex@@UAE@XZ  10019600 f i IexThrowErrnoExc.obj
 0002:00008650       ??0EtimeExc@Iex@@QAE@ABV?$basic_string@DU?$char_traits@D@std@@V?$allocator@D@2@@std@@@Z 10019650 f i IexThrowErrnoExc.obj
 0002:000086c0       ??_EEtimeExc@Iex@@UAEPAXI@Z 100196c0 f i IexThrowErrnoExc.obj
 0002:000086c0       ??_GEtimeExc@Iex@@UAEPAXI@Z 100196c0 f i IexThrowErrnoExc.obj
 0002:00008730       ??1EtimeExc@Iex@@UAE@XZ    10019730 f i IexThrowErrnoExc.obj
 0002:00008780       ??0EnosrExc@Iex@@QAE@ABV?$basic_string@DU?$char_traits@D@std@@V?$allocator@D@2@@std@@@Z 10019780 f i IexThrowErrnoExc.obj
 0002:000087f0       ??_EEnosrExc@Iex@@UAEPAXI@Z 100197f0 f i IexThrowErrnoExc.obj
 0002:000087f0       ??_GEnosrExc@Iex@@UAEPAXI@Z 100197f0 f i IexThrowErrnoExc.obj
 0002:00008860       ??1EnosrExc@Iex@@UAE@XZ    10019860 f i IexThrowErrnoExc.obj
 0002:000088b0       ??0EnolinkExc@Iex@@QAE@ABV?$basic_string@DU?$char_traits@D@std@@V?$allocator@D@2@@std@@@Z 100198b0 f i IexThrowErrnoExc.obj
 0002:00008920       ??_EEnolinkExc@Iex@@UAEPAXI@Z 10019920 f i IexThrowErrnoExc.obj
 0002:00008920       ??_GEnolinkExc@Iex@@UAEPAXI@Z 10019920 f i IexThrowErrnoExc.obj
 0002:00008990       ??1EnolinkExc@Iex@@UAE@XZ  10019990 f i IexThrowErrnoExc.obj
 0002:000089e0       ??0EprotoExc@Iex@@QAE@ABV?$basic_string@DU?$char_traits@D@std@@V?$allocator@D@2@@std@@@Z 100199e0 f i IexThrowErrnoExc.obj
 0002:00008a50       ??_GEprotoExc@Iex@@UAEPAXI@Z 10019a50 f i IexThrowErrnoExc.obj
 0002:00008a50       ??_EEprotoExc@Iex@@UAEPAXI@Z 10019a50 f i IexThrowErrnoExc.obj
 0002:00008ac0       ??1EprotoExc@Iex@@UAE@XZ   10019ac0 f i IexThrowErrnoExc.obj
 0002:00008b10       ??0EbadmsgExc@Iex@@QAE@ABV?$basic_string@DU?$char_traits@D@std@@V?$allocator@D@2@@std@@@Z 10019b10 f i IexThrowErrnoExc.obj
 0002:00008b80       ??_GEbadmsgExc@Iex@@UAEPAXI@Z 10019b80 f i IexThrowErrnoExc.obj
 0002:00008b80       ??_EEbadmsgExc@Iex@@UAEPAXI@Z 10019b80 f i IexThrowErrnoExc.obj
 0002:00008bf0       ??1EbadmsgExc@Iex@@UAE@XZ  10019bf0 f i IexThrowErrnoExc.obj
 0002:00008c40       ??0EnametoolongExc@Iex@@QAE@ABV?$basic_string@DU?$char_traits@D@std@@V?$allocator@D@2@@std@@@Z 10019c40 f i IexThrowErrnoExc.obj
 0002:00008cb0       ??_EEnametoolongExc@Iex@@UAEPAXI@Z 10019cb0 f i IexThrowErrnoExc.obj
 0002:00008cb0       ??_GEnametoolongExc@Iex@@UAEPAXI@Z 10019cb0 f i IexThrowErrnoExc.obj
 0002:00008d20       ??1EnametoolongExc@Iex@@UAE@XZ 10019d20 f i IexThrowErrnoExc.obj
 0002:00008d70       ??0EoverflowExc@Iex@@QAE@ABV?$basic_string@DU?$char_traits@D@std@@V?$allocator@D@2@@std@@@Z 10019d70 f i IexThrowErrnoExc.obj
 0002:00008de0       ??_GEoverflowExc@Iex@@UAEPAXI@Z 10019de0 f i IexThrowErrnoExc.obj
 0002:00008de0       ??_EEoverflowExc@Iex@@UAEPAXI@Z 10019de0 f i IexThrowErrnoExc.obj
 0002:00008e50       ??1EoverflowExc@Iex@@UAE@XZ 10019e50 f i IexThrowErrnoExc.obj
 0002:00008ea0       ??0EilseqExc@Iex@@QAE@ABV?$basic_string@DU?$char_traits@D@std@@V?$allocator@D@2@@std@@@Z 10019ea0 f i IexThrowErrnoExc.obj
 0002:00008f10       ??_EEilseqExc@Iex@@UAEPAXI@Z 10019f10 f i IexThrowErrnoExc.obj
 0002:00008f10       ??_GEilseqExc@Iex@@UAEPAXI@Z 10019f10 f i IexThrowErrnoExc.obj
 0002:00008f80       ??1EilseqExc@Iex@@UAE@XZ   10019f80 f i IexThrowErrnoExc.obj
 0002:00008fd0       ??0EnosysExc@Iex@@QAE@ABV?$basic_string@DU?$char_traits@D@std@@V?$allocator@D@2@@std@@@Z 10019fd0 f i IexThrowErrnoExc.obj
 0002:00009040       ??_EEnosysExc@Iex@@UAEPAXI@Z 1001a040 f i IexThrowErrnoExc.obj
 0002:00009040       ??_GEnosysExc@Iex@@UAEPAXI@Z 1001a040 f i IexThrowErrnoExc.obj
 0002:000090b0       ??1EnosysExc@Iex@@UAE@XZ   1001a0b0 f i IexThrowErrnoExc.obj
 0002:00009100       ??0EloopExc@Iex@@QAE@ABV?$basic_string@DU?$char_traits@D@std@@V?$allocator@D@2@@std@@@Z 1001a100 f i IexThrowErrnoExc.obj
 0002:00009170       ??_EEloopExc@Iex@@UAEPAXI@Z 1001a170 f i IexThrowErrnoExc.obj
 0002:00009170       ??_GEloopExc@Iex@@UAEPAXI@Z 1001a170 f i IexThrowErrnoExc.obj
 0002:000091e0       ??1EloopExc@Iex@@UAE@XZ    1001a1e0 f i IexThrowErrnoExc.obj
 0002:00009230       ??0EnotemptyExc@Iex@@QAE@ABV?$basic_string@DU?$char_traits@D@std@@V?$allocator@D@2@@std@@@Z 1001a230 f i IexThrowErrnoExc.obj
 0002:000092a0       ??_EEnotemptyExc@Iex@@UAEPAXI@Z 1001a2a0 f i IexThrowErrnoExc.obj
 0002:000092a0       ??_GEnotemptyExc@Iex@@UAEPAXI@Z 1001a2a0 f i IexThrowErrnoExc.obj
 0002:00009310       ??1EnotemptyExc@Iex@@UAE@XZ 1001a310 f i IexThrowErrnoExc.obj
 0002:00009360       ??0EnotsockExc@Iex@@QAE@ABV?$basic_string@DU?$char_traits@D@std@@V?$allocator@D@2@@std@@@Z 1001a360 f i IexThrowErrnoExc.obj
 0002:000093d0       ??_GEnotsockExc@Iex@@UAEPAXI@Z 1001a3d0 f i IexThrowErrnoExc.obj
 0002:000093d0       ??_EEnotsockExc@Iex@@UAEPAXI@Z 1001a3d0 f i IexThrowErrnoExc.obj
 0002:00009440       ??1EnotsockExc@Iex@@UAE@XZ 1001a440 f i IexThrowErrnoExc.obj
 0002:00009490       ??0EdestaddrreqExc@Iex@@QAE@ABV?$basic_string@DU?$char_traits@D@std@@V?$allocator@D@2@@std@@@Z 1001a490 f i IexThrowErrnoExc.obj
 0002:00009500       ??_EEdestaddrreqExc@Iex@@UAEPAXI@Z 1001a500 f i IexThrowErrnoExc.obj
 0002:00009500       ??_GEdestaddrreqExc@Iex@@UAEPAXI@Z 1001a500 f i IexThrowErrnoExc.obj
 0002:00009570       ??1EdestaddrreqExc@Iex@@UAE@XZ 1001a570 f i IexThrowErrnoExc.obj
 0002:000095c0       ??0EmsgsizeExc@Iex@@QAE@ABV?$basic_string@DU?$char_traits@D@std@@V?$allocator@D@2@@std@@@Z 1001a5c0 f i IexThrowErrnoExc.obj
 0002:00009630       ??_GEmsgsizeExc@Iex@@UAEPAXI@Z 1001a630 f i IexThrowErrnoExc.obj
 0002:00009630       ??_EEmsgsizeExc@Iex@@UAEPAXI@Z 1001a630 f i IexThrowErrnoExc.obj
 0002:000096a0       ??1EmsgsizeExc@Iex@@UAE@XZ 1001a6a0 f i IexThrowErrnoExc.obj
 0002:000096f0       ??0EprototypeExc@Iex@@QAE@ABV?$basic_string@DU?$char_traits@D@std@@V?$allocator@D@2@@std@@@Z 1001a6f0 f i IexThrowErrnoExc.obj
 0002:00009760       ??_EEprototypeExc@Iex@@UAEPAXI@Z 1001a760 f i IexThrowErrnoExc.obj
 0002:00009760       ??_GEprototypeExc@Iex@@UAEPAXI@Z 1001a760 f i IexThrowErrnoExc.obj
 0002:000097d0       ??1EprototypeExc@Iex@@UAE@XZ 1001a7d0 f i IexThrowErrnoExc.obj
 0002:00009820       ??0EnoprotooptExc@Iex@@QAE@ABV?$basic_string@DU?$char_traits@D@std@@V?$allocator@D@2@@std@@@Z 1001a820 f i IexThrowErrnoExc.obj
 0002:00009890       ??_GEnoprotooptExc@Iex@@UAEPAXI@Z 1001a890 f i IexThrowErrnoExc.obj
 0002:00009890       ??_EEnoprotooptExc@Iex@@UAEPAXI@Z 1001a890 f i IexThrowErrnoExc.obj
 0002:00009900       ??1EnoprotooptExc@Iex@@UAE@XZ 1001a900 f i IexThrowErrnoExc.obj
 0002:00009950       ??0EprotonosupportExc@Iex@@QAE@ABV?$basic_string@DU?$char_traits@D@std@@V?$allocator@D@2@@std@@@Z 1001a950 f i IexThrowErrnoExc.obj
 0002:000099c0       ??_EEprotonosupportExc@Iex@@UAEPAXI@Z 1001a9c0 f i IexThrowErrnoExc.obj
 0002:000099c0       ??_GEprotonosupportExc@Iex@@UAEPAXI@Z 1001a9c0 f i IexThrowErrnoExc.obj
 0002:00009a30       ??1EprotonosupportExc@Iex@@UAE@XZ 1001aa30 f i IexThrowErrnoExc.obj
 0002:00009a80       ??0EopnotsuppExc@Iex@@QAE@ABV?$basic_string@DU?$char_traits@D@std@@V?$allocator@D@2@@std@@@Z 1001aa80 f i IexThrowErrnoExc.obj
 0002:00009af0       ??_GEopnotsuppExc@Iex@@UAEPAXI@Z 1001aaf0 f i IexThrowErrnoExc.obj
 0002:00009af0       ??_EEopnotsuppExc@Iex@@UAEPAXI@Z 1001aaf0 f i IexThrowErrnoExc.obj
 0002:00009b60       ??1EopnotsuppExc@Iex@@UAE@XZ 1001ab60 f i IexThrowErrnoExc.obj
 0002:00009bb0       ??0EafnosupportExc@Iex@@QAE@ABV?$basic_string@DU?$char_traits@D@std@@V?$allocator@D@2@@std@@@Z 1001abb0 f i IexThrowErrnoExc.obj
 0002:00009c20       ??_EEafnosupportExc@Iex@@UAEPAXI@Z 1001ac20 f i IexThrowErrnoExc.obj
 0002:00009c20       ??_GEafnosupportExc@Iex@@UAEPAXI@Z 1001ac20 f i IexThrowErrnoExc.obj
 0002:00009c90       ??1EafnosupportExc@Iex@@UAE@XZ 1001ac90 f i IexThrowErrnoExc.obj
 0002:00009ce0       ??0EaddrinuseExc@Iex@@QAE@ABV?$basic_string@DU?$char_traits@D@std@@V?$allocator@D@2@@std@@@Z 1001ace0 f i IexThrowErrnoExc.obj
 0002:00009d50       ??_EEaddrinuseExc@Iex@@UAEPAXI@Z 1001ad50 f i IexThrowErrnoExc.obj
 0002:00009d50       ??_GEaddrinuseExc@Iex@@UAEPAXI@Z 1001ad50 f i IexThrowErrnoExc.obj
 0002:00009dc0       ??1EaddrinuseExc@Iex@@UAE@XZ 1001adc0 f i IexThrowErrnoExc.obj
 0002:00009e10       ??0EaddrnotavailExc@Iex@@QAE@ABV?$basic_string@DU?$char_traits@D@std@@V?$allocator@D@2@@std@@@Z 1001ae10 f i IexThrowErrnoExc.obj
 0002:00009e80       ??_GEaddrnotavailExc@Iex@@UAEPAXI@Z 1001ae80 f i IexThrowErrnoExc.obj
 0002:00009e80       ??_EEaddrnotavailExc@Iex@@UAEPAXI@Z 1001ae80 f i IexThrowErrnoExc.obj
 0002:00009ef0       ??1EaddrnotavailExc@Iex@@UAE@XZ 1001aef0 f i IexThrowErrnoExc.obj
 0002:00009f40       ??0EnetdownExc@Iex@@QAE@ABV?$basic_string@DU?$char_traits@D@std@@V?$allocator@D@2@@std@@@Z 1001af40 f i IexThrowErrnoExc.obj
 0002:00009fb0       ??_GEnetdownExc@Iex@@UAEPAXI@Z 1001afb0 f i IexThrowErrnoExc.obj
 0002:00009fb0       ??_EEnetdownExc@Iex@@UAEPAXI@Z 1001afb0 f i IexThrowErrnoExc.obj
 0002:0000a020       ??1EnetdownExc@Iex@@UAE@XZ 1001b020 f i IexThrowErrnoExc.obj
 0002:0000a070       ??0EnetunreachExc@Iex@@QAE@ABV?$basic_string@DU?$char_traits@D@std@@V?$allocator@D@2@@std@@@Z 1001b070 f i IexThrowErrnoExc.obj
 0002:0000a0e0       ??_EEnetunreachExc@Iex@@UAEPAXI@Z 1001b0e0 f i IexThrowErrnoExc.obj
 0002:0000a0e0       ??_GEnetunreachExc@Iex@@UAEPAXI@Z 1001b0e0 f i IexThrowErrnoExc.obj
 0002:0000a150       ??1EnetunreachExc@Iex@@UAE@XZ 1001b150 f i IexThrowErrnoExc.obj
 0002:0000a1a0       ??0EnetresetExc@Iex@@QAE@ABV?$basic_string@DU?$char_traits@D@std@@V?$allocator@D@2@@std@@@Z 1001b1a0 f i IexThrowErrnoExc.obj
 0002:0000a210       ??_GEnetresetExc@Iex@@UAEPAXI@Z 1001b210 f i IexThrowErrnoExc.obj
 0002:0000a210       ??_EEnetresetExc@Iex@@UAEPAXI@Z 1001b210 f i IexThrowErrnoExc.obj
 0002:0000a280       ??1EnetresetExc@Iex@@UAE@XZ 1001b280 f i IexThrowErrnoExc.obj
 0002:0000a2d0       ??0EconnabortedExc@Iex@@QAE@ABV?$basic_string@DU?$char_traits@D@std@@V?$allocator@D@2@@std@@@Z 1001b2d0 f i IexThrowErrnoExc.obj
 0002:0000a340       ??_EEconnabortedExc@Iex@@UAEPAXI@Z 1001b340 f i IexThrowErrnoExc.obj
 0002:0000a340       ??_GEconnabortedExc@Iex@@UAEPAXI@Z 1001b340 f i IexThrowErrnoExc.obj
 0002:0000a3b0       ??1EconnabortedExc@Iex@@UAE@XZ 1001b3b0 f i IexThrowErrnoExc.obj
 0002:0000a400       ??0EconnresetExc@Iex@@QAE@ABV?$basic_string@DU?$char_traits@D@std@@V?$allocator@D@2@@std@@@Z 1001b400 f i IexThrowErrnoExc.obj
 0002:0000a470       ??_EEconnresetExc@Iex@@UAEPAXI@Z 1001b470 f i IexThrowErrnoExc.obj
 0002:0000a470       ??_GEconnresetExc@Iex@@UAEPAXI@Z 1001b470 f i IexThrowErrnoExc.obj
 0002:0000a4e0       ??1EconnresetExc@Iex@@UAE@XZ 1001b4e0 f i IexThrowErrnoExc.obj
 0002:0000a530       ??0EnobufsExc@Iex@@QAE@ABV?$basic_string@DU?$char_traits@D@std@@V?$allocator@D@2@@std@@@Z 1001b530 f i IexThrowErrnoExc.obj
 0002:0000a5a0       ??_GEnobufsExc@Iex@@UAEPAXI@Z 1001b5a0 f i IexThrowErrnoExc.obj
 0002:0000a5a0       ??_EEnobufsExc@Iex@@UAEPAXI@Z 1001b5a0 f i IexThrowErrnoExc.obj
 0002:0000a610       ??1EnobufsExc@Iex@@UAE@XZ  1001b610 f i IexThrowErrnoExc.obj
 0002:0000a660       ??0EisconnExc@Iex@@QAE@ABV?$basic_string@DU?$char_traits@D@std@@V?$allocator@D@2@@std@@@Z 1001b660 f i IexThrowErrnoExc.obj
 0002:0000a6d0       ??_GEisconnExc@Iex@@UAEPAXI@Z 1001b6d0 f i IexThrowErrnoExc.obj
 0002:0000a6d0       ??_EEisconnExc@Iex@@UAEPAXI@Z 1001b6d0 f i IexThrowErrnoExc.obj
 0002:0000a740       ??1EisconnExc@Iex@@UAE@XZ  1001b740 f i IexThrowErrnoExc.obj
 0002:0000a790       ??0EnotconnExc@Iex@@QAE@ABV?$basic_string@DU?$char_traits@D@std@@V?$allocator@D@2@@std@@@Z 1001b790 f i IexThrowErrnoExc.obj
 0002:0000a800       ??_GEnotconnExc@Iex@@UAEPAXI@Z 1001b800 f i IexThrowErrnoExc.obj
 0002:0000a800       ??_EEnotconnExc@Iex@@UAEPAXI@Z 1001b800 f i IexThrowErrnoExc.obj
 0002:0000a870       ??1EnotconnExc@Iex@@UAE@XZ 1001b870 f i IexThrowErrnoExc.obj
 0002:0000a8c0       ??0EtimedoutExc@Iex@@QAE@ABV?$basic_string@DU?$char_traits@D@std@@V?$allocator@D@2@@std@@@Z 1001b8c0 f i IexThrowErrnoExc.obj
 0002:0000a930       ??_GEtimedoutExc@Iex@@UAEPAXI@Z 1001b930 f i IexThrowErrnoExc.obj
 0002:0000a930       ??_EEtimedoutExc@Iex@@UAEPAXI@Z 1001b930 f i IexThrowErrnoExc.obj
 0002:0000a9a0       ??1EtimedoutExc@Iex@@UAE@XZ 1001b9a0 f i IexThrowErrnoExc.obj
 0002:0000a9f0       ??0EconnrefusedExc@Iex@@QAE@ABV?$basic_string@DU?$char_traits@D@std@@V?$allocator@D@2@@std@@@Z 1001b9f0 f i IexThrowErrnoExc.obj
 0002:0000aa60       ??_EEconnrefusedExc@Iex@@UAEPAXI@Z 1001ba60 f i IexThrowErrnoExc.obj
 0002:0000aa60       ??_GEconnrefusedExc@Iex@@UAEPAXI@Z 1001ba60 f i IexThrowErrnoExc.obj
 0002:0000aad0       ??1EconnrefusedExc@Iex@@UAE@XZ 1001bad0 f i IexThrowErrnoExc.obj
 0002:0000ab20       ??0EhostunreachExc@Iex@@QAE@ABV?$basic_string@DU?$char_traits@D@std@@V?$allocator@D@2@@std@@@Z 1001bb20 f i IexThrowErrnoExc.obj
 0002:0000ab90       ??_GEhostunreachExc@Iex@@UAEPAXI@Z 1001bb90 f i IexThrowErrnoExc.obj
 0002:0000ab90       ??_EEhostunreachExc@Iex@@UAEPAXI@Z 1001bb90 f i IexThrowErrnoExc.obj
 0002:0000ac00       ??1EhostunreachExc@Iex@@UAE@XZ 1001bc00 f i IexThrowErrnoExc.obj
 0002:0000ac50       ??0EalreadyExc@Iex@@QAE@ABV?$basic_string@DU?$char_traits@D@std@@V?$allocator@D@2@@std@@@Z 1001bc50 f i IexThrowErrnoExc.obj
 0002:0000acc0       ??_GEalreadyExc@Iex@@UAEPAXI@Z 1001bcc0 f i IexThrowErrnoExc.obj
 0002:0000acc0       ??_EEalreadyExc@Iex@@UAEPAXI@Z 1001bcc0 f i IexThrowErrnoExc.obj
 0002:0000ad30       ??1EalreadyExc@Iex@@UAE@XZ 1001bd30 f i IexThrowErrnoExc.obj
 0002:0000ad80       ??0EinprogressExc@Iex@@QAE@ABV?$basic_string@DU?$char_traits@D@std@@V?$allocator@D@2@@std@@@Z 1001bd80 f i IexThrowErrnoExc.obj
 0002:0000adf0       ??_EEinprogressExc@Iex@@UAEPAXI@Z 1001bdf0 f i IexThrowErrnoExc.obj
 0002:0000adf0       ??_GEinprogressExc@Iex@@UAEPAXI@Z 1001bdf0 f i IexThrowErrnoExc.obj
 0002:0000ae60       ??1EinprogressExc@Iex@@UAE@XZ 1001be60 f i IexThrowErrnoExc.obj
 0002:0000aeb0       ??0EcanceledExc@Iex@@QAE@ABV?$basic_string@DU?$char_traits@D@std@@V?$allocator@D@2@@std@@@Z 1001beb0 f i IexThrowErrnoExc.obj
 0002:0000af20       ??_EEcanceledExc@Iex@@UAEPAXI@Z 1001bf20 f i IexThrowErrnoExc.obj
 0002:0000af20       ??_GEcanceledExc@Iex@@UAEPAXI@Z 1001bf20 f i IexThrowErrnoExc.obj
 0002:0000af90       ??1EcanceledExc@Iex@@UAE@XZ 1001bf90 f i IexThrowErrnoExc.obj
 0002:0000afe0       ??0EnotsupExc@Iex@@QAE@ABV?$basic_string@DU?$char_traits@D@std@@V?$allocator@D@2@@std@@@Z 1001bfe0 f i IexThrowErrnoExc.obj
 0002:0000b050       ??_EEnotsupExc@Iex@@UAEPAXI@Z 1001c050 f i IexThrowErrnoExc.obj
 0002:0000b050       ??_GEnotsupExc@Iex@@UAEPAXI@Z 1001c050 f i IexThrowErrnoExc.obj
 0002:0000b0c0       ??1EnotsupExc@Iex@@UAE@XZ  1001c0c0 f i IexThrowErrnoExc.obj
 0002:0000b110       ??0EpermExc@Iex@@QAE@ABV01@@Z 1001c110 f i IexThrowErrnoExc.obj
 0002:0000b180       ??0ErrnoExc@Iex@@QAE@ABV01@@Z 1001c180 f i IexThrowErrnoExc.obj
 0002:0000b1f0       ??0?$_String_val@DV?$allocator@D@std@@@std@@QAE@ABV01@@Z 1001c1f0 f i IexThrowErrnoExc.obj
 0002:0000b2c0       ??0EnoentExc@Iex@@QAE@ABV01@@Z 1001c2c0 f i IexThrowErrnoExc.obj
 0002:0000b330       ??0EsrchExc@Iex@@QAE@ABV01@@Z 1001c330 f i IexThrowErrnoExc.obj
 0002:0000b3a0       ??0EintrExc@Iex@@QAE@ABV01@@Z 1001c3a0 f i IexThrowErrnoExc.obj
 0002:0000b410       ??0EioExc@Iex@@QAE@ABV01@@Z 1001c410 f i IexThrowErrnoExc.obj
 0002:0000b480       ??0EnxioExc@Iex@@QAE@ABV01@@Z 1001c480 f i IexThrowErrnoExc.obj
 0002:0000b4f0       ??0E2bigExc@Iex@@QAE@ABV01@@Z 1001c4f0 f i IexThrowErrnoExc.obj
 0002:0000b560       ??0EnoexecExc@Iex@@QAE@ABV01@@Z 1001c560 f i IexThrowErrnoExc.obj
 0002:0000b5d0       ??0EbadfExc@Iex@@QAE@ABV01@@Z 1001c5d0 f i IexThrowErrnoExc.obj
 0002:0000b640       ??0EchildExc@Iex@@QAE@ABV01@@Z 1001c640 f i IexThrowErrnoExc.obj
 0002:0000b6b0       ??0EagainExc@Iex@@QAE@ABV01@@Z 1001c6b0 f i IexThrowErrnoExc.obj
 0002:0000b720       ??0EnomemExc@Iex@@QAE@ABV01@@Z 1001c720 f i IexThrowErrnoExc.obj
 0002:0000b790       ??0EaccesExc@Iex@@QAE@ABV01@@Z 1001c790 f i IexThrowErrnoExc.obj
 0002:0000b800       ??0EfaultExc@Iex@@QAE@ABV01@@Z 1001c800 f i IexThrowErrnoExc.obj
 0002:0000b870       ??0EbusyExc@Iex@@QAE@ABV01@@Z 1001c870 f i IexThrowErrnoExc.obj
 0002:0000b8e0       ??0EexistExc@Iex@@QAE@ABV01@@Z 1001c8e0 f i IexThrowErrnoExc.obj
 0002:0000b950       ??0ExdevExc@Iex@@QAE@ABV01@@Z 1001c950 f i IexThrowErrnoExc.obj
 0002:0000b9c0       ??0EnodevExc@Iex@@QAE@ABV01@@Z 1001c9c0 f i IexThrowErrnoExc.obj
 0002:0000ba30       ??0EnotdirExc@Iex@@QAE@ABV01@@Z 1001ca30 f i IexThrowErrnoExc.obj
 0002:0000baa0       ??0EisdirExc@Iex@@QAE@ABV01@@Z 1001caa0 f i IexThrowErrnoExc.obj
 0002:0000bb10       ??0EinvalExc@Iex@@QAE@ABV01@@Z 1001cb10 f i IexThrowErrnoExc.obj
 0002:0000bb80       ??0EnfileExc@Iex@@QAE@ABV01@@Z 1001cb80 f i IexThrowErrnoExc.obj
 0002:0000bbf0       ??0EmfileExc@Iex@@QAE@ABV01@@Z 1001cbf0 f i IexThrowErrnoExc.obj
 0002:0000bc60       ??0EnottyExc@Iex@@QAE@ABV01@@Z 1001cc60 f i IexThrowErrnoExc.obj
 0002:0000bcd0       ??0EtxtbsyExc@Iex@@QAE@ABV01@@Z 1001ccd0 f i IexThrowErrnoExc.obj
 0002:0000bd40       ??0EfbigExc@Iex@@QAE@ABV01@@Z 1001cd40 f i IexThrowErrnoExc.obj
 0002:0000bdb0       ??0EnospcExc@Iex@@QAE@ABV01@@Z 1001cdb0 f i IexThrowErrnoExc.obj
 0002:0000be20       ??0EspipeExc@Iex@@QAE@ABV01@@Z 1001ce20 f i IexThrowErrnoExc.obj
 0002:0000be90       ??0ErofsExc@Iex@@QAE@ABV01@@Z 1001ce90 f i IexThrowErrnoExc.obj
 0002:0000bf00       ??0EmlinkExc@Iex@@QAE@ABV01@@Z 1001cf00 f i IexThrowErrnoExc.obj
 0002:0000bf70       ??0EpipeExc@Iex@@QAE@ABV01@@Z 1001cf70 f i IexThrowErrnoExc.obj
 0002:0000bfe0       ??0EdomExc@Iex@@QAE@ABV01@@Z 1001cfe0 f i IexThrowErrnoExc.obj
 0002:0000c050       ??0ErangeExc@Iex@@QAE@ABV01@@Z 1001d050 f i IexThrowErrnoExc.obj
 0002:0000c0c0       ??0EnomsgExc@Iex@@QAE@ABV01@@Z 1001d0c0 f i IexThrowErrnoExc.obj
 0002:0000c130       ??0EidrmExc@Iex@@QAE@ABV01@@Z 1001d130 f i IexThrowErrnoExc.obj
 0002:0000c1a0       ??0EdeadlkExc@Iex@@QAE@ABV01@@Z 1001d1a0 f i IexThrowErrnoExc.obj
 0002:0000c210       ??0EnolckExc@Iex@@QAE@ABV01@@Z 1001d210 f i IexThrowErrnoExc.obj
 0002:0000c280       ??0EnostrExc@Iex@@QAE@ABV01@@Z 1001d280 f i IexThrowErrnoExc.obj
 0002:0000c2f0       ??0EnodataExc@Iex@@QAE@ABV01@@Z 1001d2f0 f i IexThrowErrnoExc.obj
 0002:0000c360       ??0EtimeExc@Iex@@QAE@ABV01@@Z 1001d360 f i IexThrowErrnoExc.obj
 0002:0000c3d0       ??0EnosrExc@Iex@@QAE@ABV01@@Z 1001d3d0 f i IexThrowErrnoExc.obj
 0002:0000c440       ??0EnolinkExc@Iex@@QAE@ABV01@@Z 1001d440 f i IexThrowErrnoExc.obj
 0002:0000c4b0       ??0EprotoExc@Iex@@QAE@ABV01@@Z 1001d4b0 f i IexThrowErrnoExc.obj
 0002:0000c520       ??0EbadmsgExc@Iex@@QAE@ABV01@@Z 1001d520 f i IexThrowErrnoExc.obj
 0002:0000c590       ??0EnametoolongExc@Iex@@QAE@ABV01@@Z 1001d590 f i IexThrowErrnoExc.obj
 0002:0000c600       ??0EoverflowExc@Iex@@QAE@ABV01@@Z 1001d600 f i IexThrowErrnoExc.obj
 0002:0000c670       ??0EilseqExc@Iex@@QAE@ABV01@@Z 1001d670 f i IexThrowErrnoExc.obj
 0002:0000c6e0       ??0EnosysExc@Iex@@QAE@ABV01@@Z 1001d6e0 f i IexThrowErrnoExc.obj
 0002:0000c750       ??0EloopExc@Iex@@QAE@ABV01@@Z 1001d750 f i IexThrowErrnoExc.obj
 0002:0000c7c0       ??0EnotemptyExc@Iex@@QAE@ABV01@@Z 1001d7c0 f i IexThrowErrnoExc.obj
 0002:0000c830       ??0EnotsockExc@Iex@@QAE@ABV01@@Z 1001d830 f i IexThrowErrnoExc.obj
 0002:0000c8a0       ??0EdestaddrreqExc@Iex@@QAE@ABV01@@Z 1001d8a0 f i IexThrowErrnoExc.obj
 0002:0000c910       ??0EmsgsizeExc@Iex@@QAE@ABV01@@Z 1001d910 f i IexThrowErrnoExc.obj
 0002:0000c980       ??0EprototypeExc@Iex@@QAE@ABV01@@Z 1001d980 f i IexThrowErrnoExc.obj
 0002:0000c9f0       ??0EnoprotooptExc@Iex@@QAE@ABV01@@Z 1001d9f0 f i IexThrowErrnoExc.obj
 0002:0000ca60       ??0EprotonosupportExc@Iex@@QAE@ABV01@@Z 1001da60 f i IexThrowErrnoExc.obj
 0002:0000cad0       ??0EopnotsuppExc@Iex@@QAE@ABV01@@Z 1001dad0 f i IexThrowErrnoExc.obj
 0002:0000cb40       ??0EafnosupportExc@Iex@@QAE@ABV01@@Z 1001db40 f i IexThrowErrnoExc.obj
 0002:0000cbb0       ??0EaddrinuseExc@Iex@@QAE@ABV01@@Z 1001dbb0 f i IexThrowErrnoExc.obj
 0002:0000cc20       ??0EaddrnotavailExc@Iex@@QAE@ABV01@@Z 1001dc20 f i IexThrowErrnoExc.obj
 0002:0000cc90       ??0EnetdownExc@Iex@@QAE@ABV01@@Z 1001dc90 f i IexThrowErrnoExc.obj
 0002:0000cd00       ??0EnetunreachExc@Iex@@QAE@ABV01@@Z 1001dd00 f i IexThrowErrnoExc.obj
 0002:0000cd70       ??0EnetresetExc@Iex@@QAE@ABV01@@Z 1001dd70 f i IexThrowErrnoExc.obj
 0002:0000cde0       ??0EconnabortedExc@Iex@@QAE@ABV01@@Z 1001dde0 f i IexThrowErrnoExc.obj
 0002:0000ce50       ??0EconnresetExc@Iex@@QAE@ABV01@@Z 1001de50 f i IexThrowErrnoExc.obj
 0002:0000cec0       ??0EnobufsExc@Iex@@QAE@ABV01@@Z 1001dec0 f i IexThrowErrnoExc.obj
 0002:0000cf30       ??0EisconnExc@Iex@@QAE@ABV01@@Z 1001df30 f i IexThrowErrnoExc.obj
 0002:0000cfa0       ??0EnotconnExc@Iex@@QAE@ABV01@@Z 1001dfa0 f i IexThrowErrnoExc.obj
 0002:0000d010       ??0EtimedoutExc@Iex@@QAE@ABV01@@Z 1001e010 f i IexThrowErrnoExc.obj
 0002:0000d080       ??0EconnrefusedExc@Iex@@QAE@ABV01@@Z 1001e080 f i IexThrowErrnoExc.obj
 0002:0000d0f0       ??0EhostunreachExc@Iex@@QAE@ABV01@@Z 1001e0f0 f i IexThrowErrnoExc.obj
 0002:0000d160       ??0EalreadyExc@Iex@@QAE@ABV01@@Z 1001e160 f i IexThrowErrnoExc.obj
 0002:0000d1d0       ??0EinprogressExc@Iex@@QAE@ABV01@@Z 1001e1d0 f i IexThrowErrnoExc.obj
 0002:0000d240       ??0EcanceledExc@Iex@@QAE@ABV01@@Z 1001e240 f i IexThrowErrnoExc.obj
 0002:0000d2b0       ??0EnotsupExc@Iex@@QAE@ABV01@@Z 1001e2b0 f i IexThrowErrnoExc.obj
 0002:0000d320       ?throwErrnoExc@Iex@@YAXABV?$basic_string@DU?$char_traits@D@std@@V?$allocator@D@2@@std@@@Z 1001e320 f   IexThrowErrnoExc.obj
 0002:0000d390       ?replace@?$basic_string@DU?$char_traits@D@std@@V?$allocator@D@2@@std@@QAEAAV12@IIPBDI@Z 1001e390 f i IexThrowErrnoExc.obj
 0002:0000d5b0       ?find@?$basic_string@DU?$char_traits@D@std@@V?$allocator@D@2@@std@@QBEIPBDI@Z 1001e5b0 f i IexThrowErrnoExc.obj
 0002:0000d640       ?replace@?$basic_string@DU?$char_traits@D@std@@V?$allocator@D@2@@std@@QAEAAV12@IIABV12@II@Z 1001e640 f i IexThrowErrnoExc.obj
 0002:0000d9e0       ?find@?$basic_string@DU?$char_traits@D@std@@V?$allocator@D@2@@std@@QBEIPBDII@Z 1001e9e0 f i IexThrowErrnoExc.obj
 0002:0000db40       ?compare@?$char_traits@D@std@@SAHPBD0I@Z 1001eb40 f i IexThrowErrnoExc.obj
 0002:0000dba0       ?find@?$char_traits@D@std@@SAPBDPBDIABD@Z 1001eba0 f i IexThrowErrnoExc.obj
 0002:0000dc08       ??1_Container_base12@std@@QAE@XZ 1001ec08 f   msvcprtd:MSVCP100D.dll
 0002:0000dc0e       ??0_Container_base12@std@@QAE@XZ 1001ec0e f   msvcprtd:MSVCP100D.dll
 0002:0000dc14       ?_Orphan_all@_Container_base12@std@@QAEXXZ 1001ec14 f   msvcprtd:MSVCP100D.dll
 0002:0000dc1a       ?eback@?$basic_streambuf@DU?$char_traits@D@std@@@std@@IBEPADXZ 1001ec1a f   msvcprtd:MSVCP100D.dll
 0002:0000dc20       ?egptr@?$basic_streambuf@DU?$char_traits@D@std@@@std@@IBEPADXZ 1001ec20 f   msvcprtd:MSVCP100D.dll
 0002:0000dc26       ?gptr@?$basic_streambuf@DU?$char_traits@D@std@@@std@@IBEPADXZ 1001ec26 f   msvcprtd:MSVCP100D.dll
 0002:0000dc2c       ?pbase@?$basic_streambuf@DU?$char_traits@D@std@@@std@@IBEPADXZ 1001ec2c f   msvcprtd:MSVCP100D.dll
 0002:0000dc32       ?pptr@?$basic_streambuf@DU?$char_traits@D@std@@@std@@IBEPADXZ 1001ec32 f   msvcprtd:MSVCP100D.dll
 0002:0000dc38       ?_Xlength_error@std@@YAXPBD@Z 1001ec38 f   msvcprtd:MSVCP100D.dll
 0002:0000dc3e       ?_Xout_of_range@std@@YAXPBD@Z 1001ec3e f   msvcprtd:MSVCP100D.dll
 0002:0000dc44       ?_Debug_message@std@@YAXPB_W0I@Z 1001ec44 f   msvcprtd:MSVCP100D.dll
 0002:0000dc4a       ??0_Container_base12@std@@QAE@ABU01@@Z 1001ec4a f   msvcprtd:MSVCP100D.dll
 0002:0000dc50       __RTC_InitBase             1001ec50 f   MSVCRTD:_init_.obj
 0002:0000dc90       __RTC_Shutdown             1001ec90 f   MSVCRTD:_init_.obj
 0002:0000dca8       ??0exception@std@@QAE@XZ   1001eca8 f   MSVCRTD:MSVCR100D.dll
 0002:0000dcb0       @__security_check_cookie@4 1001ecb0 f   MSVCRTD:secchk.obj
 0002:0000dcd0       __RTC_CheckEsp             1001ecd0 f   MSVCRTD:_stack_.obj
 0002:0000dd00       @_RTC_CheckStackVars@8     1001ed00 f   MSVCRTD:_stack_.obj
 0002:0000dd80       @_RTC_AllocaHelper@12      1001ed80 f   MSVCRTD:_stack_.obj
 0002:0000ddc0       @_RTC_CheckStackVars2@12   1001edc0 f   MSVCRTD:_stack_.obj
 0002:0000ded0       ??0type_info@@AAE@ABV0@@Z  1001eed0 f   MSVCRTD:ti_inst.obj
 0002:0000df00       ??_Etype_info@@UAEPAXI@Z   1001ef00 f i MSVCRTD:ti_inst.obj
 0002:0000df90       ??4type_info@@AAEAAV0@ABV0@@Z 1001ef90 f   MSVCRTD:ti_inst.obj
 0002:0000dfa6       ??3@YAXPAX@Z               1001efa6 f   MSVCRTD:MSVCR100D.dll
 0002:0000dfac       ??1exception@std@@UAE@XZ   1001efac f   MSVCRTD:MSVCR100D.dll
 0002:0000dfb2       ___CxxFrameHandler3        1001efb2 f   MSVCRTD:MSVCR100D.dll
 0002:0000dfb8       _memmove                   1001efb8 f   MSVCRTD:MSVCR100D.dll
 0002:0000dfbe       _strlen                    1001efbe f   MSVCRTD:MSVCR100D.dll
 0002:0000dfc4       _memcpy                    1001efc4 f   MSVCRTD:MSVCR100D.dll
 0002:0000dfca       __CxxThrowException@8      1001efca f   MSVCRTD:MSVCR100D.dll
 0002:0000dfd0       ??2@YAPAXI@Z               1001efd0 f   MSVCRTD:MSVCR100D.dll
 0002:0000dfd6       ??0exception@std@@QAE@ABV01@@Z 1001efd6 f   MSVCRTD:MSVCR100D.dll
 0002:0000dfdc       ??0exception@std@@QAE@ABQBD@Z 1001efdc f   MSVCRTD:MSVCR100D.dll
 0002:0000dfe2       ?what@exception@std@@UBEPBDXZ 1001efe2 f   MSVCRTD:MSVCR100D.dll
 0002:0000dfe8       _strerror                  1001efe8 f   MSVCRTD:MSVCR100D.dll
 0002:0000dff0       __alloca_probe             1001eff0     MSVCRTD:chkstk.obj
 0002:0000dff0       __chkstk                   1001eff0 f   MSVCRTD:chkstk.obj
 0002:0000e026       __errno                    1001f026 f   MSVCRTD:MSVCR100D.dll
 0002:0000e02c       _memcmp                    1001f02c f   MSVCRTD:MSVCR100D.dll
 0002:0000e032       _memchr                    1001f032 f   MSVCRTD:MSVCR100D.dll
 0002:0000e0e0       __CRT_INIT@12              1001f0e0 f   MSVCRTD:crtdll.obj
 0002:0000e490       _NtCurrentTeb              1001f490 f i MSVCRTD:crtdll.obj
 0002:0000e4a0       __DllMainCRTStartup@12     1001f4a0 f   MSVCRTD:crtdll.obj
 0002:0000e720       __RTC_NumErrors            1001f720 f   MSVCRTD:_userapi_.obj
 0002:0000e730       __RTC_GetErrDesc           1001f730 f   MSVCRTD:_userapi_.obj
 0002:0000e750       __RTC_SetErrorType         1001f750 f   MSVCRTD:_userapi_.obj
 0002:0000e780       __RTC_SetErrorFunc         1001f780 f   MSVCRTD:_userapi_.obj
 0002:0000e7b0       __RTC_SetErrorFuncW        1001f7b0 f   MSVCRTD:_userapi_.obj
 0002:0000e7e0       ?_RTC_GetErrorFunc@@YAP6AHHPBDH00ZZPBX@Z 1001f7e0 f   MSVCRTD:_userapi_.obj
 0002:0000e7f0       ?_RTC_GetErrorFuncW@@YAP6AHHPB_WH00ZZPBX@Z 1001f7f0 f   MSVCRTD:_userapi_.obj
 0002:0000e7f6       __CRT_RTC_INITW            1001f7f6 f   MSVCRTD:MSVCR100D.dll
 0002:0000e800       ___report_gsfailure        1001f800 f   MSVCRTD:gs_report.obj
 0002:0000e960       ?_RTC_Failure@@YAXPAXH@Z   1001f960 f   MSVCRTD:_error_.obj
 0002:0000edf0       ?_RTC_StackFailure@@YAXPAXPBD@Z 1001fdf0 f   MSVCRTD:_error_.obj
 0002:0000ef30       ?_RTC_AllocaFailure@@YAXPAXPAU_RTC_ALLOCA_NODE@@H@Z 1001ff30 f   MSVCRTD:_error_.obj
 0002:0000f140       __RTC_UninitUse            10020140 f   MSVCRTD:_error_.obj
 0002:0000f270       ??_M@YGXPAXIHP6EX0@Z@Z     10020270 f   MSVCRTD:ehvecdtr.obj
 0002:0000f350       ?__ArrayUnwind@@YGXPAXIHP6EX0@Z@Z 10020350 f   MSVCRTD:ehvecdtr.obj
 0002:0000f450       ___clean_type_info_names   10020450 f   MSVCRTD:tncleanup.obj
 0002:0000f470       __onexit                   10020470 f   MSVCRTD:atonexit.obj
 0002:0000f5a0       _atexit                    100205a0 f   MSVCRTD:atonexit.obj
 0002:0000f5d0       __RTC_Initialize           100205d0 f   MSVCRTD:_initsect_.obj
 0002:0000f600       __RTC_Terminate            10020600 f   MSVCRTD:_initsect_.obj
 0002:0000f630       __malloc_dbg               10020630 f   MSVCRTD:MSVCR100D.dll
 0002:0000f636       __free_dbg                 10020636 f   MSVCRTD:MSVCR100D.dll
 0002:0000f63c       __encoded_null             1002063c f   MSVCRTD:MSVCR100D.dll
 0002:0000f642       __CrtSetCheckCount         10020642 f   MSVCRTD:MSVCR100D.dll
 0002:0000f650       __ValidateImageBase        10020650 f   MSVCRTD:pesect.obj
 0002:0000f6d0       __FindPESection            100206d0 f   MSVCRTD:pesect.obj
 0002:0000f770       __IsNonwritableInCurrentImage 10020770 f   MSVCRTD:pesect.obj
 0002:0000f8c6       __initterm                 100208c6 f   MSVCRTD:MSVCR100D.dll
 0002:0000f8cc       __initterm_e               100208cc f   MSVCRTD:MSVCR100D.dll
 0002:0000f8d2       __amsg_exit                100208d2 f   MSVCRTD:MSVCR100D.dll
 0002:0000f8e0       ___security_init_cookie    100208e0 f   MSVCRTD:gs_support.obj
 0002:0000f9f8       ___CppXcptFilter           100209f8 f   MSVCRTD:MSVCR100D.dll
 0002:0000fa00       _DllMain@12                10020a00 f   MSVCRTD:dllmain.obj
 0002:0000fa30       __except_handler4          10020a30 f   MSVCRTD:chandler4gs.obj
 0002:0000fa64       __crt_debugger_hook        10020a64 f   MSVCRTD:MSVCR100D.dll
 0002:0000fa70       ?_RTC_GetSrcLine@@YAHPAEPA_WKPAH1K@Z 10020a70 f   MSVCRTD:_pdblkup_.obj
 0002:00010246       ?terminate@@YAXXZ          10021246 f   MSVCRTD:MSVCR100D.dll
 0002:0001024c       ?_type_info_dtor_internal_method@type_info@@QAEXXZ 1002124c f   MSVCRTD:MSVCR100D.dll
 0002:0001024c       ??1type_info@@UAE@XZ       1002124c f   MSVCRTD:MSVCR100D.dll
 0002:00010252       ___clean_type_info_names_internal 10021252 f   MSVCRTD:MSVCR100D.dll
 0002:00010258       __unlock                   10021258 f   MSVCRTD:MSVCR100D.dll
 0002:0001025e       ___dllonexit               1002125e f   MSVCRTD:MSVCR100D.dll
 0002:00010264       __lock                     10021264 f   MSVCRTD:MSVCR100D.dll
 0002:0001026a       __except_handler4_common   1002126a f   MSVCRTD:MSVCR100D.dll
 0002:00010270       __wmakepath_s              10021270 f   MSVCRTD:MSVCR100D.dll
 0002:00010276       _wcscpy_s                  10021276 f   MSVCRTD:MSVCR100D.dll
 0002:0001027c       __wsplitpath_s             1002127c f   MSVCRTD:MSVCR100D.dll
 0002:00010282       _EncodePointer@4           10021282 f   kernel32:KERNEL32.dll
 0002:00010288       _DecodePointer@4           10021288 f   kernel32:KERNEL32.dll
 0002:0001028e       _InterlockedExchange@8     1002128e f   kernel32:KERNEL32.dll
 0002:00010294       _Sleep@4                   10021294 f   kernel32:KERNEL32.dll
 0002:0001029a       _InterlockedCompareExchange@12 1002129a f   kernel32:KERNEL32.dll
 0002:000102a0       _TerminateProcess@8        100212a0 f   kernel32:KERNEL32.dll
 0002:000102a6       _GetCurrentProcess@0       100212a6 f   kernel32:KERNEL32.dll
 0002:000102ac       _UnhandledExceptionFilter@4 100212ac f   kernel32:KERNEL32.dll
 0002:000102b2       _SetUnhandledExceptionFilter@4 100212b2 f   kernel32:KERNEL32.dll
 0002:000102b8       _IsDebuggerPresent@0       100212b8 f   kernel32:KERNEL32.dll
 0002:000102be       _WideCharToMultiByte@32    100212be f   kernel32:KERNEL32.dll
 0002:000102c4       _MultiByteToWideChar@24    100212c4 f   kernel32:KERNEL32.dll
 0002:000102ca       _RaiseException@16         100212ca f   kernel32:KERNEL32.dll
 0002:000102d0       _lstrlenA@4                100212d0 f   kernel32:KERNEL32.dll
 0002:000102d6       _GetProcAddress@8          100212d6 f   kernel32:KERNEL32.dll
 0002:000102dc       _LoadLibraryW@4            100212dc f   kernel32:KERNEL32.dll
 0002:000102e2       _QueryPerformanceCounter@4 100212e2 f   kernel32:KERNEL32.dll
 0002:000102e8       _GetTickCount@0            100212e8 f   kernel32:KERNEL32.dll
 0002:000102ee       _GetCurrentThreadId@0      100212ee f   kernel32:KERNEL32.dll
 0002:000102f4       _GetCurrentProcessId@0     100212f4 f   kernel32:KERNEL32.dll
 0002:000102fa       _GetSystemTimeAsFileTime@4 100212fa f   kernel32:KERNEL32.dll
 0002:00010300       _DisableThreadLibraryCalls@4 10021300 f   kernel32:KERNEL32.dll
 0002:00010306       _HeapFree@12               10021306 f   kernel32:KERNEL32.dll
 0002:0001030c       _HeapAlloc@12              1002130c f   kernel32:KERNEL32.dll
 0002:00010312       _GetProcessHeap@0          10021312 f   kernel32:KERNEL32.dll
 0002:00010318       _GetModuleFileNameW@12     10021318 f   kernel32:KERNEL32.dll
 0002:0001031e       _VirtualQuery@12           1002131e f   kernel32:KERNEL32.dll
 0002:00010324       _GetModuleHandleW@4        10021324 f   kernel32:KERNEL32.dll
 0002:0001032a       _FreeLibrary@4             1002132a f   kernel32:KERNEL32.dll
 0003:00000000       ___xc_a                    10024000     MSVCRTD:cinitexe.obj
 0003:00000104       ___xc_z                    10024104     MSVCRTD:cinitexe.obj
 0003:00000208       ___xi_a                    10024208     MSVCRTD:cinitexe.obj
 0003:00000410       ___xi_z                    10024410     MSVCRTD:cinitexe.obj
 0003:0000053c       ?value@?$integral_constant@_N$0A@@tr1@std@@2_NB 1002453c     IexBaseExc.obj
 0003:0000053d       ?value@?$integral_constant@_N$00@tr1@std@@2_NB 1002453d     IexBaseExc.obj
 0003:00000540       ?value@?$integral_constant@I$0A@@tr1@std@@2IB 10024540     IexBaseExc.obj
 0003:00000544       ?_Rank@?$_Arithmetic_traits@_N@std@@2HB 10024544     IexBaseExc.obj
 0003:00000548       ?_Rank@?$_Arithmetic_traits@D@std@@2HB 10024548     IexBaseExc.obj
 0003:0000054c       ?_Rank@?$_Arithmetic_traits@C@std@@2HB 1002454c     IexBaseExc.obj
 0003:00000550       ?_Rank@?$_Arithmetic_traits@E@std@@2HB 10024550     IexBaseExc.obj
 0003:00000554       ?_Rank@?$_Arithmetic_traits@F@std@@2HB 10024554     IexBaseExc.obj
 0003:00000558       ?_Rank@?$_Arithmetic_traits@G@std@@2HB 10024558     IexBaseExc.obj
 0003:0000055c       ?_Rank@?$_Arithmetic_traits@H@std@@2HB 1002455c     IexBaseExc.obj
 0003:00000560       ?_Rank@?$_Arithmetic_traits@I@std@@2HB 10024560     IexBaseExc.obj
 0003:00000564       ?_Rank@?$_Arithmetic_traits@J@std@@2HB 10024564     IexBaseExc.obj
 0003:00000568       ?_Rank@?$_Arithmetic_traits@K@std@@2HB 10024568     IexBaseExc.obj
 0003:0000056c       ?_Rank@?$_Arithmetic_traits@_J@std@@2HB 1002456c     IexBaseExc.obj
 0003:00000570       ?_Rank@?$_Arithmetic_traits@_K@std@@2HB 10024570     IexBaseExc.obj
 0003:00000574       ?_Rank@?$_Arithmetic_traits@M@std@@2HB 10024574     IexBaseExc.obj
 0003:00000578       ?_Rank@?$_Arithmetic_traits@N@std@@2HB 10024578     IexBaseExc.obj
 0003:0000057c       ?_Rank@?$_Arithmetic_traits@O@std@@2HB 1002457c     IexBaseExc.obj
 0003:00000580       ?collate@?$_Locbase@H@std@@2HB 10024580     IexBaseExc.obj
 0003:00000584       ?ctype@?$_Locbase@H@std@@2HB 10024584     IexBaseExc.obj
 0003:00000588       ?monetary@?$_Locbase@H@std@@2HB 10024588     IexBaseExc.obj
 0003:0000058c       ?numeric@?$_Locbase@H@std@@2HB 1002458c     IexBaseExc.obj
 0003:00000590       ?time@?$_Locbase@H@std@@2HB 10024590     IexBaseExc.obj
 0003:00000594       ?messages@?$_Locbase@H@std@@2HB 10024594     IexBaseExc.obj
 0003:00000598       ?all@?$_Locbase@H@std@@2HB 10024598     IexBaseExc.obj
 0003:0000059c       ?none@?$_Locbase@H@std@@2HB 1002459c     IexBaseExc.obj
 0003:000005a0       ?skipws@?$_Iosb@H@std@@2W4_Fmtflags@12@B 100245a0     IexBaseExc.obj
 0003:000005a4       ?unitbuf@?$_Iosb@H@std@@2W4_Fmtflags@12@B 100245a4     IexBaseExc.obj
 0003:000005a8       ?uppercase@?$_Iosb@H@std@@2W4_Fmtflags@12@B 100245a8     IexBaseExc.obj
 0003:000005ac       ?showbase@?$_Iosb@H@std@@2W4_Fmtflags@12@B 100245ac     IexBaseExc.obj
 0003:000005b0       ?showpoint@?$_Iosb@H@std@@2W4_Fmtflags@12@B 100245b0     IexBaseExc.obj
 0003:000005b4       ?showpos@?$_Iosb@H@std@@2W4_Fmtflags@12@B 100245b4     IexBaseExc.obj
 0003:000005b8       ?left@?$_Iosb@H@std@@2W4_Fmtflags@12@B 100245b8     IexBaseExc.obj
 0003:000005bc       ?right@?$_Iosb@H@std@@2W4_Fmtflags@12@B 100245bc     IexBaseExc.obj
 0003:000005c0       ?internal@?$_Iosb@H@std@@2W4_Fmtflags@12@B 100245c0     IexBaseExc.obj
 0003:000005c4       ?dec@?$_Iosb@H@std@@2W4_Fmtflags@12@B 100245c4     IexBaseExc.obj
 0003:000005c8       ?oct@?$_Iosb@H@std@@2W4_Fmtflags@12@B 100245c8     IexBaseExc.obj
 0003:000005cc       ?hex@?$_Iosb@H@std@@2W4_Fmtflags@12@B 100245cc     IexBaseExc.obj
 0003:000005d0       ?scientific@?$_Iosb@H@std@@2W4_Fmtflags@12@B 100245d0     IexBaseExc.obj
 0003:000005d4       ?fixed@?$_Iosb@H@std@@2W4_Fmtflags@12@B 100245d4     IexBaseExc.obj
 0003:000005d8       ?hexfloat@?$_Iosb@H@std@@2W4_Fmtflags@12@B 100245d8     IexBaseExc.obj
 0003:000005dc       ?boolalpha@?$_Iosb@H@std@@2W4_Fmtflags@12@B 100245dc     IexBaseExc.obj
 0003:000005e0       ?_Stdio@?$_Iosb@H@std@@2W4_Fmtflags@12@B 100245e0     IexBaseExc.obj
 0003:000005e4       ?adjustfield@?$_Iosb@H@std@@2W4_Fmtflags@12@B 100245e4     IexBaseExc.obj
 0003:000005e8       ?basefield@?$_Iosb@H@std@@2W4_Fmtflags@12@B 100245e8     IexBaseExc.obj
 0003:000005ec       ?floatfield@?$_Iosb@H@std@@2W4_Fmtflags@12@B 100245ec     IexBaseExc.obj
 0003:000005f0       ?goodbit@?$_Iosb@H@std@@2W4_Iostate@12@B 100245f0     IexBaseExc.obj
 0003:000005f4       ?eofbit@?$_Iosb@H@std@@2W4_Iostate@12@B 100245f4     IexBaseExc.obj
 0003:000005f8       ?failbit@?$_Iosb@H@std@@2W4_Iostate@12@B 100245f8     IexBaseExc.obj
 0003:000005fc       ?badbit@?$_Iosb@H@std@@2W4_Iostate@12@B 100245fc     IexBaseExc.obj
 0003:00000600       ?_Hardfail@?$_Iosb@H@std@@2W4_Iostate@12@B 10024600     IexBaseExc.obj
 0003:00000604       ?in@?$_Iosb@H@std@@2W4_Openmode@12@B 10024604     IexBaseExc.obj
 0003:00000608       ?out@?$_Iosb@H@std@@2W4_Openmode@12@B 10024608     IexBaseExc.obj
 0003:0000060c       ?ate@?$_Iosb@H@std@@2W4_Openmode@12@B 1002460c     IexBaseExc.obj
 0003:00000610       ?app@?$_Iosb@H@std@@2W4_Openmode@12@B 10024610     IexBaseExc.obj
 0003:00000614       ?trunc@?$_Iosb@H@std@@2W4_Openmode@12@B 10024614     IexBaseExc.obj
 0003:00000618       ?_Nocreate@?$_Iosb@H@std@@2W4_Openmode@12@B 10024618     IexBaseExc.obj
 0003:0000061c       ?_Noreplace@?$_Iosb@H@std@@2W4_Openmode@12@B 1002461c     IexBaseExc.obj
 0003:00000620       ?binary@?$_Iosb@H@std@@2W4_Openmode@12@B 10024620     IexBaseExc.obj
 0003:00000624       ?beg@?$_Iosb@H@std@@2W4_Seekdir@12@B 10024624     IexBaseExc.obj
 0003:00000628       ?cur@?$_Iosb@H@std@@2W4_Seekdir@12@B 10024628     IexBaseExc.obj
 0003:0000062c       ?end@?$_Iosb@H@std@@2W4_Seekdir@12@B 1002462c     IexBaseExc.obj
 0003:00000634       ??_7BaseExc@Iex@@6B@       10024634     IexBaseExc.obj
 0003:0000063e       ??_C@_00CNPNBAHC@?$AA@     1002463e     IexBaseExc.obj
 0003:00000640       ?npos@?$basic_string@DU?$char_traits@D@std@@V?$allocator@D@2@@std@@2IB 10024640     IexBaseExc.obj
 0003:00000648       ??_C@_1IO@GEGAMENF@?$AAc?$AA?3?$AA?2?$AAp?$AAr?$AAo?$AAg?$AAr?$AAa?$AAm?$AA?5?$AAf?$AAi?$AAl?$AAe?$AAs?$AA?5?$AA?$CI?$AAx?$AA8?$AA6?$AA?$CJ?$AA?2?$AAm?$AAi?$AAc?$AAr?$AAo?$AAs?$AAo?$AAf?$AAt@ 10024648     IexBaseExc.obj
 0003:000006f4       ??_C@_0BA@JFNIOLAK@string?5too?5long?$AA@ 100246f4     IexBaseExc.obj
 0003:00000708       ??_C@_0BI@CFPLBAOH@invalid?5string?5position?$AA@ 10024708     IexBaseExc.obj
 0003:00000724       ??_C@_1CK@EOPGIILJ@?$AAi?$AAn?$AAv?$AAa?$AAl?$AAi?$AAd?$AA?5?$AAn?$AAu?$AAl?$AAl?$AA?5?$AAp?$AAo?$AAi?$AAn?$AAt?$AAe?$AAr?$AA?$AA@ 10024724     IexBaseExc.obj
 0003:0000075c       ??_7bad_alloc@std@@6B@     1002475c     IexBaseExc.obj
 0003:00000768       ??_C@_02OAOPDKLG@?$CFT?$AA@ 10024768     IexThrowErrnoExc.obj
 0003:00000770       ??_7ErrnoExc@Iex@@6B@      10024770     IexThrowErrnoExc.obj
 0003:00000780       ??_7EpermExc@Iex@@6B@      10024780     IexThrowErrnoExc.obj
 0003:00000790       ??_7EnoentExc@Iex@@6B@     10024790     IexThrowErrnoExc.obj
 0003:000007a0       ??_7EsrchExc@Iex@@6B@      100247a0     IexThrowErrnoExc.obj
 0003:000007b0       ??_7EintrExc@Iex@@6B@      100247b0     IexThrowErrnoExc.obj
 0003:000007c0       ??_7EioExc@Iex@@6B@        100247c0     IexThrowErrnoExc.obj
 0003:000007d0       ??_7EnxioExc@Iex@@6B@      100247d0     IexThrowErrnoExc.obj
 0003:000007e0       ??_7E2bigExc@Iex@@6B@      100247e0     IexThrowErrnoExc.obj
 0003:000007f0       ??_7EnoexecExc@Iex@@6B@    100247f0     IexThrowErrnoExc.obj
 0003:00000800       ??_7EbadfExc@Iex@@6B@      10024800     IexThrowErrnoExc.obj
 0003:00000810       ??_7EchildExc@Iex@@6B@     10024810     IexThrowErrnoExc.obj
 0003:00000820       ??_7EagainExc@Iex@@6B@     10024820     IexThrowErrnoExc.obj
 0003:00000830       ??_7EnomemExc@Iex@@6B@     10024830     IexThrowErrnoExc.obj
 0003:00000840       ??_7EaccesExc@Iex@@6B@     10024840     IexThrowErrnoExc.obj
 0003:00000850       ??_7EfaultExc@Iex@@6B@     10024850     IexThrowErrnoExc.obj
 0003:00000860       ??_7EbusyExc@Iex@@6B@      10024860     IexThrowErrnoExc.obj
 0003:00000870       ??_7EexistExc@Iex@@6B@     10024870     IexThrowErrnoExc.obj
 0003:00000880       ??_7ExdevExc@Iex@@6B@      10024880     IexThrowErrnoExc.obj
 0003:00000890       ??_7EnodevExc@Iex@@6B@     10024890     IexThrowErrnoExc.obj
 0003:000008a0       ??_7EnotdirExc@Iex@@6B@    100248a0     IexThrowErrnoExc.obj
 0003:000008b0       ??_7EisdirExc@Iex@@6B@     100248b0     IexThrowErrnoExc.obj
 0003:000008c0       ??_7EinvalExc@Iex@@6B@     100248c0     IexThrowErrnoExc.obj
 0003:000008d0       ??_7EnfileExc@Iex@@6B@     100248d0     IexThrowErrnoExc.obj
 0003:000008e0       ??_7EmfileExc@Iex@@6B@     100248e0     IexThrowErrnoExc.obj
 0003:000008f0       ??_7EnottyExc@Iex@@6B@     100248f0     IexThrowErrnoExc.obj
 0003:00000900       ??_7EtxtbsyExc@Iex@@6B@    10024900     IexThrowErrnoExc.obj
 0003:00000910       ??_7EfbigExc@Iex@@6B@      10024910     IexThrowErrnoExc.obj
 0003:00000920       ??_7EnospcExc@Iex@@6B@     10024920     IexThrowErrnoExc.obj
 0003:00000930       ??_7EspipeExc@Iex@@6B@     10024930     IexThrowErrnoExc.obj
 0003:00000940       ??_7ErofsExc@Iex@@6B@      10024940     IexThrowErrnoExc.obj
 0003:00000950       ??_7EmlinkExc@Iex@@6B@     10024950     IexThrowErrnoExc.obj
 0003:00000960       ??_7EpipeExc@Iex@@6B@      10024960     IexThrowErrnoExc.obj
 0003:00000970       ??_7EdomExc@Iex@@6B@       10024970     IexThrowErrnoExc.obj
 0003:00000980       ??_7ErangeExc@Iex@@6B@     10024980     IexThrowErrnoExc.obj
 0003:00000990       ??_7EnomsgExc@Iex@@6B@     10024990     IexThrowErrnoExc.obj
 0003:000009a0       ??_7EidrmExc@Iex@@6B@      100249a0     IexThrowErrnoExc.obj
 0003:000009b0       ??_7EdeadlkExc@Iex@@6B@    100249b0     IexThrowErrnoExc.obj
 0003:000009c0       ??_7EnolckExc@Iex@@6B@     100249c0     IexThrowErrnoExc.obj
 0003:000009d0       ??_7EnostrExc@Iex@@6B@     100249d0     IexThrowErrnoExc.obj
 0003:000009e0       ??_7EnodataExc@Iex@@6B@    100249e0     IexThrowErrnoExc.obj
 0003:000009f0       ??_7EtimeExc@Iex@@6B@      100249f0     IexThrowErrnoExc.obj
 0003:00000a00       ??_7EnosrExc@Iex@@6B@      10024a00     IexThrowErrnoExc.obj
 0003:00000a10       ??_7EnolinkExc@Iex@@6B@    10024a10     IexThrowErrnoExc.obj
 0003:00000a20       ??_7EprotoExc@Iex@@6B@     10024a20     IexThrowErrnoExc.obj
 0003:00000a30       ??_7EbadmsgExc@Iex@@6B@    10024a30     IexThrowErrnoExc.obj
 0003:00000a40       ??_7EnametoolongExc@Iex@@6B@ 10024a40     IexThrowErrnoExc.obj
 0003:00000a50       ??_7EoverflowExc@Iex@@6B@  10024a50     IexThrowErrnoExc.obj
 0003:00000a60       ??_7EilseqExc@Iex@@6B@     10024a60     IexThrowErrnoExc.obj
 0003:00000a70       ??_7EnosysExc@Iex@@6B@     10024a70     IexThrowErrnoExc.obj
 0003:00000a80       ??_7EloopExc@Iex@@6B@      10024a80     IexThrowErrnoExc.obj
 0003:00000a90       ??_7EnotemptyExc@Iex@@6B@  10024a90     IexThrowErrnoExc.obj
 0003:00000aa0       ??_7EnotsockExc@Iex@@6B@   10024aa0     IexThrowErrnoExc.obj
 0003:00000ab0       ??_7EdestaddrreqExc@Iex@@6B@ 10024ab0     IexThrowErrnoExc.obj
 0003:00000ac0       ??_7EmsgsizeExc@Iex@@6B@   10024ac0     IexThrowErrnoExc.obj
 0003:00000ad0       ??_7EprototypeExc@Iex@@6B@ 10024ad0     IexThrowErrnoExc.obj
 0003:00000ae0       ??_7EnoprotooptExc@Iex@@6B@ 10024ae0     IexThrowErrnoExc.obj
 0003:00000af0       ??_7EprotonosupportExc@Iex@@6B@ 10024af0     IexThrowErrnoExc.obj
 0003:00000b00       ??_7EopnotsuppExc@Iex@@6B@ 10024b00     IexThrowErrnoExc.obj
 0003:00000b10       ??_7EafnosupportExc@Iex@@6B@ 10024b10     IexThrowErrnoExc.obj
 0003:00000b20       ??_7EaddrinuseExc@Iex@@6B@ 10024b20     IexThrowErrnoExc.obj
 0003:00000b30       ??_7EaddrnotavailExc@Iex@@6B@ 10024b30     IexThrowErrnoExc.obj
 0003:00000b40       ??_7EnetdownExc@Iex@@6B@   10024b40     IexThrowErrnoExc.obj
 0003:00000b50       ??_7EnetunreachExc@Iex@@6B@ 10024b50     IexThrowErrnoExc.obj
 0003:00000b60       ??_7EnetresetExc@Iex@@6B@  10024b60     IexThrowErrnoExc.obj
 0003:00000b70       ??_7EconnabortedExc@Iex@@6B@ 10024b70     IexThrowErrnoExc.obj
 0003:00000b80       ??_7EconnresetExc@Iex@@6B@ 10024b80     IexThrowErrnoExc.obj
 0003:00000b90       ??_7EnobufsExc@Iex@@6B@    10024b90     IexThrowErrnoExc.obj
 0003:00000ba0       ??_7EisconnExc@Iex@@6B@    10024ba0     IexThrowErrnoExc.obj
 0003:00000bb0       ??_7EnotconnExc@Iex@@6B@   10024bb0     IexThrowErrnoExc.obj
 0003:00000bc0       ??_7EtimedoutExc@Iex@@6B@  10024bc0     IexThrowErrnoExc.obj
 0003:00000bd0       ??_7EconnrefusedExc@Iex@@6B@ 10024bd0     IexThrowErrnoExc.obj
 0003:00000be0       ??_7EhostunreachExc@Iex@@6B@ 10024be0     IexThrowErrnoExc.obj
 0003:00000bf0       ??_7EalreadyExc@Iex@@6B@   10024bf0     IexThrowErrnoExc.obj
 0003:00000c00       ??_7EinprogressExc@Iex@@6B@ 10024c00     IexThrowErrnoExc.obj
 0003:00000c10       ??_7EcanceledExc@Iex@@6B@  10024c10     IexThrowErrnoExc.obj
 0003:00000c20       ??_7EnotsupExc@Iex@@6B@    10024c20     IexThrowErrnoExc.obj
 0003:00000c30       ??_7type_info@@6B@         10024c30     MSVCRTD:ti_inst.obj
 0003:00000c38       __pRawDllMain              10024c38     MSVCRTD:crtdll.obj
 0003:00000c38       __pDefaultRawDllMain       10024c38     MSVCRTD:crtdll.obj
 0003:00000c3c       ??_C@_0DA@FJPPCPEH@f?3?2dd?2vctools?2crt_bld?2self_x86?2c@ 10024c3c     MSVCRTD:crtdll.obj
 0003:00000c78       ??_C@_0BP@OGBCLIBO@Stack?5around?5_alloca?5corrupted?$AA@ 10024c78     MSVCRTD:_userapi_.obj
 0003:00000ca0       ??_C@_0CK@CNLNOEPB@Local?5variable?5used?5before?5initi@ 10024ca0     MSVCRTD:_userapi_.obj
 0003:00000cd4       ??_C@_0BI@CIGMDCBH@Stack?5memory?5corruption?$AA@ 10024cd4     MSVCRTD:_userapi_.obj
 0003:00000cf0       ??_C@_0CK@FEGOIOPB@Cast?5to?5smaller?5type?5causing?5los@ 10024cf0     MSVCRTD:_userapi_.obj
 0003:00000d24       ??_C@_0BJ@HEGAHDFO@Stack?5pointer?5corruption?$AA@ 10024d24     MSVCRTD:_userapi_.obj
 0003:00000d68       ??_C@_0BO@GNIAFIKK@Unknown?5Runtime?5Check?5Error?6?$AN?$AA@ 10024d68     MSVCRTD:_error_.obj
 0003:00000d8c       ??_C@_0CM@NGINOKPC@Stack?5memory?5around?5_alloca?5was?5@ 10024d8c     MSVCRTD:_error_.obj
 0003:00000dc0       ??_C@_0DG@HKJMLLLP@A?5local?5variable?5was?5used?5before@ 10024dc0     MSVCRTD:_error_.obj
 0003:00000e00       ??_C@_0BN@FFOINMNJ@Stack?5memory?5was?5corrupted?6?$AN?$AA@ 10024e00     MSVCRTD:_error_.obj
 0003:00000e28       ??_C@_0BBN@GPMLNJCF@A?5cast?5to?5a?5smaller?5data?5type?5ha@ 10024e28     MSVCRTD:_error_.obj
 0003:00000f80       ??_C@_0NN@NGPKDKPD@The?5value?5of?5ESP?5was?5not?5properl@ 10024f80     MSVCRTD:_error_.obj
 0003:00001148       ??_C@_0CA@IODNCDPG@Run?9Time?5Check?5Failure?5?$CD?$CFd?5?9?5?$CFs?$AA@ 10025148     MSVCRTD:_error_.obj
 0003:00001170       ??_C@_0BE@GNBOBNCK@Unknown?5Module?5Name?$AA@ 10025170     MSVCRTD:_error_.obj
 0003:00001188       ??_C@_0BB@PFFGGCJP@Unknown?5Filename?$AA@ 10025188     MSVCRTD:_error_.obj
 0003:000011a0       ??_C@_1EA@NFKNIFJP@?$AAR?$AAu?$AAn?$AA?9?$AAT?$AAi?$AAm?$AAe?$AA?5?$AAC?$AAh?$AAe?$AAc?$AAk?$AA?5?$AAF?$AAa?$AAi?$AAl?$AAu?$AAr?$AAe?$AA?5?$AA?$CD?$AA?$CF?$AAd?$AA?5?$AA?9?$AA?5?$AA?$CF?$AAs?$AA?$AA@ 100251a0     MSVCRTD:_error_.obj
 0003:000011f0       ??_C@_1GM@OLMCBDMB@?$AAR?$AAu?$AAn?$AAt?$AAi?$AAm?$AAe?$AA?5?$AAC?$AAh?$AAe?$AAc?$AAk?$AA?5?$AAE?$AAr?$AAr?$AAo?$AAr?$AA?4?$AA?6?$AA?$AN?$AA?5?$AAU?$AAn?$AAa?$AAb?$AAl?$AAe?$AA?5?$AAt?$AAo@ 100251f0     MSVCRTD:_error_.obj
 0003:00001274       ??_C@_0CG@IAFNJNEE@Stack?5corrupted?5near?5unknown?5var@ 10025274     MSVCRTD:_error_.obj
 0003:000012a8       ??_C@_0EJ@LJKNEOLN@Stack?5area?5around?5_alloca?5memory@ 100252a8     MSVCRTD:_error_.obj
 0003:00001300       ??_C@_08KJEDNCKC@?$CFs?$CFs?$CFs?$CFs?$AA@ 10025300     MSVCRTD:_error_.obj
 0003:0000130c       ??_C@_02LLMPMKNF@?$DO?5?$AA@ 1002530c     MSVCRTD:_error_.obj
 0003:00001310       ??_C@_01EEMJAFIK@?6?$AA@   10025310     MSVCRTD:_error_.obj
 0003:00001314       ??_C@_0BC@KIBAILCI@?$CFs?$CFs?$CFp?$CFs?$CFld?$CFs?$CFd?$CFs?$AA@ 10025314     MSVCRTD:_error_.obj
 0003:00001330       ??_C@_0EI@CLEPFNGI@Stack?5area?5around?5_alloca?5memory@ 10025330     MSVCRTD:_error_.obj
 0003:00001388       ??_C@_0N@MHFFIMFG@?6Address?3?50x?$AA@ 10025388     MSVCRTD:_error_.obj
 0003:00001398       ??_C@_07DFDJCKFN@?6Size?3?5?$AA@ 10025398     MSVCRTD:_error_.obj
 0003:000013a4       ??_C@_0CK@DKGBICFE@?6Allocation?5number?5within?5this?5f@ 100253a4     MSVCRTD:_error_.obj
 0003:000013d8       ??_C@_08OMAHNMHJ@?6Data?3?5?$DM?$AA@ 100253d8     MSVCRTD:_error_.obj
 0003:000013e4       ??_C@_09FOPFMPEJ@wsprintfA?$AA@ 100253e4     MSVCRTD:_error_.obj
 0003:000013f0       ??_C@_1BG@OILDLIOJ@?$AAu?$AAs?$AAe?$AAr?$AA3?$AA2?$AA?4?$AAd?$AAl?$AAl?$AA?$AA@ 100253f0     MSVCRTD:_error_.obj
 0003:0000140c       ??_C@_05MKKEDADM@?$CF?42X?5?$AA@ 1002540c     MSVCRTD:_error_.obj
 0003:00001414       ??_C@_0DE@OHJBPMBP@A?5variable?5is?5being?5used?5without@ 10025414     MSVCRTD:_error_.obj
 0003:00001454       ?ProcessDetach@NativeDll@<CrtImplementationDetails>@@0IB 10025454     MSVCRTD:tncleanup.obj
 0003:00001458       ?ProcessAttach@NativeDll@<CrtImplementationDetails>@@0IB 10025458     MSVCRTD:tncleanup.obj
 0003:0000145c       ?ThreadAttach@NativeDll@<CrtImplementationDetails>@@0IB 1002545c     MSVCRTD:tncleanup.obj
 0003:00001460       ?ThreadDetach@NativeDll@<CrtImplementationDetails>@@0IB 10025460     MSVCRTD:tncleanup.obj
 0003:00001464       ?ProcessVerifier@NativeDll@<CrtImplementationDetails>@@0IB 10025464     MSVCRTD:tncleanup.obj
 0003:000014ac       ??_C@_01KDCPPGHE@r?$AA@    100254ac     MSVCRTD:_pdblkup_.obj
 0003:000014b0       ??_C@_0BB@KCIACLNC@PDBOpenValidate5?$AA@ 100254b0     MSVCRTD:_pdblkup_.obj
 0003:000014c4       ??_C@_1CK@HHHCOJPD@?$AAE?$AAn?$AAv?$AAi?$AAr?$AAo?$AAn?$AAm?$AAe?$AAn?$AAt?$AAD?$AAi?$AAr?$AAe?$AAc?$AAt?$AAo?$AAr?$AAy?$AA?$AA@ 100254c4     MSVCRTD:_pdblkup_.obj
 0003:000014f8       ??_C@_1FM@DNCABAP@?$AAS?$AAO?$AAF?$AAT?$AAW?$AAA?$AAR?$AAE?$AA?2?$AAM?$AAi?$AAc?$AAr?$AAo?$AAs?$AAo?$AAf?$AAt?$AA?2?$AAV?$AAi?$AAs?$AAu?$AAa?$AAl?$AAS?$AAt?$AAu?$AAd?$AAi?$AAo?$AA?2@ 100254f8     MSVCRTD:_pdblkup_.obj
 0003:00001568       ??_C@_0M@HLOHPNFA@RegCloseKey?$AA@ 10025568     MSVCRTD:_pdblkup_.obj
 0003:00001578       ??_C@_0BB@GLNAEDBD@RegQueryValueExW?$AA@ 10025578     MSVCRTD:_pdblkup_.obj
 0003:0000158c       ??_C@_0O@COHOBMLB@RegOpenKeyExW?$AA@ 1002558c     MSVCRTD:_pdblkup_.obj
 0003:0000159c       ??_C@_1BK@GAEMIDIL@?$AAA?$AAD?$AAV?$AAA?$AAP?$AAI?$AA3?$AA2?$AA?4?$AAD?$AAL?$AAL?$AA?$AA@ 1002559c     MSVCRTD:_pdblkup_.obj
 0003:00001908       ??_R4BaseExc@Iex@@6B@      10025908     IexBaseExc.obj
 0003:00001920       ??_R3BaseExc@Iex@@8        10025920     IexBaseExc.obj
 0003:00001934       ??_R2BaseExc@Iex@@8        10025934     IexBaseExc.obj
 0003:00001950       ??_R1A@?0A@EA@BaseExc@Iex@@8 10025950     IexBaseExc.obj
 0003:00001974       ??_R1M@?0A@EA@?$basic_string@DU?$char_traits@D@std@@V?$allocator@D@2@@std@@8 10025974     IexBaseExc.obj
 0003:00001998       ??_R3?$basic_string@DU?$char_traits@D@std@@V?$allocator@D@2@@std@@8 10025998     IexBaseExc.obj
 0003:000019ac       ??_R2?$basic_string@DU?$char_traits@D@std@@V?$allocator@D@2@@std@@8 100259ac     IexBaseExc.obj
 0003:000019bc       ??_R1A@?0A@EA@?$basic_string@DU?$char_traits@D@std@@V?$allocator@D@2@@std@@8 100259bc     IexBaseExc.obj
 0003:000019e0       ??_R1A@?0A@EA@?$_String_val@DV?$allocator@D@std@@@std@@8 100259e0     IexBaseExc.obj
 0003:00001a04       ??_R3?$_String_val@DV?$allocator@D@std@@@std@@8 10025a04     IexBaseExc.obj
 0003:00001a18       ??_R2?$_String_val@DV?$allocator@D@std@@@std@@8 10025a18     IexBaseExc.obj
 0003:00001a24       ??_R1A@?0A@EA@_Container_base12@std@@8 10025a24     IexBaseExc.obj
 0003:00001a48       ??_R3_Container_base12@std@@8 10025a48     IexBaseExc.obj
 0003:00001a5c       ??_R2_Container_base12@std@@8 10025a5c     IexBaseExc.obj
 0003:00001a64       ??_R1M@?0A@EA@?$_String_val@DV?$allocator@D@std@@@std@@8 10025a64     IexBaseExc.obj
 0003:00001a88       ??_R1M@?0A@EA@_Container_base12@std@@8 10025a88     IexBaseExc.obj
 0003:00001aac       ??_R1A@?0A@EA@exception@std@@8 10025aac     IexBaseExc.obj
 0003:00001ad0       ??_R3exception@std@@8      10025ad0     IexBaseExc.obj
 0003:00001ae4       ??_R2exception@std@@8      10025ae4     IexBaseExc.obj
 0003:00001aec       ??_R4bad_alloc@std@@6B@    10025aec     IexBaseExc.obj
 0003:00001b04       ??_R3bad_alloc@std@@8      10025b04     IexBaseExc.obj
[...]
 0003:00005eb0       __CT??_R0?AVEnoprotooptExc@Iex@@@8??0EnoprotooptExc@Iex@@QAE@ABV01@@Z76 10029eb0     IexThrowErrnoExc.obj
 0003:00005ed0       __CTA7?AVEprotonosupportExc@Iex@@ 10029ed0     IexThrowErrnoExc.obj
 0003:00005ef4       __CT??_R0?AVEprotonosupportExc@Iex@@@8??0EprotonosupportExc@Iex@@QAE@ABV01@@Z76 10029ef4     IexThrowErrnoExc.obj
 0003:00005f14       __CTA7?AVEopnotsuppExc@Iex@@ 10029f14     IexThrowErrnoExc.obj
 0003:00005f38       __CT??_R0?AVEopnotsuppExc@Iex@@@8??0EopnotsuppExc@Iex@@QAE@ABV01@@Z76 10029f38     IexThrowErrnoExc.obj
 0003:00005f58       __CTA7?AVEafnosupportExc@Iex@@ 10029f58     IexThrowErrnoExc.obj
 0003:00005f7c       __CT??_R0?AVEafnosupportExc@Iex@@@8??0EafnosupportExc@Iex@@QAE@ABV01@@Z76 10029f7c     IexThrowErrnoExc.obj
 0003:00005f9c       __CTA7?AVEaddrinuseExc@Iex@@ 10029f9c     IexThrowErrnoExc.obj
 0003:00005fc0       __CT??_R0?AVEaddrinuseExc@Iex@@@8??0EaddrinuseExc@Iex@@QAE@ABV01@@Z76 10029fc0     IexThrowErrnoExc.obj
 0003:00005fe0       __CTA7?AVEaddrnotavailExc@Iex@@ 10029fe0     IexThrowErrnoExc.obj
 0003:00006004       __CT??_R0?AVEaddrnotavailExc@Iex@@@8??0EaddrnotavailExc@Iex@@QAE@ABV01@@Z76 1002a004     IexThrowErrnoExc.obj
 0003:00006024       __CTA7?AVEnetdownExc@Iex@@ 1002a024     IexThrowErrnoExc.obj
 0003:00006048       __CT??_R0?AVEnetdownExc@Iex@@@8??0EnetdownExc@Iex@@QAE@ABV01@@Z76 1002a048     IexThrowErrnoExc.obj
 0003:00006068       __CTA7?AVEnetunreachExc@Iex@@ 1002a068     IexThrowErrnoExc.obj
 0003:0000608c       __CT??_R0?AVEnetunreachExc@Iex@@@8??0EnetunreachExc@Iex@@QAE@ABV01@@Z76 1002a08c     IexThrowErrnoExc.obj
 0003:000060ac       __CTA7?AVEnetresetExc@Iex@@ 1002a0ac     IexThrowErrnoExc.obj
 0003:000060d0       __CT??_R0?AVEnetresetExc@Iex@@@8??0EnetresetExc@Iex@@QAE@ABV01@@Z76 1002a0d0     IexThrowErrnoExc.obj
 0003:000060f0       __CTA7?AVEconnabortedExc@Iex@@ 1002a0f0     IexThrowErrnoExc.obj
 0003:00006114       __CT??_R0?AVEconnabortedExc@Iex@@@8??0EconnabortedExc@Iex@@QAE@ABV01@@Z76 1002a114     IexThrowErrnoExc.obj
 0003:00006134       __CTA7?AVEconnresetExc@Iex@@ 1002a134     IexThrowErrnoExc.obj
 0003:00006158       __CT??_R0?AVEconnresetExc@Iex@@@8??0EconnresetExc@Iex@@QAE@ABV01@@Z76 1002a158     IexThrowErrnoExc.obj
 0003:00006178       __CTA7?AVEnobufsExc@Iex@@  1002a178     IexThrowErrnoExc.obj
 0003:0000619c       __CT??_R0?AVEnobufsExc@Iex@@@8??0EnobufsExc@Iex@@QAE@ABV01@@Z76 1002a19c     IexThrowErrnoExc.obj
 0003:000061bc       __CTA7?AVEisconnExc@Iex@@  1002a1bc     IexThrowErrnoExc.obj
 0003:000061e0       __CT??_R0?AVEisconnExc@Iex@@@8??0EisconnExc@Iex@@QAE@ABV01@@Z76 1002a1e0     IexThrowErrnoExc.obj
 0003:00006200       __CTA7?AVEnotconnExc@Iex@@ 1002a200     IexThrowErrnoExc.obj
 0003:00006224       __CT??_R0?AVEnotconnExc@Iex@@@8??0EnotconnExc@Iex@@QAE@ABV01@@Z76 1002a224     IexThrowErrnoExc.obj
 0003:00006244       __CTA7?AVEtimedoutExc@Iex@@ 1002a244     IexThrowErrnoExc.obj
 0003:00006268       __CT??_R0?AVEtimedoutExc@Iex@@@8??0EtimedoutExc@Iex@@QAE@ABV01@@Z76 1002a268     IexThrowErrnoExc.obj
 0003:00006288       __CTA7?AVEconnrefusedExc@Iex@@ 1002a288     IexThrowErrnoExc.obj
 0003:000062ac       __CT??_R0?AVEconnrefusedExc@Iex@@@8??0EconnrefusedExc@Iex@@QAE@ABV01@@Z76 1002a2ac     IexThrowErrnoExc.obj
 0003:000062cc       __CTA7?AVEhostunreachExc@Iex@@ 1002a2cc     IexThrowErrnoExc.obj
 0003:000062f0       __CT??_R0?AVEhostunreachExc@Iex@@@8??0EhostunreachExc@Iex@@QAE@ABV01@@Z76 1002a2f0     IexThrowErrnoExc.obj
 0003:00006310       __CTA7?AVEalreadyExc@Iex@@ 1002a310     IexThrowErrnoExc.obj
 0003:00006334       __CT??_R0?AVEalreadyExc@Iex@@@8??0EalreadyExc@Iex@@QAE@ABV01@@Z76 1002a334     IexThrowErrnoExc.obj
 0003:00006354       __CTA7?AVEinprogressExc@Iex@@ 1002a354     IexThrowErrnoExc.obj
 0003:00006378       __CT??_R0?AVEinprogressExc@Iex@@@8??0EinprogressExc@Iex@@QAE@ABV01@@Z76 1002a378     IexThrowErrnoExc.obj
 0003:00006398       __CTA7?AVEcanceledExc@Iex@@ 1002a398     IexThrowErrnoExc.obj
 0003:000063bc       __CT??_R0?AVEcanceledExc@Iex@@@8??0EcanceledExc@Iex@@QAE@ABV01@@Z76 1002a3bc     IexThrowErrnoExc.obj
 0003:000063dc       __CTA7?AVEnotsupExc@Iex@@  1002a3dc     IexThrowErrnoExc.obj
 0003:00006400       __CT??_R0?AVEnotsupExc@Iex@@@8??0EnotsupExc@Iex@@QAE@ABV01@@Z76 1002a400     IexThrowErrnoExc.obj
 0003:00006420       __CTA6?AVErrnoExc@Iex@@    1002a420     IexThrowErrnoExc.obj
 0004:00000000       ??_R0?AVBaseExc@Iex@@@8    1002b000     IexBaseExc.obj
 0004:00000020       ??_R0?AV?$basic_string@DU?$char_traits@D@std@@V?$allocator@D@2@@std@@@8 1002b020     IexBaseExc.obj
 0004:00000078       ??_R0?AV?$_String_val@DV?$allocator@D@std@@@std@@@8 1002b078     IexBaseExc.obj
 0004:000000b8       ??_R0?AU_Container_base12@std@@@8 1002b0b8     IexBaseExc.obj
 0004:000000e4       ??_R0?AVexception@std@@@8  1002b0e4     IexBaseExc.obj
 0004:00000108       ??_R0?AVbad_alloc@std@@@8  1002b108     IexBaseExc.obj
 0004:0000012c       ??_R0?AVEpermExc@Iex@@@8   1002b12c     IexThrowErrnoExc.obj
 0004:0000014c       ??_R0?AVErrnoExc@Iex@@@8   1002b14c     IexThrowErrnoExc.obj
 0004:0000016c       ??_R0?AVEnoentExc@Iex@@@8  1002b16c     IexThrowErrnoExc.obj
 0004:00000190       ??_R0?AVEsrchExc@Iex@@@8   1002b190     IexThrowErrnoExc.obj
 0004:000001b0       ??_R0?AVEintrExc@Iex@@@8   1002b1b0     IexThrowErrnoExc.obj
 0004:000001d0       ??_R0?AVEioExc@Iex@@@8     1002b1d0     IexThrowErrnoExc.obj
 0004:000001f0       ??_R0?AVEnxioExc@Iex@@@8   1002b1f0     IexThrowErrnoExc.obj
 0004:00000210       ??_R0?AVE2bigExc@Iex@@@8   1002b210     IexThrowErrnoExc.obj
 0004:00000230       ??_R0?AVEnoexecExc@Iex@@@8 1002b230     IexThrowErrnoExc.obj
 0004:00000254       ??_R0?AVEbadfExc@Iex@@@8   1002b254     IexThrowErrnoExc.obj
 0004:00000274       ??_R0?AVEchildExc@Iex@@@8  1002b274     IexThrowErrnoExc.obj
 0004:00000298       ??_R0?AVEagainExc@Iex@@@8  1002b298     IexThrowErrnoExc.obj
 0004:000002bc       ??_R0?AVEnomemExc@Iex@@@8  1002b2bc     IexThrowErrnoExc.obj
 0004:000002e0       ??_R0?AVEaccesExc@Iex@@@8  1002b2e0     IexThrowErrnoExc.obj
 0004:00000304       ??_R0?AVEfaultExc@Iex@@@8  1002b304     IexThrowErrnoExc.obj
 0004:00000328       ??_R0?AVEbusyExc@Iex@@@8   1002b328     IexThrowErrnoExc.obj
 0004:00000348       ??_R0?AVEexistExc@Iex@@@8  1002b348     IexThrowErrnoExc.obj
 0004:0000036c       ??_R0?AVExdevExc@Iex@@@8   1002b36c     IexThrowErrnoExc.obj
 0004:0000038c       ??_R0?AVEnodevExc@Iex@@@8  1002b38c     IexThrowErrnoExc.obj
 0004:000003b0       ??_R0?AVEnotdirExc@Iex@@@8 1002b3b0     IexThrowErrnoExc.obj
 0004:000003d4       ??_R0?AVEisdirExc@Iex@@@8  1002b3d4     IexThrowErrnoExc.obj
 0004:000003f8       ??_R0?AVEinvalExc@Iex@@@8  1002b3f8     IexThrowErrnoExc.obj
 0004:0000041c       ??_R0?AVEnfileExc@Iex@@@8  1002b41c     IexThrowErrnoExc.obj
 0004:00000440       ??_R0?AVEmfileExc@Iex@@@8  1002b440     IexThrowErrnoExc.obj
 0004:00000464       ??_R0?AVEnottyExc@Iex@@@8  1002b464     IexThrowErrnoExc.obj
 0004:00000488       ??_R0?AVEtxtbsyExc@Iex@@@8 1002b488     IexThrowErrnoExc.obj
 0004:000004ac       ??_R0?AVEfbigExc@Iex@@@8   1002b4ac     IexThrowErrnoExc.obj
 0004:000004cc       ??_R0?AVEnospcExc@Iex@@@8  1002b4cc     IexThrowErrnoExc.obj
 0004:000004f0       ??_R0?AVEspipeExc@Iex@@@8  1002b4f0     IexThrowErrnoExc.obj
 0004:00000514       ??_R0?AVErofsExc@Iex@@@8   1002b514     IexThrowErrnoExc.obj
 0004:00000534       ??_R0?AVEmlinkExc@Iex@@@8  1002b534     IexThrowErrnoExc.obj
 0004:00000558       ??_R0?AVEpipeExc@Iex@@@8   1002b558     IexThrowErrnoExc.obj
 0004:00000578       ??_R0?AVEdomExc@Iex@@@8    1002b578     IexThrowErrnoExc.obj
 0004:00000598       ??_R0?AVErangeExc@Iex@@@8  1002b598     IexThrowErrnoExc.obj
 0004:000005bc       ??_R0?AVEnomsgExc@Iex@@@8  1002b5bc     IexThrowErrnoExc.obj
 0004:000005e0       ??_R0?AVEidrmExc@Iex@@@8   1002b5e0     IexThrowErrnoExc.obj
 0004:00000600       ??_R0?AVEdeadlkExc@Iex@@@8 1002b600     IexThrowErrnoExc.obj
 0004:00000624       ??_R0?AVEnolckExc@Iex@@@8  1002b624     IexThrowErrnoExc.obj
 0004:00000648       ??_R0?AVEnostrExc@Iex@@@8  1002b648     IexThrowErrnoExc.obj
 0004:0000066c       ??_R0?AVEnodataExc@Iex@@@8 1002b66c     IexThrowErrnoExc.obj
 0004:00000690       ??_R0?AVEtimeExc@Iex@@@8   1002b690     IexThrowErrnoExc.obj
 0004:000006b0       ??_R0?AVEnosrExc@Iex@@@8   1002b6b0     IexThrowErrnoExc.obj
 0004:000006d0       ??_R0?AVEnolinkExc@Iex@@@8 1002b6d0     IexThrowErrnoExc.obj
 0004:000006f4       ??_R0?AVEprotoExc@Iex@@@8  1002b6f4     IexThrowErrnoExc.obj
 0004:00000718       ??_R0?AVEbadmsgExc@Iex@@@8 1002b718     IexThrowErrnoExc.obj
 0004:0000073c       ??_R0?AVEnametoolongExc@Iex@@@8 1002b73c     IexThrowErrnoExc.obj
 0004:00000764       ??_R0?AVEoverflowExc@Iex@@@8 1002b764     IexThrowErrnoExc.obj
 0004:0000078c       ??_R0?AVEilseqExc@Iex@@@8  1002b78c     IexThrowErrnoExc.obj
 0004:000007b0       ??_R0?AVEnosysExc@Iex@@@8  1002b7b0     IexThrowErrnoExc.obj
 0004:000007d4       ??_R0?AVEloopExc@Iex@@@8   1002b7d4     IexThrowErrnoExc.obj
 0004:000007f4       ??_R0?AVEnotemptyExc@Iex@@@8 1002b7f4     IexThrowErrnoExc.obj
 0004:0000081c       ??_R0?AVEnotsockExc@Iex@@@8 1002b81c     IexThrowErrnoExc.obj
 0004:00000840       ??_R0?AVEdestaddrreqExc@Iex@@@8 1002b840     IexThrowErrnoExc.obj
 0004:00000868       ??_R0?AVEmsgsizeExc@Iex@@@8 1002b868     IexThrowErrnoExc.obj
 0004:0000088c       ??_R0?AVEprototypeExc@Iex@@@8 1002b88c     IexThrowErrnoExc.obj
 0004:000008b4       ??_R0?AVEnoprotooptExc@Iex@@@8 1002b8b4     IexThrowErrnoExc.obj
 0004:000008dc       ??_R0?AVEprotonosupportExc@Iex@@@8 1002b8dc     IexThrowErrnoExc.obj
 0004:00000908       ??_R0?AVEopnotsuppExc@Iex@@@8 1002b908     IexThrowErrnoExc.obj
 0004:00000930       ??_R0?AVEafnosupportExc@Iex@@@8 1002b930     IexThrowErrnoExc.obj
 0004:00000958       ??_R0?AVEaddrinuseExc@Iex@@@8 1002b958     IexThrowErrnoExc.obj
 0004:00000980       ??_R0?AVEaddrnotavailExc@Iex@@@8 1002b980     IexThrowErrnoExc.obj
 0004:000009ac       ??_R0?AVEnetdownExc@Iex@@@8 1002b9ac     IexThrowErrnoExc.obj
 0004:000009d0       ??_R0?AVEnetunreachExc@Iex@@@8 1002b9d0     IexThrowErrnoExc.obj
 0004:000009f8       ??_R0?AVEnetresetExc@Iex@@@8 1002b9f8     IexThrowErrnoExc.obj
 0004:00000a20       ??_R0?AVEconnabortedExc@Iex@@@8 1002ba20     IexThrowErrnoExc.obj
 0004:00000a48       ??_R0?AVEconnresetExc@Iex@@@8 1002ba48     IexThrowErrnoExc.obj
 0004:00000a70       ??_R0?AVEnobufsExc@Iex@@@8 1002ba70     IexThrowErrnoExc.obj
 0004:00000a94       ??_R0?AVEisconnExc@Iex@@@8 1002ba94     IexThrowErrnoExc.obj
 0004:00000ab8       ??_R0?AVEnotconnExc@Iex@@@8 1002bab8     IexThrowErrnoExc.obj
 0004:00000adc       ??_R0?AVEtimedoutExc@Iex@@@8 1002badc     IexThrowErrnoExc.obj
 0004:00000b04       ??_R0?AVEconnrefusedExc@Iex@@@8 1002bb04     IexThrowErrnoExc.obj
 0004:00000b2c       ??_R0?AVEhostunreachExc@Iex@@@8 1002bb2c     IexThrowErrnoExc.obj
 0004:00000b54       ??_R0?AVEalreadyExc@Iex@@@8 1002bb54     IexThrowErrnoExc.obj
 0004:00000b78       ??_R0?AVEinprogressExc@Iex@@@8 1002bb78     IexThrowErrnoExc.obj
 0004:00000ba0       ??_R0?AVEcanceledExc@Iex@@@8 1002bba0     IexThrowErrnoExc.obj
 0004:00000bc8       ??_R0?AVEnotsupExc@Iex@@@8 1002bbc8     IexThrowErrnoExc.obj
 0004:00000bec       ___security_cookie         1002bbec     MSVCRTD:gs_cookie.obj
 0004:00000bf0       ___security_cookie_complement 1002bbf0     MSVCRTD:gs_cookie.obj
 0004:00000bf4       ??_R0?AVtype_info@@@8      1002bbf4     MSVCRTD:ti_inst.obj
 0004:00000c10       ?_RTC_ErrorLevels@@3PAHA   1002bc10     MSVCRTD:_error_.obj
 0004:00000c28       ___native_dllmain_reason   1002bc28     MSVCRTD:natstart.obj
 0004:00000c2c       ___native_vcclrit_reason   1002bc2c     MSVCRTD:natstart.obj
 0004:00000d78       ?currentStackTracer@?A0x591e432d@Iex@@3P6A?AV?$basic_string@DU?$char_traits@D@std@@V?$allocator@D@2@@std@@XZA 1002bd78     IexBaseExc.obj
 0004:00001154       ?wsprintffp@@3P6AHPADPBDZZA 1002c154     MSVCRTD:_error_.obj
 0004:00001158       ?__type_info_root_node@@3U__type_info_node@@A 1002c158     MSVCRTD:tncleanup.obj
 0004:0000116c       ___native_startup_state    1002c16c     <common>
 0004:0000117c       ___native_startup_lock     1002c17c     <common>
 0004:00001180       ___onexitend               1002c180     <common>
 0004:00001190       ___onexitbegin             1002c190     <common>
 0004:00001194       ___dyn_tls_init_callback   1002c194     <common>
 0005:00000000       __IMPORT_DESCRIPTOR_MSVCP100D 1002d000     msvcprtd:MSVCP100D.dll
 0005:00000014       __IMPORT_DESCRIPTOR_MSVCR100D 1002d014     MSVCRTD:MSVCR100D.dll
 0005:00000028       __IMPORT_DESCRIPTOR_KERNEL32 1002d028     kernel32:KERNEL32.dll
 0005:0000003c       __NULL_IMPORT_DESCRIPTOR   1002d03c     msvcprtd:MSVCP100D.dll
 0005:00000244       __imp__DecodePointer@4     1002d244     kernel32:KERNEL32.dll
 0005:00000248       __imp__InterlockedExchange@8 1002d248     kernel32:KERNEL32.dll
 0005:0000024c       __imp__Sleep@4             1002d24c     kernel32:KERNEL32.dll
 0005:00000250       __imp__InterlockedCompareExchange@12 1002d250     kernel32:KERNEL32.dll
 0005:00000254       __imp__TerminateProcess@8  1002d254     kernel32:KERNEL32.dll
 0005:00000258       __imp__GetCurrentProcess@0 1002d258     kernel32:KERNEL32.dll
 0005:0000025c       __imp__UnhandledExceptionFilter@4 1002d25c     kernel32:KERNEL32.dll
 0005:00000260       __imp__SetUnhandledExceptionFilter@4 1002d260     kernel32:KERNEL32.dll
 0005:00000264       __imp__IsDebuggerPresent@0 1002d264     kernel32:KERNEL32.dll
 0005:00000268       __imp__WideCharToMultiByte@32 1002d268     kernel32:KERNEL32.dll
 0005:0000026c       __imp__MultiByteToWideChar@24 1002d26c     kernel32:KERNEL32.dll
 0005:00000270       __imp__RaiseException@16   1002d270     kernel32:KERNEL32.dll
 0005:00000274       __imp__FreeLibrary@4       1002d274     kernel32:KERNEL32.dll
 0005:00000278       __imp__GetModuleHandleW@4  1002d278     kernel32:KERNEL32.dll
 0005:0000027c       __imp__VirtualQuery@12     1002d27c     kernel32:KERNEL32.dll
 0005:00000280       __imp__GetModuleFileNameW@12 1002d280     kernel32:KERNEL32.dll
 0005:00000284       __imp__GetProcessHeap@0    1002d284     kernel32:KERNEL32.dll
 0005:00000288       __imp__HeapAlloc@12        1002d288     kernel32:KERNEL32.dll
 0005:0000028c       __imp__HeapFree@12         1002d28c     kernel32:KERNEL32.dll
 0005:00000290       __imp__DisableThreadLibraryCalls@4 1002d290     kernel32:KERNEL32.dll
 0005:00000294       __imp__GetSystemTimeAsFileTime@4 1002d294     kernel32:KERNEL32.dll
 0005:00000298       __imp__GetCurrentProcessId@0 1002d298     kernel32:KERNEL32.dll
 0005:0000029c       __imp__GetCurrentThreadId@0 1002d29c     kernel32:KERNEL32.dll
 0005:000002a0       __imp__GetTickCount@0      1002d2a0     kernel32:KERNEL32.dll
 0005:000002a4       __imp__QueryPerformanceCounter@4 1002d2a4     kernel32:KERNEL32.dll
 0005:000002a8       __imp__LoadLibraryW@4      1002d2a8     kernel32:KERNEL32.dll
 0005:000002ac       __imp__GetProcAddress@8    1002d2ac     kernel32:KERNEL32.dll
 0005:000002b0       __imp__lstrlenA@4          1002d2b0     kernel32:KERNEL32.dll
 0005:000002b4       __imp__EncodePointer@4     1002d2b4     kernel32:KERNEL32.dll
 0005:000002b8       \177KERNEL32_NULL_THUNK_DATA 1002d2b8     kernel32:KERNEL32.dll
 0005:000002f8       __imp_??0_Container_base12@std@@QAE@ABU01@@Z 1002d2f8     msvcprtd:MSVCP100D.dll
 0005:000002fc       __imp_?_Debug_message@std@@YAXPB_W0I@Z 1002d2fc     msvcprtd:MSVCP100D.dll
 0005:00000300       __imp_?_Xout_of_range@std@@YAXPBD@Z 1002d300     msvcprtd:MSVCP100D.dll
 0005:00000304       __imp_?_Xlength_error@std@@YAXPBD@Z 1002d304     msvcprtd:MSVCP100D.dll
 0005:00000308       __imp_?pptr@?$basic_streambuf@DU?$char_traits@D@std@@@std@@IBEPADXZ 1002d308     msvcprtd:MSVCP100D.dll
 0005:0000030c       __imp_?pbase@?$basic_streambuf@DU?$char_traits@D@std@@@std@@IBEPADXZ 1002d30c     msvcprtd:MSVCP100D.dll
 0005:00000310       __imp_?gptr@?$basic_streambuf@DU?$char_traits@D@std@@@std@@IBEPADXZ 1002d310     msvcprtd:MSVCP100D.dll
 0005:00000314       __imp_?egptr@?$basic_streambuf@DU?$char_traits@D@std@@@std@@IBEPADXZ 1002d314     msvcprtd:MSVCP100D.dll
 0005:00000318       __imp_?eback@?$basic_streambuf@DU?$char_traits@D@std@@@std@@IBEPADXZ 1002d318     msvcprtd:MSVCP100D.dll
 0005:0000031c       __imp_?_Orphan_all@_Container_base12@std@@QAEXXZ 1002d31c     msvcprtd:MSVCP100D.dll
 0005:00000320       __imp_??1_Container_base12@std@@QAE@XZ 1002d320     msvcprtd:MSVCP100D.dll
 0005:00000324       __imp_??0_Container_base12@std@@QAE@XZ 1002d324     msvcprtd:MSVCP100D.dll
 0005:00000328       \177MSVCP100D_NULL_THUNK_DATA 1002d328     msvcprtd:MSVCP100D.dll
 0005:0000035c       __imp___unlock             1002d35c     MSVCRTD:MSVCR100D.dll
 0005:00000360       __imp____dllonexit         1002d360     MSVCRTD:MSVCR100D.dll
 0005:00000364       __imp___lock               1002d364     MSVCRTD:MSVCR100D.dll
 0005:00000368       __imp___onexit             1002d368     MSVCRTD:MSVCR100D.dll
 0005:0000036c       __imp___except_handler4_common 1002d36c     MSVCRTD:MSVCR100D.dll
 0005:00000370       __imp___wmakepath_s        1002d370     MSVCRTD:MSVCR100D.dll
 0005:00000374       __imp__wcscpy_s            1002d374     MSVCRTD:MSVCR100D.dll
 0005:00000378       __imp___wsplitpath_s       1002d378     MSVCRTD:MSVCR100D.dll
 0005:0000037c       __imp____clean_type_info_names_internal 1002d37c     MSVCRTD:MSVCR100D.dll
 0005:00000380       __imp_?_type_info_dtor_internal_method@type_info@@QAEXXZ 1002d380     MSVCRTD:MSVCR100D.dll
 0005:00000384       __imp___crt_debugger_hook  1002d384     MSVCRTD:MSVCR100D.dll
 0005:00000388       __imp____CppXcptFilter     1002d388     MSVCRTD:MSVCR100D.dll
 0005:0000038c       __imp___amsg_exit          1002d38c     MSVCRTD:MSVCR100D.dll
 0005:00000390       __imp___initterm_e         1002d390     MSVCRTD:MSVCR100D.dll
 0005:00000394       __imp___initterm           1002d394     MSVCRTD:MSVCR100D.dll
 0005:00000398       __imp___CrtSetCheckCount   1002d398     MSVCRTD:MSVCR100D.dll
 0005:0000039c       __imp___encoded_null       1002d39c     MSVCRTD:MSVCR100D.dll
 0005:000003a0       __imp___free_dbg           1002d3a0     MSVCRTD:MSVCR100D.dll
 0005:000003a4       __imp___malloc_dbg         1002d3a4     MSVCRTD:MSVCR100D.dll
 0005:000003a8       __imp___CRT_RTC_INITW      1002d3a8     MSVCRTD:MSVCR100D.dll
 0005:000003ac       __imp__memchr              1002d3ac     MSVCRTD:MSVCR100D.dll
 0005:000003b0       __imp__memcmp              1002d3b0     MSVCRTD:MSVCR100D.dll
 0005:000003b4       __imp___errno              1002d3b4     MSVCRTD:MSVCR100D.dll
 0005:000003b8       __imp__strerror            1002d3b8     MSVCRTD:MSVCR100D.dll
 0005:000003bc       __imp_?what@exception@std@@UBEPBDXZ 1002d3bc     MSVCRTD:MSVCR100D.dll
 0005:000003c0       __imp_??0exception@std@@QAE@ABQBD@Z 1002d3c0     MSVCRTD:MSVCR100D.dll
 0005:000003c4       __imp_??0exception@std@@QAE@ABV01@@Z 1002d3c4     MSVCRTD:MSVCR100D.dll
 0005:000003c8       __imp_??2@YAPAXI@Z         1002d3c8     MSVCRTD:MSVCR100D.dll
 0005:000003cc       __imp___CxxThrowException@8 1002d3cc     MSVCRTD:MSVCR100D.dll
 0005:000003d0       __imp__memcpy              1002d3d0     MSVCRTD:MSVCR100D.dll
 0005:000003d4       __imp__strlen              1002d3d4     MSVCRTD:MSVCR100D.dll
 0005:000003d8       __imp__memmove             1002d3d8     MSVCRTD:MSVCR100D.dll
 0005:000003dc       __imp____CxxFrameHandler3  1002d3dc     MSVCRTD:MSVCR100D.dll
 0005:000003e0       __imp_??1exception@std@@UAE@XZ 1002d3e0     MSVCRTD:MSVCR100D.dll
 0005:000003e4       __imp_??3@YAXPAX@Z         1002d3e4     MSVCRTD:MSVCR100D.dll
 0005:000003e8       __imp_??0exception@std@@QAE@XZ 1002d3e8     MSVCRTD:MSVCR100D.dll
 0005:000003ec       __imp_?terminate@@YAXXZ    1002d3ec     MSVCRTD:MSVCR100D.dll
 0005:000003f0       \177MSVCR100D_NULL_THUNK_DATA 1002d3f0     MSVCRTD:MSVCR100D.dll

 entry point at        0002:0000063b

