 IlmThread

 Timestamp is 50fd5793 (Mon Jan 21 22:58:27 2013)

 Preferred load address is 10000000

 Start         Length     Name                   Class
 0001:00000000 00003b04H .text                   CODE
 0001:00003b10 00000554H .text$x                 CODE
 0001:00004070 0000000fH .text$yd                CODE
 0002:00000000 0000017cH .idata$5                DATA
 0002:0000017c 00000004H .CRT$XCA                DATA
 0002:00000180 00000004H .CRT$XCZ                DATA
 0002:00000184 00000004H .CRT$XIA                DATA
 0002:00000188 00000004H .CRT$XIAA               DATA
 0002:0000018c 00000004H .CRT$XIZ                DATA
 0002:00000190 000002a0H .rdata                  DATA
 0002:00000430 00000073H .rdata$debug            DATA
 0002:000004a4 00000578H .rdata$r                DATA
 0002:00000a20 00000070H .rdata$sxdata           DATA
 0002:00000a90 00000004H .rtc$IAA                DATA
 0002:00000a94 00000004H .rtc$IZZ                DATA
 0002:00000a98 00000004H .rtc$TAA                DATA
 0002:00000a9c 00000004H .rtc$TZZ                DATA
 0002:00000aa0 00000854H .xdata$x                DATA
 0002:000012f4 00000050H .idata$2                DATA
 0002:00001344 00000014H .idata$3                DATA
 0002:00001358 0000017cH .idata$4                DATA
 0002:000014d4 00000d3eH .idata$6                DATA
 0002:00002220 000000fdH .edata                  DATA
 0003:00000000 000002b0H .data                   DATA
 0003:000002b0 00000358H .bss                    DATA

  Address         Publics by Value              Rva+Base       Lib:Object

 0000:0000001c       ___safe_se_handler_count   0000001c     <absolute>
 0000:00000000       ___ImageBase               10000000     <linker-defined>
 0001:00000000       ??0Mutex@IlmThread@@QAE@XZ 10001000 f   IlmThreadMutexWin32.obj
 0001:00000030       ??1Mutex@IlmThread@@UAE@XZ 10001030 f   IlmThreadMutexWin32.obj
 0001:00000060       ?lock@Mutex@IlmThread@@ABEXXZ 10001060 f   IlmThreadMutexWin32.obj
 0001:00000080       ?unlock@Mutex@IlmThread@@ABEXXZ 10001080 f   IlmThreadMutexWin32.obj
 0001:000000a0       ??_GMutex@IlmThread@@UAEPAXI@Z 100010a0 f i IlmThreadMutexWin32.obj
 0001:000000a0       ??_EMutex@IlmThread@@UAEPAXI@Z 100010a0 f i IlmThreadMutexWin32.obj
 0001:000000d0       ??0WorkerThread@?A0xb0a473bd@IlmThread@@QAE@PAUData@ThreadPool@2@@Z 100010d0 f   IlmThreadPool.obj
 0001:00000140       ?run@WorkerThread@?A0xb0a473bd@IlmThread@@UAEXXZ 10001140 f   IlmThreadPool.obj
 0001:000002a0       ??0Data@TaskGroup@IlmThread@@QAE@XZ 100012a0 f   IlmThreadPool.obj
 0001:000002d0       ??1Data@TaskGroup@IlmThread@@QAE@XZ 100012d0 f   IlmThreadPool.obj
 0001:00000330       ?addTask@Data@TaskGroup@IlmThread@@QAEXXZ 10001330 f   IlmThreadPool.obj
 0001:00000360       ?removeTask@Data@TaskGroup@IlmThread@@QAEXXZ 10001360 f   IlmThreadPool.obj
 0001:00000390       ??0Data@ThreadPool@IlmThread@@QAE@XZ 10001390 f   IlmThreadPool.obj
 0001:00000460       ??1Data@ThreadPool@IlmThread@@QAE@XZ 10001460 f   IlmThreadPool.obj
 0001:00000540       ?finish@Data@ThreadPool@IlmThread@@QAEXXZ 10001540 f   IlmThreadPool.obj
 0001:000006b0       ?stopped@Data@ThreadPool@IlmThread@@QBE_NXZ 100016b0 f   IlmThreadPool.obj
 0001:000006f0       ?stop@Data@ThreadPool@IlmThread@@QAEXXZ 100016f0 f   IlmThreadPool.obj
 0001:00000730       ??0Task@IlmThread@@QAE@PAVTaskGroup@1@@Z 10001730 f   IlmThreadPool.obj
 0001:00000760       ??1Task@IlmThread@@UAE@XZ  10001760 f   IlmThreadPool.obj
 0001:00000780       ?group@Task@IlmThread@@QAEPAVTaskGroup@2@XZ 10001780 f   IlmThreadPool.obj
 0001:000007a0       ??0TaskGroup@IlmThread@@QAE@XZ 100017a0 f   IlmThreadPool.obj
 0001:00000820       ??1TaskGroup@IlmThread@@QAE@XZ 10001820 f   IlmThreadPool.obj
 0001:00000860       ??0ThreadPool@IlmThread@@QAE@I@Z 10001860 f   IlmThreadPool.obj
 0001:00000900       ??1ThreadPool@IlmThread@@UAE@XZ 10001900 f   IlmThreadPool.obj
 0001:00000950       ?numThreads@ThreadPool@IlmThread@@QBEHXZ 10001950 f   IlmThreadPool.obj
 0001:00000990       ?setNumThreads@ThreadPool@IlmThread@@QAEXH@Z 10001990 f   IlmThreadPool.obj
 0001:00000b60       ?addTask@ThreadPool@IlmThread@@QAEXPAVTask@2@@Z 10001b60 f   IlmThreadPool.obj
 0001:00000c80       ?globalThreadPool@ThreadPool@IlmThread@@SAAAV12@XZ 10001c80 f   IlmThreadPool.obj
 0001:00000d00       ?addGlobalTask@ThreadPool@IlmThread@@SAXPAVTask@2@@Z 10001d00 f   IlmThreadPool.obj
 0001:00000d20       ??_EWorkerThread@?A0xb0a473bd@IlmThread@@UAEPAXI@Z 10001d20 f i IlmThreadPool.obj
 0001:00000d20       ??_GWorkerThread@?A0xb0a473bd@IlmThread@@UAEPAXI@Z 10001d20 f i IlmThreadPool.obj
 0001:00000d50       ??1WorkerThread@?A0xb0a473bd@IlmThread@@UAE@XZ 10001d50 f i IlmThreadPool.obj
 0001:00000d70       ??0Lock@IlmThread@@QAE@ABVMutex@1@_N@Z 10001d70 f i IlmThreadPool.obj
 0001:00000db0       ??1Lock@IlmThread@@QAE@XZ  10001db0 f i IlmThreadPool.obj
 0001:00000dd0       ?acquire@Lock@IlmThread@@QAEXXZ 10001dd0 f i IlmThreadPool.obj
 0001:00000df0       ?release@Lock@IlmThread@@QAEXXZ 10001df0 f i IlmThreadPool.obj
 0001:00000e10       ??_GTask@IlmThread@@UAEPAXI@Z 10001e10 f i IlmThreadPool.obj
 0001:00000e10       ??_ETask@IlmThread@@UAEPAXI@Z 10001e10 f i IlmThreadPool.obj
 0001:00000e40       ??_GData@TaskGroup@IlmThread@@QAEPAXI@Z 10001e40 f i IlmThreadPool.obj
 0001:00000e70       ??_GThreadPool@IlmThread@@UAEPAXI@Z 10001e70 f i IlmThreadPool.obj
 0001:00000e70       ??_EThreadPool@IlmThread@@UAEPAXI@Z 10001e70 f i IlmThreadPool.obj
 0001:00000ea0       ??_GData@ThreadPool@IlmThread@@QAEPAXI@Z 10001ea0 f i IlmThreadPool.obj
 0001:00000ed0       ??0ArgExc@Iex@@QAE@PBD@Z   10001ed0 f i IlmThreadPool.obj
 0001:00000f00       ??0ArgExc@Iex@@QAE@ABV01@@Z 10001f00 f i IlmThreadPool.obj
 0001:00000f30       ?front@?$list@PAVTask@IlmThread@@V?$allocator@PAVTask@IlmThread@@@std@@@std@@QAEAAPAVTask@IlmThread@@XZ 10001f30 f i IlmThreadPool.obj
 0001:00000f50       ?pop_front@?$list@PAVTask@IlmThread@@V?$allocator@PAVTask@IlmThread@@@std@@@std@@QAEXXZ 10001f50 f i IlmThreadPool.obj
 0001:00000f90       ??0?$list@PAVTask@IlmThread@@V?$allocator@PAVTask@IlmThread@@@std@@@std@@QAE@XZ 10001f90 f i IlmThreadPool.obj
 0001:00000f90       ??0?$list@PAVWorkerThread@?A0xb0a473bd@IlmThread@@V?$allocator@PAVWorkerThread@?A0xb0a473bd@IlmThread@@@std@@@std@@QAE@XZ 10001f90 f i IlmThreadPool.obj
 0001:00001010       ??1?$list@PAVTask@IlmThread@@V?$allocator@PAVTask@IlmThread@@@std@@@std@@QAE@XZ 10002010 f i IlmThreadPool.obj
 0001:00001010       ??1?$list@PAVWorkerThread@?A0xb0a473bd@IlmThread@@V?$allocator@PAVWorkerThread@?A0xb0a473bd@IlmThread@@@std@@@std@@QAE@XZ 10002010 f i IlmThreadPool.obj
 0001:00001070       ?end@?$list@PAVWorkerThread@?A0xb0a473bd@IlmThread@@V?$allocator@PAVWorkerThread@?A0xb0a473bd@IlmThread@@@std@@@std@@QAE?AV?$_Iterator@$00@12@XZ 10002070 f i IlmThreadPool.obj
 0001:00001070       ?end@?$list@PAVTask@IlmThread@@V?$allocator@PAVTask@IlmThread@@@std@@@std@@QAE?AV?$_Iterator@$00@12@XZ 10002070 f i IlmThreadPool.obj
 0001:000010a0       ?push_back@?$list@PAVTask@IlmThread@@V?$allocator@PAVTask@IlmThread@@@std@@@std@@QAEXABQAVTask@IlmThread@@@Z 100020a0 f i IlmThreadPool.obj
 0001:000010a0       ?push_back@?$list@PAVWorkerThread@?A0xb0a473bd@IlmThread@@V?$allocator@PAVWorkerThread@?A0xb0a473bd@IlmThread@@@std@@@std@@QAEXABQAVWorkerThread@?A0xb0a473bd@IlmThread@@@Z 100020a0 f i IlmThreadPool.obj
 0001:000010e0       ?clear@?$list@PAVTask@IlmThread@@V?$allocator@PAVTask@IlmThread@@@std@@@std@@QAEXXZ 100020e0 f i IlmThreadPool.obj
 0001:000010e0       ?clear@?$list@PAVWorkerThread@?A0xb0a473bd@IlmThread@@V?$allocator@PAVWorkerThread@?A0xb0a473bd@IlmThread@@@std@@@std@@QAEXXZ 100020e0 f i IlmThreadPool.obj
 0001:00001180       ??E?$_Iterator@$00@?$list@PAVWorkerThread@?A0xb0a473bd@IlmThread@@V?$allocator@PAVWorkerThread@?A0xb0a473bd@IlmThread@@@std@@@std@@QAEAAV012@XZ 10002180 f i IlmThreadPool.obj
 0001:000011a0       ??9?$_Const_iterator@$00@?$list@PAVWorkerThread@?A0xb0a473bd@IlmThread@@V?$allocator@PAVWorkerThread@?A0xb0a473bd@IlmThread@@@std@@@std@@QBE_NABV012@@Z 100021a0 f i IlmThreadPool.obj
 0001:000011d0       ??1?$_List_val@PAVTask@IlmThread@@V?$allocator@PAVTask@IlmThread@@@std@@@std@@QAE@XZ 100021d0 f i IlmThreadPool.obj
 0001:000011d0       ??1?$_List_val@PAVWorkerThread@?A0xb0a473bd@IlmThread@@V?$allocator@PAVWorkerThread@?A0xb0a473bd@IlmThread@@@std@@@std@@QAE@XZ 100021d0 f i IlmThreadPool.obj
 0001:000011f0       ??1?$_List_ptr@PAVWorkerThread@?A0xb0a473bd@IlmThread@@V?$allocator@PAVWorkerThread@?A0xb0a473bd@IlmThread@@@std@@@std@@QAE@XZ 100021f0 f i IlmThreadPool.obj
 0001:000011f0       ??1?$_List_ptr@PAVTask@IlmThread@@V?$allocator@PAVTask@IlmThread@@@std@@@std@@QAE@XZ 100021f0 f i IlmThreadPool.obj
 0001:00001210       ??1?$_List_nod@PAVTask@IlmThread@@V?$allocator@PAVTask@IlmThread@@@std@@@std@@QAE@XZ 10002210 f i IlmThreadPool.obj
 0001:00001210       ??1?$_List_nod@PAVWorkerThread@?A0xb0a473bd@IlmThread@@V?$allocator@PAVWorkerThread@?A0xb0a473bd@IlmThread@@@std@@@std@@QAE@XZ 10002210 f i IlmThreadPool.obj
 0001:00001230       ?_Nextnode@?$list@PAVWorkerThread@?A0xb0a473bd@IlmThread@@V?$allocator@PAVWorkerThread@?A0xb0a473bd@IlmThread@@@std@@@std@@KAAAPAU_Node@?$_List_nod@PAVWorkerThread@?A0xb0a473bd@IlmThread@@V?$allocator@PAVWorkerThread@?A0xb0a473bd@IlmThread@@@std@@@2@PAU342@@Z 10002230 f i IlmThreadPool.obj
 0001:00001230       ?_Nextnode@?$list@PAVTask@IlmThread@@V?$allocator@PAVTask@IlmThread@@@std@@@std@@KAAAPAU_Node@?$_List_nod@PAVTask@IlmThread@@V?$allocator@PAVTask@IlmThread@@@std@@@2@PAU342@@Z 10002230 f i IlmThreadPool.obj
 0001:00001240       ?_Prevnode@?$list@PAVWorkerThread@?A0xb0a473bd@IlmThread@@V?$allocator@PAVWorkerThread@?A0xb0a473bd@IlmThread@@@std@@@std@@KAAAPAU_Node@?$_List_nod@PAVWorkerThread@?A0xb0a473bd@IlmThread@@V?$allocator@PAVWorkerThread@?A0xb0a473bd@IlmThread@@@std@@@2@PAU342@@Z 10002240 f i IlmThreadPool.obj
 0001:00001240       ?_Prevnode@?$list@PAVTask@IlmThread@@V?$allocator@PAVTask@IlmThread@@@std@@@std@@KAAAPAU_Node@?$_List_nod@PAVTask@IlmThread@@V?$allocator@PAVTask@IlmThread@@@std@@@2@PAU342@@Z 10002240 f i IlmThreadPool.obj
 0001:00001250       ?begin@?$list@PAVTask@IlmThread@@V?$allocator@PAVTask@IlmThread@@@std@@@std@@QAE?AV?$_Iterator@$00@12@XZ 10002250 f i IlmThreadPool.obj
 0001:00001250       ?begin@?$list@PAVWorkerThread@?A0xb0a473bd@IlmThread@@V?$allocator@PAVWorkerThread@?A0xb0a473bd@IlmThread@@@std@@@std@@QAE?AV?$_Iterator@$00@12@XZ 10002250 f i IlmThreadPool.obj
 0001:00001280       ?erase@?$list@PAVTask@IlmThread@@V?$allocator@PAVTask@IlmThread@@@std@@@std@@QAE?AV?$_Iterator@$00@12@V?$_Const_iterator@$00@12@@Z 10002280 f i IlmThreadPool.obj
 0001:00001350       ??0?$_List_val@PAVTask@IlmThread@@V?$allocator@PAVTask@IlmThread@@@std@@@std@@QAE@V?$allocator@PAVTask@IlmThread@@@1@@Z 10002350 f i IlmThreadPool.obj
 0001:00001350       ??0?$_List_val@PAVWorkerThread@?A0xb0a473bd@IlmThread@@V?$allocator@PAVWorkerThread@?A0xb0a473bd@IlmThread@@@std@@@std@@QAE@V?$allocator@PAVWorkerThread@?A0xb0a473bd@IlmThread@@@1@@Z 10002350 f i IlmThreadPool.obj
 0001:00001390       ??1?$_Container_base_aux_alloc_real@V?$allocator@PAVWorkerThread@?A0xb0a473bd@IlmThread@@@std@@@std@@IAE@XZ 10002390 f i IlmThreadPool.obj
 0001:00001390       ??1?$_Container_base_aux_alloc_real@V?$allocator@PAVTask@IlmThread@@@std@@@std@@IAE@XZ 10002390 f i IlmThreadPool.obj
 0001:000013f0       ??1_Container_base_aux@std@@QAE@XZ 100023f0 f i IlmThreadPool.obj
 0001:00001400       ??0?$allocator@PAVWorkerThread@?A0xb0a473bd@IlmThread@@@std@@QAE@XZ 10002400 f i IlmThreadPool.obj
 0001:00001400       ??0_Container_base_aux@std@@QAE@XZ 10002400 f i IlmThreadPool.obj
 0001:00001400       ??0?$allocator@PAVTask@IlmThread@@@std@@QAE@XZ 10002400 f i IlmThreadPool.obj
 0001:00001410       ?_Insert@?$list@PAVWorkerThread@?A0xb0a473bd@IlmThread@@V?$allocator@PAVWorkerThread@?A0xb0a473bd@IlmThread@@@std@@@std@@QAEXV?$_Const_iterator@$00@12@ABQAVWorkerThread@?A0xb0a473bd@IlmThread@@@Z 10002410 f i IlmThreadPool.obj
 0001:00001410       ?_Insert@?$list@PAVTask@IlmThread@@V?$allocator@PAVTask@IlmThread@@@std@@@std@@QAEXV?$_Const_iterator@$00@12@ABQAVTask@IlmThread@@@Z 10002410 f i IlmThreadPool.obj
 0001:00001490       ?_Buynode@?$list@PAVWorkerThread@?A0xb0a473bd@IlmThread@@V?$allocator@PAVWorkerThread@?A0xb0a473bd@IlmThread@@@std@@@std@@IAEPAU_Node@?$_List_nod@PAVWorkerThread@?A0xb0a473bd@IlmThread@@V?$allocator@PAVWorkerThread@?A0xb0a473bd@IlmThread@@@std@@@2@XZ 10002490 f i IlmThreadPool.obj
 0001:00001490       ?_Buynode@?$list@PAVTask@IlmThread@@V?$allocator@PAVTask@IlmThread@@@std@@@std@@IAEPAU_Node@?$_List_nod@PAVTask@IlmThread@@V?$allocator@PAVTask@IlmThread@@@std@@@2@XZ 10002490 f i IlmThreadPool.obj
 0001:00001590       ?_Tidy@?$list@PAVTask@IlmThread@@V?$allocator@PAVTask@IlmThread@@@std@@@std@@IAEXXZ 10002590 f i IlmThreadPool.obj
 0001:00001590       ?_Tidy@?$list@PAVWorkerThread@?A0xb0a473bd@IlmThread@@V?$allocator@PAVWorkerThread@?A0xb0a473bd@IlmThread@@@std@@@std@@IAEXXZ 10002590 f i IlmThreadPool.obj
 0001:00001600       ?deallocate@?$allocator@V_Aux_cont@std@@@std@@QAEXPAV_Aux_cont@2@I@Z 10002600 f i IlmThreadPool.obj
 0001:00001600       ?deallocate@?$allocator@U_Node@?$_List_nod@PAVTask@IlmThread@@V?$allocator@PAVTask@IlmThread@@@std@@@std@@@std@@QAEXPAU_Node@?$_List_nod@PAVTask@IlmThread@@V?$allocator@PAVTask@IlmThread@@@std@@@2@I@Z 10002600 f i IlmThreadPool.obj
 0001:00001600       ?deallocate@?$allocator@U_Node@?$_List_nod@PAVWorkerThread@?A0xb0a473bd@IlmThread@@V?$allocator@PAVWorkerThread@?A0xb0a473bd@IlmThread@@@std@@@std@@@std@@QAEXPAU_Node@?$_List_nod@PAVWorkerThread@?A0xb0a473bd@IlmThread@@V?$allocator@PAVWorkerThread@?A0xb0a473bd@IlmThread@@@std@@@2@I@Z 10002600 f i IlmThreadPool.obj
 0001:00001620       ?destroy@?$allocator@PAU_Node@?$_List_nod@PAVTask@IlmThread@@V?$allocator@PAVTask@IlmThread@@@std@@@std@@@std@@QAEXPAPAU_Node@?$_List_nod@PAVTask@IlmThread@@V?$allocator@PAVTask@IlmThread@@@std@@@2@@Z 10002620 f i IlmThreadPool.obj
 0001:00001620       ?destroy@?$allocator@U_Node@?$_List_nod@PAVTask@IlmThread@@V?$allocator@PAVTask@IlmThread@@@std@@@std@@@std@@QAEXPAU_Node@?$_List_nod@PAVTask@IlmThread@@V?$allocator@PAVTask@IlmThread@@@std@@@2@@Z 10002620 f i IlmThreadPool.obj
 0001:00001620       ?destroy@?$allocator@PAU_Node@?$_List_nod@PAVWorkerThread@?A0xb0a473bd@IlmThread@@V?$allocator@PAVWorkerThread@?A0xb0a473bd@IlmThread@@@std@@@std@@@std@@QAEXPAPAU_Node@?$_List_nod@PAVWorkerThread@?A0xb0a473bd@IlmThread@@V?$allocator@PAVWorkerThread@?A0xb0a473bd@IlmThread@@@std@@@2@@Z 10002620 f i IlmThreadPool.obj
 0001:00001620       ?destroy@?$allocator@U_Node@?$_List_nod@PAVWorkerThread@?A0xb0a473bd@IlmThread@@V?$allocator@PAVWorkerThread@?A0xb0a473bd@IlmThread@@@std@@@std@@@std@@QAEXPAU_Node@?$_List_nod@PAVWorkerThread@?A0xb0a473bd@IlmThread@@V?$allocator@PAVWorkerThread@?A0xb0a473bd@IlmThread@@@std@@@2@@Z 10002620 f i IlmThreadPool.obj
 0001:00001640       ?_Getmycont@_Iterator_base_aux@std@@QBEPBV_Container_base_aux@2@XZ 10002640 f i IlmThreadPool.obj
 0001:00001670       ?_Getcont@_Aux_cont@std@@QBEPBV_Container_base_aux@2@XZ 10002670 f i IlmThreadPool.obj
 0001:00001680       ?_Has_container@_Iterator_base_aux@std@@QBE_NXZ 10002680 f i IlmThreadPool.obj
 0001:000016a0       ??E?$_Const_iterator@$00@?$list@PAVWorkerThread@?A0xb0a473bd@IlmThread@@V?$allocator@PAVWorkerThread@?A0xb0a473bd@IlmThread@@@std@@@std@@QAEAAV012@XZ 100026a0 f i IlmThreadPool.obj
 0001:000016a0       ??E?$_Const_iterator@$00@?$list@PAVTask@IlmThread@@V?$allocator@PAVTask@IlmThread@@@std@@@std@@QAEAAV012@XZ 100026a0 f i IlmThreadPool.obj
 0001:00001710       ??8?$_Const_iterator@$00@?$list@PAVWorkerThread@?A0xb0a473bd@IlmThread@@V?$allocator@PAVWorkerThread@?A0xb0a473bd@IlmThread@@@std@@@std@@QBE_NABV012@@Z 10002710 f i IlmThreadPool.obj
 0001:00001770       ?_Same_container@_Iterator_base_aux@std@@QBE_NABV12@@Z 10002770 f i IlmThreadPool.obj
 0001:00001790       ??D?$_Iterator@$00@?$list@PAVWorkerThread@?A0xb0a473bd@IlmThread@@V?$allocator@PAVWorkerThread@?A0xb0a473bd@IlmThread@@@std@@@std@@QBEAAPAVWorkerThread@?A0xb0a473bd@IlmThread@@XZ 10002790 f i IlmThreadPool.obj
 0001:00001790       ??D?$_Iterator@$00@?$list@PAVTask@IlmThread@@V?$allocator@PAVTask@IlmThread@@@std@@@std@@QBEAAPAVTask@IlmThread@@XZ 10002790 f i IlmThreadPool.obj
 0001:000017b0       ?_Make_iter@?$list@PAVTask@IlmThread@@V?$allocator@PAVTask@IlmThread@@@std@@@std@@QBE?AV?$_Iterator@$00@12@V?$_Const_iterator@$00@12@@Z 100027b0 f i IlmThreadPool.obj
 0001:000017d0       ??0length_error@std@@QAE@ABV?$basic_string@DU?$char_traits@D@std@@V?$allocator@D@2@@1@@Z 100027d0 f i IlmThreadPool.obj
 0001:00001800       ??0logic_error@std@@QAE@ABV?$basic_string@DU?$char_traits@D@std@@V?$allocator@D@2@@1@@Z 10002800 f i IlmThreadPool.obj
 0001:00001870       ?what@logic_error@std@@UBEPBDXZ 10002870 f i IlmThreadPool.obj
 0001:00001890       ??_Elogic_error@std@@UAEPAXI@Z 10002890 f i IlmThreadPool.obj
 0001:00001890       ??_Glogic_error@std@@UAEPAXI@Z 10002890 f i IlmThreadPool.obj
 0001:000018c0       ??1logic_error@std@@UAE@XZ 100028c0 f i IlmThreadPool.obj
 0001:000018f0       ??1length_error@std@@UAE@XZ 100028f0 f i IlmThreadPool.obj
 0001:00001910       ??_Elength_error@std@@UAEPAXI@Z 10002910 f i IlmThreadPool.obj
 0001:00001910       ??_Glength_error@std@@UAEPAXI@Z 10002910 f i IlmThreadPool.obj
 0001:00001940       ??0logic_error@std@@QAE@ABV01@@Z 10002940 f i IlmThreadPool.obj
 0001:000019c0       ?_Myval@?$list@PAVTask@IlmThread@@V?$allocator@PAVTask@IlmThread@@@std@@@std@@KAAAPAVTask@IlmThread@@PAU_Node@?$_List_nod@PAVTask@IlmThread@@V?$allocator@PAVTask@IlmThread@@@std@@@2@@Z 100029c0 f i IlmThreadPool.obj
 0001:000019c0       ?_Myval@?$list@PAVWorkerThread@?A0xb0a473bd@IlmThread@@V?$allocator@PAVWorkerThread@?A0xb0a473bd@IlmThread@@@std@@@std@@KAAAPAVWorkerThread@?A0xb0a473bd@IlmThread@@PAU_Node@?$_List_nod@PAVWorkerThread@?A0xb0a473bd@IlmThread@@V?$allocator@PAVWorkerThread@?A0xb0a473bd@IlmThread@@@std@@@2@@Z 100029c0 f i IlmThreadPool.obj
 0001:000019d0       ?_Buynode@?$list@PAVWorkerThread@?A0xb0a473bd@IlmThread@@V?$allocator@PAVWorkerThread@?A0xb0a473bd@IlmThread@@@std@@@std@@IAEPAU_Node@?$_List_nod@PAVWorkerThread@?A0xb0a473bd@IlmThread@@V?$allocator@PAVWorkerThread@?A0xb0a473bd@IlmThread@@@std@@@2@PAU342@0ABQAVWorkerThread@?A0xb0a473bd@IlmThread@@@Z 100029d0 f i IlmThreadPool.obj
 0001:000019d0       ?_Buynode@?$list@PAVTask@IlmThread@@V?$allocator@PAVTask@IlmThread@@@std@@@std@@IAEPAU_Node@?$_List_nod@PAVTask@IlmThread@@V?$allocator@PAVTask@IlmThread@@@std@@@2@PAU342@0ABQAVTask@IlmThread@@@Z 100029d0 f i IlmThreadPool.obj
 0001:00001b20       ?_Incsize@?$list@PAVTask@IlmThread@@V?$allocator@PAVTask@IlmThread@@@std@@@std@@IAEXI@Z 10002b20 f i IlmThreadPool.obj
 0001:00001b20       ?_Incsize@?$list@PAVWorkerThread@?A0xb0a473bd@IlmThread@@V?$allocator@PAVWorkerThread@?A0xb0a473bd@IlmThread@@@std@@@std@@IAEXI@Z 10002b20 f i IlmThreadPool.obj
 0001:00001bc0       ??0?$_List_ptr@PAVTask@IlmThread@@V?$allocator@PAVTask@IlmThread@@@std@@@std@@IAE@V?$allocator@PAVTask@IlmThread@@@1@@Z 10002bc0 f i IlmThreadPool.obj
 0001:00001bc0       ??0?$_List_ptr@PAVWorkerThread@?A0xb0a473bd@IlmThread@@V?$allocator@PAVWorkerThread@?A0xb0a473bd@IlmThread@@@std@@@std@@IAE@V?$allocator@PAVWorkerThread@?A0xb0a473bd@IlmThread@@@1@@Z 10002bc0 f i IlmThreadPool.obj
 0001:00001c00       ?allocate@?$allocator@U_Node@?$_List_nod@PAVWorkerThread@?A0xb0a473bd@IlmThread@@V?$allocator@PAVWorkerThread@?A0xb0a473bd@IlmThread@@@std@@@std@@@std@@QAEPAU_Node@?$_List_nod@PAVWorkerThread@?A0xb0a473bd@IlmThread@@V?$allocator@PAVWorkerThread@?A0xb0a473bd@IlmThread@@@std@@@2@I@Z 10002c00 f i IlmThreadPool.obj
 0001:00001c00       ?allocate@?$allocator@U_Node@?$_List_nod@PAVTask@IlmThread@@V?$allocator@PAVTask@IlmThread@@@std@@@std@@@std@@QAEPAU_Node@?$_List_nod@PAVTask@IlmThread@@V?$allocator@PAVTask@IlmThread@@@std@@@2@I@Z 10002c00 f i IlmThreadPool.obj
 0001:00001c20       ?construct@?$allocator@PAU_Node@?$_List_nod@PAVTask@IlmThread@@V?$allocator@PAVTask@IlmThread@@@std@@@std@@@std@@QAEXPAPAU_Node@?$_List_nod@PAVTask@IlmThread@@V?$allocator@PAVTask@IlmThread@@@std@@@2@ABQAU342@@Z 10002c20 f i IlmThreadPool.obj
 0001:00001c20       ?construct@?$allocator@PAVWorkerThread@?A0xb0a473bd@IlmThread@@@std@@QAEXPAPAVWorkerThread@?A0xb0a473bd@IlmThread@@ABQAV345@@Z 10002c20 f i IlmThreadPool.obj
 0001:00001c20       ?construct@?$allocator@PAVTask@IlmThread@@@std@@QAEXPAPAVTask@IlmThread@@ABQAV34@@Z 10002c20 f i IlmThreadPool.obj
 0001:00001c20       ?construct@?$allocator@PAU_Node@?$_List_nod@PAVWorkerThread@?A0xb0a473bd@IlmThread@@V?$allocator@PAVWorkerThread@?A0xb0a473bd@IlmThread@@@std@@@std@@@std@@QAEXPAPAU_Node@?$_List_nod@PAVWorkerThread@?A0xb0a473bd@IlmThread@@V?$allocator@PAVWorkerThread@?A0xb0a473bd@IlmThread@@@std@@@2@ABQAU342@@Z 10002c20 f i IlmThreadPool.obj
 0001:00001c40       ?_Set_container@_Iterator_base_aux@std@@QAEXQBV_Container_base_aux@2@@Z 10002c40 f i IlmThreadPool.obj
 0001:00001c60       ?_Mynode@?$_Const_iterator@$00@?$list@PAVWorkerThread@?A0xb0a473bd@IlmThread@@V?$allocator@PAVWorkerThread@?A0xb0a473bd@IlmThread@@@std@@@std@@QBEPAU_Node@?$_List_nod@PAVWorkerThread@?A0xb0a473bd@IlmThread@@V?$allocator@PAVWorkerThread@?A0xb0a473bd@IlmThread@@@std@@@3@XZ 10002c60 f i IlmThreadPool.obj
 0001:00001c60       ?_Mynode@?$_Const_iterator@$00@?$list@PAVTask@IlmThread@@V?$allocator@PAVTask@IlmThread@@@std@@@std@@QBEPAU_Node@?$_List_nod@PAVTask@IlmThread@@V?$allocator@PAVTask@IlmThread@@@std@@@3@XZ 10002c60 f i IlmThreadPool.obj
 0001:00001c80       ??0?$_Iterator@$00@?$list@PAVWorkerThread@?A0xb0a473bd@IlmThread@@V?$allocator@PAVWorkerThread@?A0xb0a473bd@IlmThread@@@std@@@std@@QAE@PAU_Node@?$_List_nod@PAVWorkerThread@?A0xb0a473bd@IlmThread@@V?$allocator@PAVWorkerThread@?A0xb0a473bd@IlmThread@@@std@@@2@PBV12@@Z 10002c80 f i IlmThreadPool.obj
 0001:00001c80       ??0?$_Iterator@$00@?$list@PAVTask@IlmThread@@V?$allocator@PAVTask@IlmThread@@@std@@@std@@QAE@PAU_Node@?$_List_nod@PAVTask@IlmThread@@V?$allocator@PAVTask@IlmThread@@@std@@@2@PBV12@@Z 10002c80 f i IlmThreadPool.obj
 0001:00001ca0       ??D?$_Const_iterator@$00@?$list@PAVWorkerThread@?A0xb0a473bd@IlmThread@@V?$allocator@PAVWorkerThread@?A0xb0a473bd@IlmThread@@@std@@@std@@QBEABQAVWorkerThread@?A0xb0a473bd@IlmThread@@XZ 10002ca0 f i IlmThreadPool.obj
 0001:00001ca0       ??D?$_Const_iterator@$00@?$list@PAVTask@IlmThread@@V?$allocator@PAVTask@IlmThread@@@std@@@std@@QBEABQAVTask@IlmThread@@XZ 10002ca0 f i IlmThreadPool.obj
 0001:00001d10       ??E?$_Const_iterator@$00@?$list@PAVTask@IlmThread@@V?$allocator@PAVTask@IlmThread@@@std@@@std@@QAE?AV012@H@Z 10002d10 f i IlmThreadPool.obj
 0001:00001d50       ??0length_error@std@@QAE@ABV01@@Z 10002d50 f i IlmThreadPool.obj
 0001:00001d80       ??0?$_Bidit@PAVWorkerThread@?A0xb0a473bd@IlmThread@@HPBQAV123@ABQAV123@@std@@QAE@XZ 10002d80 f i IlmThreadPool.obj
 0001:00001d80       ??0?$_Bidit@PAVTask@IlmThread@@HPBQAV12@ABQAV12@@std@@QAE@XZ 10002d80 f i IlmThreadPool.obj
 0001:00001da0       ??0?$_Iterator_with_base@Ubidirectional_iterator_tag@std@@PAVWorkerThread@?A0xb0a473bd@IlmThread@@HPBQAV345@ABQAV345@V_Iterator_base_aux@2@@std@@QAE@XZ 10002da0 f i IlmThreadPool.obj
 0001:00001da0       ??0?$_Iterator_with_base@Ubidirectional_iterator_tag@std@@PAVTask@IlmThread@@HPBQAV34@ABQAV34@V_Iterator_base_aux@2@@std@@QAE@XZ 10002da0 f i IlmThreadPool.obj
 0001:00001dc0       ??0_Iterator_base_aux@std@@QAE@XZ 10002dc0 f i IlmThreadPool.obj
 0001:00001de0       ?max_size@?$list@PAVWorkerThread@?A0xb0a473bd@IlmThread@@V?$allocator@PAVWorkerThread@?A0xb0a473bd@IlmThread@@@std@@@std@@QBEIXZ 10002de0 f i IlmThreadPool.obj
 0001:00001de0       ?max_size@?$list@PAVTask@IlmThread@@V?$allocator@PAVTask@IlmThread@@@std@@@std@@QBEIXZ 10002de0 f i IlmThreadPool.obj
 0001:00001e00       ??0?$_List_nod@PAVTask@IlmThread@@V?$allocator@PAVTask@IlmThread@@@std@@@std@@IAE@V?$allocator@PAVTask@IlmThread@@@1@@Z 10002e00 f i IlmThreadPool.obj
 0001:00001e00       ??0?$_List_nod@PAVWorkerThread@?A0xb0a473bd@IlmThread@@V?$allocator@PAVWorkerThread@?A0xb0a473bd@IlmThread@@@std@@@std@@IAE@V?$allocator@PAVWorkerThread@?A0xb0a473bd@IlmThread@@@1@@Z 10002e00 f i IlmThreadPool.obj
 0001:00001e40       ??0?$_Const_iterator@$00@?$list@PAVTask@IlmThread@@V?$allocator@PAVTask@IlmThread@@@std@@@std@@QAE@PAU_Node@?$_List_nod@PAVTask@IlmThread@@V?$allocator@PAVTask@IlmThread@@@std@@@2@PBV12@@Z 10002e40 f i IlmThreadPool.obj
 0001:00001e40       ??0?$_Const_iterator@$00@?$list@PAVWorkerThread@?A0xb0a473bd@IlmThread@@V?$allocator@PAVWorkerThread@?A0xb0a473bd@IlmThread@@@std@@@std@@QAE@PAU_Node@?$_List_nod@PAVWorkerThread@?A0xb0a473bd@IlmThread@@V?$allocator@PAVWorkerThread@?A0xb0a473bd@IlmThread@@@std@@@2@PBV12@@Z 10002e40 f i IlmThreadPool.obj
 0001:00001e90       ??2@YAPAXIPAX@Z            10002e90 f i IlmThreadPool.obj
 0001:00001ea0       ??0_Aux_cont@std@@QAE@QBV_Container_base_aux@1@@Z 10002ea0 f i IlmThreadPool.obj
 0001:00001ec0       ?max_size@?$allocator@PAVTask@IlmThread@@@std@@QBEIXZ 10002ec0 f i IlmThreadPool.obj
 0001:00001ec0       ?max_size@?$allocator@PAVWorkerThread@?A0xb0a473bd@IlmThread@@@std@@QBEIXZ 10002ec0 f i IlmThreadPool.obj
 0001:00001ef0       ??0?$_Container_base_aux_alloc_real@V?$allocator@PAVTask@IlmThread@@@std@@@std@@IAE@V?$allocator@PAVTask@IlmThread@@@1@@Z 10002ef0 f i IlmThreadPool.obj
 0001:00001ef0       ??0?$_Container_base_aux_alloc_real@V?$allocator@PAVWorkerThread@?A0xb0a473bd@IlmThread@@@std@@@std@@IAE@V?$allocator@PAVWorkerThread@?A0xb0a473bd@IlmThread@@@1@@Z 10002ef0 f i IlmThreadPool.obj
 0001:00001fb0       ?allocate@?$allocator@V_Aux_cont@std@@@std@@QAEPAV_Aux_cont@2@I@Z 10002fb0 f i IlmThreadPool.obj
 0001:00001fd0       ??0bad_alloc@std@@QAE@PBD@Z 10002fd0 f i IlmThreadPool.obj
 0001:00002000       ??1bad_alloc@std@@UAE@XZ   10003000 f i IlmThreadPool.obj
 0001:00002020       ??_Ebad_alloc@std@@UAEPAXI@Z 10003020 f i IlmThreadPool.obj
 0001:00002020       ??_Gbad_alloc@std@@UAEPAXI@Z 10003020 f i IlmThreadPool.obj
 0001:00002050       ??$_Destroy@U_Node@?$_List_nod@PAVWorkerThread@?A0xb0a473bd@IlmThread@@V?$allocator@PAVWorkerThread@?A0xb0a473bd@IlmThread@@@std@@@std@@@std@@YAXPAU_Node@?$_List_nod@PAVWorkerThread@?A0xb0a473bd@IlmThread@@V?$allocator@PAVWorkerThread@?A0xb0a473bd@IlmThread@@@std@@@0@@Z 10003050 f i IlmThreadPool.obj
 0001:00002050       ??3@YAXPAX0@Z              10003050 f i IlmThreadPool.obj
 0001:00002050       ??$_Destroy@PAU_Node@?$_List_nod@PAVWorkerThread@?A0xb0a473bd@IlmThread@@V?$allocator@PAVWorkerThread@?A0xb0a473bd@IlmThread@@@std@@@std@@@std@@YAXPAPAU_Node@?$_List_nod@PAVWorkerThread@?A0xb0a473bd@IlmThread@@V?$allocator@PAVWorkerThread@?A0xb0a473bd@IlmThread@@@std@@@0@@Z 10003050 f i IlmThreadPool.obj
 0001:00002050       ??$_Destroy@PAU_Node@?$_List_nod@PAVTask@IlmThread@@V?$allocator@PAVTask@IlmThread@@@std@@@std@@@std@@YAXPAPAU_Node@?$_List_nod@PAVTask@IlmThread@@V?$allocator@PAVTask@IlmThread@@@std@@@0@@Z 10003050 f i IlmThreadPool.obj
 0001:00002050       ??$_Destroy@U_Node@?$_List_nod@PAVTask@IlmThread@@V?$allocator@PAVTask@IlmThread@@@std@@@std@@@std@@YAXPAU_Node@?$_List_nod@PAVTask@IlmThread@@V?$allocator@PAVTask@IlmThread@@@std@@@0@@Z 10003050 f i IlmThreadPool.obj
 0001:00002060       ??$_Allocate@U_Node@?$_List_nod@PAVTask@IlmThread@@V?$allocator@PAVTask@IlmThread@@@std@@@std@@@std@@YAPAU_Node@?$_List_nod@PAVTask@IlmThread@@V?$allocator@PAVTask@IlmThread@@@std@@@0@IPAU120@@Z 10003060 f i IlmThreadPool.obj
 0001:00002060       ??$_Allocate@U_Node@?$_List_nod@PAVWorkerThread@?A0xb0a473bd@IlmThread@@V?$allocator@PAVWorkerThread@?A0xb0a473bd@IlmThread@@@std@@@std@@@std@@YAPAU_Node@?$_List_nod@PAVWorkerThread@?A0xb0a473bd@IlmThread@@V?$allocator@PAVWorkerThread@?A0xb0a473bd@IlmThread@@@std@@@0@IPAU120@@Z 10003060 f i IlmThreadPool.obj
 0001:000020b0       ??$_Construct@PAU_Node@?$_List_nod@PAVWorkerThread@?A0xb0a473bd@IlmThread@@V?$allocator@PAVWorkerThread@?A0xb0a473bd@IlmThread@@@std@@@std@@PAU123@@std@@YAXPAPAU_Node@?$_List_nod@PAVWorkerThread@?A0xb0a473bd@IlmThread@@V?$allocator@PAVWorkerThread@?A0xb0a473bd@IlmThread@@@std@@@0@ABQAU120@@Z 100030b0 f i IlmThreadPool.obj
 0001:000020b0       ??$_Construct@PAU_Node@?$_List_nod@PAVTask@IlmThread@@V?$allocator@PAVTask@IlmThread@@@std@@@std@@PAU123@@std@@YAXPAPAU_Node@?$_List_nod@PAVTask@IlmThread@@V?$allocator@PAVTask@IlmThread@@@std@@@0@ABQAU120@@Z 100030b0 f i IlmThreadPool.obj
 0001:000020b0       ??$_Construct@PAVWorkerThread@?A0xb0a473bd@IlmThread@@PAV123@@std@@YAXPAPAVWorkerThread@?A0xb0a473bd@IlmThread@@ABQAV123@@Z 100030b0 f i IlmThreadPool.obj
 0001:000020b0       ??$_Construct@PAVTask@IlmThread@@PAV12@@std@@YAXPAPAVTask@IlmThread@@ABQAV12@@Z 100030b0 f i IlmThreadPool.obj
 0001:000020f0       ??$?0PAVTask@IlmThread@@@?$allocator@PAU_Node@?$_List_nod@PAVTask@IlmThread@@V?$allocator@PAVTask@IlmThread@@@std@@@std@@@std@@QAE@ABV?$allocator@PAVTask@IlmThread@@@1@@Z 100030f0 f i IlmThreadPool.obj
 0001:000020f0       ??$?0PAVTask@IlmThread@@@?$allocator@V_Aux_cont@std@@@std@@QAE@ABV?$allocator@PAVTask@IlmThread@@@1@@Z 100030f0 f i IlmThreadPool.obj
 0001:000020f0       ??$?0PAVWorkerThread@?A0xb0a473bd@IlmThread@@@?$allocator@V_Aux_cont@std@@@std@@QAE@ABV?$allocator@PAVWorkerThread@?A0xb0a473bd@IlmThread@@@1@@Z 100030f0 f i IlmThreadPool.obj
 0001:000020f0       ??0?$allocator@PAVTask@IlmThread@@@std@@QAE@ABV01@@Z 100030f0 f i IlmThreadPool.obj
 0001:000020f0       ??$?0PAVTask@IlmThread@@@?$allocator@U_Node@?$_List_nod@PAVTask@IlmThread@@V?$allocator@PAVTask@IlmThread@@@std@@@std@@@std@@QAE@ABV?$allocator@PAVTask@IlmThread@@@1@@Z 100030f0 f i IlmThreadPool.obj
 0001:000020f0       ??0?$allocator@PAVWorkerThread@?A0xb0a473bd@IlmThread@@@std@@QAE@ABV01@@Z 100030f0 f i IlmThreadPool.obj
 0001:000020f0       ??$?0PAVWorkerThread@?A0xb0a473bd@IlmThread@@@?$allocator@U_Node@?$_List_nod@PAVWorkerThread@?A0xb0a473bd@IlmThread@@V?$allocator@PAVWorkerThread@?A0xb0a473bd@IlmThread@@@std@@@std@@@std@@QAE@ABV?$allocator@PAVWorkerThread@?A0xb0a473bd@IlmThread@@@1@@Z 100030f0 f i IlmThreadPool.obj
 0001:000020f0       ??$?0PAVWorkerThread@?A0xb0a473bd@IlmThread@@@?$allocator@PAU_Node@?$_List_nod@PAVWorkerThread@?A0xb0a473bd@IlmThread@@V?$allocator@PAVWorkerThread@?A0xb0a473bd@IlmThread@@@std@@@std@@@std@@QAE@ABV?$allocator@PAVWorkerThread@?A0xb0a473bd@IlmThread@@@1@@Z 100030f0 f i IlmThreadPool.obj
 0001:00002100       ??$_Allocate@V_Aux_cont@std@@@std@@YAPAV_Aux_cont@0@IPAV10@@Z 10003100 f i IlmThreadPool.obj
 0001:00002150       ??0bad_alloc@std@@QAE@ABV01@@Z 10003150 f i IlmThreadPool.obj
 0001:00002180       ?errorString@?A0x7f4d0287@IlmThread@@YA?AV?$basic_string@DU?$char_traits@D@std@@V?$allocator@D@2@@std@@XZ 10003180 f   IlmThreadSemaphoreWin32.obj
 0001:00002240       ??0Semaphore@IlmThread@@QAE@I@Z 10003240 f   IlmThreadSemaphoreWin32.obj
 0001:000023a0       ??1Semaphore@IlmThread@@UAE@XZ 100033a0 f   IlmThreadSemaphoreWin32.obj
 0001:000023d0       ?wait@Semaphore@IlmThread@@QAEXXZ 100033d0 f   IlmThreadSemaphoreWin32.obj
 0001:00002510       ?tryWait@Semaphore@IlmThread@@QAE_NXZ 10003510 f   IlmThreadSemaphoreWin32.obj
 0001:00002540       ?post@Semaphore@IlmThread@@QAEXXZ 10003540 f   IlmThreadSemaphoreWin32.obj
 0001:00002680       ?value@Semaphore@IlmThread@@QBEHXZ 10003680 f   IlmThreadSemaphoreWin32.obj
 0001:000027d0       ??0LogicExc@Iex@@QAE@AAV?$basic_stringstream@DU?$char_traits@D@std@@V?$allocator@D@2@@std@@@Z 100037d0 f i IlmThreadSemaphoreWin32.obj
 0001:00002800       ??_GArgExc@Iex@@UAEPAXI@Z  10003800 f i IlmThreadPool.obj
 0001:00002800       ??_GLogicExc@Iex@@UAEPAXI@Z 10003800 f i IlmThreadSemaphoreWin32.obj
 0001:00002800       ??_EArgExc@Iex@@UAEPAXI@Z  10003800 f i IlmThreadPool.obj
 0001:00002800       ??_ELogicExc@Iex@@UAEPAXI@Z 10003800 f i IlmThreadSemaphoreWin32.obj
 0001:00002830       ??1ArgExc@Iex@@UAE@XZ      10003830 f i IlmThreadPool.obj
 0001:00002830       ??1LogicExc@Iex@@UAE@XZ    10003830 f i IlmThreadSemaphoreWin32.obj
 0001:00002850       ??_ESemaphore@IlmThread@@UAEPAXI@Z 10003850 f i IlmThreadSemaphoreWin32.obj
 0001:00002850       ??_GSemaphore@IlmThread@@UAEPAXI@Z 10003850 f i IlmThreadSemaphoreWin32.obj
 0001:00002880       ??0LogicExc@Iex@@QAE@ABV01@@Z 10003880 f i IlmThreadSemaphoreWin32.obj
 0001:000028b0       ??$?6U?$char_traits@D@std@@@std@@YAAAV?$basic_ostream@DU?$char_traits@D@std@@@0@AAV10@PBD@Z 100038b0 f i IlmThreadSemaphoreWin32.obj
 0001:00002b90       ??0sentry@?$basic_ostream@DU?$char_traits@D@std@@@std@@QAE@AAV12@@Z 10003b90 f i IlmThreadSemaphoreWin32.obj
 0001:00002c50       ??1sentry@?$basic_ostream@DU?$char_traits@D@std@@@std@@QAE@XZ 10003c50 f i IlmThreadSemaphoreWin32.obj
 0001:00002cc0       ??Bsentry@?$basic_ostream@DU?$char_traits@D@std@@@std@@QBE_NXZ 10003cc0 f i IlmThreadSemaphoreWin32.obj
 0001:00002ce0       ??0_Sentry_base@?$basic_ostream@DU?$char_traits@D@std@@@std@@QAE@AAV12@@Z 10003ce0 f i IlmThreadSemaphoreWin32.obj
 0001:00002d30       ??1_Sentry_base@?$basic_ostream@DU?$char_traits@D@std@@@std@@QAE@XZ 10003d30 f i IlmThreadSemaphoreWin32.obj
 0001:00002d80       ??_GThread@IlmThread@@UAEPAXI@Z 10003d80 f i IlmThreadWin32.obj
 0001:00002db0       ??_EThread@IlmThread@@UAEPAXI@Z 10003db0 f i IlmThreadWin32.obj
 0001:00002e20       ?supportsThreads@IlmThread@@YA_NXZ 10003e20 f   IlmThreadWin32.obj
 0001:00002e30       ?threadLoop@?A0x84754fee@IlmThread@@YGIPAX@Z 10003e30 f   IlmThreadWin32.obj
 0001:00002e60       ??0Thread@IlmThread@@QAE@XZ 10003e60 f   IlmThreadWin32.obj
 0001:00002e80       ??1Thread@IlmThread@@UAE@XZ 10003e80 f   IlmThreadWin32.obj
 0001:00002ec0       ?start@Thread@IlmThread@@QAEXXZ 10003ec0 f   IlmThreadWin32.obj
 0001:00002f54       _InitializeCriticalSection@4 10003f54 f   kernel32:KERNEL32.dll
 0001:00002f5a       _DeleteCriticalSection@4   10003f5a f   kernel32:KERNEL32.dll
 0001:00002f60       _EnterCriticalSection@4    10003f60 f   kernel32:KERNEL32.dll
 0001:00002f66       _LeaveCriticalSection@4    10003f66 f   kernel32:KERNEL32.dll
 0001:00002f6c       _LocalFree@4               10003f6c f   kernel32:KERNEL32.dll
 0001:00002f72       _FormatMessageA@28         10003f72 f   kernel32:KERNEL32.dll
 0001:00002f78       _GetLastError@0            10003f78 f   kernel32:KERNEL32.dll
 0001:00002f7e       _CreateSemaphoreA@16       10003f7e f   kernel32:KERNEL32.dll
 0001:00002f84       _CloseHandle@4             10003f84 f   kernel32:KERNEL32.dll
 0001:00002f8a       _WaitForSingleObject@8     10003f8a f   kernel32:KERNEL32.dll
 0001:00002f90       _ReleaseSemaphore@12       10003f90 f   kernel32:KERNEL32.dll
 0001:00002f96       ??0BaseExc@Iex@@QAE@ABV01@@Z 10003f96 f   iex:Iex.dll
 0001:00002f9c       ??0BaseExc@Iex@@QAE@PBD@Z  10003f9c f   iex:Iex.dll
 0001:00002fa2       ?what@BaseExc@Iex@@UBEPBDXZ 10003fa2 f   iex:Iex.dll
 0001:00002fa8       ??1BaseExc@Iex@@UAE@XZ     10003fa8 f   iex:Iex.dll
 0001:00002fae       ??0BaseExc@Iex@@QAE@AAV?$basic_stringstream@DU?$char_traits@D@std@@V?$allocator@D@2@@std@@@Z 10003fae f   iex:Iex.dll
 0001:00002fb4       ?throwErrnoExc@Iex@@YAXABV?$basic_string@DU?$char_traits@D@std@@V?$allocator@D@2@@std@@@Z 10003fb4 f   iex:Iex.dll
 0001:00002fba       ??0type_info@@AAE@ABV0@@Z  10003fba f   MSVCRT:ti_inst.obj
 0001:00002fc5       ??_Etype_info@@UAEPAXI@Z   10003fc5 f i MSVCRT:ti_inst.obj
 0001:00003011       ??4type_info@@AAEAAV0@ABV0@@Z 10004011 f   MSVCRT:ti_inst.obj
 0001:00003016       ??3@YAXPAX@Z               10004016 f   MSVCRT:MSVCR90.dll
 0001:0000301c       ___CxxFrameHandler3        1000401c f   MSVCRT:MSVCR90.dll
 0001:00003022       @__security_check_cookie@4 10004022 f   MSVCRT:secchk.obj
 0001:00003032       __purecall                 10004032 f   MSVCRT:MSVCR90.dll
 0001:00003038       ??2@YAPAXI@Z               10004038 f   MSVCRT:MSVCR90.dll
 0001:0000303e       __CxxThrowException@8      1000403e f   MSVCRT:MSVCR90.dll
 0001:00003044       ??0exception@std@@QAE@ABV01@@Z 10004044 f   MSVCRT:MSVCR90.dll
 0001:0000304a       __onexit                   1000404a f   MSVCRT:atonexit.obj
 0001:000030ef       _atexit                    100040ef f   MSVCRT:atonexit.obj
 0001:00003106       __invalid_parameter_noinfo 10004106 f   MSVCRT:MSVCR90.dll
 0001:0000310c       ??1exception@std@@UAE@XZ   1000410c f   MSVCRT:MSVCR90.dll
 0001:00003112       ??0exception@std@@QAE@XZ   10004112 f   MSVCRT:MSVCR90.dll
 0001:00003118       ??0exception@std@@QAE@ABQBD@Z 10004118 f   MSVCRT:MSVCR90.dll
 0001:0000311e       ?what@exception@std@@UBEPBDXZ 1000411e f   MSVCRT:MSVCR90.dll
 0001:00003136       ?__ArrayUnwind@@YGXPAXIHP6EX0@Z@Z 10004136 f   MSVCRT:ehvecdtr.obj
 0001:00003194       ??_M@YGXPAXIHP6EX0@Z@Z     10004194 f   MSVCRT:ehvecdtr.obj
 0001:000031f8       __endthreadex              100041f8 f   MSVCRT:MSVCR90.dll
 0001:000031fe       __beginthreadex            100041fe f   MSVCRT:MSVCR90.dll
 0001:00003204       _NtCurrentTeb              10004204 f i MSVCRT:crtdll.obj
 0001:0000325a       __CRT_INIT@12              1000425a f   MSVCRT:crtdll.obj
 0001:00003596       __DllMainCRTStartup@12     10004596 f   MSVCRT:crtdll.obj
 0001:000035b9       ___report_gsfailure        100045b9 f   MSVCRT:gs_report.obj
 0001:000036c0       __unlock                   100046c0 f   MSVCRT:MSVCR90.dll
 0001:000036c6       ___dllonexit               100046c6 f   MSVCRT:MSVCR90.dll
 0001:000036cc       __encode_pointer           100046cc f   MSVCRT:MSVCR90.dll
 0001:000036d2       __lock                     100046d2 f   MSVCRT:MSVCR90.dll
 0001:000036d8       __decode_pointer           100046d8 f   MSVCRT:MSVCR90.dll
 0001:000036e0       __SEH_prolog4              100046e0 f   MSVCRT:sehprolg4.obj
 0001:00003725       __SEH_epilog4              10004725 f   MSVCRT:sehprolg4.obj
 0001:00003739       __except_handler4          10004739 f   MSVCRT:chandler4gs.obj
 0001:0000375e       ?terminate@@YAXXZ          1000475e f   MSVCRT:MSVCR90.dll
 0001:00003764       ___clean_type_info_names   10004764 f   MSVCRT:tncleanup.obj
 0001:00003770       __RTC_Initialize           10004770 f   MSVCRT:_initsect_.obj
 0001:00003796       __RTC_Terminate            10004796 f   MSVCRT:_initsect_.obj
 0001:000037bc       __malloc_crt               100047bc f   MSVCRT:MSVCR90.dll
 0001:000037c2       _free                      100047c2 f   MSVCRT:MSVCR90.dll
 0001:000037c8       __encoded_null             100047c8 f   MSVCRT:MSVCR90.dll
 0001:000037d0       __ValidateImageBase        100047d0 f   MSVCRT:pesect.obj
 0001:00003810       __FindPESection            10004810 f   MSVCRT:pesect.obj
 0001:00003860       __IsNonwritableInCurrentImage 10004860 f   MSVCRT:pesect.obj
 0001:0000391e       __initterm                 1000491e f   MSVCRT:MSVCR90.dll
 0001:00003924       __initterm_e               10004924 f   MSVCRT:MSVCR90.dll
 0001:0000392a       __amsg_exit                1000492a f   MSVCRT:MSVCR90.dll
 0001:00003930       ___CppXcptFilter           10004930 f   MSVCRT:MSVCR90.dll
 0001:00003936       _DllMain@12                10004936 f   MSVCRT:dllmain.obj
 0001:0000395a       ___security_init_cookie    1000495a f   MSVCRT:gs_support.obj
 0001:000039f0       ?_type_info_dtor_internal_method@type_info@@QAEXXZ 100049f0 f   MSVCRT:MSVCR90.dll
 0001:000039f0       ??1type_info@@UAE@XZ       100049f0 f   MSVCRT:MSVCR90.dll
 0001:000039f6       __crt_debugger_hook        100049f6 f   MSVCRT:MSVCR90.dll
 0001:000039fc       __except_handler4_common   100049fc f   MSVCRT:MSVCR90.dll
 0001:00003a02       ___clean_type_info_names_internal 10004a02 f   MSVCRT:MSVCR90.dll
 0001:00003a08       ??0?$basic_string@DU?$char_traits@D@std@@V?$allocator@D@2@@std@@QAE@ABV01@@Z 10004a08 f   msvcprt:MSVCP90.dll
 0001:00003a0e       ??0?$_String_val@DV?$allocator@D@std@@@std@@QAE@ABV01@@Z 10004a0e f   msvcprt:MSVCP90.dll
 0001:00003a14       ??1?$basic_string@DU?$char_traits@D@std@@V?$allocator@D@2@@std@@QAE@XZ 10004a14 f   msvcprt:MSVCP90.dll
 0001:00003a1a       ??0?$basic_string@DU?$char_traits@D@std@@V?$allocator@D@2@@std@@QAE@PBD@Z 10004a1a f   msvcprt:MSVCP90.dll
 0001:00003a20       ?c_str@?$basic_string@DU?$char_traits@D@std@@V?$allocator@D@2@@std@@QBEPBDXZ 10004a20 f   msvcprt:MSVCP90.dll
 0001:00003a26       ??4?$basic_string@DU?$char_traits@D@std@@V?$allocator@D@2@@std@@QAEAAV01@PBD@Z 10004a26 f   msvcprt:MSVCP90.dll
 0001:00003a2c       ??0?$basic_string@DU?$char_traits@D@std@@V?$allocator@D@2@@std@@QAE@XZ 10004a2c f   msvcprt:MSVCP90.dll
 0001:00003a32       ??_D?$basic_stringstream@DU?$char_traits@D@std@@V?$allocator@D@2@@std@@QAEXXZ 10004a32 f   msvcprt:MSVCP90.dll
 0001:00003a38       ??$?6DU?$char_traits@D@std@@V?$allocator@D@1@@std@@YAAAV?$basic_ostream@DU?$char_traits@D@std@@@0@AAV10@ABV?$basic_string@DU?$char_traits@D@std@@V?$allocator@D@2@@0@@Z 10004a38 f   msvcprt:MSVCP90.dll
 0001:00003a3e       ??0?$basic_stringstream@DU?$char_traits@D@std@@V?$allocator@D@2@@std@@QAE@H@Z 10004a3e f   msvcprt:MSVCP90.dll
 0001:00003a44       ?setstate@?$basic_ios@DU?$char_traits@D@std@@@std@@QAEXH_N@Z 10004a44 f   msvcprt:MSVCP90.dll
 0001:00003a4a       ?width@ios_base@std@@QAEHH@Z 10004a4a f   msvcprt:MSVCP90.dll
 0001:00003a50       ?sputn@?$basic_streambuf@DU?$char_traits@D@std@@@std@@QAEHPBDH@Z 10004a50 f   msvcprt:MSVCP90.dll
 0001:00003a56       ?eq_int_type@?$char_traits@D@std@@SA_NABH0@Z 10004a56 f   msvcprt:MSVCP90.dll
 0001:00003a5c       ?eof@?$char_traits@D@std@@SAHXZ 10004a5c f   msvcprt:MSVCP90.dll
 0001:00003a62       ?sputc@?$basic_streambuf@DU?$char_traits@D@std@@@std@@QAEHD@Z 10004a62 f   msvcprt:MSVCP90.dll
 0001:00003a68       ?rdbuf@?$basic_ios@DU?$char_traits@D@std@@@std@@QBEPAV?$basic_streambuf@DU?$char_traits@D@std@@@2@XZ 10004a68 f   msvcprt:MSVCP90.dll
 0001:00003a6e       ?fill@?$basic_ios@DU?$char_traits@D@std@@@std@@QBEDXZ 10004a6e f   msvcprt:MSVCP90.dll
 0001:00003a74       ?flags@ios_base@std@@QBEHXZ 10004a74 f   msvcprt:MSVCP90.dll
 0001:00003a7a       ?width@ios_base@std@@QBEHXZ 10004a7a f   msvcprt:MSVCP90.dll
 0001:00003a80       ?length@?$char_traits@D@std@@SAIPBD@Z 10004a80 f   msvcprt:MSVCP90.dll
 0001:00003a86       ?flush@?$basic_ostream@DU?$char_traits@D@std@@@std@@QAEAAV12@XZ 10004a86 f   msvcprt:MSVCP90.dll
 0001:00003a8c       ?tie@?$basic_ios@DU?$char_traits@D@std@@@std@@QBEPAV?$basic_ostream@DU?$char_traits@D@std@@@2@XZ 10004a8c f   msvcprt:MSVCP90.dll
 0001:00003a92       ?good@ios_base@std@@QBE_NXZ 10004a92 f   msvcprt:MSVCP90.dll
 0001:00003a98       ?_Osfx@?$basic_ostream@DU?$char_traits@D@std@@@std@@QAEXXZ 10004a98 f   msvcprt:MSVCP90.dll
 0001:00003a9e       ?uncaught_exception@std@@YA_NXZ 10004a9e f   msvcprt:MSVCP90.dll
 0001:00003aa4       ?_Lock@?$basic_streambuf@DU?$char_traits@D@std@@@std@@QAEXXZ 10004aa4 f   msvcprt:MSVCP90.dll
 0001:00003aaa       ?_Unlock@?$basic_streambuf@DU?$char_traits@D@std@@@std@@QAEXXZ 10004aaa f   msvcprt:MSVCP90.dll
 0001:00003ab0       _InterlockedExchange@8     10004ab0 f   kernel32:KERNEL32.dll
 0001:00003ab6       _Sleep@4                   10004ab6 f   kernel32:KERNEL32.dll
 0001:00003abc       _InterlockedCompareExchange@12 10004abc f   kernel32:KERNEL32.dll
 0001:00003ac2       _TerminateProcess@8        10004ac2 f   kernel32:KERNEL32.dll
 0001:00003ac8       _GetCurrentProcess@0       10004ac8 f   kernel32:KERNEL32.dll
 0001:00003ace       _UnhandledExceptionFilter@4 10004ace f   kernel32:KERNEL32.dll
 0001:00003ad4       _SetUnhandledExceptionFilter@4 10004ad4 f   kernel32:KERNEL32.dll
 0001:00003ada       _IsDebuggerPresent@0       10004ada f   kernel32:KERNEL32.dll
 0001:00003ae0       _DisableThreadLibraryCalls@4 10004ae0 f   kernel32:KERNEL32.dll
 0001:00003ae6       _QueryPerformanceCounter@4 10004ae6 f   kernel32:KERNEL32.dll
 0001:00003aec       _GetTickCount@0            10004aec f   kernel32:KERNEL32.dll
 0001:00003af2       _GetCurrentThreadId@0      10004af2 f   kernel32:KERNEL32.dll
 0001:00003af8       _GetCurrentProcessId@0     10004af8 f   kernel32:KERNEL32.dll
 0001:00003afe       _GetSystemTimeAsFileTime@4 10004afe f   kernel32:KERNEL32.dll
 0002:00000000       __imp_??0BaseExc@Iex@@QAE@AAV?$basic_stringstream@DU?$char_traits@D@std@@V?$allocator@D@2@@std@@@Z 10006000     iex:Iex.dll
 0002:00000004       __imp_??1BaseExc@Iex@@UAE@XZ 10006004     iex:Iex.dll
 0002:00000008       __imp_?what@BaseExc@Iex@@UBEPBDXZ 10006008     iex:Iex.dll
 0002:0000000c       __imp_??0BaseExc@Iex@@QAE@PBD@Z 1000600c     iex:Iex.dll
 0002:00000010       __imp_??0BaseExc@Iex@@QAE@ABV01@@Z 10006010     iex:Iex.dll
 0002:00000014       __imp_?throwErrnoExc@Iex@@YAXABV?$basic_string@DU?$char_traits@D@std@@V?$allocator@D@2@@std@@@Z 10006014     iex:Iex.dll
 0002:00000018       \177Iex_NULL_THUNK_DATA    10006018     iex:Iex.dll
 0002:0000001c       __imp__CreateSemaphoreA@16 1000601c     kernel32:KERNEL32.dll
 0002:00000020       __imp__CloseHandle@4       10006020     kernel32:KERNEL32.dll
 0002:00000024       __imp__GetLastError@0      10006024     kernel32:KERNEL32.dll
 0002:00000028       __imp__ReleaseSemaphore@12 10006028     kernel32:KERNEL32.dll
 0002:0000002c       __imp__FormatMessageA@28   1000602c     kernel32:KERNEL32.dll
 0002:00000030       __imp__LocalFree@4         10006030     kernel32:KERNEL32.dll
 0002:00000034       __imp__LeaveCriticalSection@4 10006034     kernel32:KERNEL32.dll
 0002:00000038       __imp__EnterCriticalSection@4 10006038     kernel32:KERNEL32.dll
 0002:0000003c       __imp__DeleteCriticalSection@4 1000603c     kernel32:KERNEL32.dll
 0002:00000040       __imp__WaitForSingleObject@8 10006040     kernel32:KERNEL32.dll
 0002:00000044       __imp__InitializeCriticalSection@4 10006044     kernel32:KERNEL32.dll
 0002:00000048       __imp__GetCurrentProcessId@0 10006048     kernel32:KERNEL32.dll
 0002:0000004c       __imp__GetCurrentThreadId@0 1000604c     kernel32:KERNEL32.dll
 0002:00000050       __imp__GetTickCount@0      10006050     kernel32:KERNEL32.dll
 0002:00000054       __imp__QueryPerformanceCounter@4 10006054     kernel32:KERNEL32.dll
 0002:00000058       __imp__DisableThreadLibraryCalls@4 10006058     kernel32:KERNEL32.dll
 0002:0000005c       __imp__IsDebuggerPresent@0 1000605c     kernel32:KERNEL32.dll
 0002:00000060       __imp__SetUnhandledExceptionFilter@4 10006060     kernel32:KERNEL32.dll
 0002:00000064       __imp__UnhandledExceptionFilter@4 10006064     kernel32:KERNEL32.dll
 0002:00000068       __imp__GetCurrentProcess@0 10006068     kernel32:KERNEL32.dll
 0002:0000006c       __imp__TerminateProcess@8  1000606c     kernel32:KERNEL32.dll
 0002:00000070       __imp__InterlockedCompareExchange@12 10006070     kernel32:KERNEL32.dll
 0002:00000074       __imp__Sleep@4             10006074     kernel32:KERNEL32.dll
 0002:00000078       __imp__InterlockedExchange@8 10006078     kernel32:KERNEL32.dll
 0002:0000007c       __imp__GetSystemTimeAsFileTime@4 1000607c     kernel32:KERNEL32.dll
 0002:00000080       \177KERNEL32_NULL_THUNK_DATA 10006080     kernel32:KERNEL32.dll
 0002:00000084       __imp_?sputn@?$basic_streambuf@DU?$char_traits@D@std@@@std@@QAEHPBDH@Z 10006084     msvcprt:MSVCP90.dll
 0002:00000088       __imp_?_Unlock@?$basic_streambuf@DU?$char_traits@D@std@@@std@@QAEXXZ 10006088     msvcprt:MSVCP90.dll
 0002:0000008c       __imp_?_Lock@?$basic_streambuf@DU?$char_traits@D@std@@@std@@QAEXXZ 1000608c     msvcprt:MSVCP90.dll
 0002:00000090       __imp_?uncaught_exception@std@@YA_NXZ 10006090     msvcprt:MSVCP90.dll
 0002:00000094       __imp_?_Osfx@?$basic_ostream@DU?$char_traits@D@std@@@std@@QAEXXZ 10006094     msvcprt:MSVCP90.dll
 0002:00000098       __imp_?good@ios_base@std@@QBE_NXZ 10006098     msvcprt:MSVCP90.dll
 0002:0000009c       __imp_?tie@?$basic_ios@DU?$char_traits@D@std@@@std@@QBEPAV?$basic_ostream@DU?$char_traits@D@std@@@2@XZ 1000609c     msvcprt:MSVCP90.dll
 0002:000000a0       __imp_?flush@?$basic_ostream@DU?$char_traits@D@std@@@std@@QAEAAV12@XZ 100060a0     msvcprt:MSVCP90.dll
 0002:000000a4       __imp_?length@?$char_traits@D@std@@SAIPBD@Z 100060a4     msvcprt:MSVCP90.dll
 0002:000000a8       __imp_?width@ios_base@std@@QBEHXZ 100060a8     msvcprt:MSVCP90.dll
 0002:000000ac       __imp_?flags@ios_base@std@@QBEHXZ 100060ac     msvcprt:MSVCP90.dll
 0002:000000b0       __imp_?fill@?$basic_ios@DU?$char_traits@D@std@@@std@@QBEDXZ 100060b0     msvcprt:MSVCP90.dll
 0002:000000b4       __imp_?rdbuf@?$basic_ios@DU?$char_traits@D@std@@@std@@QBEPAV?$basic_streambuf@DU?$char_traits@D@std@@@2@XZ 100060b4     msvcprt:MSVCP90.dll
 0002:000000b8       __imp_?sputc@?$basic_streambuf@DU?$char_traits@D@std@@@std@@QAEHD@Z 100060b8     msvcprt:MSVCP90.dll
 0002:000000bc       __imp_?eof@?$char_traits@D@std@@SAHXZ 100060bc     msvcprt:MSVCP90.dll
 0002:000000c0       __imp_?eq_int_type@?$char_traits@D@std@@SA_NABH0@Z 100060c0     msvcprt:MSVCP90.dll
 0002:000000c4       __imp_?width@ios_base@std@@QAEHH@Z 100060c4     msvcprt:MSVCP90.dll
 0002:000000c8       __imp_?setstate@?$basic_ios@DU?$char_traits@D@std@@@std@@QAEXH_N@Z 100060c8     msvcprt:MSVCP90.dll
 0002:000000cc       __imp_??0?$basic_stringstream@DU?$char_traits@D@std@@V?$allocator@D@2@@std@@QAE@H@Z 100060cc     msvcprt:MSVCP90.dll
 0002:000000d0       __imp_??0?$basic_string@DU?$char_traits@D@std@@V?$allocator@D@2@@std@@QAE@ABV01@@Z 100060d0     msvcprt:MSVCP90.dll
 0002:000000d4       __imp_??0?$_String_val@DV?$allocator@D@std@@@std@@QAE@ABV01@@Z 100060d4     msvcprt:MSVCP90.dll
 0002:000000d8       __imp_??1?$basic_string@DU?$char_traits@D@std@@V?$allocator@D@2@@std@@QAE@XZ 100060d8     msvcprt:MSVCP90.dll
 0002:000000dc       __imp_??0?$basic_string@DU?$char_traits@D@std@@V?$allocator@D@2@@std@@QAE@PBD@Z 100060dc     msvcprt:MSVCP90.dll
 0002:000000e0       __imp_?c_str@?$basic_string@DU?$char_traits@D@std@@V?$allocator@D@2@@std@@QBEPBDXZ 100060e0     msvcprt:MSVCP90.dll
 0002:000000e4       __imp_??4?$basic_string@DU?$char_traits@D@std@@V?$allocator@D@2@@std@@QAEAAV01@PBD@Z 100060e4     msvcprt:MSVCP90.dll
 0002:000000e8       __imp_??0?$basic_string@DU?$char_traits@D@std@@V?$allocator@D@2@@std@@QAE@XZ 100060e8     msvcprt:MSVCP90.dll
 0002:000000ec       __imp_??_D?$basic_stringstream@DU?$char_traits@D@std@@V?$allocator@D@2@@std@@QAEXXZ 100060ec     msvcprt:MSVCP90.dll
 0002:000000f0       __imp_??$?6DU?$char_traits@D@std@@V?$allocator@D@1@@std@@YAAAV?$basic_ostream@DU?$char_traits@D@std@@@0@AAV10@ABV?$basic_string@DU?$char_traits@D@std@@V?$allocator@D@2@@0@@Z 100060f0     msvcprt:MSVCP90.dll
 0002:000000f4       \177MSVCP90_NULL_THUNK_DATA 100060f4     msvcprt:MSVCP90.dll
 0002:000000f8       __imp___except_handler4_common 100060f8     MSVCRT:MSVCR90.dll
 0002:000000fc       __imp___crt_debugger_hook  100060fc     MSVCRT:MSVCR90.dll
 0002:00000100       __imp____dllonexit         10006100     MSVCRT:MSVCR90.dll
 0002:00000104       __imp___unlock             10006104     MSVCRT:MSVCR90.dll
 0002:00000108       __imp____CppXcptFilter     10006108     MSVCRT:MSVCR90.dll
 0002:0000010c       __imp___adjust_fdiv        1000610c     MSVCRT:MSVCR90.dll
 0002:00000110       __imp___amsg_exit          10006110     MSVCRT:MSVCR90.dll
 0002:00000114       __imp___initterm_e         10006114     MSVCRT:MSVCR90.dll
 0002:00000118       __imp___initterm           10006118     MSVCRT:MSVCR90.dll
 0002:0000011c       __imp___encoded_null       1000611c     MSVCRT:MSVCR90.dll
 0002:00000120       __imp__free                10006120     MSVCRT:MSVCR90.dll
 0002:00000124       __imp___malloc_crt         10006124     MSVCRT:MSVCR90.dll
 0002:00000128       __imp_?terminate@@YAXXZ    10006128     MSVCRT:MSVCR90.dll
 0002:0000012c       __imp___decode_pointer     1000612c     MSVCRT:MSVCR90.dll
 0002:00000130       __imp___onexit             10006130     MSVCRT:MSVCR90.dll
 0002:00000134       __imp___lock               10006134     MSVCRT:MSVCR90.dll
 0002:00000138       __imp___encode_pointer     10006138     MSVCRT:MSVCR90.dll
 0002:0000013c       __imp____clean_type_info_names_internal 1000613c     MSVCRT:MSVCR90.dll
 0002:00000140       __imp___beginthreadex      10006140     MSVCRT:MSVCR90.dll
 0002:00000144       __imp___endthreadex        10006144     MSVCRT:MSVCR90.dll
 0002:00000148       __imp_?what@exception@std@@UBEPBDXZ 10006148     MSVCRT:MSVCR90.dll
 0002:0000014c       __imp_??0exception@std@@QAE@ABQBD@Z 1000614c     MSVCRT:MSVCR90.dll
 0002:00000150       __imp_??0exception@std@@QAE@XZ 10006150     MSVCRT:MSVCR90.dll
 0002:00000154       __imp_??1exception@std@@UAE@XZ 10006154     MSVCRT:MSVCR90.dll
 0002:00000158       __imp___invalid_parameter_noinfo 10006158     MSVCRT:MSVCR90.dll
 0002:0000015c       __imp_??0exception@std@@QAE@ABV01@@Z 1000615c     MSVCRT:MSVCR90.dll
 0002:00000160       __imp___CxxThrowException@8 10006160     MSVCRT:MSVCR90.dll
 0002:00000164       __imp_??2@YAPAXI@Z         10006164     MSVCRT:MSVCR90.dll
 0002:00000168       __imp___purecall           10006168     MSVCRT:MSVCR90.dll
 0002:0000016c       __imp____CxxFrameHandler3  1000616c     MSVCRT:MSVCR90.dll
 0002:00000170       __imp_??3@YAXPAX@Z         10006170     MSVCRT:MSVCR90.dll
 0002:00000174       __imp_?_type_info_dtor_internal_method@type_info@@QAEXXZ 10006174     MSVCRT:MSVCR90.dll
 0002:00000178       \177MSVCR90_NULL_THUNK_DATA 10006178     MSVCRT:MSVCR90.dll
 0002:0000017c       ___xc_a                    1000617c     MSVCRT:cinitexe.obj
 0002:00000180       ___xc_z                    10006180     MSVCRT:cinitexe.obj
 0002:00000184       ___xi_a                    10006184     MSVCRT:cinitexe.obj
 0002:0000018c       ___xi_z                    1000618c     MSVCRT:cinitexe.obj
 0002:000001bb       ?value@?$integral_constant@_N$00@tr1@std@@2_NB 100061bb     IlmThreadPool.obj
 0002:000001bb       ?_Value@?$_Is_swap_move@U_Swap_move_tag@std@@@std@@2_NB 100061bb     IlmThreadMutexWin32.obj
 0002:000001bc       ?app@?$_Iosb@H@std@@2W4_Openmode@12@B 100061bc     IlmThreadMutexWin32.obj
 0002:000001bc       ?numeric@?$_Locbase@H@std@@2HB 100061bc     IlmThreadMutexWin32.obj
 0002:000001bc       ?showbase@?$_Iosb@H@std@@2W4_Fmtflags@12@B 100061bc     IlmThreadMutexWin32.obj
 0002:000001c0       ?time@?$_Locbase@H@std@@2HB 100061c0     IlmThreadMutexWin32.obj
 0002:000001c0       ?trunc@?$_Iosb@H@std@@2W4_Openmode@12@B 100061c0     IlmThreadMutexWin32.obj
 0002:000001c0       ?_Hardfail@?$_Iosb@H@std@@2W4_Iostate@12@B 100061c0     IlmThreadMutexWin32.obj
 0002:000001c0       ?showpoint@?$_Iosb@H@std@@2W4_Fmtflags@12@B 100061c0     IlmThreadMutexWin32.obj
 0002:000001c4       ?all@?$_Locbase@H@std@@2HB 100061c4     IlmThreadMutexWin32.obj
 0002:000001c8       ?_Nocreate@?$_Iosb@H@std@@2W4_Openmode@12@B 100061c8     IlmThreadMutexWin32.obj
 0002:000001c8       ?left@?$_Iosb@H@std@@2W4_Fmtflags@12@B 100061c8     IlmThreadMutexWin32.obj
 0002:000001cc       ?internal@?$_Iosb@H@std@@2W4_Fmtflags@12@B 100061cc     IlmThreadMutexWin32.obj
 0002:000001d0       ?dec@?$_Iosb@H@std@@2W4_Fmtflags@12@B 100061d0     IlmThreadMutexWin32.obj
 0002:000001d4       ?oct@?$_Iosb@H@std@@2W4_Fmtflags@12@B 100061d4     IlmThreadMutexWin32.obj
 0002:000001d8       ?hex@?$_Iosb@H@std@@2W4_Fmtflags@12@B 100061d8     IlmThreadMutexWin32.obj
 0002:000001dc       ?scientific@?$_Iosb@H@std@@2W4_Fmtflags@12@B 100061dc     IlmThreadMutexWin32.obj
 0002:000001e0       ?fixed@?$_Iosb@H@std@@2W4_Fmtflags@12@B 100061e0     IlmThreadMutexWin32.obj
 0002:000001e4       ?boolalpha@?$_Iosb@H@std@@2W4_Fmtflags@12@B 100061e4     IlmThreadMutexWin32.obj
 0002:000001e8       ?_Stdio@?$_Iosb@H@std@@2W4_Fmtflags@12@B 100061e8     IlmThreadMutexWin32.obj
 0002:000001ec       ?adjustfield@?$_Iosb@H@std@@2W4_Fmtflags@12@B 100061ec     IlmThreadMutexWin32.obj
 0002:000001f0       ?basefield@?$_Iosb@H@std@@2W4_Fmtflags@12@B 100061f0     IlmThreadMutexWin32.obj
 0002:000001f4       ?hexfloat@?$_Iosb@H@std@@2W4_Fmtflags@12@B 100061f4     IlmThreadMutexWin32.obj
 0002:000001f4       ?floatfield@?$_Iosb@H@std@@2W4_Fmtflags@12@B 100061f4     IlmThreadMutexWin32.obj
 0002:000001f8       ?cur@?$_Iosb@H@std@@2W4_Seekdir@12@B 100061f8     IlmThreadMutexWin32.obj
 0002:000001f8       ?skipws@?$_Iosb@H@std@@2W4_Fmtflags@12@B 100061f8     IlmThreadMutexWin32.obj
 0002:000001f8       ?ProcessAttach@NativeDll@<CrtImplementationDetails>@@0IB 100061f8     MSVCRT:tncleanup.obj
 0002:000001f8       ?eofbit@?$_Iosb@H@std@@2W4_Iostate@12@B 100061f8     IlmThreadMutexWin32.obj
 0002:000001f8       ?collate@?$_Locbase@H@std@@2HB 100061f8     IlmThreadMutexWin32.obj
 0002:000001f8       ?in@?$_Iosb@H@std@@2W4_Openmode@12@B 100061f8     IlmThreadMutexWin32.obj
 0002:000001fc       ?ThreadAttach@NativeDll@<CrtImplementationDetails>@@0IB 100061fc     MSVCRT:tncleanup.obj
 0002:000001fc       ?unitbuf@?$_Iosb@H@std@@2W4_Fmtflags@12@B 100061fc     IlmThreadMutexWin32.obj
 0002:000001fc       ?out@?$_Iosb@H@std@@2W4_Openmode@12@B 100061fc     IlmThreadMutexWin32.obj
 0002:000001fc       ?end@?$_Iosb@H@std@@2W4_Seekdir@12@B 100061fc     IlmThreadMutexWin32.obj
 0002:000001fc       ?ctype@?$_Locbase@H@std@@2HB 100061fc     IlmThreadMutexWin32.obj
 0002:000001fc       ?failbit@?$_Iosb@H@std@@2W4_Iostate@12@B 100061fc     IlmThreadMutexWin32.obj
 0002:00000200       ?ProcessVerifier@NativeDll@<CrtImplementationDetails>@@0IB 10006200     MSVCRT:tncleanup.obj
 0002:00000200       ?uppercase@?$_Iosb@H@std@@2W4_Fmtflags@12@B 10006200     IlmThreadMutexWin32.obj
 0002:00000200       ?monetary@?$_Locbase@H@std@@2HB 10006200     IlmThreadMutexWin32.obj
 0002:00000200       ?ate@?$_Iosb@H@std@@2W4_Openmode@12@B 10006200     IlmThreadMutexWin32.obj
 0002:00000200       ?badbit@?$_Iosb@H@std@@2W4_Iostate@12@B 10006200     IlmThreadMutexWin32.obj
 0002:00000204       ?right@?$_Iosb@H@std@@2W4_Fmtflags@12@B 10006204     IlmThreadMutexWin32.obj
 0002:00000204       ?_Noreplace@?$_Iosb@H@std@@2W4_Openmode@12@B 10006204     IlmThreadMutexWin32.obj
 0002:00000208       ?messages@?$_Locbase@H@std@@2HB 10006208     IlmThreadMutexWin32.obj
 0002:00000208       ?showpos@?$_Iosb@H@std@@2W4_Fmtflags@12@B 10006208     IlmThreadMutexWin32.obj
 0002:00000208       ?binary@?$_Iosb@H@std@@2W4_Openmode@12@B 10006208     IlmThreadMutexWin32.obj
 0002:0000020c       ?none@?$_Locbase@H@std@@2HB 1000620c     IlmThreadMutexWin32.obj
 0002:0000020c       ?goodbit@?$_Iosb@H@std@@2W4_Iostate@12@B 1000620c     IlmThreadMutexWin32.obj
 0002:0000020c       ?beg@?$_Iosb@H@std@@2W4_Seekdir@12@B 1000620c     IlmThreadMutexWin32.obj
 0002:0000020c       ?ProcessDetach@NativeDll@<CrtImplementationDetails>@@0IB 1000620c     MSVCRT:tncleanup.obj
 0002:00000214       ??_7Mutex@IlmThread@@6B@   10006214     IlmThreadMutexWin32.obj
 0002:00000273       ?value@?$integral_constant@_N$0A@@tr1@std@@2_NB 10006273     IlmThreadPool.obj
 0002:00000278       ??_7WorkerThread@?A0xb0a473bd@IlmThread@@6B@ 10006278     IlmThreadPool.obj
 0002:00000284       ??_7Task@IlmThread@@6B@    10006284     IlmThreadPool.obj
 0002:00000290       ??_7ThreadPool@IlmThread@@6B@ 10006290     IlmThreadPool.obj
 0002:00000298       ??_7ArgExc@Iex@@6B@        10006298     IlmThreadPool.obj
 0002:000002a0       ??_C@_0BB@MOGOBHAF@list?$DMT?$DO?5too?5long?$AA@ 100062a0     IlmThreadPool.obj
 0002:000002b8       ??_7length_error@std@@6B@  100062b8     IlmThreadPool.obj
 0002:000002c4       ??_7logic_error@std@@6B@   100062c4     IlmThreadPool.obj
 0002:000002d0       ??_7bad_alloc@std@@6B@     100062d0     IlmThreadPool.obj
 0002:00000380       ??_7Semaphore@IlmThread@@6B@ 10006380     IlmThreadSemaphoreWin32.obj
 0002:00000388       ??_7LogicExc@Iex@@6B@      10006388     IlmThreadSemaphoreWin32.obj
 0002:000003c4       ??_7Thread@IlmThread@@6B@  100063c4     IlmThreadWin32.obj
 0002:000003d0       ??_7type_info@@6B@         100063d0     MSVCRT:ti_inst.obj
 0002:000003d4       __pRawDllMain              100063d4     MSVCRT:crtdll.obj
 0002:000003d4       __pDefaultRawDllMain       100063d4     MSVCRT:crtdll.obj
 0002:000003e0       ?ThreadDetach@NativeDll@<CrtImplementationDetails>@@0IB 100063e0     MSVCRT:tncleanup.obj
 0002:000003e8       __load_config_used         100063e8     MSVCRT:loadcfg.obj
 0002:000004a4       ??_R4Mutex@IlmThread@@6B@  100064a4     IlmThreadMutexWin32.obj
 0002:000004b8       ??_R3Mutex@IlmThread@@8    100064b8     IlmThreadMutexWin32.obj
 0002:000004c8       ??_R2Mutex@IlmThread@@8    100064c8     IlmThreadMutexWin32.obj
 0002:000004d0       ??_R1A@?0A@EA@Mutex@IlmThread@@8 100064d0     IlmThreadMutexWin32.obj
 0002:000004ec       ??_R4WorkerThread@?A0xb0a473bd@IlmThread@@6B@ 100064ec     IlmThreadPool.obj
 0002:00000500       ??_R3WorkerThread@?A0xb0a473bd@IlmThread@@8 10006500     IlmThreadPool.obj
 0002:00000510       ??_R2WorkerThread@?A0xb0a473bd@IlmThread@@8 10006510     IlmThreadPool.obj
 0002:0000051c       ??_R1A@?0A@EA@WorkerThread@?A0xb0a473bd@IlmThread@@8 1000651c     IlmThreadPool.obj
 0002:00000538       ??_R1A@?0A@EA@Thread@IlmThread@@8 10006538     IlmThreadPool.obj
 0002:00000554       ??_R3Thread@IlmThread@@8   10006554     IlmThreadPool.obj
 0002:00000564       ??_R2Thread@IlmThread@@8   10006564     IlmThreadPool.obj
 0002:0000056c       ??_R4Task@IlmThread@@6B@   1000656c     IlmThreadPool.obj
 0002:00000580       ??_R3Task@IlmThread@@8     10006580     IlmThreadPool.obj
 0002:00000590       ??_R2Task@IlmThread@@8     10006590     IlmThreadPool.obj
 0002:00000598       ??_R1A@?0A@EA@Task@IlmThread@@8 10006598     IlmThreadPool.obj
 0002:000005b4       ??_R4ThreadPool@IlmThread@@6B@ 100065b4     IlmThreadPool.obj
 0002:000005c8       ??_R3ThreadPool@IlmThread@@8 100065c8     IlmThreadPool.obj
 0002:000005d8       ??_R2ThreadPool@IlmThread@@8 100065d8     IlmThreadPool.obj
 0002:000005e0       ??_R1A@?0A@EA@ThreadPool@IlmThread@@8 100065e0     IlmThreadPool.obj
 0002:000005fc       ??_R4ArgExc@Iex@@6B@       100065fc     IlmThreadPool.obj
 0002:00000610       ??_R3ArgExc@Iex@@8         10006610     IlmThreadPool.obj
 0002:00000620       ??_R2ArgExc@Iex@@8         10006620     IlmThreadPool.obj
 0002:00000640       ??_R1A@?0A@EA@ArgExc@Iex@@8 10006640     IlmThreadPool.obj
 0002:0000065c       ??_R1A@?0A@EA@BaseExc@Iex@@8 1000665c     IlmThreadPool.obj
 0002:00000678       ??_R3BaseExc@Iex@@8        10006678     IlmThreadPool.obj
 0002:00000688       ??_R2BaseExc@Iex@@8        10006688     IlmThreadPool.obj
 0002:000006a4       ??_R1M@?0A@EA@?$basic_string@DU?$char_traits@D@std@@V?$allocator@D@2@@std@@8 100066a4     IlmThreadPool.obj
 0002:000006c0       ??_R3?$basic_string@DU?$char_traits@D@std@@V?$allocator@D@2@@std@@8 100066c0     IlmThreadPool.obj
 0002:000006d0       ??_R2?$basic_string@DU?$char_traits@D@std@@V?$allocator@D@2@@std@@8 100066d0     IlmThreadPool.obj
 0002:000006e4       ??_R1A@?0A@EA@?$basic_string@DU?$char_traits@D@std@@V?$allocator@D@2@@std@@8 100066e4     IlmThreadPool.obj
 0002:00000700       ??_R1A@?0A@EA@?$_String_val@DV?$allocator@D@std@@@std@@8 10006700     IlmThreadPool.obj
 0002:0000071c       ??_R3?$_String_val@DV?$allocator@D@std@@@std@@8 1000671c     IlmThreadPool.obj
 0002:0000072c       ??_R2?$_String_val@DV?$allocator@D@std@@@std@@8 1000672c     IlmThreadPool.obj
 0002:0000073c       ??_R1A@?0A@EA@_String_base@std@@8 1000673c     IlmThreadPool.obj
 0002:00000758       ??_R3_String_base@std@@8   10006758     IlmThreadPool.obj
 0002:00000768       ??_R2_String_base@std@@8   10006768     IlmThreadPool.obj
 0002:00000774       ??_R1A@?0A@EA@_Container_base_secure@std@@8 10006774     IlmThreadPool.obj
 0002:00000790       ??_R3_Container_base_secure@std@@8 10006790     IlmThreadPool.obj
 0002:000007a0       ??_R2_Container_base_secure@std@@8 100067a0     IlmThreadPool.obj
 0002:000007a8       ??_R1M@?0A@EA@?$_String_val@DV?$allocator@D@std@@@std@@8 100067a8     IlmThreadPool.obj
 0002:000007c4       ??_R1M@?0A@EA@_String_base@std@@8 100067c4     IlmThreadPool.obj
 0002:000007e0       ??_R1M@?0A@EA@_Container_base_secure@std@@8 100067e0     IlmThreadPool.obj
 0002:000007fc       ??_R1A@?0A@EA@exception@std@@8 100067fc     IlmThreadPool.obj
 0002:00000818       ??_R3exception@std@@8      10006818     IlmThreadPool.obj
 0002:00000828       ??_R2exception@std@@8      10006828     IlmThreadPool.obj
 0002:00000830       ??_R4length_error@std@@6B@ 10006830     IlmThreadPool.obj
 0002:00000844       ??_R3length_error@std@@8   10006844     IlmThreadPool.obj
 0002:00000854       ??_R2length_error@std@@8   10006854     IlmThreadPool.obj
 0002:00000864       ??_R1A@?0A@EA@length_error@std@@8 10006864     IlmThreadPool.obj
 0002:00000880       ??_R1A@?0A@EA@logic_error@std@@8 10006880     IlmThreadPool.obj
 0002:0000089c       ??_R3logic_error@std@@8    1000689c     IlmThreadPool.obj
 0002:000008ac       ??_R2logic_error@std@@8    100068ac     IlmThreadPool.obj
 0002:000008b8       ??_R4logic_error@std@@6B@  100068b8     IlmThreadPool.obj
 0002:000008cc       ??_R4bad_alloc@std@@6B@    100068cc     IlmThreadPool.obj
 0002:000008e0       ??_R3bad_alloc@std@@8      100068e0     IlmThreadPool.obj
 0002:000008f0       ??_R2bad_alloc@std@@8      100068f0     IlmThreadPool.obj
 0002:000008fc       ??_R1A@?0A@EA@bad_alloc@std@@8 100068fc     IlmThreadPool.obj
 0002:00000918       ??_R4Semaphore@IlmThread@@6B@ 10006918     IlmThreadSemaphoreWin32.obj
 0002:0000092c       ??_R3Semaphore@IlmThread@@8 1000692c     IlmThreadSemaphoreWin32.obj
 0002:0000093c       ??_R2Semaphore@IlmThread@@8 1000693c     IlmThreadSemaphoreWin32.obj
 0002:00000944       ??_R1A@?0A@EA@Semaphore@IlmThread@@8 10006944     IlmThreadSemaphoreWin32.obj
 0002:00000960       ??_R4LogicExc@Iex@@6B@     10006960     IlmThreadSemaphoreWin32.obj
 0002:00000974       ??_R3LogicExc@Iex@@8       10006974     IlmThreadSemaphoreWin32.obj
 0002:00000984       ??_R2LogicExc@Iex@@8       10006984     IlmThreadSemaphoreWin32.obj
 0002:000009a4       ??_R1A@?0A@EA@LogicExc@Iex@@8 100069a4     IlmThreadSemaphoreWin32.obj
 0002:000009c0       ??_R4Thread@IlmThread@@6B@ 100069c0     IlmThreadWin32.obj
 0002:000009d4       ??_R4type_info@@6B@        100069d4     MSVCRT:ti_inst.obj
 0002:000009e8       ??_R3type_info@@8          100069e8     MSVCRT:ti_inst.obj
 0002:000009f8       ??_R2type_info@@8          100069f8     MSVCRT:ti_inst.obj
 0002:00000a00       ??_R1A@?0A@EA@type_info@@8 10006a00     MSVCRT:ti_inst.obj
 0002:00000a20       ___safe_se_handler_table   10006a20     <linker-defined>
 0002:00000a90       ___rtc_iaa                 10006a90     MSVCRT:_initsect_.obj
 0002:00000a94       ___rtc_izz                 10006a94     MSVCRT:_initsect_.obj
 0002:00000a98       ___rtc_taa                 10006a98     MSVCRT:_initsect_.obj
 0002:00000a9c       ___rtc_tzz                 10006a9c     MSVCRT:_initsect_.obj
 0002:00000d04       __TI7?AVArgExc@Iex@@       10006d04     IlmThreadPool.obj
 0002:00000d14       __CTA7?AVArgExc@Iex@@      10006d14     IlmThreadPool.obj
 0002:00000d34       __CT??_R0?AVArgExc@Iex@@@8??0ArgExc@Iex@@QAE@ABV01@@Z68 10006d34     IlmThreadPool.obj
 0002:00000d50       __CT??_R0?AVBaseExc@Iex@@@8??0BaseExc@Iex@@QAE@ABV01@@Z68 10006d50     IlmThreadPool.obj
 0002:00000d6c       __CT??_R0?AV?$basic_string@DU?$char_traits@D@std@@V?$allocator@D@2@@std@@@8??0?$basic_string@DU?$char_traits@D@std@@V?$allocator@D@2@@std@@QAE@ABV01@@Z2812 10006d6c     IlmThreadPool.obj
 0002:00000d88       __CT??_R0?AV?$_String_val@DV?$allocator@D@std@@@std@@@8??0?$_String_val@DV?$allocator@D@std@@@std@@QAE@ABV01@@Z112 10006d88     IlmThreadPool.obj
 0002:00000da4       __CT??_R0?AV_String_base@std@@@8112 10006da4     IlmThreadPool.obj
 0002:00000dc0       __CT??_R0?AV_Container_base_secure@std@@@8112 10006dc0     IlmThreadPool.obj
 0002:00000ddc       __CT??_R0?AVexception@std@@@8??0exception@std@@QAE@ABV01@@Z12 10006ddc     IlmThreadPool.obj
 0002:00000ed4       __TI3?AVlength_error@std@@ 10006ed4     IlmThreadPool.obj
 0002:00000ee4       __CTA3?AVlength_error@std@@ 10006ee4     IlmThreadPool.obj
 0002:00000ef4       __CT??_R0?AVlength_error@std@@@8??0length_error@std@@QAE@ABV01@@Z40 10006ef4     IlmThreadPool.obj
 0002:00000f10       __CT??_R0?AVlogic_error@std@@@8??0logic_error@std@@QAE@ABV01@@Z40 10006f10     IlmThreadPool.obj
 0002:00001010       __TI2?AVbad_alloc@std@@    10007010     IlmThreadPool.obj
 0002:00001020       __CTA2?AVbad_alloc@std@@   10007020     IlmThreadPool.obj
 0002:0000102c       __CT??_R0?AVbad_alloc@std@@@8??0bad_alloc@std@@QAE@ABV01@@Z12 1000702c     IlmThreadPool.obj
 0002:0000114c       __TI7?AVLogicExc@Iex@@     1000714c     IlmThreadSemaphoreWin32.obj
 0002:0000115c       __CTA7?AVLogicExc@Iex@@    1000715c     IlmThreadSemaphoreWin32.obj
 0002:0000117c       __CT??_R0?AVLogicExc@Iex@@@8??0LogicExc@Iex@@QAE@ABV01@@Z68 1000717c     IlmThreadSemaphoreWin32.obj
 0002:000012f4       __IMPORT_DESCRIPTOR_KERNEL32 100072f4     kernel32:KERNEL32.dll
 0002:00001308       __IMPORT_DESCRIPTOR_Iex    10007308     iex:Iex.dll
 0002:0000131c       __IMPORT_DESCRIPTOR_MSVCR90 1000731c     MSVCRT:MSVCR90.dll
 0002:00001330       __IMPORT_DESCRIPTOR_MSVCP90 10007330     msvcprt:MSVCP90.dll
 0002:00001344       __NULL_IMPORT_DESCRIPTOR   10007344     kernel32:KERNEL32.dll
 0003:00000004       ??_R0?AVMutex@IlmThread@@@8 10009004     IlmThreadMutexWin32.obj
 0003:00000028       ??_R0?AVWorkerThread@?A0xb0a473bd@IlmThread@@@8 10009028     IlmThreadPool.obj
 0003:0000005c       ??_R0?AVThread@IlmThread@@@8 1000905c     IlmThreadPool.obj
 0003:0000007c       ??_R0?AVTask@IlmThread@@@8 1000907c     IlmThreadPool.obj
 0003:0000009c       ??_R0?AVThreadPool@IlmThread@@@8 1000909c     IlmThreadPool.obj
 0003:000000c0       ??_R0?AVArgExc@Iex@@@8     100090c0     IlmThreadPool.obj
 0003:000000dc       ??_R0?AVBaseExc@Iex@@@8    100090dc     IlmThreadPool.obj
 0003:000000f8       ??_R0?AV?$basic_string@DU?$char_traits@D@std@@V?$allocator@D@2@@std@@@8 100090f8     IlmThreadPool.obj
 0003:00000144       ??_R0?AV?$_String_val@DV?$allocator@D@std@@@std@@@8 10009144     IlmThreadPool.obj
 0003:0000017c       ??_R0?AV_String_base@std@@@8 1000917c     IlmThreadPool.obj
 0003:0000019c       ??_R0?AV_Container_base_secure@std@@@8 1000919c     IlmThreadPool.obj
 0003:000001c8       ??_R0?AVexception@std@@@8  100091c8     IlmThreadPool.obj
 0003:000001e4       ??_R0?AVlength_error@std@@@8 100091e4     IlmThreadPool.obj
 0003:00000204       ??_R0?AVlogic_error@std@@@8 10009204     IlmThreadPool.obj
 0003:00000224       ??_R0?AVbad_alloc@std@@@8  10009224     IlmThreadPool.obj
 0003:00000244       ??_R0?AVSemaphore@IlmThread@@@8 10009244     IlmThreadSemaphoreWin32.obj
 0003:00000268       ??_R0?AVLogicExc@Iex@@@8   10009268     IlmThreadSemaphoreWin32.obj
 0003:00000288       ??_R0?AVtype_info@@@8      10009288     MSVCRT:ti_inst.obj
 0003:000002a0       ___security_cookie         100092a0     MSVCRT:gs_cookie.obj
 0003:000002a4       ___security_cookie_complement 100092a4     MSVCRT:gs_cookie.obj
 0003:000002a8       ___native_dllmain_reason   100092a8     MSVCRT:natstart.obj
 0003:000002ac       ___native_vcclrit_reason   100092ac     MSVCRT:natstart.obj
 0003:000005e4       __forceCRTManifestRTM      100095e4     MSVCRT:crtmanifestrtm.obj
 0003:000005e8       ?__type_info_root_node@@3U__type_info_node@@A 100095e8     MSVCRT:tncleanup.obj
 0003:000005f0       __adjust_fdiv              100095f0     <common>
 0003:000005f4       ___native_startup_state    100095f4     <common>
 0003:000005f8       ___native_startup_lock     100095f8     <common>
 0003:000005fc       ___dyn_tls_init_callback   100095fc     <common>
 0003:00000600       ___onexitend               10009600     <common>
 0003:00000604       ___onexitbegin             10009604     <common>

 entry point at        0001:00003596

 Static symbols

 0001:0000152c       __catch$?_Buynode@?$list@PAVTask@IlmThread@@V?$allocator@PAVTask@IlmThread@@@std@@@std@@IAEPAU_Node@?$_List_nod@PAVTask@IlmThread@@V?$allocator@PAVTask@IlmThread@@@std@@@2@XZ$0 1000252c f i IlmThreadPool.obj
 0001:0000152c       __catch$?_Buynode@?$list@PAVWorkerThread@?A0xb0a473bd@IlmThread@@V?$allocator@PAVWorkerThread@?A0xb0a473bd@IlmThread@@@std@@@std@@IAEPAU_Node@?$_List_nod@PAVWorkerThread@?A0xb0a473bd@IlmThread@@V?$allocator@PAVWorkerThread@?A0xb0a473bd@IlmThread@@@std@@@2@XZ$0 1000252c f i IlmThreadPool.obj
 0001:00001a97       __catch$?_Buynode@?$list@PAVWorkerThread@?A0xb0a473bd@IlmThread@@V?$allocator@PAVWorkerThread@?A0xb0a473bd@IlmThread@@@std@@@std@@IAEPAU_Node@?$_List_nod@PAVWorkerThread@?A0xb0a473bd@IlmThread@@V?$allocator@PAVWorkerThread@?A0xb0a473bd@IlmThread@@@std@@@2@PAU342@0ABQAVWorkerThread@?A0xb0a473bd@IlmThread@@@Z$0 10002a97 f i IlmThreadPool.obj
 0001:00001a97       __catch$?_Buynode@?$list@PAVTask@IlmThread@@V?$allocator@PAVTask@IlmThread@@@std@@@std@@IAEPAU_Node@?$_List_nod@PAVTask@IlmThread@@V?$allocator@PAVTask@IlmThread@@@std@@@2@PAU342@0ABQAVTask@IlmThread@@@Z$0 10002a97 f i IlmThreadPool.obj
 0001:00002b15       __catch$??$?6U?$char_traits@D@std@@@std@@YAAAV?$basic_ostream@DU?$char_traits@D@std@@@0@AAV10@PBD@Z$0 10003b15 f i IlmThreadSemaphoreWin32.obj
 0001:00003124       ?ArrayUnwindFilter@@YAHPAU_EXCEPTION_POINTERS@@@Z 10004124 f   MSVCRT:ehvecdtr.obj
 0001:0000320b       _pre_c_init                1000420b f   MSVCRT:crtdll.obj
 0001:00003480       ___DllMainCRTStartup       10004480 f   MSVCRT:crtdll.obj
 0001:00003b10       __unwindfunclet$??0WorkerThread@?A0xb0a473bd@IlmThread@@QAE@PAUData@ThreadPool@2@@Z$0 10004b10 f   IlmThreadPool.obj
 0001:00003b18       __ehhandler$??0WorkerThread@?A0xb0a473bd@IlmThread@@QAE@PAUData@ThreadPool@2@@Z 10004b18 f   IlmThreadPool.obj
 0001:00003b33       __unwindfunclet$?run@WorkerThread@?A0xb0a473bd@IlmThread@@UAEXXZ$0 10004b33 f   IlmThreadPool.obj
 0001:00003b3b       __ehhandler$?run@WorkerThread@?A0xb0a473bd@IlmThread@@UAEXXZ 10004b3b f   IlmThreadPool.obj
 0001:00003b56       __unwindfunclet$??1Data@TaskGroup@IlmThread@@QAE@XZ$0 10004b56 f   IlmThreadPool.obj
 0001:00003b5e       __ehhandler$??1Data@TaskGroup@IlmThread@@QAE@XZ 10004b5e f   IlmThreadPool.obj
 0001:00003b79       __unwindfunclet$??0Data@ThreadPool@IlmThread@@QAE@XZ$0 10004b79 f   IlmThreadPool.obj
 0001:00003b81       __unwindfunclet$??0Data@ThreadPool@IlmThread@@QAE@XZ$1 10004b81 f   IlmThreadPool.obj
 0001:00003b8c       __unwindfunclet$??0Data@ThreadPool@IlmThread@@QAE@XZ$2 10004b8c f   IlmThreadPool.obj
 0001:00003b97       __unwindfunclet$??0Data@ThreadPool@IlmThread@@QAE@XZ$3 10004b97 f   IlmThreadPool.obj
 0001:00003ba2       __unwindfunclet$??0Data@ThreadPool@IlmThread@@QAE@XZ$4 10004ba2 f   IlmThreadPool.obj
 0001:00003bad       __unwindfunclet$??0Data@ThreadPool@IlmThread@@QAE@XZ$5 10004bad f   IlmThreadPool.obj
 0001:00003bb8       __ehhandler$??0Data@ThreadPool@IlmThread@@QAE@XZ 10004bb8 f   IlmThreadPool.obj
 0001:00003bd3       __unwindfunclet$??1Data@ThreadPool@IlmThread@@QAE@XZ$0 10004bd3 f   IlmThreadPool.obj
 0001:00003bdb       __unwindfunclet$??1Data@ThreadPool@IlmThread@@QAE@XZ$1 10004bdb f   IlmThreadPool.obj
 0001:00003be6       __unwindfunclet$??1Data@ThreadPool@IlmThread@@QAE@XZ$2 10004be6 f   IlmThreadPool.obj
 0001:00003bf1       __unwindfunclet$??1Data@ThreadPool@IlmThread@@QAE@XZ$3 10004bf1 f   IlmThreadPool.obj
 0001:00003bfc       __unwindfunclet$??1Data@ThreadPool@IlmThread@@QAE@XZ$4 10004bfc f   IlmThreadPool.obj
 0001:00003c07       __unwindfunclet$??1Data@ThreadPool@IlmThread@@QAE@XZ$5 10004c07 f   IlmThreadPool.obj
 0001:00003c12       __unwindfunclet$??1Data@ThreadPool@IlmThread@@QAE@XZ$6 10004c12 f   IlmThreadPool.obj
 0001:00003c20       __unwindfunclet$??1Data@ThreadPool@IlmThread@@QAE@XZ$7 10004c20 f   IlmThreadPool.obj
 0001:00003c28       __ehhandler$??1Data@ThreadPool@IlmThread@@QAE@XZ 10004c28 f   IlmThreadPool.obj
 0001:00003c43       __unwindfunclet$?finish@Data@ThreadPool@IlmThread@@QAEXXZ$0 10004c43 f   IlmThreadPool.obj
 0001:00003c4b       __unwindfunclet$?finish@Data@ThreadPool@IlmThread@@QAEXXZ$1 10004c4b f   IlmThreadPool.obj
 0001:00003c53       __ehhandler$?finish@Data@ThreadPool@IlmThread@@QAEXXZ 10004c53 f   IlmThreadPool.obj
 0001:00003c6e       __unwindfunclet$??0TaskGroup@IlmThread@@QAE@XZ$0 10004c6e f   IlmThreadPool.obj
 0001:00003c79       __ehhandler$??0TaskGroup@IlmThread@@QAE@XZ 10004c79 f   IlmThreadPool.obj
 0001:00003c94       __unwindfunclet$??0ThreadPool@IlmThread@@QAE@I@Z$0 10004c94 f   IlmThreadPool.obj
 0001:00003c9f       __ehhandler$??0ThreadPool@IlmThread@@QAE@I@Z 10004c9f f   IlmThreadPool.obj
 0001:00003cba       __unwindfunclet$?setNumThreads@ThreadPool@IlmThread@@QAEXH@Z$0 10004cba f   IlmThreadPool.obj
 0001:00003cc2       __unwindfunclet$?setNumThreads@ThreadPool@IlmThread@@QAEXH@Z$1 10004cc2 f   IlmThreadPool.obj
 0001:00003ccd       __unwindfunclet$?setNumThreads@ThreadPool@IlmThread@@QAEXH@Z$2 10004ccd f   IlmThreadPool.obj
 0001:00003cd8       __ehhandler$?setNumThreads@ThreadPool@IlmThread@@QAEXH@Z 10004cd8 f   IlmThreadPool.obj
 0001:00003cf3       __unwindfunclet$?addTask@ThreadPool@IlmThread@@QAEXPAVTask@2@@Z$0 10004cf3 f   IlmThreadPool.obj
 0001:00003cfb       __unwindfunclet$?addTask@ThreadPool@IlmThread@@QAEXPAVTask@2@@Z$1 10004cfb f   IlmThreadPool.obj
 0001:00003d03       __ehhandler$?addTask@ThreadPool@IlmThread@@QAEXPAVTask@2@@Z 10004d03 f   IlmThreadPool.obj
 0001:00003d1e       __unwindfunclet$?globalThreadPool@ThreadPool@IlmThread@@SAAAV12@XZ$0 10004d1e f   IlmThreadPool.obj
 0001:00003d2c       __ehhandler$?globalThreadPool@ThreadPool@IlmThread@@SAAAV12@XZ 10004d2c f   IlmThreadPool.obj
 0001:00003d50       __unwindfunclet$??0?$list@PAVTask@IlmThread@@V?$allocator@PAVTask@IlmThread@@@std@@@std@@QAE@XZ$0 10004d50 f   IlmThreadPool.obj
 0001:00003d50       __unwindfunclet$??0?$list@PAVWorkerThread@?A0xb0a473bd@IlmThread@@V?$allocator@PAVWorkerThread@?A0xb0a473bd@IlmThread@@@std@@@std@@QAE@XZ$0 10004d50 f   IlmThreadPool.obj
 0001:00003d58       __ehhandler$??0?$list@PAVTask@IlmThread@@V?$allocator@PAVTask@IlmThread@@@std@@@std@@QAE@XZ 10004d58 f   IlmThreadPool.obj
 0001:00003d58       __ehhandler$??0?$list@PAVWorkerThread@?A0xb0a473bd@IlmThread@@V?$allocator@PAVWorkerThread@?A0xb0a473bd@IlmThread@@@std@@@std@@QAE@XZ 10004d58 f   IlmThreadPool.obj
 0001:00003d80       __unwindfunclet$??1?$list@PAVWorkerThread@?A0xb0a473bd@IlmThread@@V?$allocator@PAVWorkerThread@?A0xb0a473bd@IlmThread@@@std@@@std@@QAE@XZ$0 10004d80 f   IlmThreadPool.obj
 0001:00003d80       __unwindfunclet$??1?$list@PAVTask@IlmThread@@V?$allocator@PAVTask@IlmThread@@@std@@@std@@QAE@XZ$0 10004d80 f   IlmThreadPool.obj
 0001:00003d88       __ehhandler$??1?$list@PAVTask@IlmThread@@V?$allocator@PAVTask@IlmThread@@@std@@@std@@QAE@XZ 10004d88 f   IlmThreadPool.obj
 0001:00003d88       __ehhandler$??1?$list@PAVWorkerThread@?A0xb0a473bd@IlmThread@@V?$allocator@PAVWorkerThread@?A0xb0a473bd@IlmThread@@@std@@@std@@QAE@XZ 10004d88 f   IlmThreadPool.obj
 0001:00003db0       __unwindfunclet$??1?$_Container_base_aux_alloc_real@V?$allocator@PAVWorkerThread@?A0xb0a473bd@IlmThread@@@std@@@std@@IAE@XZ$0 10004db0 f   IlmThreadPool.obj
 0001:00003db0       __unwindfunclet$??1?$_Container_base_aux_alloc_real@V?$allocator@PAVTask@IlmThread@@@std@@@std@@IAE@XZ$0 10004db0 f   IlmThreadPool.obj
 0001:00003db8       __ehhandler$??1?$_Container_base_aux_alloc_real@V?$allocator@PAVWorkerThread@?A0xb0a473bd@IlmThread@@@std@@@std@@IAE@XZ 10004db8 f   IlmThreadPool.obj
 0001:00003db8       __ehhandler$??1?$_Container_base_aux_alloc_real@V?$allocator@PAVTask@IlmThread@@@std@@@std@@IAE@XZ 10004db8 f   IlmThreadPool.obj
 0001:00003de0       __ehhandler$?_Buynode@?$list@PAVTask@IlmThread@@V?$allocator@PAVTask@IlmThread@@@std@@@std@@IAEPAU_Node@?$_List_nod@PAVTask@IlmThread@@V?$allocator@PAVTask@IlmThread@@@std@@@2@XZ 10004de0 f   IlmThreadPool.obj
 0001:00003de0       __ehhandler$?_Buynode@?$list@PAVWorkerThread@?A0xb0a473bd@IlmThread@@V?$allocator@PAVWorkerThread@?A0xb0a473bd@IlmThread@@@std@@@std@@IAEPAU_Node@?$_List_nod@PAVWorkerThread@?A0xb0a473bd@IlmThread@@V?$allocator@PAVWorkerThread@?A0xb0a473bd@IlmThread@@@std@@@2@XZ 10004de0 f   IlmThreadPool.obj
 0001:00003e00       __unwindfunclet$??0logic_error@std@@QAE@ABV?$basic_string@DU?$char_traits@D@std@@V?$allocator@D@2@@1@@Z$0 10004e00 f   IlmThreadPool.obj
 0001:00003e00       __unwindfunclet$??0logic_error@std@@QAE@ABV01@@Z$0 10004e00 f   IlmThreadPool.obj
 0001:00003e09       __ehhandler$??0logic_error@std@@QAE@ABV?$basic_string@DU?$char_traits@D@std@@V?$allocator@D@2@@1@@Z 10004e09 f   IlmThreadPool.obj
 0001:00003e09       __ehhandler$??0logic_error@std@@QAE@ABV01@@Z 10004e09 f   IlmThreadPool.obj
 0001:00003e30       __ehhandler$?_Buynode@?$list@PAVTask@IlmThread@@V?$allocator@PAVTask@IlmThread@@@std@@@std@@IAEPAU_Node@?$_List_nod@PAVTask@IlmThread@@V?$allocator@PAVTask@IlmThread@@@std@@@2@PAU342@0ABQAVTask@IlmThread@@@Z 10004e30 f   IlmThreadPool.obj
 0001:00003e30       __ehhandler$?_Buynode@?$list@PAVWorkerThread@?A0xb0a473bd@IlmThread@@V?$allocator@PAVWorkerThread@?A0xb0a473bd@IlmThread@@@std@@@std@@IAEPAU_Node@?$_List_nod@PAVWorkerThread@?A0xb0a473bd@IlmThread@@V?$allocator@PAVWorkerThread@?A0xb0a473bd@IlmThread@@@std@@@2@PAU342@0ABQAVWorkerThread@?A0xb0a473bd@IlmThread@@@Z 10004e30 f   IlmThreadPool.obj
 0001:00003e50       __unwindfunclet$?_Incsize@?$list@PAVWorkerThread@?A0xb0a473bd@IlmThread@@V?$allocator@PAVWorkerThread@?A0xb0a473bd@IlmThread@@@std@@@std@@IAEXI@Z$0 10004e50 f   IlmThreadPool.obj
 0001:00003e50       __unwindfunclet$?_Incsize@?$list@PAVTask@IlmThread@@V?$allocator@PAVTask@IlmThread@@@std@@@std@@IAEXI@Z$0 10004e50 f   IlmThreadPool.obj
 0001:00003e59       __ehhandler$?_Incsize@?$list@PAVTask@IlmThread@@V?$allocator@PAVTask@IlmThread@@@std@@@std@@IAEXI@Z 10004e59 f   IlmThreadPool.obj
 0001:00003e59       __ehhandler$?_Incsize@?$list@PAVWorkerThread@?A0xb0a473bd@IlmThread@@V?$allocator@PAVWorkerThread@?A0xb0a473bd@IlmThread@@@std@@@std@@IAEXI@Z 10004e59 f   IlmThreadPool.obj
 0001:00003e80       __unwindfunclet$??0?$_Container_base_aux_alloc_real@V?$allocator@PAVTask@IlmThread@@@std@@@std@@IAE@V?$allocator@PAVTask@IlmThread@@@1@@Z$0 10004e80 f   IlmThreadPool.obj
 0001:00003e80       __unwindfunclet$??0?$_Container_base_aux_alloc_real@V?$allocator@PAVWorkerThread@?A0xb0a473bd@IlmThread@@@std@@@std@@IAE@V?$allocator@PAVWorkerThread@?A0xb0a473bd@IlmThread@@@1@@Z$0 10004e80 f   IlmThreadPool.obj
 0001:00003e88       __unwindfunclet$??0?$_Container_base_aux_alloc_real@V?$allocator@PAVTask@IlmThread@@@std@@@std@@IAE@V?$allocator@PAVTask@IlmThread@@@1@@Z$1 10004e88 f   IlmThreadPool.obj
 0001:00003e88       __unwindfunclet$??0?$_Container_base_aux_alloc_real@V?$allocator@PAVWorkerThread@?A0xb0a473bd@IlmThread@@@std@@@std@@IAE@V?$allocator@PAVWorkerThread@?A0xb0a473bd@IlmThread@@@1@@Z$1 10004e88 f   IlmThreadPool.obj
 0001:00003e99       __ehhandler$??0?$_Container_base_aux_alloc_real@V?$allocator@PAVWorkerThread@?A0xb0a473bd@IlmThread@@@std@@@std@@IAE@V?$allocator@PAVWorkerThread@?A0xb0a473bd@IlmThread@@@1@@Z 10004e99 f   IlmThreadPool.obj
 0001:00003e99       __ehhandler$??0?$_Container_base_aux_alloc_real@V?$allocator@PAVTask@IlmThread@@@std@@@std@@IAE@V?$allocator@PAVTask@IlmThread@@@1@@Z 10004e99 f   IlmThreadPool.obj
 0001:00003ec0       __unwindfunclet$?errorString@?A0x7f4d0287@IlmThread@@YA?AV?$basic_string@DU?$char_traits@D@std@@V?$allocator@D@2@@std@@XZ$0 10004ec0 f   IlmThreadSemaphoreWin32.obj
 0001:00003ec9       __unwindfunclet$?errorString@?A0x7f4d0287@IlmThread@@YA?AV?$basic_string@DU?$char_traits@D@std@@V?$allocator@D@2@@std@@XZ$1 10004ec9 f   IlmThreadSemaphoreWin32.obj
 0001:00003ee3       __ehhandler$?errorString@?A0x7f4d0287@IlmThread@@YA?AV?$basic_string@DU?$char_traits@D@std@@V?$allocator@D@2@@std@@XZ 10004ee3 f   IlmThreadSemaphoreWin32.obj
 0001:00003f08       __unwindfunclet$??0Semaphore@IlmThread@@QAE@I@Z$0 10004f08 f   IlmThreadSemaphoreWin32.obj
 0001:00003f14       __unwindfunclet$??0Semaphore@IlmThread@@QAE@I@Z$1 10004f14 f   IlmThreadSemaphoreWin32.obj
 0001:00003f20       __ehhandler$??0Semaphore@IlmThread@@QAE@I@Z 10004f20 f   IlmThreadSemaphoreWin32.obj
 0001:00003f3e       __unwindfunclet$?wait@Semaphore@IlmThread@@QAEXXZ$0 10004f3e f   IlmThreadSemaphoreWin32.obj
 0001:00003f4a       __unwindfunclet$?wait@Semaphore@IlmThread@@QAEXXZ$1 10004f4a f   IlmThreadSemaphoreWin32.obj
 0001:00003f56       __ehhandler$?wait@Semaphore@IlmThread@@QAEXXZ 10004f56 f   IlmThreadSemaphoreWin32.obj
 0001:00003f74       __unwindfunclet$?post@Semaphore@IlmThread@@QAEXXZ$0 10004f74 f   IlmThreadSemaphoreWin32.obj
 0001:00003f80       __unwindfunclet$?post@Semaphore@IlmThread@@QAEXXZ$1 10004f80 f   IlmThreadSemaphoreWin32.obj
 0001:00003f8c       __ehhandler$?post@Semaphore@IlmThread@@QAEXXZ 10004f8c f   IlmThreadSemaphoreWin32.obj
 0001:00003faa       __unwindfunclet$?value@Semaphore@IlmThread@@QBEHXZ$0 10004faa f   IlmThreadSemaphoreWin32.obj
 0001:00003fb6       __unwindfunclet$?value@Semaphore@IlmThread@@QBEHXZ$1 10004fb6 f   IlmThreadSemaphoreWin32.obj
 0001:00003fc2       __ehhandler$?value@Semaphore@IlmThread@@QBEHXZ 10004fc2 f   IlmThreadSemaphoreWin32.obj
 0001:00003fe0       __unwindfunclet$??$?6U?$char_traits@D@std@@@std@@YAAAV?$basic_ostream@DU?$char_traits@D@std@@@0@AAV10@PBD@Z$2 10004fe0 f   IlmThreadSemaphoreWin32.obj
 0001:00003fe8       __ehhandler$??$?6U?$char_traits@D@std@@@std@@YAAAV?$basic_ostream@DU?$char_traits@D@std@@@0@AAV10@PBD@Z 10004fe8 f   IlmThreadSemaphoreWin32.obj
 0001:00004010       __unwindfunclet$??0sentry@?$basic_ostream@DU?$char_traits@D@std@@@std@@QAE@AAV12@@Z$0 10005010 f   IlmThreadSemaphoreWin32.obj
 0001:00004010       __unwindfunclet$??1sentry@?$basic_ostream@DU?$char_traits@D@std@@@std@@QAE@XZ$0 10005010 f   IlmThreadSemaphoreWin32.obj
 0001:00004018       __ehhandler$??0sentry@?$basic_ostream@DU?$char_traits@D@std@@@std@@QAE@AAV12@@Z 10005018 f   IlmThreadSemaphoreWin32.obj
 0001:00004018       __ehhandler$??1sentry@?$basic_ostream@DU?$char_traits@D@std@@@std@@QAE@XZ 10005018 f   IlmThreadSemaphoreWin32.obj
 0001:00004040       __unwindfunclet$?start@Thread@IlmThread@@QAEXXZ$0 10005040 f   IlmThreadWin32.obj
 0001:00004049       __ehhandler$?start@Thread@IlmThread@@QAEXXZ 10005049 f   IlmThreadWin32.obj
 0001:00004070       ??__FgThreadPool@?1??globalThreadPool@ThreadPool@IlmThread@@SAAAV12@XZ@YAXXZ 10005070 f   IlmThreadPool.obj

 Exports

  ordinal    name

        1    ??0Thread@IlmThread@@QAE@XZ (public: __thiscall IlmThread::Thread::Thread(void))
        2    ??1Thread@IlmThread@@UAE@XZ (public: virtual __thiscall IlmThread::Thread::~Thread(void))
        3    ??_7Thread@IlmThread@@6B@ (const IlmThread::Thread::`vftable')
        4    ?start@Thread@IlmThread@@QAEXXZ (public: void __thiscall IlmThread::Thread::start(void))
        5    ?supportsThreads@IlmThread@@YA_NXZ (bool __cdecl IlmThread::supportsThreads(void))
