 IlmImf

 Timestamp is 50fd5743 (Mon Jan 21 22:57:07 2013)

 Preferred load address is 10000000

 Start         Length     Name                   Class
 0001:00000000 0006ed2aH .textbss                DATA
 0002:00000000 000d8864H .text                   CODE
 0002:000d8870 000103f5H .text$x                 CODE
 0002:000e8c70 00001019H .text$yc                CODE
 0002:000e9c90 000010b7H .text$yd                CODE
 0003:00000000 00000104H .CRT$XCA                DATA
 0003:00000104 00000104H .CRT$XCL                DATA
 0003:00000208 00000104H .CRT$XCZ                DATA
 0003:0000030c 00000104H .CRT$XIA                DATA
 0003:00000410 00000104H .CRT$XIAA               DATA
 0003:00000514 00000104H .CRT$XIC                DATA
 0003:00000618 00000104H .CRT$XIZ                DATA
 0003:00000720 00059791H .rdata                  DATA
 0003:00059eb4 00000187H .rdata$debug            DATA
 0003:0005a03c 00002437H .rdata$r                DATA
 0003:0005c474 00000104H .rtc$IAA                DATA
 0003:0005c578 0000021bH .rtc$IMZ                DATA
 0003:0005c794 00000104H .rtc$IZZ                DATA
 0003:0005c898 00000104H .rtc$TAA                DATA
 0003:0005c99c 0000021bH .rtc$TMZ                DATA
 0003:0005cbb8 00000104H .rtc$TZZ                DATA
 0003:0005ccc0 0000eaa6H .xdata$x                DATA
 0003:0006b766 00000000H .edata                  DATA
 0004:00000000 0000159cH .data                   DATA
 0004:000015a0 00000980H .bss                    DATA
 0005:00000000 0000008cH .idata$2                DATA
 0005:0000008c 00000014H .idata$3                DATA
 0005:000000a0 00000594H .idata$4                DATA
 0005:00000634 00000594H .idata$5                DATA
 0005:00000bc8 0000253fH .idata$6                DATA
 0006:00000000 00000169H .rsrc$01                DATA
 0006:00000170 000002e9H .rsrc$02                DATA

  Address         Publics by Value              Rva+Base       Lib:Object

 0000:00000000       __except_list              00000000     <absolute>
 0000:00000000       ___safe_se_handler_count   00000000     <absolute>
 0000:00000000       ___safe_se_handler_table   00000000     <absolute>
 0000:00009876       __ldused                   00009876     <absolute>
 0000:00009876       __fltused                  00009876     <absolute>
 0000:00000000       ___ImageBase               10000000     <linker-defined>
 0001:00000000       __enc$textbss$begin        10001000     <linker-defined>
 0001:0006ed2a       __enc$textbss$end          1006fd2a     <linker-defined>
 0002:00009cf0       ??0Attribute@Imf@@QAE@XZ   10079cf0 f   ImfAttribute.obj
 0002:00009d40       ??_EAttribute@Imf@@UAEPAXI@Z 10079d40 f i ImfAttribute.obj
 0002:00009d40       ??_GAttribute@Imf@@UAEPAXI@Z 10079d40 f i ImfAttribute.obj
 0002:00009db0       ??1Attribute@Imf@@UAE@XZ   10079db0 f   ImfAttribute.obj
 0002:00009df0       ?typeMap@?A0x0779e1ad@Imf@@YAAAVLockedTypeMap@12@XZ 10079df0 f   ImfAttribute.obj
 0002:00009fa0       ??0Lock@IlmThread@@QAE@ABVMutex@1@_N@Z 10079fa0 f i ImfAttribute.obj
 0002:0000a020       ??1Lock@IlmThread@@QAE@XZ  1007a020 f i ImfAttribute.obj
 0002:0000a080       ??0LockedTypeMap@?A0x0779e1ad@Imf@@QAE@XZ 1007a080 f i ImfAttribute.obj
 0002:0000a130       ??1?$map@PBDP6APAVAttribute@Imf@@XZUNameCompare@?A0x0779e1ad@2@V?$allocator@U?$pair@QBDP6APAVAttribute@Imf@@XZ@std@@@std@@@std@@QAE@XZ 1007a130 f i ImfAttribute.obj
 0002:0000a180       ?knownType@Attribute@Imf@@SA_NQBD@Z 1007a180 f   ImfAttribute.obj
 0002:0000a320       ??1?$_Tree_iterator@V?$_Tree_val@V?$_Tmap_traits@PBDP6APAVAttribute@Imf@@XZUNameCompare@?A0x0779e1ad@2@V?$allocator@U?$pair@QBDP6APAVAttribute@Imf@@XZ@std@@@std@@$0A@@std@@@std@@@std@@QAE@XZ 1007a320 f i ImfAttribute.obj
 0002:0000a370       ??1?$_Tree_const_iterator@V?$_Tree_val@V?$_Tmap_traits@PBDP6APAVAttribute@Imf@@XZUNameCompare@?A0x0779e1ad@2@V?$allocator@U?$pair@QBDP6APAVAttribute@Imf@@XZ@std@@@std@@$0A@@std@@@std@@@std@@QAE@XZ 1007a370 f i ImfAttribute.obj
 0002:0000a3c0       ??1?$_Tree_unchecked_const_iterator@V?$_Tree_val@V?$_Tmap_traits@PBDP6APAVAttribute@Imf@@XZUNameCompare@?A0x0779e1ad@2@V?$allocator@U?$pair@QBDP6APAVAttribute@Imf@@XZ@std@@@std@@$0A@@std@@@std@@U_Iterator_base12@2@@std@@QAE@XZ 1007a3c0 f i ImfAttribute.obj
 0002:0000a410       ??1?$_Iterator012@Ubidirectional_iterator_tag@std@@U?$pair@QBDP6APAVAttribute@Imf@@XZ@2@HPBU32@ABU32@U_Iterator_base12@2@@std@@QAE@XZ 1007a410 f i ImfAttribute.obj
 0002:0000a460       ??1_Iterator_base12@std@@QAE@XZ 1007a460 f i ImfAttribute.obj
 0002:0000a560       ?_Orphan_me@_Iterator_base12@std@@QAEXXZ 1007a560 f i ImfAttribute.obj
 0002:0000a630       ?registerAttributeType@Attribute@Imf@@KAXQBDP6APAV12@XZ@Z 1007a630 f   ImfAttribute.obj
 0002:0000a8f0       ??0ArgExc@Iex@@QAE@AAV?$basic_stringstream@DU?$char_traits@D@std@@V?$allocator@D@2@@std@@@Z 1007a8f0 f i ImfAttribute.obj
 0002:0000a960       ??_EArgExc@Iex@@UAEPAXI@Z  1007a960 f i ImfAttribute.obj
 0002:0000a960       ??_GArgExc@Iex@@UAEPAXI@Z  1007a960 f i ImfAttribute.obj
 0002:0000a9d0       ??1ArgExc@Iex@@UAE@XZ      1007a9d0 f i ImfAttribute.obj
 0002:0000aa20       ??_D?$basic_stringstream@DU?$char_traits@D@std@@V?$allocator@D@2@@std@@QAEXXZ 1007aa20 f i ImfAttribute.obj
 0002:0000aa90       ??1?$pair@V?$_Tree_iterator@V?$_Tree_val@V?$_Tmap_traits@PBDP6APAVAttribute@Imf@@XZUNameCompare@?A0x0779e1ad@2@V?$allocator@U?$pair@QBDP6APAVAttribute@Imf@@XZ@std@@@std@@$0A@@std@@@std@@@std@@_N@std@@QAE@XZ 1007aa90 f i ImfAttribute.obj
 0002:0000aae0       ??0ArgExc@Iex@@QAE@ABV01@@Z 1007aae0 f i ImfAttribute.obj
 0002:0000ab50       ??0?$_String_val@DV?$allocator@D@std@@@std@@QAE@ABV01@@Z 1007ab50 f i ImfAttribute.obj
 0002:0000ac20       ??1?$_Pair_base@V?$_Tree_iterator@V?$_Tree_val@V?$_Tmap_traits@PBDP6APAVAttribute@Imf@@XZUNameCompare@?A0x0779e1ad@2@V?$allocator@U?$pair@QBDP6APAVAttribute@Imf@@XZ@std@@@std@@$0A@@std@@@std@@@std@@_N@std@@QAE@XZ 1007ac20 f i ImfAttribute.obj
 0002:0000ac70       ?unRegisterAttributeType@Attribute@Imf@@KAXQBD@Z 1007ac70 f   ImfAttribute.obj
 0002:0000ad70       ?newAttribute@Attribute@Imf@@SAPAV12@QBD@Z 1007ad70 f   ImfAttribute.obj
 0002:0000b050       ??0?$_Tree_const_iterator@V?$_Tree_val@V?$_Tmap_traits@PBDP6APAVAttribute@Imf@@XZUNameCompare@?A0x0779e1ad@2@V?$allocator@U?$pair@QBDP6APAVAttribute@Imf@@XZ@std@@@std@@$0A@@std@@@std@@@std@@QAE@ABV01@@Z 1007b050 f i ImfAttribute.obj
 0002:0000b0b0       ??0?$_Tree_unchecked_const_iterator@V?$_Tree_val@V?$_Tmap_traits@PBDP6APAVAttribute@Imf@@XZUNameCompare@?A0x0779e1ad@2@V?$allocator@U?$pair@QBDP6APAVAttribute@Imf@@XZ@std@@@std@@$0A@@std@@@std@@U_Iterator_base12@2@@std@@QAE@ABV01@@Z 1007b0b0 f i ImfAttribute.obj
 0002:0000b120       ??0?$_Iterator012@Ubidirectional_iterator_tag@std@@U?$pair@QBDP6APAVAttribute@Imf@@XZ@2@HPBU32@ABU32@U_Iterator_base12@2@@std@@QAE@ABU01@@Z 1007b120 f i ImfAttribute.obj
 0002:0000b180       ??0_Iterator_base12@std@@QAE@ABU01@@Z 1007b180 f i ImfAttribute.obj
 0002:0000b200       ??4_Iterator_base12@std@@QAEAAU01@ABU01@@Z 1007b200 f i ImfAttribute.obj
 0002:0000b270       ?_Adopt@_Iterator_base12@std@@QAEXPBU_Container_base12@2@@Z 1007b270 f i ImfAttribute.obj
 0002:0000b3c0       ??0?$basic_string@DU?$char_traits@D@std@@V?$allocator@D@2@@std@@QAE@ABV01@@Z 1007b3c0 f i ImfAttribute.obj
 0002:0000b4a0       ??0?$allocator@D@std@@QAE@ABV01@@Z 1007b4a0 f i ImfAttribute.obj
 0002:0000b4e0       ??0?$basic_stringstream@DU?$char_traits@D@std@@V?$allocator@D@2@@std@@QAE@H@Z 1007b4e0 f i ImfAttribute.obj
 0002:0000b620       ??1?$basic_stringstream@DU?$char_traits@D@std@@V?$allocator@D@2@@std@@UAE@XZ 1007b620 f i ImfAttribute.obj
 0002:0000b6f0       ??1?$basic_stringbuf@DU?$char_traits@D@std@@V?$allocator@D@2@@std@@UAE@XZ 1007b6f0 f i ImfAttribute.obj
 0002:0000b7b0       ?overflow@?$basic_stringbuf@DU?$char_traits@D@std@@V?$allocator@D@2@@std@@MAEHH@Z 1007b7b0 f i ImfAttribute.obj
 0002:0000bcd0       ?copy@?$char_traits@D@std@@SAPADPADPBDI@Z 1007bcd0 f i ImfAttribute.obj
 0002:0000bd30       ?to_char_type@?$char_traits@D@std@@SADABH@Z 1007bd30 f i ImfAttribute.obj
 0002:0000bd70       ?eq_int_type@?$char_traits@D@std@@SA_NABH0@Z 1007bd70 f i ImfAttribute.obj
 0002:0000bdc0       ?not_eof@?$char_traits@D@std@@SAHABH@Z 1007bdc0 f i ImfAttribute.obj
 0002:0000be40       ?eof@?$char_traits@D@std@@SAHXZ 1007be40 f i ImfAttribute.obj
 0002:0000be80       ?pbackfail@?$basic_stringbuf@DU?$char_traits@D@std@@V?$allocator@D@2@@std@@MAEHH@Z 1007be80 f i ImfAttribute.obj
 0002:0000c040       ?eq@?$char_traits@D@std@@SA_NABD0@Z 1007c040 f i ImfAttribute.obj
 0002:0000c090       ?underflow@?$basic_stringbuf@DU?$char_traits@D@std@@V?$allocator@D@2@@std@@MAEHXZ 1007c090 f i ImfAttribute.obj
 0002:0000c2b0       ?to_int_type@?$char_traits@D@std@@SAHABD@Z 1007c2b0 f i ImfAttribute.obj
 0002:0000c2f0       ?seekoff@?$basic_stringbuf@DU?$char_traits@D@std@@V?$allocator@D@2@@std@@MAE?AV?$fpos@H@2@_JHH@Z 1007c2f0 f i ImfAttribute.obj
 0002:0000c7d0       ?seekpos@?$basic_stringbuf@DU?$char_traits@D@std@@V?$allocator@D@2@@std@@MAE?AV?$fpos@H@2@V32@H@Z 1007c7d0 f i ImfAttribute.obj
 0002:0000cb90       ??0?$map@PBDP6APAVAttribute@Imf@@XZUNameCompare@?A0x0779e1ad@2@V?$allocator@U?$pair@QBDP6APAVAttribute@Imf@@XZ@std@@@std@@@std@@QAE@XZ 1007cb90 f i ImfAttribute.obj
 0002:0000cc00       ??1?$_Tree@V?$_Tmap_traits@PBDP6APAVAttribute@Imf@@XZUNameCompare@?A0x0779e1ad@2@V?$allocator@U?$pair@QBDP6APAVAttribute@Imf@@XZ@std@@@std@@$0A@@std@@@std@@QAE@XZ 1007cc00 f i ImfAttribute.obj
 0002:0000cca0       ?end@?$_Tree@V?$_Tmap_traits@PBDP6APAVAttribute@Imf@@XZUNameCompare@?A0x0779e1ad@2@V?$allocator@U?$pair@QBDP6APAVAttribute@Imf@@XZ@std@@@std@@$0A@@std@@@std@@QAE?AV?$_Tree_iterator@V?$_Tree_val@V?$_Tmap_traits@PBDP6APAVAttribute@Imf@@XZUNameCompare@?A0x0779e1ad@2@V?$allocator@U?$pair@QBDP6APAVAttribute@Imf@@XZ@std@@@std@@$0A@@std@@@std@@@2@XZ 1007cca0 f i ImfAttribute.obj
 0002:0000cd30       ?erase@?$_Tree@V?$_Tmap_traits@PBDP6APAVAttribute@Imf@@XZUNameCompare@?A0x0779e1ad@2@V?$allocator@U?$pair@QBDP6APAVAttribute@Imf@@XZ@std@@@std@@$0A@@std@@@std@@QAEIABQBD@Z 1007cd30 f i ImfAttribute.obj
 0002:0000cf40       ?find@?$_Tree@V?$_Tmap_traits@PBDP6APAVAttribute@Imf@@XZUNameCompare@?A0x0779e1ad@2@V?$allocator@U?$pair@QBDP6APAVAttribute@Imf@@XZ@std@@@std@@$0A@@std@@@std@@QAE?AV?$_Tree_iterator@V?$_Tree_val@V?$_Tmap_traits@PBDP6APAVAttribute@Imf@@XZUNameCompare@?A0x0779e1ad@2@V?$allocator@U?$pair@QBDP6APAVAttribute@Imf@@XZ@std@@@std@@$0A@@std@@@std@@@2@ABQBD@Z 1007cf40 f i ImfAttribute.obj
 0002:0000d240       ??8?$_Tree_const_iterator@V?$_Tree_val@V?$_Tmap_traits@PBDP6APAVAttribute@Imf@@XZUNameCompare@?A0x0779e1ad@2@V?$allocator@U?$pair@QBDP6APAVAttribute@Imf@@XZ@std@@@std@@$0A@@std@@@std@@@std@@QBE_NABV01@@Z 1007d240 f i ImfAttribute.obj
 0002:0000d370       ?_Getcont@_Iterator_base12@std@@QBEPBU_Container_base12@2@XZ 1007d370 f i ImfAttribute.obj
 0002:0000d3e0       ??9?$_Tree_const_iterator@V?$_Tree_val@V?$_Tmap_traits@PBDP6APAVAttribute@Imf@@XZUNameCompare@?A0x0779e1ad@2@V?$allocator@U?$pair@QBDP6APAVAttribute@Imf@@XZ@std@@@std@@$0A@@std@@@std@@@std@@QBE_NABV01@@Z 1007d3e0 f i ImfAttribute.obj
 0002:0000d450       ??C?$_Tree_unchecked_const_iterator@V?$_Tree_val@V?$_Tmap_traits@PBDP6APAVAttribute@Imf@@XZUNameCompare@?A0x0779e1ad@2@V?$allocator@U?$pair@QBDP6APAVAttribute@Imf@@XZ@std@@@std@@$0A@@std@@@std@@U_Iterator_base12@2@@std@@QBEPBU?$pair@QBDP6APAVAttribute@Imf@@XZ@1@XZ 1007d450 f i ImfAttribute.obj
 0002:0000d4a0       ??_G?$basic_stringstream@DU?$char_traits@D@std@@V?$allocator@D@2@@std@@UAEPAXI@Z 1007d4a0 f i ImfAttribute.obj
 0002:0000d4a0       ??_E?$basic_stringstream@DU?$char_traits@D@std@@V?$allocator@D@2@@std@@UAEPAXI@Z 1007d4a0 f i ImfAttribute.obj
 0002:0000d520       ??_E?$basic_stringbuf@DU?$char_traits@D@std@@V?$allocator@D@2@@std@@UAEPAXI@Z 1007d520 f i ImfAttribute.obj
 0002:0000d520       ??_G?$basic_stringbuf@DU?$char_traits@D@std@@V?$allocator@D@2@@std@@UAEPAXI@Z 1007d520 f i ImfAttribute.obj
 0002:0000d590       ??1?$pair@V?$_Tree_iterator@V?$_Tree_val@V?$_Tmap_traits@PBDP6APAVAttribute@Imf@@XZUNameCompare@?A0x0779e1ad@2@V?$allocator@U?$pair@QBDP6APAVAttribute@Imf@@XZ@std@@@std@@$0A@@std@@@std@@@std@@V12@@std@@QAE@XZ 1007d590 f i ImfAttribute.obj
 0002:0000d5e0       ??0?$_Tree_iterator@V?$_Tree_val@V?$_Tmap_traits@PBDP6APAVAttribute@Imf@@XZUNameCompare@?A0x0779e1ad@2@V?$allocator@U?$pair@QBDP6APAVAttribute@Imf@@XZ@std@@@std@@$0A@@std@@@std@@@std@@QAE@ABV01@@Z 1007d5e0 f i ImfAttribute.obj
 0002:0000d640       ??1?$_Pair_base@V?$_Tree_iterator@V?$_Tree_val@V?$_Tmap_traits@PBDP6APAVAttribute@Imf@@XZUNameCompare@?A0x0779e1ad@2@V?$allocator@U?$pair@QBDP6APAVAttribute@Imf@@XZ@std@@@std@@$0A@@std@@@std@@@std@@V12@@std@@QAE@XZ 1007d640 f i ImfAttribute.obj
 0002:0000d6f0       ?assign@?$basic_string@DU?$char_traits@D@std@@V?$allocator@D@2@@std@@QAEAAV12@ABV12@II@Z 1007d6f0 f i ImfAttribute.obj
 0002:0000d810       ?size@?$basic_string@DU?$char_traits@D@std@@V?$allocator@D@2@@std@@QBEIXZ 1007d810 f i ImfAttribute.obj
 0002:0000d850       ?_Tidy@?$basic_string@DU?$char_traits@D@std@@V?$allocator@D@2@@std@@QAEX_NI@Z 1007d850 f i ImfAttribute.obj
 0002:0000d920       ?_Myptr@?$basic_string@DU?$char_traits@D@std@@V?$allocator@D@2@@std@@QBEPBDXZ 1007d920 f i ImfAttribute.obj
 0002:0000d990       ??0?$_String_val@DV?$allocator@D@std@@@std@@QAE@V?$allocator@D@1@@Z 1007d990 f i ImfAttribute.obj
 0002:0000dae0       ??0_Container_proxy@std@@QAE@XZ 1007dae0 f i ImfAttribute.obj
 0002:0000db30       ??1?$_String_val@DV?$allocator@D@std@@@std@@QAE@XZ 1007db30 f i ImfAttribute.obj
 0002:0000dc70       ?deallocate@?$allocator@D@std@@QAEXPADI@Z 1007dc70 f i ImfAttribute.obj
 0002:0000dcd0       ?allocate@?$allocator@D@std@@QAEPADI@Z 1007dcd0 f i ImfAttribute.obj
 0002:0000dd30       ??0?$basic_stringbuf@DU?$char_traits@D@std@@V?$allocator@D@2@@std@@QAE@H@Z 1007dd30 f i ImfAttribute.obj
 0002:0000de10       ??0?$allocator@D@std@@QAE@XZ 1007de10 f i ImfAttribute.obj
 0002:0000de50       ?_Tidy@?$basic_stringbuf@DU?$char_traits@D@std@@V?$allocator@D@2@@std@@IAEXXZ 1007de50 f i ImfAttribute.obj
 0002:0000dfb0       ??0?$_Tree@V?$_Tmap_traits@PBDP6APAVAttribute@Imf@@XZUNameCompare@?A0x0779e1ad@2@V?$allocator@U?$pair@QBDP6APAVAttribute@Imf@@XZ@std@@@std@@$0A@@std@@@std@@QAE@ABUNameCompare@?A0x0779e1ad@Imf@@ABV?$allocator@U?$pair@QBDP6APAVAttribute@Imf@@XZ@std@@@1@@Z 1007dfb0 f i ImfAttribute.obj
 0002:0000e020       ?erase@?$_Tree@V?$_Tmap_traits@PBDP6APAVAttribute@Imf@@XZUNameCompare@?A0x0779e1ad@2@V?$allocator@U?$pair@QBDP6APAVAttribute@Imf@@XZ@std@@@std@@$0A@@std@@@std@@QAE?AV?$_Tree_iterator@V?$_Tree_val@V?$_Tmap_traits@PBDP6APAVAttribute@Imf@@XZUNameCompare@?A0x0779e1ad@2@V?$allocator@U?$pair@QBDP6APAVAttribute@Imf@@XZ@std@@@std@@$0A@@std@@@std@@@2@V?$_Tree_const_iterator@V?$_Tree_val@V?$_Tmap_traits@PBDP6APAVAttribute@Imf@@XZUNameCompare@?A0x0779e1ad@2@V?$allocator@U?$pair@QBDP6APAVAttribute@Imf@@XZ@std@@@std@@$0A@@std@@@std@@@2@0@Z 1007e020 f i ImfAttribute.obj
 0002:0000e330       ?lower_bound@?$_Tree@V?$_Tmap_traits@PBDP6APAVAttribute@Imf@@XZUNameCompare@?A0x0779e1ad@2@V?$allocator@U?$pair@QBDP6APAVAttribute@Imf@@XZ@std@@@std@@$0A@@std@@@std@@QAE?AV?$_Tree_iterator@V?$_Tree_val@V?$_Tmap_traits@PBDP6APAVAttribute@Imf@@XZUNameCompare@?A0x0779e1ad@2@V?$allocator@U?$pair@QBDP6APAVAttribute@Imf@@XZ@std@@@std@@$0A@@std@@@std@@@2@ABQBD@Z 1007e330 f i ImfAttribute.obj
 0002:0000e3c0       ?equal_range@?$_Tree@V?$_Tmap_traits@PBDP6APAVAttribute@Imf@@XZUNameCompare@?A0x0779e1ad@2@V?$allocator@U?$pair@QBDP6APAVAttribute@Imf@@XZ@std@@@std@@$0A@@std@@@std@@QAE?AU?$pair@V?$_Tree_iterator@V?$_Tree_val@V?$_Tmap_traits@PBDP6APAVAttribute@Imf@@XZUNameCompare@?A0x0779e1ad@2@V?$allocator@U?$pair@QBDP6APAVAttribute@Imf@@XZ@std@@@std@@$0A@@std@@@std@@@std@@V12@@2@ABQBD@Z 1007e3c0 f i ImfAttribute.obj
 0002:0000e440       ?_Tidy@?$_Tree@V?$_Tmap_traits@PBDP6APAVAttribute@Imf@@XZUNameCompare@?A0x0779e1ad@2@V?$allocator@U?$pair@QBDP6APAVAttribute@Imf@@XZ@std@@@std@@$0A@@std@@@std@@IAEXXZ 1007e440 f i ImfAttribute.obj
 0002:0000e5d0       ??1?$_Tree_val@V?$_Tmap_traits@PBDP6APAVAttribute@Imf@@XZUNameCompare@?A0x0779e1ad@2@V?$allocator@U?$pair@QBDP6APAVAttribute@Imf@@XZ@std@@@std@@$0A@@std@@@std@@QAE@XZ 1007e5d0 f i ImfAttribute.obj
 0002:0000e680       ?_Key@?$_Tree_val@V?$_Tmap_traits@PBDP6APAVAttribute@Imf@@XZUNameCompare@?A0x0779e1ad@2@V?$allocator@U?$pair@QBDP6APAVAttribute@Imf@@XZ@std@@@std@@$0A@@std@@@std@@SAAAPBDPAU_Node@?$_Tree_nod@V?$_Tmap_traits@PBDP6APAVAttribute@Imf@@XZUNameCompare@?A0x0779e1ad@2@V?$allocator@U?$pair@QBDP6APAVAttribute@Imf@@XZ@std@@@std@@$0A@@std@@@2@@Z 1007e680 f i ImfAttribute.obj
 0002:0000e6e0       ??0?$allocator@U?$pair@QBDP6APAVAttribute@Imf@@XZ@std@@@std@@QAE@XZ 1007e6e0 f i ImfAttribute.obj
 0002:0000e720       ??0?$_Tree_iterator@V?$_Tree_val@V?$_Tmap_traits@PBDP6APAVAttribute@Imf@@XZUNameCompare@?A0x0779e1ad@2@V?$allocator@U?$pair@QBDP6APAVAttribute@Imf@@XZ@std@@@std@@$0A@@std@@@std@@@std@@QAE@PAU_Node@?$_Tree_nod@V?$_Tmap_traits@PBDP6APAVAttribute@Imf@@XZUNameCompare@?A0x0779e1ad@2@V?$allocator@U?$pair@QBDP6APAVAttribute@Imf@@XZ@std@@@std@@$0A@@std@@@1@PBV?$_Tree_val@V?$_Tmap_traits@PBDP6APAVAttribute@Imf@@XZUNameCompare@?A0x0779e1ad@2@V?$allocator@U?$pair@QBDP6APAVAttribute@Imf@@XZ@std@@@std@@$0A@@std@@@1@@Z 1007e720 f i ImfAttribute.obj
 0002:0000e780       ??D?$_Tree_unchecked_const_iterator@V?$_Tree_val@V?$_Tmap_traits@PBDP6APAVAttribute@Imf@@XZUNameCompare@?A0x0779e1ad@2@V?$allocator@U?$pair@QBDP6APAVAttribute@Imf@@XZ@std@@@std@@$0A@@std@@@std@@U_Iterator_base12@2@@std@@QBEABU?$pair@QBDP6APAVAttribute@Imf@@XZ@1@XZ 1007e780 f i ImfAttribute.obj
 0002:0000e7e0       ?_Mynode@?$_Tree_unchecked_const_iterator@V?$_Tree_val@V?$_Tmap_traits@PBDP6APAVAttribute@Imf@@XZUNameCompare@?A0x0779e1ad@2@V?$allocator@U?$pair@QBDP6APAVAttribute@Imf@@XZ@std@@@std@@$0A@@std@@@std@@U_Iterator_base12@2@@std@@QBEPAU_Node@?$_Tree_nod@V?$_Tmap_traits@PBDP6APAVAttribute@Imf@@XZUNameCompare@?A0x0779e1ad@2@V?$allocator@U?$pair@QBDP6APAVAttribute@Imf@@XZ@std@@@std@@$0A@@std@@@2@XZ 1007e7e0 f i ImfAttribute.obj
 0002:0000e820       ??0?$fpos@H@std@@QAE@_J@Z  1007e820 f i ImfAttribute.obj
 0002:0000e890       ??B?$fpos@H@std@@QBE_JXZ   1007e890 f i ImfAttribute.obj
 0002:0000e8e0       ?erase@?$basic_string@DU?$char_traits@D@std@@V?$allocator@D@2@@std@@QAEAAV12@II@Z 1007e8e0 f i ImfAttribute.obj
 0002:0000e9d0       ?move@?$char_traits@D@std@@SAPADPADPBDI@Z 1007e9d0 f i ImfAttribute.obj
 0002:0000ea40       ?_Eos@?$basic_string@DU?$char_traits@D@std@@V?$allocator@D@2@@std@@QAEXI@Z 1007ea40 f i ImfAttribute.obj
 0002:0000eac0       ?assign@?$char_traits@D@std@@SAXAADABD@Z 1007eac0 f i ImfAttribute.obj
 0002:0000eb00       ?_Grow@?$basic_string@DU?$char_traits@D@std@@V?$allocator@D@2@@std@@QAE_NI_N@Z 1007eb00 f i ImfAttribute.obj
 0002:0000ec00       ?_Myptr@?$basic_string@DU?$char_traits@D@std@@V?$allocator@D@2@@std@@QAEPADXZ 1007ec00 f i ImfAttribute.obj
 0002:0000ec70       ?_Xlen@?$basic_string@DU?$char_traits@D@std@@V?$allocator@D@2@@std@@QBEXXZ 1007ec70 f i ImfAttribute.obj
 0002:0000ecd0       ?_Xran@?$basic_string@DU?$char_traits@D@std@@V?$allocator@D@2@@std@@QBEXXZ 1007ecd0 f i ImfAttribute.obj
 0002:0000ed30       ?_Init@?$basic_stringbuf@DU?$char_traits@D@std@@V?$allocator@D@2@@std@@IAEXPBDIH@Z 1007ed30 f i ImfAttribute.obj
 0002:0000eee0       ?_Getstate@?$basic_stringbuf@DU?$char_traits@D@std@@V?$allocator@D@2@@std@@AAEHH@Z 1007eee0 f i ImfAttribute.obj
 0002:0000ef80       ?begin@?$_Tree@V?$_Tmap_traits@PBDP6APAVAttribute@Imf@@XZUNameCompare@?A0x0779e1ad@2@V?$allocator@U?$pair@QBDP6APAVAttribute@Imf@@XZ@std@@@std@@$0A@@std@@@std@@QAE?AV?$_Tree_iterator@V?$_Tree_val@V?$_Tmap_traits@PBDP6APAVAttribute@Imf@@XZUNameCompare@?A0x0779e1ad@2@V?$allocator@U?$pair@QBDP6APAVAttribute@Imf@@XZ@std@@@std@@$0A@@std@@@std@@@2@XZ 1007ef80 f i ImfAttribute.obj
 0002:0000f010       ?erase@?$_Tree@V?$_Tmap_traits@PBDP6APAVAttribute@Imf@@XZUNameCompare@?A0x0779e1ad@2@V?$allocator@U?$pair@QBDP6APAVAttribute@Imf@@XZ@std@@@std@@$0A@@std@@@std@@QAE?AV?$_Tree_iterator@V?$_Tree_val@V?$_Tmap_traits@PBDP6APAVAttribute@Imf@@XZUNameCompare@?A0x0779e1ad@2@V?$allocator@U?$pair@QBDP6APAVAttribute@Imf@@XZ@std@@@std@@$0A@@std@@@std@@@2@V?$_Tree_const_iterator@V?$_Tree_val@V?$_Tmap_traits@PBDP6APAVAttribute@Imf@@XZUNameCompare@?A0x0779e1ad@2@V?$allocator@U?$pair@QBDP6APAVAttribute@Imf@@XZ@std@@@std@@$0A@@std@@@std@@@2@@Z 1007f010 f i ImfAttribute.obj
 0002:0000fa70       ?clear@?$_Tree@V?$_Tmap_traits@PBDP6APAVAttribute@Imf@@XZUNameCompare@?A0x0779e1ad@2@V?$allocator@U?$pair@QBDP6APAVAttribute@Imf@@XZ@std@@@std@@$0A@@std@@@std@@QAEXXZ 1007fa70 f i ImfAttribute.obj
 0002:0000fb30       ?_Eqrange@?$_Tree@V?$_Tmap_traits@PBDP6APAVAttribute@Imf@@XZUNameCompare@?A0x0779e1ad@2@V?$allocator@U?$pair@QBDP6APAVAttribute@Imf@@XZ@std@@@std@@$0A@@std@@@std@@IAE?AU?$pair@V?$_Tree_iterator@V?$_Tree_val@V?$_Tmap_traits@PBDP6APAVAttribute@Imf@@XZUNameCompare@?A0x0779e1ad@2@V?$allocator@U?$pair@QBDP6APAVAttribute@Imf@@XZ@std@@@std@@$0A@@std@@@std@@@std@@V12@@2@ABQBD@Z 1007fb30 f i ImfAttribute.obj
 0002:0000fe80       ?_Lbound@?$_Tree@V?$_Tmap_traits@PBDP6APAVAttribute@Imf@@XZUNameCompare@?A0x0779e1ad@2@V?$allocator@U?$pair@QBDP6APAVAttribute@Imf@@XZ@std@@@std@@$0A@@std@@@std@@IAEPAU_Node@?$_Tree_nod@V?$_Tmap_traits@PBDP6APAVAttribute@Imf@@XZUNameCompare@?A0x0779e1ad@2@V?$allocator@U?$pair@QBDP6APAVAttribute@Imf@@XZ@std@@@std@@$0A@@std@@@2@ABQBD@Z 1007fe80 f i ImfAttribute.obj
 0002:0000ff80       ??0?$_Tree_val@V?$_Tmap_traits@PBDP6APAVAttribute@Imf@@XZUNameCompare@?A0x0779e1ad@2@V?$allocator@U?$pair@QBDP6APAVAttribute@Imf@@XZ@std@@@std@@$0A@@std@@@std@@QAE@ABUNameCompare@?A0x0779e1ad@Imf@@V?$allocator@U?$pair@QBDP6APAVAttribute@Imf@@XZ@std@@@1@@Z 1007ff80 f i ImfAttribute.obj
 0002:000100e0       ?_Myval@?$_Tree_val@V?$_Tmap_traits@PBDP6APAVAttribute@Imf@@XZUNameCompare@?A0x0779e1ad@2@V?$allocator@U?$pair@QBDP6APAVAttribute@Imf@@XZ@std@@@std@@$0A@@std@@@std@@SAAAU?$pair@QBDP6APAVAttribute@Imf@@XZ@2@PAU_Node@?$_Tree_nod@V?$_Tmap_traits@PBDP6APAVAttribute@Imf@@XZUNameCompare@?A0x0779e1ad@2@V?$allocator@U?$pair@QBDP6APAVAttribute@Imf@@XZ@std@@@std@@$0A@@std@@@2@@Z 100800e0 f i ImfAttribute.obj
 0002:00010120       ??1?$_Tree_nod@V?$_Tmap_traits@PBDP6APAVAttribute@Imf@@XZUNameCompare@?A0x0779e1ad@2@V?$allocator@U?$pair@QBDP6APAVAttribute@Imf@@XZ@std@@@std@@$0A@@std@@@std@@QAE@XZ 10080120 f i ImfAttribute.obj
 0002:00010250       ??0?$allocator@U?$pair@QBDP6APAVAttribute@Imf@@XZ@std@@@std@@QAE@ABV01@@Z 10080250 f i ImfAttribute.obj
 0002:00010290       ?deallocate@?$allocator@U_Node@?$_Tree_nod@V?$_Tmap_traits@PBDP6APAVAttribute@Imf@@XZUNameCompare@?A0x0779e1ad@2@V?$allocator@U?$pair@QBDP6APAVAttribute@Imf@@XZ@std@@@std@@$0A@@std@@@std@@@std@@QAEXPAU_Node@?$_Tree_nod@V?$_Tmap_traits@PBDP6APAVAttribute@Imf@@XZUNameCompare@?A0x0779e1ad@2@V?$allocator@U?$pair@QBDP6APAVAttribute@Imf@@XZ@std@@@std@@$0A@@std@@@2@I@Z 10080290 f i ImfAttribute.obj
 0002:000102f0       ??0?$_Tree_const_iterator@V?$_Tree_val@V?$_Tmap_traits@PBDP6APAVAttribute@Imf@@XZUNameCompare@?A0x0779e1ad@2@V?$allocator@U?$pair@QBDP6APAVAttribute@Imf@@XZ@std@@@std@@$0A@@std@@@std@@@std@@QAE@PAU_Node@?$_Tree_nod@V?$_Tmap_traits@PBDP6APAVAttribute@Imf@@XZUNameCompare@?A0x0779e1ad@2@V?$allocator@U?$pair@QBDP6APAVAttribute@Imf@@XZ@std@@@std@@$0A@@std@@@1@PBV?$_Tree_val@V?$_Tmap_traits@PBDP6APAVAttribute@Imf@@XZUNameCompare@?A0x0779e1ad@2@V?$allocator@U?$pair@QBDP6APAVAttribute@Imf@@XZ@std@@@std@@$0A@@std@@@1@@Z 100802f0 f i ImfAttribute.obj
 0002:00010350       ??E?$_Tree_const_iterator@V?$_Tree_val@V?$_Tmap_traits@PBDP6APAVAttribute@Imf@@XZUNameCompare@?A0x0779e1ad@2@V?$allocator@U?$pair@QBDP6APAVAttribute@Imf@@XZ@std@@@std@@$0A@@std@@@std@@@std@@QAE?AV01@H@Z 10080350 f i ImfAttribute.obj
 0002:00010470       ?deallocate@?$allocator@U_Container_proxy@std@@@std@@QAEXPAU_Container_proxy@2@I@Z 10080470 f i ImfAttribute.obj
 0002:000104d0       ?allocate@?$allocator@U_Container_proxy@std@@@std@@QAEPAU_Container_proxy@2@I@Z 100804d0 f i ImfAttribute.obj
 0002:00010530       ??1?$_Tmap_traits@PBDP6APAVAttribute@Imf@@XZUNameCompare@?A0x0779e1ad@2@V?$allocator@U?$pair@QBDP6APAVAttribute@Imf@@XZ@std@@@std@@$0A@@std@@QAE@XZ 10080530 f i ImfAttribute.obj
 0002:00010590       ?max_size@?$basic_string@DU?$char_traits@D@std@@V?$allocator@D@2@@std@@QBEIXZ 10080590 f i ImfAttribute.obj
 0002:00010620       ?_Copy@?$basic_string@DU?$char_traits@D@std@@V?$allocator@D@2@@std@@QAEXII@Z 10080620 f i ImfAttribute.obj
 0002:00010850       ?_Erase@?$_Tree@V?$_Tmap_traits@PBDP6APAVAttribute@Imf@@XZUNameCompare@?A0x0779e1ad@2@V?$allocator@U?$pair@QBDP6APAVAttribute@Imf@@XZ@std@@@std@@$0A@@std@@@std@@IAEXPAU_Node@?$_Tree_nod@V?$_Tmap_traits@PBDP6APAVAttribute@Imf@@XZUNameCompare@?A0x0779e1ad@2@V?$allocator@U?$pair@QBDP6APAVAttribute@Imf@@XZ@std@@@std@@$0A@@std@@@2@@Z 10080850 f i ImfAttribute.obj
 0002:00010940       ?_Lmost@?$_Tree@V?$_Tmap_traits@PBDP6APAVAttribute@Imf@@XZUNameCompare@?A0x0779e1ad@2@V?$allocator@U?$pair@QBDP6APAVAttribute@Imf@@XZ@std@@@std@@$0A@@std@@@std@@IBEAAPAU_Node@?$_Tree_nod@V?$_Tmap_traits@PBDP6APAVAttribute@Imf@@XZUNameCompare@?A0x0779e1ad@2@V?$allocator@U?$pair@QBDP6APAVAttribute@Imf@@XZ@std@@@std@@$0A@@std@@@2@XZ 10080940 f i ImfAttribute.obj
 0002:000109a0       ?_Lrotate@?$_Tree@V?$_Tmap_traits@PBDP6APAVAttribute@Imf@@XZUNameCompare@?A0x0779e1ad@2@V?$allocator@U?$pair@QBDP6APAVAttribute@Imf@@XZ@std@@@std@@$0A@@std@@@std@@IAEXPAU_Node@?$_Tree_nod@V?$_Tmap_traits@PBDP6APAVAttribute@Imf@@XZUNameCompare@?A0x0779e1ad@2@V?$allocator@U?$pair@QBDP6APAVAttribute@Imf@@XZ@std@@@std@@$0A@@std@@@2@@Z 100809a0 f i ImfAttribute.obj
 0002:00010b50       ?_Rmost@?$_Tree@V?$_Tmap_traits@PBDP6APAVAttribute@Imf@@XZUNameCompare@?A0x0779e1ad@2@V?$allocator@U?$pair@QBDP6APAVAttribute@Imf@@XZ@std@@@std@@$0A@@std@@@std@@IBEAAPAU_Node@?$_Tree_nod@V?$_Tmap_traits@PBDP6APAVAttribute@Imf@@XZUNameCompare@?A0x0779e1ad@2@V?$allocator@U?$pair@QBDP6APAVAttribute@Imf@@XZ@std@@@std@@$0A@@std@@@2@XZ 10080b50 f i ImfAttribute.obj
 0002:00010bb0       ?_Root@?$_Tree@V?$_Tmap_traits@PBDP6APAVAttribute@Imf@@XZUNameCompare@?A0x0779e1ad@2@V?$allocator@U?$pair@QBDP6APAVAttribute@Imf@@XZ@std@@@std@@$0A@@std@@@std@@IBEAAPAU_Node@?$_Tree_nod@V?$_Tmap_traits@PBDP6APAVAttribute@Imf@@XZUNameCompare@?A0x0779e1ad@2@V?$allocator@U?$pair@QBDP6APAVAttribute@Imf@@XZ@std@@@std@@$0A@@std@@@2@XZ 10080bb0 f i ImfAttribute.obj
 0002:00010c10       ?_Rrotate@?$_Tree@V?$_Tmap_traits@PBDP6APAVAttribute@Imf@@XZUNameCompare@?A0x0779e1ad@2@V?$allocator@U?$pair@QBDP6APAVAttribute@Imf@@XZ@std@@@std@@$0A@@std@@@std@@IAEXPAU_Node@?$_Tree_nod@V?$_Tmap_traits@PBDP6APAVAttribute@Imf@@XZUNameCompare@?A0x0779e1ad@2@V?$allocator@U?$pair@QBDP6APAVAttribute@Imf@@XZ@std@@@std@@$0A@@std@@@2@@Z 10080c10 f i ImfAttribute.obj
 0002:00010dc0       ?_Orphan_ptr@?$_Tree@V?$_Tmap_traits@PBDP6APAVAttribute@Imf@@XZUNameCompare@?A0x0779e1ad@2@V?$allocator@U?$pair@QBDP6APAVAttribute@Imf@@XZ@std@@@std@@$0A@@std@@@std@@IBEXAAV12@PAU_Node@?$_Tree_nod@V?$_Tmap_traits@PBDP6APAVAttribute@Imf@@XZUNameCompare@?A0x0779e1ad@2@V?$allocator@U?$pair@QBDP6APAVAttribute@Imf@@XZ@std@@@std@@$0A@@std@@@2@@Z 10080dc0 f i ImfAttribute.obj
 0002:00010f50       ?_Clrcont@_Iterator_base12@std@@QAEXXZ 10080f50 f i ImfAttribute.obj
 0002:00010f90       ?_Getpnext@_Iterator_base12@std@@QAEPAPAU12@XZ 10080f90 f i ImfAttribute.obj
 0002:00010fd0       ?_Color@?$_Tree_val@V?$_Tmap_traits@PBDP6APAVAttribute@Imf@@XZUNameCompare@?A0x0779e1ad@2@V?$allocator@U?$pair@QBDP6APAVAttribute@Imf@@XZ@std@@@std@@$0A@@std@@@std@@SAAADPAU_Node@?$_Tree_nod@V?$_Tmap_traits@PBDP6APAVAttribute@Imf@@XZUNameCompare@?A0x0779e1ad@2@V?$allocator@U?$pair@QBDP6APAVAttribute@Imf@@XZ@std@@@std@@$0A@@std@@@2@@Z 10080fd0 f i ImfAttribute.obj
 0002:00011010       ?_Isnil@?$_Tree_val@V?$_Tmap_traits@PBDP6APAVAttribute@Imf@@XZUNameCompare@?A0x0779e1ad@2@V?$allocator@U?$pair@QBDP6APAVAttribute@Imf@@XZ@std@@@std@@$0A@@std@@@std@@SAAADPAU_Node@?$_Tree_nod@V?$_Tmap_traits@PBDP6APAVAttribute@Imf@@XZUNameCompare@?A0x0779e1ad@2@V?$allocator@U?$pair@QBDP6APAVAttribute@Imf@@XZ@std@@@std@@$0A@@std@@@2@@Z 10081010 f i ImfAttribute.obj
 0002:00011050       ?_Left@?$_Tree_val@V?$_Tmap_traits@PBDP6APAVAttribute@Imf@@XZUNameCompare@?A0x0779e1ad@2@V?$allocator@U?$pair@QBDP6APAVAttribute@Imf@@XZ@std@@@std@@$0A@@std@@@std@@SAAAPAU_Node@?$_Tree_nod@V?$_Tmap_traits@PBDP6APAVAttribute@Imf@@XZUNameCompare@?A0x0779e1ad@2@V?$allocator@U?$pair@QBDP6APAVAttribute@Imf@@XZ@std@@@std@@$0A@@std@@@2@PAU342@@Z 10081050 f i ImfAttribute.obj
 0002:00011090       ?_Parent@?$_Tree_val@V?$_Tmap_traits@PBDP6APAVAttribute@Imf@@XZUNameCompare@?A0x0779e1ad@2@V?$allocator@U?$pair@QBDP6APAVAttribute@Imf@@XZ@std@@@std@@$0A@@std@@@std@@SAAAPAU_Node@?$_Tree_nod@V?$_Tmap_traits@PBDP6APAVAttribute@Imf@@XZUNameCompare@?A0x0779e1ad@2@V?$allocator@U?$pair@QBDP6APAVAttribute@Imf@@XZ@std@@@std@@$0A@@std@@@2@PAU342@@Z 10081090 f i ImfAttribute.obj
 0002:000110d0       ?_Right@?$_Tree_val@V?$_Tmap_traits@PBDP6APAVAttribute@Imf@@XZUNameCompare@?A0x0779e1ad@2@V?$allocator@U?$pair@QBDP6APAVAttribute@Imf@@XZ@std@@@std@@$0A@@std@@@std@@SAAAPAU_Node@?$_Tree_nod@V?$_Tmap_traits@PBDP6APAVAttribute@Imf@@XZUNameCompare@?A0x0779e1ad@2@V?$allocator@U?$pair@QBDP6APAVAttribute@Imf@@XZ@std@@@std@@$0A@@std@@@2@PAU342@@Z 100810d0 f i ImfAttribute.obj
 0002:00011110       ?_Max@?$_Tree_val@V?$_Tmap_traits@PBDP6APAVAttribute@Imf@@XZUNameCompare@?A0x0779e1ad@2@V?$allocator@U?$pair@QBDP6APAVAttribute@Imf@@XZ@std@@@std@@$0A@@std@@@std@@SAPAU_Node@?$_Tree_nod@V?$_Tmap_traits@PBDP6APAVAttribute@Imf@@XZUNameCompare@?A0x0779e1ad@2@V?$allocator@U?$pair@QBDP6APAVAttribute@Imf@@XZ@std@@@std@@$0A@@std@@@2@PAU342@@Z 10081110 f i ImfAttribute.obj
 0002:00011190       ?_Min@?$_Tree_val@V?$_Tmap_traits@PBDP6APAVAttribute@Imf@@XZUNameCompare@?A0x0779e1ad@2@V?$allocator@U?$pair@QBDP6APAVAttribute@Imf@@XZ@std@@@std@@$0A@@std@@@std@@SAPAU_Node@?$_Tree_nod@V?$_Tmap_traits@PBDP6APAVAttribute@Imf@@XZUNameCompare@?A0x0779e1ad@2@V?$allocator@U?$pair@QBDP6APAVAttribute@Imf@@XZ@std@@@std@@$0A@@std@@@2@PAU342@@Z 10081190 f i ImfAttribute.obj
 0002:00011210       ??0?$_Tree_nod@V?$_Tmap_traits@PBDP6APAVAttribute@Imf@@XZUNameCompare@?A0x0779e1ad@2@V?$allocator@U?$pair@QBDP6APAVAttribute@Imf@@XZ@std@@@std@@$0A@@std@@@std@@QAE@ABUNameCompare@?A0x0779e1ad@Imf@@V?$allocator@U?$pair@QBDP6APAVAttribute@Imf@@XZ@std@@@1@@Z 10081210 f i ImfAttribute.obj
 0002:00011370       ?allocate@?$allocator@U_Node@?$_Tree_nod@V?$_Tmap_traits@PBDP6APAVAttribute@Imf@@XZUNameCompare@?A0x0779e1ad@2@V?$allocator@U?$pair@QBDP6APAVAttribute@Imf@@XZ@std@@@std@@$0A@@std@@@std@@@std@@QAEPAU_Node@?$_Tree_nod@V?$_Tmap_traits@PBDP6APAVAttribute@Imf@@XZUNameCompare@?A0x0779e1ad@2@V?$allocator@U?$pair@QBDP6APAVAttribute@Imf@@XZ@std@@@std@@$0A@@std@@@2@I@Z 10081370 f i ImfAttribute.obj
 0002:000113d0       ??E?$_Tree_const_iterator@V?$_Tree_val@V?$_Tmap_traits@PBDP6APAVAttribute@Imf@@XZUNameCompare@?A0x0779e1ad@2@V?$allocator@U?$pair@QBDP6APAVAttribute@Imf@@XZ@std@@@std@@$0A@@std@@@std@@@std@@QAEAAV01@XZ 100813d0 f i ImfAttribute.obj
 0002:00011500       ??0?$_Tree_unchecked_const_iterator@V?$_Tree_val@V?$_Tmap_traits@PBDP6APAVAttribute@Imf@@XZUNameCompare@?A0x0779e1ad@2@V?$allocator@U?$pair@QBDP6APAVAttribute@Imf@@XZ@std@@@std@@$0A@@std@@@std@@U_Iterator_base12@2@@std@@QAE@PAU_Node@?$_Tree_nod@V?$_Tmap_traits@PBDP6APAVAttribute@Imf@@XZUNameCompare@?A0x0779e1ad@2@V?$allocator@U?$pair@QBDP6APAVAttribute@Imf@@XZ@std@@@std@@$0A@@std@@@1@PBV?$_Tree_val@V?$_Tmap_traits@PBDP6APAVAttribute@Imf@@XZUNameCompare@?A0x0779e1ad@2@V?$allocator@U?$pair@QBDP6APAVAttribute@Imf@@XZ@std@@@std@@$0A@@std@@@1@@Z 10081500 f i ImfAttribute.obj
 0002:000115c0       ??0?$_Iterator012@Ubidirectional_iterator_tag@std@@U?$pair@QBDP6APAVAttribute@Imf@@XZ@2@HPBU32@ABU32@U_Iterator_base12@2@@std@@QAE@XZ 100815c0 f i ImfAttribute.obj
 0002:00011620       ??0_Iterator_base12@std@@QAE@XZ 10081620 f i ImfAttribute.obj
 0002:00011670       ?max_size@?$allocator@D@std@@QBEIXZ 10081670 f i ImfAttribute.obj
 0002:000116e0       ??0?$_Tmap_traits@PBDP6APAVAttribute@Imf@@XZUNameCompare@?A0x0779e1ad@2@V?$allocator@U?$pair@QBDP6APAVAttribute@Imf@@XZ@std@@@std@@$0A@@std@@QAE@UNameCompare@?A0x0779e1ad@Imf@@@Z 100816e0 f i ImfAttribute.obj
 0002:00011750       ??E?$_Tree_unchecked_const_iterator@V?$_Tree_val@V?$_Tmap_traits@PBDP6APAVAttribute@Imf@@XZUNameCompare@?A0x0779e1ad@2@V?$allocator@U?$pair@QBDP6APAVAttribute@Imf@@XZ@std@@@std@@$0A@@std@@@std@@U_Iterator_base12@2@@std@@QAEAAV01@XZ 10081750 f i ImfAttribute.obj
 0002:00011880       ??0?$TypedAttribute@M@Imf@@QAE@ABV01@@Z 10081880 f i ImfAttribute.obj
 0002:00011950       ??0?$TypedAttribute@M@Imf@@QAE@ABM@Z 10081950 f i ImfAttribute.obj
 0002:000119c0       ??0?$TypedAttribute@M@Imf@@QAE@XZ 100819c0 f i ImfAttribute.obj
 0002:00011a40       ??1?$TypedAttribute@M@Imf@@UAE@XZ 10081a40 f i ImfAttribute.obj
 0002:00011aa0       ?value@?$TypedAttribute@M@Imf@@QBEABMXZ 10081aa0 f i ImfAttribute.obj
 0002:00011ae0       ?value@?$TypedAttribute@M@Imf@@QAEAAMXZ 10081ae0 f i ImfAttribute.obj
 0002:00011b20       ?typeName@?$TypedAttribute@M@Imf@@UBEPBDXZ 10081b20 f i ImfAttribute.obj
 0002:00011b70       ?makeNewAttribute@?$TypedAttribute@M@Imf@@SAPAVAttribute@2@XZ 10081b70 f i ImfAttribute.obj
 0002:00011c50       ?copy@?$TypedAttribute@M@Imf@@UBEPAVAttribute@2@XZ 10081c50 f i ImfAttribute.obj
 0002:00011d60       ?writeValueTo@?$TypedAttribute@M@Imf@@UBEXAAVOStream@2@H@Z 10081d60 f i ImfAttribute.obj
 0002:00011dd0       ?readValueFrom@?$TypedAttribute@M@Imf@@UAEXAAVIStream@2@HH@Z 10081dd0 f i ImfAttribute.obj
 0002:00011e30       ?copyValueFrom@?$TypedAttribute@M@Imf@@UAEXABVAttribute@2@@Z 10081e30 f i ImfAttribute.obj
 0002:00011ea0       ?cast@?$TypedAttribute@M@Imf@@SAABV12@ABVAttribute@2@@Z 10081ea0 f i ImfAttribute.obj
 0002:00011ef0       ?cast@?$TypedAttribute@M@Imf@@SAAAV12@AAVAttribute@2@@Z 10081ef0 f i ImfAttribute.obj
 0002:00011f40       ?cast@?$TypedAttribute@M@Imf@@SAPBV12@PBVAttribute@2@@Z 10081f40 f i ImfAttribute.obj
 0002:00011ff0       ??0TypeExc@Iex@@QAE@PBD@Z  10081ff0 f i ImfAttribute.obj
 0002:00012060       ??_ETypeExc@Iex@@UAEPAXI@Z 10082060 f i ImfAttribute.obj
 0002:00012060       ??_GTypeExc@Iex@@UAEPAXI@Z 10082060 f i ImfAttribute.obj
 0002:000120d0       ??1TypeExc@Iex@@UAE@XZ     100820d0 f i ImfAttribute.obj
 0002:00012120       ?cast@?$TypedAttribute@M@Imf@@SAPAV12@PAVAttribute@2@@Z 10082120 f i ImfAttribute.obj
 0002:000121d0       ?registerAttributeType@?$TypedAttribute@M@Imf@@SAXXZ 100821d0 f i ImfAttribute.obj
 0002:00012230       ?unRegisterAttributeType@?$TypedAttribute@M@Imf@@SAXXZ 10082230 f i ImfAttribute.obj
 0002:00012280       ??0?$TypedAttribute@N@Imf@@QAE@ABV01@@Z 10082280 f i ImfAttribute.obj
 0002:00012350       ??0?$TypedAttribute@N@Imf@@QAE@ABN@Z 10082350 f i ImfAttribute.obj
 0002:000123c0       ??0?$TypedAttribute@N@Imf@@QAE@XZ 100823c0 f i ImfAttribute.obj
 0002:00012440       ??1?$TypedAttribute@N@Imf@@UAE@XZ 10082440 f i ImfAttribute.obj
 0002:000124a0       ?value@?$TypedAttribute@N@Imf@@QBEABNXZ 100824a0 f i ImfAttribute.obj
 0002:000124e0       ?value@?$TypedAttribute@N@Imf@@QAEAANXZ 100824e0 f i ImfAttribute.obj
 0002:00012520       ?typeName@?$TypedAttribute@N@Imf@@UBEPBDXZ 10082520 f i ImfAttribute.obj
 0002:00012570       ?makeNewAttribute@?$TypedAttribute@N@Imf@@SAPAVAttribute@2@XZ 10082570 f i ImfAttribute.obj
 0002:00012650       ?copy@?$TypedAttribute@N@Imf@@UBEPAVAttribute@2@XZ 10082650 f i ImfAttribute.obj
 0002:00012760       ?writeValueTo@?$TypedAttribute@N@Imf@@UBEXAAVOStream@2@H@Z 10082760 f i ImfAttribute.obj
 0002:000127d0       ?readValueFrom@?$TypedAttribute@N@Imf@@UAEXAAVIStream@2@HH@Z 100827d0 f i ImfAttribute.obj
 0002:00012830       ?copyValueFrom@?$TypedAttribute@N@Imf@@UAEXABVAttribute@2@@Z 10082830 f i ImfAttribute.obj
 0002:000128a0       ?cast@?$TypedAttribute@N@Imf@@SAABV12@ABVAttribute@2@@Z 100828a0 f i ImfAttribute.obj
 0002:000128f0       ?cast@?$TypedAttribute@N@Imf@@SAAAV12@AAVAttribute@2@@Z 100828f0 f i ImfAttribute.obj
 0002:00012940       ?cast@?$TypedAttribute@N@Imf@@SAPBV12@PBVAttribute@2@@Z 10082940 f i ImfAttribute.obj
 0002:000129f0       ?cast@?$TypedAttribute@N@Imf@@SAPAV12@PAVAttribute@2@@Z 100829f0 f i ImfAttribute.obj
 0002:00012aa0       ?registerAttributeType@?$TypedAttribute@N@Imf@@SAXXZ 10082aa0 f i ImfAttribute.obj
 0002:00012b00       ?unRegisterAttributeType@?$TypedAttribute@N@Imf@@SAXXZ 10082b00 f i ImfAttribute.obj
 0002:00012b50       ??$?6U?$char_traits@D@std@@@std@@YAAAV?$basic_ostream@DU?$char_traits@D@std@@@0@AAV10@PBD@Z 10082b50 f i ImfAttribute.obj
 0002:00013140       ?length@?$char_traits@D@std@@SAIPBD@Z 10083140 f i ImfAttribute.obj
 0002:00013190       ??0sentry@?$basic_ostream@DU?$char_traits@D@std@@@std@@QAE@AAV12@@Z 10083190 f i ImfAttribute.obj
 0002:000132f0       ??1sentry@?$basic_ostream@DU?$char_traits@D@std@@@std@@QAE@XZ 100832f0 f i ImfAttribute.obj
 0002:000133c0       ??Bsentry@?$basic_ostream@DU?$char_traits@D@std@@@std@@QBEPQ_Bool_struct@2@HXZ 100833c0 f i ImfAttribute.obj
 0002:00013410       ??0_Sentry_base@?$basic_ostream@DU?$char_traits@D@std@@@std@@QAE@AAV12@@Z 10083410 f i ImfAttribute.obj
 0002:000134e0       ??1_Sentry_base@?$basic_ostream@DU?$char_traits@D@std@@@std@@QAE@XZ 100834e0 f i ImfAttribute.obj
 0002:000135a0       ??$?0AAQBDAAP6APAVAttribute@Imf@@XZ@?$pair@QBDP6APAVAttribute@Imf@@XZ@std@@QAE@AAQBDAAP6APAVAttribute@Imf@@XZ@Z 100835a0 f i ImfAttribute.obj
 0002:00013620       ??$insert@U?$pair@QBDP6APAVAttribute@Imf@@XZ@std@@@?$_Tree@V?$_Tmap_traits@PBDP6APAVAttribute@Imf@@XZUNameCompare@?A0x0779e1ad@2@V?$allocator@U?$pair@QBDP6APAVAttribute@Imf@@XZ@std@@@std@@$0A@@std@@@std@@QAE?AU?$pair@V?$_Tree_iterator@V?$_Tree_val@V?$_Tmap_traits@PBDP6APAVAttribute@Imf@@XZUNameCompare@?A0x0779e1ad@2@V?$allocator@U?$pair@QBDP6APAVAttribute@Imf@@XZ@std@@@std@@$0A@@std@@@std@@@std@@_N@1@$$QAU?$pair@QBDP6APAVAttribute@Imf@@XZ@1@@Z 10083620 f i ImfAttribute.obj
 0002:000136c0       ??$_Distance@V?$_Tree_iterator@V?$_Tree_val@V?$_Tmap_traits@PBDP6APAVAttribute@Imf@@XZUNameCompare@?A0x0779e1ad@2@V?$allocator@U?$pair@QBDP6APAVAttribute@Imf@@XZ@std@@@std@@$0A@@std@@@std@@@std@@I@std@@YAXV?$_Tree_iterator@V?$_Tree_val@V?$_Tmap_traits@PBDP6APAVAttribute@Imf@@XZUNameCompare@?A0x0779e1ad@2@V?$allocator@U?$pair@QBDP6APAVAttribute@Imf@@XZ@std@@@std@@$0A@@std@@@std@@@0@0AAI@Z 100836c0 f i ImfAttribute.obj
 0002:000137f0       ??$_Debug_lt_pred@UNameCompare@?A0x0779e1ad@Imf@@PBDPBD@std@@YA_NUNameCompare@?A0x0779e1ad@Imf@@ABQBDAAPBDPB_WI@Z 100837f0 f i ImfAttribute.obj
 0002:000138b0       ??RNameCompare@?A0x0779e1ad@Imf@@QBE_NPBD0@Z 100838b0 f i ImfAttribute.obj
 0002:00013920       ??$?0D@?$allocator@U_Container_proxy@std@@@std@@QAE@ABV?$allocator@D@1@@Z 10083920 f i ImfAttribute.obj
 0002:00013960       ??$_Cons_val@V?$allocator@U_Container_proxy@std@@@std@@U_Container_proxy@2@U32@@std@@YAXAAV?$allocator@U_Container_proxy@std@@@0@PAU_Container_proxy@0@$$QAU20@@Z 10083960 f i ImfAttribute.obj
 0002:000139c0       ??$_Dest_val@V?$allocator@U_Container_proxy@std@@@std@@U_Container_proxy@2@@std@@YAXAAV?$allocator@U_Container_proxy@std@@@0@PAU_Container_proxy@0@@Z 100839c0 f i ImfAttribute.obj
 0002:00013a10       ??$_Allocate@D@std@@YAPADIPAD@Z 10083a10 f i ImfAttribute.obj
 0002:00013ac0       ??0bad_alloc@std@@QAE@PBD@Z 10083ac0 f i ImfAttribute.obj
 0002:00013b40       ??1bad_alloc@std@@UAE@XZ   10083b40 f i ImfAttribute.obj
 0002:00013bb0       ??_Ebad_alloc@std@@UAEPAXI@Z 10083bb0 f i ImfAttribute.obj
 0002:00013bb0       ??_Gbad_alloc@std@@UAEPAXI@Z 10083bb0 f i ImfAttribute.obj
 0002:00013c20       ??$_Kfn@QBDP6APAVAttribute@Imf@@XZ@?$_Tmap_traits@PBDP6APAVAttribute@Imf@@XZUNameCompare@?A0x0779e1ad@2@V?$allocator@U?$pair@QBDP6APAVAttribute@Imf@@XZ@std@@@std@@$0A@@std@@SAABQBDABU?$pair@QBDP6APAVAttribute@Imf@@XZ@1@@Z 10083c20 f i ImfAttribute.obj
 0002:00013c60       ??$swap@D@std@@YAXAAD0@Z   10083c60 f i ImfAttribute.obj
 0002:00013d20       ??$addressof@U?$pair@QBDP6APAVAttribute@Imf@@XZ@std@@@std@@YAPAU?$pair@QBDP6APAVAttribute@Imf@@XZ@0@AAU10@@Z 10083d20 f i ImfAttribute.obj
 0002:00013d60       ??$_Dest_val@V?$allocator@U?$pair@QBDP6APAVAttribute@Imf@@XZ@std@@@std@@U?$pair@QBDP6APAVAttribute@Imf@@XZ@2@@std@@YAXAAV?$allocator@U?$pair@QBDP6APAVAttribute@Imf@@XZ@std@@@0@PAU?$pair@QBDP6APAVAttribute@Imf@@XZ@0@@Z 10083d60 f i ImfAttribute.obj
 0002:00013db0       ??$_Debug_lt_pred@UNameCompare@?A0x0779e1ad@Imf@@PBDPBD@std@@YA_NUNameCompare@?A0x0779e1ad@Imf@@AAPBDABQBDPB_WI@Z 10083db0 f i ImfAttribute.obj
 0002:00013e70       ??$?0AAV?$_Tree_iterator@V?$_Tree_val@V?$_Tmap_traits@PBDP6APAVAttribute@Imf@@XZUNameCompare@?A0x0779e1ad@2@V?$allocator@U?$pair@QBDP6APAVAttribute@Imf@@XZ@std@@@std@@$0A@@std@@@std@@@std@@AAV01@@?$pair@V?$_Tree_iterator@V?$_Tree_val@V?$_Tmap_traits@PBDP6APAVAttribute@Imf@@XZUNameCompare@?A0x0779e1ad@2@V?$allocator@U?$pair@QBDP6APAVAttribute@Imf@@XZ@std@@@std@@$0A@@std@@@std@@@std@@V12@@std@@QAE@AAV?$_Tree_iterator@V?$_Tree_val@V?$_Tmap_traits@PBDP6APAVAttribute@Imf@@XZUNameCompare@?A0x0779e1ad@2@V?$allocator@U?$pair@QBDP6APAVAttribute@Imf@@XZ@std@@@std@@$0A@@std@@@std@@@1@0@Z 10083e70 f i ImfAttribute.obj
 0002:00013ef0       ??$?0U_Node@?$_Tree_nod@V?$_Tmap_traits@PBDP6APAVAttribute@Imf@@XZUNameCompare@?A0x0779e1ad@2@V?$allocator@U?$pair@QBDP6APAVAttribute@Imf@@XZ@std@@@std@@$0A@@std@@@std@@@?$allocator@U_Container_proxy@std@@@std@@QAE@ABV?$allocator@U_Node@?$_Tree_nod@V?$_Tmap_traits@PBDP6APAVAttribute@Imf@@XZUNameCompare@?A0x0779e1ad@2@V?$allocator@U?$pair@QBDP6APAVAttribute@Imf@@XZ@std@@@std@@$0A@@std@@@std@@@1@@Z 10083ef0 f i ImfAttribute.obj
 0002:00013f30       ??$_Allocate@U_Container_proxy@std@@@std@@YAPAU_Container_proxy@0@IPAU10@@Z 10083f30 f i ImfAttribute.obj
 0002:00013fe0       ??$?0U?$pair@QBDP6APAVAttribute@Imf@@XZ@std@@@?$allocator@U_Node@?$_Tree_nod@V?$_Tmap_traits@PBDP6APAVAttribute@Imf@@XZUNameCompare@?A0x0779e1ad@2@V?$allocator@U?$pair@QBDP6APAVAttribute@Imf@@XZ@std@@@std@@$0A@@std@@@std@@@std@@QAE@ABV?$allocator@U?$pair@QBDP6APAVAttribute@Imf@@XZ@std@@@1@@Z 10083fe0 f i ImfAttribute.obj
 0002:00014020       ??$_Allocate@U_Node@?$_Tree_nod@V?$_Tmap_traits@PBDP6APAVAttribute@Imf@@XZUNameCompare@?A0x0779e1ad@2@V?$allocator@U?$pair@QBDP6APAVAttribute@Imf@@XZ@std@@@std@@$0A@@std@@@std@@@std@@YAPAU_Node@?$_Tree_nod@V?$_Tmap_traits@PBDP6APAVAttribute@Imf@@XZUNameCompare@?A0x0779e1ad@2@V?$allocator@U?$pair@QBDP6APAVAttribute@Imf@@XZ@std@@@std@@$0A@@std@@@0@IPAU120@@Z 10084020 f i ImfAttribute.obj
 0002:000140d0       ??_E?$TypedAttribute@M@Imf@@UAEPAXI@Z 100840d0 f i ImfAttribute.obj
 0002:000140d0       ??_G?$TypedAttribute@M@Imf@@UAEPAXI@Z 100840d0 f i ImfAttribute.obj
 0002:00014140       ??0Attribute@Imf@@QAE@ABV01@@Z 10084140 f i ImfAttribute.obj
 0002:00014190       ??0TypeExc@Iex@@QAE@ABV01@@Z 10084190 f i ImfAttribute.obj
 0002:00014200       ??_G?$TypedAttribute@N@Imf@@UAEPAXI@Z 10084200 f i ImfAttribute.obj
 0002:00014200       ??_E?$TypedAttribute@N@Imf@@UAEPAXI@Z 10084200 f i ImfAttribute.obj
 0002:00014270       ??0bad_alloc@std@@QAE@ABV01@@Z 10084270 f i ImfAttribute.obj
 0002:000142f0       ?_Linsert@?$_Tree@V?$_Tmap_traits@PBDP6APAVAttribute@Imf@@XZUNameCompare@?A0x0779e1ad@2@V?$allocator@U?$pair@QBDP6APAVAttribute@Imf@@XZ@std@@@std@@$0A@@std@@@std@@QAE?AU?$pair@V?$_Tree_iterator@V?$_Tree_val@V?$_Tmap_traits@PBDP6APAVAttribute@Imf@@XZUNameCompare@?A0x0779e1ad@2@V?$allocator@U?$pair@QBDP6APAVAttribute@Imf@@XZ@std@@@std@@$0A@@std@@@std@@@std@@_N@2@PAU_Node@?$_Tree_nod@V?$_Tmap_traits@PBDP6APAVAttribute@Imf@@XZUNameCompare@?A0x0779e1ad@2@V?$allocator@U?$pair@QBDP6APAVAttribute@Imf@@XZ@std@@@std@@$0A@@std@@@2@_N@Z 100842f0 f i ImfAttribute.obj
 0002:00014870       ?destroy@?$allocator@U?$pair@QBDP6APAVAttribute@Imf@@XZ@std@@@std@@QAEXPAU?$pair@QBDP6APAVAttribute@Imf@@XZ@2@@Z 10084870 f i ImfAttribute.obj
 0002:000148d0       ?construct@?$allocator@U_Container_proxy@std@@@std@@QAEXPAU_Container_proxy@2@$$QAU32@@Z 100848d0 f i ImfAttribute.obj
 0002:000149e0       ??2@YAPAXIPAX@Z            100849e0 f i ImfAttribute.obj
 0002:00014a20       ??3@YAXPAX0@Z              10084a20 f i ImfAttribute.obj
 0002:00014a50       ?destroy@?$allocator@U_Container_proxy@std@@@std@@QAEXPAU_Container_proxy@2@@Z 10084a50 f i ImfAttribute.obj
 0002:00014ab0       ?_Insert@?$_Tree@V?$_Tmap_traits@PBDP6APAVAttribute@Imf@@XZUNameCompare@?A0x0779e1ad@2@V?$allocator@U?$pair@QBDP6APAVAttribute@Imf@@XZ@std@@@std@@$0A@@std@@@std@@IAE?AV?$_Tree_iterator@V?$_Tree_val@V?$_Tmap_traits@PBDP6APAVAttribute@Imf@@XZUNameCompare@?A0x0779e1ad@2@V?$allocator@U?$pair@QBDP6APAVAttribute@Imf@@XZ@std@@@std@@$0A@@std@@@std@@@2@_NPAU_Node@?$_Tree_nod@V?$_Tmap_traits@PBDP6APAVAttribute@Imf@@XZUNameCompare@?A0x0779e1ad@2@V?$allocator@U?$pair@QBDP6APAVAttribute@Imf@@XZ@std@@@std@@$0A@@std@@@2@1@Z 10084ab0 f i ImfAttribute.obj
 0002:00015050       ??F?$_Tree_iterator@V?$_Tree_val@V?$_Tmap_traits@PBDP6APAVAttribute@Imf@@XZUNameCompare@?A0x0779e1ad@2@V?$allocator@U?$pair@QBDP6APAVAttribute@Imf@@XZ@std@@@std@@$0A@@std@@@std@@@std@@QAEAAV01@XZ 10085050 f i ImfAttribute.obj
 0002:000150b0       ??0?$pair@V?$_Tree_iterator@V?$_Tree_val@V?$_Tmap_traits@PBDP6APAVAttribute@Imf@@XZUNameCompare@?A0x0779e1ad@2@V?$allocator@U?$pair@QBDP6APAVAttribute@Imf@@XZ@std@@@std@@$0A@@std@@@std@@@std@@_N@std@@QAE@$$QAV?$_Tree_iterator@V?$_Tree_val@V?$_Tmap_traits@PBDP6APAVAttribute@Imf@@XZUNameCompare@?A0x0779e1ad@2@V?$allocator@U?$pair@QBDP6APAVAttribute@Imf@@XZ@std@@@std@@$0A@@std@@@std@@@1@$$QA_N@Z 100850b0 f i ImfAttribute.obj
 0002:00015130       ?max_size@?$_Tree@V?$_Tmap_traits@PBDP6APAVAttribute@Imf@@XZUNameCompare@?A0x0779e1ad@2@V?$allocator@U?$pair@QBDP6APAVAttribute@Imf@@XZ@std@@@std@@$0A@@std@@@std@@QBEIXZ 10085130 f i ImfAttribute.obj
 0002:00015190       ??F?$_Tree_const_iterator@V?$_Tree_val@V?$_Tmap_traits@PBDP6APAVAttribute@Imf@@XZUNameCompare@?A0x0779e1ad@2@V?$allocator@U?$pair@QBDP6APAVAttribute@Imf@@XZ@std@@@std@@$0A@@std@@@std@@@std@@QAEAAV01@XZ 10085190 f i ImfAttribute.obj
 0002:00015370       ??0?$_Pair_base@V?$_Tree_iterator@V?$_Tree_val@V?$_Tmap_traits@PBDP6APAVAttribute@Imf@@XZUNameCompare@?A0x0779e1ad@2@V?$allocator@U?$pair@QBDP6APAVAttribute@Imf@@XZ@std@@@std@@$0A@@std@@@std@@@std@@_N@std@@QAE@$$QAV?$_Tree_iterator@V?$_Tree_val@V?$_Tmap_traits@PBDP6APAVAttribute@Imf@@XZUNameCompare@?A0x0779e1ad@2@V?$allocator@U?$pair@QBDP6APAVAttribute@Imf@@XZ@std@@@std@@$0A@@std@@@std@@@1@$$QA_N@Z 10085370 f i ImfAttribute.obj
 0002:00015440       ?max_size@?$allocator@U?$pair@QBDP6APAVAttribute@Imf@@XZ@std@@@std@@QBEIXZ 10085440 f i ImfAttribute.obj
 0002:000154b0       ??F?$_Tree_unchecked_const_iterator@V?$_Tree_val@V?$_Tmap_traits@PBDP6APAVAttribute@Imf@@XZUNameCompare@?A0x0779e1ad@2@V?$allocator@U?$pair@QBDP6APAVAttribute@Imf@@XZ@std@@@std@@$0A@@std@@@std@@U_Iterator_base12@2@@std@@QAEAAV01@XZ 100854b0 f i ImfAttribute.obj
 0002:00015610       ??$write@UStreamIO@Imf@@VOStream@2@@Xdr@Imf@@YAXAAVOStream@1@M@Z 10085610 f i ImfAttribute.obj
 0002:000156e0       ??$read@UStreamIO@Imf@@VIStream@2@@Xdr@Imf@@YAXAAVIStream@1@AAM@Z 100856e0 f i ImfAttribute.obj
 0002:000157d0       ??$write@UStreamIO@Imf@@VOStream@2@@Xdr@Imf@@YAXAAVOStream@1@N@Z 100857d0 f i ImfAttribute.obj
 0002:00015930       ??$read@UStreamIO@Imf@@VIStream@2@@Xdr@Imf@@YAXAAVIStream@1@AAN@Z 10085930 f i ImfAttribute.obj
 0002:00015ae0       ??$forward@AAQBD@std@@YAAAQBDAAQBD@Z 10085ae0 f i ImfAttribute.obj
 0002:00015b20       ??$forward@AAP6APAVAttribute@Imf@@XZ@std@@YAAAP6APAVAttribute@Imf@@XZAAP6APAV12@XZ@Z 10085b20 f i ImfAttribute.obj
 0002:00015b60       ??$?0AAQBDAAP6APAVAttribute@Imf@@XZ@?$_Pair_base@QBDP6APAVAttribute@Imf@@XZ@std@@QAE@AAQBDAAP6APAVAttribute@Imf@@XZ@Z 10085b60 f i ImfAttribute.obj
 0002:00015be0       ??$forward@U?$pair@QBDP6APAVAttribute@Imf@@XZ@std@@@std@@YA$$QAU?$pair@QBDP6APAVAttribute@Imf@@XZ@0@AAU10@@Z 10085be0 f i ImfAttribute.obj
 0002:00015c20       ??$_Buynode@U?$pair@QBDP6APAVAttribute@Imf@@XZ@std@@@?$_Tree_val@V?$_Tmap_traits@PBDP6APAVAttribute@Imf@@XZUNameCompare@?A0x0779e1ad@2@V?$allocator@U?$pair@QBDP6APAVAttribute@Imf@@XZ@std@@@std@@$0A@@std@@@std@@QAEPAU_Node@?$_Tree_nod@V?$_Tmap_traits@PBDP6APAVAttribute@Imf@@XZUNameCompare@?A0x0779e1ad@2@V?$allocator@U?$pair@QBDP6APAVAttribute@Imf@@XZ@std@@@std@@$0A@@std@@@1@$$QAU?$pair@QBDP6APAVAttribute@Imf@@XZ@1@@Z 10085c20 f i ImfAttribute.obj
 0002:00015d70       ??$_Iter_cat@V?$_Tree_iterator@V?$_Tree_val@V?$_Tmap_traits@PBDP6APAVAttribute@Imf@@XZUNameCompare@?A0x0779e1ad@2@V?$allocator@U?$pair@QBDP6APAVAttribute@Imf@@XZ@std@@@std@@$0A@@std@@@std@@@std@@@std@@YA?AUbidirectional_iterator_tag@0@ABV?$_Tree_iterator@V?$_Tree_val@V?$_Tmap_traits@PBDP6APAVAttribute@Imf@@XZUNameCompare@?A0x0779e1ad@2@V?$allocator@U?$pair@QBDP6APAVAttribute@Imf@@XZ@std@@@std@@$0A@@std@@@std@@@0@@Z 10085d70 f i ImfAttribute.obj
 0002:00015df0       ??$_Distance2@V?$_Tree_iterator@V?$_Tree_val@V?$_Tmap_traits@PBDP6APAVAttribute@Imf@@XZUNameCompare@?A0x0779e1ad@2@V?$allocator@U?$pair@QBDP6APAVAttribute@Imf@@XZ@std@@@std@@$0A@@std@@@std@@@std@@I@std@@YAXV?$_Tree_iterator@V?$_Tree_val@V?$_Tmap_traits@PBDP6APAVAttribute@Imf@@XZUNameCompare@?A0x0779e1ad@2@V?$allocator@U?$pair@QBDP6APAVAttribute@Imf@@XZ@std@@@std@@$0A@@std@@@std@@@0@0AAIUbidirectional_iterator_tag@0@@Z 10085df0 f i ImfAttribute.obj
 0002:00015ed0       ??$forward@U_Container_proxy@std@@@std@@YA$$QAU_Container_proxy@0@AAU10@@Z 10085ed0 f i ImfAttribute.obj
 0002:00015f10       ??$_Move@AAD@std@@YA$$QADAAD@Z 10085f10 f i ImfAttribute.obj
 0002:00015f50       ??$forward@AAV?$_Tree_iterator@V?$_Tree_val@V?$_Tmap_traits@PBDP6APAVAttribute@Imf@@XZUNameCompare@?A0x0779e1ad@2@V?$allocator@U?$pair@QBDP6APAVAttribute@Imf@@XZ@std@@@std@@$0A@@std@@@std@@@std@@@std@@YAAAV?$_Tree_iterator@V?$_Tree_val@V?$_Tmap_traits@PBDP6APAVAttribute@Imf@@XZUNameCompare@?A0x0779e1ad@2@V?$allocator@U?$pair@QBDP6APAVAttribute@Imf@@XZ@std@@@std@@$0A@@std@@@std@@@0@AAV10@@Z 10085f50 f i ImfAttribute.obj
 0002:00015f90       ??$?0AAV?$_Tree_iterator@V?$_Tree_val@V?$_Tmap_traits@PBDP6APAVAttribute@Imf@@XZUNameCompare@?A0x0779e1ad@2@V?$allocator@U?$pair@QBDP6APAVAttribute@Imf@@XZ@std@@@std@@$0A@@std@@@std@@@std@@AAV01@@?$_Pair_base@V?$_Tree_iterator@V?$_Tree_val@V?$_Tmap_traits@PBDP6APAVAttribute@Imf@@XZUNameCompare@?A0x0779e1ad@2@V?$allocator@U?$pair@QBDP6APAVAttribute@Imf@@XZ@std@@@std@@$0A@@std@@@std@@@std@@V12@@std@@QAE@AAV?$_Tree_iterator@V?$_Tree_val@V?$_Tmap_traits@PBDP6APAVAttribute@Imf@@XZUNameCompare@?A0x0779e1ad@2@V?$allocator@U?$pair@QBDP6APAVAttribute@Imf@@XZ@std@@@std@@$0A@@std@@@std@@@1@0@Z 10085f90 f i ImfAttribute.obj
 0002:00016060       ??$?0AAV?$_Tree_iterator@V?$_Tree_val@V?$_Tmap_traits@PBDP6APAVAttribute@Imf@@XZUNameCompare@?A0x0779e1ad@2@V?$allocator@U?$pair@QBDP6APAVAttribute@Imf@@XZ@std@@@std@@$0A@@std@@@std@@@std@@_N@?$pair@V?$_Tree_iterator@V?$_Tree_val@V?$_Tmap_traits@PBDP6APAVAttribute@Imf@@XZUNameCompare@?A0x0779e1ad@2@V?$allocator@U?$pair@QBDP6APAVAttribute@Imf@@XZ@std@@@std@@$0A@@std@@@std@@@std@@_N@std@@QAE@AAV?$_Tree_iterator@V?$_Tree_val@V?$_Tmap_traits@PBDP6APAVAttribute@Imf@@XZUNameCompare@?A0x0779e1ad@2@V?$allocator@U?$pair@QBDP6APAVAttribute@Imf@@XZ@std@@@std@@$0A@@std@@@std@@@1@$$QA_N@Z 10086060 f i ImfAttribute.obj
 0002:000160e0       ??$_Destroy@U?$pair@QBDP6APAVAttribute@Imf@@XZ@std@@@std@@YAXPAU?$pair@QBDP6APAVAttribute@Imf@@XZ@0@@Z 100860e0 f i ImfAttribute.obj
 0002:00016110       ??$_Destroy@U_Container_proxy@std@@@std@@YAXPAU_Container_proxy@0@@Z 10086110 f i ImfAttribute.obj
 0002:00016140       ??$move@AAV?$_Tree_iterator@V?$_Tree_val@V?$_Tmap_traits@PBDP6APAVAttribute@Imf@@XZUNameCompare@?A0x0779e1ad@2@V?$allocator@U?$pair@QBDP6APAVAttribute@Imf@@XZ@std@@@std@@$0A@@std@@@std@@@std@@@std@@YA$$QAV?$_Tree_iterator@V?$_Tree_val@V?$_Tmap_traits@PBDP6APAVAttribute@Imf@@XZUNameCompare@?A0x0779e1ad@2@V?$allocator@U?$pair@QBDP6APAVAttribute@Imf@@XZ@std@@@std@@$0A@@std@@@std@@@0@AAV10@@Z 10086140 f i ImfAttribute.obj
 0002:00016180       ??$move@AA_N@std@@YA$$QA_NAA_N@Z 10086180 f i ImfAttribute.obj
 0002:000161c0       ?_Buynode@?$_Tree_val@V?$_Tmap_traits@PBDP6APAVAttribute@Imf@@XZUNameCompare@?A0x0779e1ad@2@V?$allocator@U?$pair@QBDP6APAVAttribute@Imf@@XZ@std@@@std@@$0A@@std@@@std@@QAEPAU_Node@?$_Tree_nod@V?$_Tmap_traits@PBDP6APAVAttribute@Imf@@XZUNameCompare@?A0x0779e1ad@2@V?$allocator@U?$pair@QBDP6APAVAttribute@Imf@@XZ@std@@@std@@$0A@@std@@@2@XZ 100861c0 f i ImfAttribute.obj
 0002:00016290       ??E?$_Tree_iterator@V?$_Tree_val@V?$_Tmap_traits@PBDP6APAVAttribute@Imf@@XZUNameCompare@?A0x0779e1ad@2@V?$allocator@U?$pair@QBDP6APAVAttribute@Imf@@XZ@std@@@std@@$0A@@std@@@std@@@std@@QAEAAV01@XZ 10086290 f i ImfAttribute.obj
 0002:000162f0       ??$writeUnsignedChars@UStreamIO@Imf@@VOStream@2@@Xdr@Imf@@YAXAAVOStream@1@QBEH@Z 100862f0 f i ImfAttribute.obj
 0002:00016350       ?writeChars@StreamIO@Imf@@SAXAAVOStream@2@QBDH@Z 10086350 f i ImfAttribute.obj
 0002:000163c0       ??$readUnsignedChars@UStreamIO@Imf@@VIStream@2@@Xdr@Imf@@YAXAAVIStream@1@QAEH@Z 100863c0 f i ImfAttribute.obj
 0002:00016420       ?readChars@StreamIO@Imf@@SA_NAAVIStream@2@QADH@Z 10086420 f i ImfAttribute.obj
 0002:00016490       ??$_Cons_val@V?$allocator@U?$pair@QBDP6APAVAttribute@Imf@@XZ@std@@@std@@U?$pair@QBDP6APAVAttribute@Imf@@XZ@2@U32@@std@@YAXAAV?$allocator@U?$pair@QBDP6APAVAttribute@Imf@@XZ@std@@@0@PAU?$pair@QBDP6APAVAttribute@Imf@@XZ@0@$$QAU20@@Z 10086490 f i ImfAttribute.obj
 0002:000164f0       ??$forward@_N@std@@YA$$QA_NAA_N@Z 100864f0 f i ImfAttribute.obj
 0002:00016530       ??$?0AAV?$_Tree_iterator@V?$_Tree_val@V?$_Tmap_traits@PBDP6APAVAttribute@Imf@@XZUNameCompare@?A0x0779e1ad@2@V?$allocator@U?$pair@QBDP6APAVAttribute@Imf@@XZ@std@@@std@@$0A@@std@@@std@@@std@@_N@?$_Pair_base@V?$_Tree_iterator@V?$_Tree_val@V?$_Tmap_traits@PBDP6APAVAttribute@Imf@@XZUNameCompare@?A0x0779e1ad@2@V?$allocator@U?$pair@QBDP6APAVAttribute@Imf@@XZ@std@@@std@@$0A@@std@@@std@@@std@@_N@std@@QAE@AAV?$_Tree_iterator@V?$_Tree_val@V?$_Tmap_traits@PBDP6APAVAttribute@Imf@@XZUNameCompare@?A0x0779e1ad@2@V?$allocator@U?$pair@QBDP6APAVAttribute@Imf@@XZ@std@@@std@@$0A@@std@@@std@@@1@$$QA_N@Z 10086530 f i ImfAttribute.obj
 0002:00016600       ?construct@?$allocator@U?$pair@QBDP6APAVAttribute@Imf@@XZ@std@@@std@@QAEXPAU?$pair@QBDP6APAVAttribute@Imf@@XZ@2@$$QAU32@@Z 10086600 f i ImfAttribute.obj
 0002:00016700       ??$?0QBDP6APAVAttribute@Imf@@XZ@?$pair@QBDP6APAVAttribute@Imf@@XZ@std@@QAE@$$QAU01@@Z 10086700 f i ImfAttribute.obj
 0002:00016780       ??0?$_Pair_base@QBDP6APAVAttribute@Imf@@XZ@std@@QAE@$$QBQBD$$QAP6APAVAttribute@Imf@@XZ@Z 10086780 f i ImfAttribute.obj
 0002:00016800       ??$forward@QBD@std@@YA$$QBQBDABQBD@Z 10086800 f i ImfAttribute.obj
 0002:00016840       ??$forward@P6APAVAttribute@Imf@@XZ@std@@YA$$QAP6APAVAttribute@Imf@@XZAAP6APAV12@XZ@Z 10086840 f i ImfAttribute.obj
 0002:00016880       ??$move@ABQBD@std@@YA$$QBQBDABQBD@Z 10086880 f i ImfAttribute.obj
 0002:000168c0       ??$move@AAP6APAVAttribute@Imf@@XZ@std@@YA$$QAP6APAVAttribute@Imf@@XZAAP6APAV12@XZ@Z 100868c0 f i ImfAttribute.obj
 0002:00016900       ?pack@?A0xb36f0740@Imf@@YAHQBGQAE_N2@Z 10086900 f   ImfB44Compressor.obj
 0002:00016f50       ?shiftAndRound@?A0xb36f0740@Imf@@YAHHH@Z 10086f50 f i ImfB44Compressor.obj
 0002:00016fd0       ?notEnoughData@?A0xb36f0740@Imf@@YAXXZ 10086fd0 f   ImfB44Compressor.obj
 0002:00017050       ??0InputExc@Iex@@QAE@PBD@Z 10087050 f i ImfB44Compressor.obj
 0002:000170c0       ??_GInputExc@Iex@@UAEPAXI@Z 100870c0 f i ImfB44Compressor.obj
 0002:000170c0       ??_EInputExc@Iex@@UAEPAXI@Z 100870c0 f i ImfB44Compressor.obj
 0002:00017130       ??1InputExc@Iex@@UAE@XZ    10087130 f i ImfB44Compressor.obj
 0002:00017180       ??0InputExc@Iex@@QAE@ABV01@@Z 10087180 f i ImfB44Compressor.obj
 0002:000171f0       ?tooMuchData@?A0xb36f0740@Imf@@YAXXZ 100871f0 f   ImfB44Compressor.obj
 0002:00017270       ??0B44Compressor@Imf@@QAE@ABVHeader@1@II_N@Z 10087270 f   ImfB44Compressor.obj
 0002:00017820       ?header@Compressor@Imf@@QBEABVHeader@2@XZ 10087820 f i ImfB44Compressor.obj
 0002:00017860       ??EConstIterator@ChannelList@Imf@@QAEAAV012@XZ 10087860 f i ImfB44Compressor.obj
 0002:000178c0       ??1ConstIterator@ChannelList@Imf@@QAE@XZ 100878c0 f i ImfB44Compressor.obj
 0002:00017910       ??1?$_Tree_const_iterator@V?$_Tree_val@V?$_Tmap_traits@VName@Imf@@UChannel@2@U?$less@VName@Imf@@@std@@V?$allocator@U?$pair@$$CBVName@Imf@@UChannel@2@@std@@@5@$0A@@std@@@std@@@std@@QAE@XZ 10087910 f i ImfB44Compressor.obj
 0002:00017960       ??1?$_Tree_unchecked_const_iterator@V?$_Tree_val@V?$_Tmap_traits@VName@Imf@@UChannel@2@U?$less@VName@Imf@@@std@@V?$allocator@U?$pair@$$CBVName@Imf@@UChannel@2@@std@@@5@$0A@@std@@@std@@U_Iterator_base12@2@@std@@QAE@XZ 10087960 f i ImfB44Compressor.obj
 0002:000179b0       ??1?$_Iterator012@Ubidirectional_iterator_tag@std@@U?$pair@$$CBVName@Imf@@UChannel@2@@2@HPBU32@ABU32@U_Iterator_base12@2@@std@@QAE@XZ 100879b0 f i ImfB44Compressor.obj
 0002:00017a00       ?channel@ConstIterator@ChannelList@Imf@@QBEABUChannel@3@XZ 10087a00 f i ImfB44Compressor.obj
 0002:00017a60       ??9Imf@@YA_NABVConstIterator@ChannelList@0@0@Z 10087a60 f i ImfB44Compressor.obj
 0002:00017ac0       ??8Imf@@YA_NABVConstIterator@ChannelList@0@0@Z 10087ac0 f i ImfB44Compressor.obj
 0002:00017b10       ??_EB44Compressor@Imf@@UAEPAXI@Z 10087b10 f i ImfB44Compressor.obj
 0002:00017b10       ??_GB44Compressor@Imf@@UAEPAXI@Z 10087b10 f i ImfB44Compressor.obj
 0002:00017b80       ??1B44Compressor@Imf@@UAE@XZ 10087b80 f   ImfB44Compressor.obj
 0002:00017c40       ?numScanLines@B44Compressor@Imf@@UBEHXZ 10087c40 f   ImfB44Compressor.obj
 0002:00017c80       ?format@B44Compressor@Imf@@UBE?AW4Format@Compressor@2@XZ 10087c80 f   ImfB44Compressor.obj
 0002:00017cc0       ?compress@B44Compressor@Imf@@UAEHPBDHHAAPBD@Z 10087cc0 f   ImfB44Compressor.obj
 0002:00017d90       ?compressTile@B44Compressor@Imf@@UAEHPBDHV?$Box@V?$Vec2@H@Imath@@@Imath@@AAPBD@Z 10087d90 f   ImfB44Compressor.obj
 0002:00017e10       ??0?$Box@V?$Vec2@H@Imath@@@Imath@@QAE@ABV01@@Z 10087e10 f i ImfB44Compressor.obj
 0002:00017e80       ?uncompress@B44Compressor@Imf@@UAEHPBDHHAAPBD@Z 10087e80 f   ImfB44Compressor.obj
 0002:00017f50       ?uncompressTile@B44Compressor@Imf@@UAEHPBDHV?$Box@V?$Vec2@H@Imath@@@Imath@@AAPBD@Z 10087f50 f   ImfB44Compressor.obj
 0002:00017fd0       ?compress@B44Compressor@Imf@@AAEHPBDHV?$Box@V?$Vec2@H@Imath@@@Imath@@AAPBD@Z 10087fd0 f   ImfB44Compressor.obj
 0002:00018a80       ?modp@Imath@@YAHHH@Z       10088a80 f i ImfB44Compressor.obj
 0002:00018ae0       ?divp@Imath@@YAHHH@Z       10088ae0 f i ImfB44Compressor.obj
 0002:00018bc0       ?convertFromLinear@?A0xb36f0740@Imf@@YAXQAG@Z 10088bc0 f i ImfB44Compressor.obj
 0002:00018c40       ?uncompress@B44Compressor@Imf@@AAEHPBDHV?$Box@V?$Vec2@H@Imath@@@Imath@@AAPBD@Z 10088c40 f   ImfB44Compressor.obj
 0002:00019700       ?convertToLinear@?A0xb36f0740@Imf@@YAXQAG@Z 10089700 f i ImfB44Compressor.obj
 0002:00019780       ?unpack14@?A0xb36f0740@Imf@@YAXQBEQAG@Z 10089780 f i ImfB44Compressor.obj
 0002:00019bd0       ?unpack3@?A0xb36f0740@Imf@@YAXQBEQAG@Z 10089bd0 f i ImfB44Compressor.obj
 0002:00019c90       ??E?$_Tree_const_iterator@V?$_Tree_val@V?$_Tmap_traits@VName@Imf@@UChannel@2@U?$less@VName@Imf@@@std@@V?$allocator@U?$pair@$$CBVName@Imf@@UChannel@2@@std@@@5@$0A@@std@@@std@@@std@@QAEAAV01@XZ 10089c90 f i ImfB44Compressor.obj
 0002:00019dc0       ??8?$_Tree_const_iterator@V?$_Tree_val@V?$_Tmap_traits@VName@Imf@@UChannel@2@U?$less@VName@Imf@@@std@@V?$allocator@U?$pair@$$CBVName@Imf@@UChannel@2@@std@@@5@$0A@@std@@@std@@@std@@QBE_NABV01@@Z 10089dc0 f i ImfB44Compressor.obj
 0002:00019ef0       ??C?$_Tree_unchecked_const_iterator@V?$_Tree_val@V?$_Tmap_traits@VName@Imf@@UChannel@2@U?$less@VName@Imf@@@std@@V?$allocator@U?$pair@$$CBVName@Imf@@UChannel@2@@std@@@5@$0A@@std@@@std@@U_Iterator_base12@2@@std@@QBEPBU?$pair@$$CBVName@Imf@@UChannel@2@@1@XZ 10089ef0 f i ImfB44Compressor.obj
 0002:00019f40       ?_Isnil@?$_Tree_val@V?$_Tmap_traits@VName@Imf@@UChannel@2@U?$less@VName@Imf@@@std@@V?$allocator@U?$pair@$$CBVName@Imf@@UChannel@2@@std@@@5@$0A@@std@@@std@@SAAADPAU_Node@?$_Tree_nod@V?$_Tmap_traits@VName@Imf@@UChannel@2@U?$less@VName@Imf@@@std@@V?$allocator@U?$pair@$$CBVName@Imf@@UChannel@2@@std@@@5@$0A@@std@@@2@@Z 10089f40 f i ImfB44Compressor.obj
 0002:00019f80       ??D?$_Tree_unchecked_const_iterator@V?$_Tree_val@V?$_Tmap_traits@VName@Imf@@UChannel@2@U?$less@VName@Imf@@@std@@V?$allocator@U?$pair@$$CBVName@Imf@@UChannel@2@@std@@@5@$0A@@std@@@std@@U_Iterator_base12@2@@std@@QBEABU?$pair@$$CBVName@Imf@@UChannel@2@@1@XZ 10089f80 f i ImfB44Compressor.obj
 0002:00019fe0       ??E?$_Tree_unchecked_const_iterator@V?$_Tree_val@V?$_Tmap_traits@VName@Imf@@UChannel@2@U?$less@VName@Imf@@@std@@V?$allocator@U?$pair@$$CBVName@Imf@@UChannel@2@@std@@@5@$0A@@std@@@std@@U_Iterator_base12@2@@std@@QAEAAV01@XZ 10089fe0 f i ImfB44Compressor.obj
 0002:0001a110       ?_Parent@?$_Tree_val@V?$_Tmap_traits@VName@Imf@@UChannel@2@U?$less@VName@Imf@@@std@@V?$allocator@U?$pair@$$CBVName@Imf@@UChannel@2@@std@@@5@$0A@@std@@@std@@SAAAPAU_Node@?$_Tree_nod@V?$_Tmap_traits@VName@Imf@@UChannel@2@U?$less@VName@Imf@@@std@@V?$allocator@U?$pair@$$CBVName@Imf@@UChannel@2@@std@@@5@$0A@@std@@@2@PAU342@@Z 1008a110 f i ImfB44Compressor.obj
 0002:0001a150       ?_Right@?$_Tree_val@V?$_Tmap_traits@VName@Imf@@UChannel@2@U?$less@VName@Imf@@@std@@V?$allocator@U?$pair@$$CBVName@Imf@@UChannel@2@@std@@@5@$0A@@std@@@std@@SAAAPAU_Node@?$_Tree_nod@V?$_Tmap_traits@VName@Imf@@UChannel@2@U?$less@VName@Imf@@@std@@V?$allocator@U?$pair@$$CBVName@Imf@@UChannel@2@@std@@@5@$0A@@std@@@2@PAU342@@Z 1008a150 f i ImfB44Compressor.obj
 0002:0001a190       ?_Myval@?$_Tree_val@V?$_Tmap_traits@VName@Imf@@UChannel@2@U?$less@VName@Imf@@@std@@V?$allocator@U?$pair@$$CBVName@Imf@@UChannel@2@@std@@@5@$0A@@std@@@std@@SAAAU?$pair@$$CBVName@Imf@@UChannel@2@@2@PAU_Node@?$_Tree_nod@V?$_Tmap_traits@VName@Imf@@UChannel@2@U?$less@VName@Imf@@@std@@V?$allocator@U?$pair@$$CBVName@Imf@@UChannel@2@@std@@@5@$0A@@std@@@2@@Z 1008a190 f i ImfB44Compressor.obj
 0002:0001a1d0       ?_Min@?$_Tree_val@V?$_Tmap_traits@VName@Imf@@UChannel@2@U?$less@VName@Imf@@@std@@V?$allocator@U?$pair@$$CBVName@Imf@@UChannel@2@@std@@@5@$0A@@std@@@std@@SAPAU_Node@?$_Tree_nod@V?$_Tmap_traits@VName@Imf@@UChannel@2@U?$less@VName@Imf@@@std@@V?$allocator@U?$pair@$$CBVName@Imf@@UChannel@2@@std@@@5@$0A@@std@@@2@PAU342@@Z 1008a1d0 f i ImfB44Compressor.obj
 0002:0001a250       ?_Left@?$_Tree_val@V?$_Tmap_traits@VName@Imf@@UChannel@2@U?$less@VName@Imf@@@std@@V?$allocator@U?$pair@$$CBVName@Imf@@UChannel@2@@std@@@5@$0A@@std@@@std@@SAAAPAU_Node@?$_Tree_nod@V?$_Tmap_traits@VName@Imf@@UChannel@2@U?$less@VName@Imf@@@std@@V?$allocator@U?$pair@$$CBVName@Imf@@UChannel@2@@std@@@5@$0A@@std@@@2@PAU342@@Z 1008a250 f i ImfB44Compressor.obj
 0002:0001a290       ??0?$Vec2@H@Imath@@QAE@ABV01@@Z 1008a290 f i ImfB44Compressor.obj
 0002:0001a2f0       ??0?$Vec2@H@Imath@@QAE@HH@Z 1008a2f0 f i ImfB44Compressor.obj
 0002:0001a340       ??$uiMult@I@Imf@@YAIII@Z   1008a340 f i ImfB44Compressor.obj
 0002:0001a450       ??0OverflowExc@Iex@@QAE@PBD@Z 1008a450 f i ImfB44Compressor.obj
 0002:0001a4c0       ??0MathExc@Iex@@QAE@PBD@Z  1008a4c0 f i ImfB44Compressor.obj
 0002:0001a530       ??_GMathExc@Iex@@UAEPAXI@Z 1008a530 f i ImfB44Compressor.obj
 0002:0001a530       ??_EMathExc@Iex@@UAEPAXI@Z 1008a530 f i ImfB44Compressor.obj
 0002:0001a5a0       ??1MathExc@Iex@@UAE@XZ     1008a5a0 f i ImfB44Compressor.obj
 0002:0001a5f0       ??_EOverflowExc@Iex@@UAEPAXI@Z 1008a5f0 f i ImfB44Compressor.obj
 0002:0001a5f0       ??_GOverflowExc@Iex@@UAEPAXI@Z 1008a5f0 f i ImfB44Compressor.obj
 0002:0001a660       ??1OverflowExc@Iex@@UAE@XZ 1008a660 f i ImfB44Compressor.obj
 0002:0001a6b0       ??$checkArraySize@I@Imf@@YAIII@Z 1008a6b0 f i ImfB44Compressor.obj
 0002:0001a7e0       ??$uiAdd@I@Imf@@YAIII@Z    1008a7e0 f i ImfB44Compressor.obj
 0002:0001a8e0       ??0?$Box@V?$Vec2@H@Imath@@@Imath@@QAE@ABV?$Vec2@H@1@0@Z 1008a8e0 f i ImfB44Compressor.obj
 0002:0001a970       ??$min@H@std@@YAABHABH0@Z  1008a970 f i ImfB44Compressor.obj
 0002:0001aa10       ??$read@UCharPtrIO@Imf@@PBD@Xdr@Imf@@YAXAAPBDAAG@Z 1008aa10 f i ImfB44Compressor.obj
 0002:0001aac0       ??$write@UCharPtrIO@Imf@@PAD@Xdr@Imf@@YAXAAPADG@Z 1008aac0 f i ImfB44Compressor.obj
 0002:0001ab60       ??0OverflowExc@Iex@@QAE@ABV01@@Z 1008ab60 f i ImfB44Compressor.obj
 0002:0001abd0       ??0MathExc@Iex@@QAE@ABV01@@Z 1008abd0 f i ImfB44Compressor.obj
 0002:0001ac40       ??0?$Vec2@H@Imath@@QAE@XZ  1008ac40 f i ImfB44Compressor.obj
 0002:0001ac80       ??4?$Vec2@H@Imath@@QAEABV01@ABV01@@Z 1008ac80 f i ImfB44Compressor.obj
 0002:0001ace0       ??$_Debug_lt@HH@std@@YA_NABH0PB_WI@Z 1008ace0 f i ImfB44Compressor.obj
 0002:0001ad70       ??$readUnsignedChars@UCharPtrIO@Imf@@PBD@Xdr@Imf@@YAXAAPBDQAEH@Z 1008ad70 f i ImfB44Compressor.obj
 0002:0001add0       ?readChars@CharPtrIO@Imf@@SA_NAAPBDQADH@Z 1008add0 f i ImfB44Compressor.obj
 0002:0001ae50       ??$writeUnsignedChars@UCharPtrIO@Imf@@PAD@Xdr@Imf@@YAXAAPADQBEH@Z 1008ae50 f i ImfB44Compressor.obj
 0002:0001aeb0       ?writeChars@CharPtrIO@Imf@@SAXAAPADQBDH@Z 1008aeb0 f i ImfB44Compressor.obj
 0002:0001af30       ?staticTypeName@?$TypedAttribute@V?$Box@V?$Vec2@H@Imath@@@Imath@@@Imf@@SAPBDXZ 1008af30 f   ImfBoxAttribute.obj
 0002:0001af70       ?writeValueTo@?$TypedAttribute@V?$Box@V?$Vec2@H@Imath@@@Imath@@@Imf@@UBEXAAVOStream@2@H@Z 1008af70 f   ImfBoxAttribute.obj
 0002:0001b020       ?readValueFrom@?$TypedAttribute@V?$Box@V?$Vec2@H@Imath@@@Imath@@@Imf@@UAEXAAVIStream@2@HH@Z 1008b020 f   ImfBoxAttribute.obj
 0002:0001b0d0       ?staticTypeName@?$TypedAttribute@V?$Box@V?$Vec2@M@Imath@@@Imath@@@Imf@@SAPBDXZ 1008b0d0 f   ImfBoxAttribute.obj
 0002:0001b110       ?writeValueTo@?$TypedAttribute@V?$Box@V?$Vec2@M@Imath@@@Imath@@@Imf@@UBEXAAVOStream@2@H@Z 1008b110 f   ImfBoxAttribute.obj
 0002:0001b1e0       ?readValueFrom@?$TypedAttribute@V?$Box@V?$Vec2@M@Imath@@@Imath@@@Imf@@UAEXAAVIStream@2@HH@Z 1008b1e0 f   ImfBoxAttribute.obj
 0002:0001b290       ??$write@UStreamIO@Imf@@VOStream@2@@Xdr@Imf@@YAXAAVOStream@1@H@Z 1008b290 f i ImfBoxAttribute.obj
 0002:0001b350       ??$read@UStreamIO@Imf@@VIStream@2@@Xdr@Imf@@YAXAAVIStream@1@AAH@Z 1008b350 f i ImfBoxAttribute.obj
 0002:0001b420       ??$writeSignedChars@UStreamIO@Imf@@VOStream@2@@Xdr@Imf@@YAXAAVOStream@1@QBCH@Z 1008b420 f i ImfBoxAttribute.obj
 0002:0001b480       ??$readSignedChars@UStreamIO@Imf@@VIStream@2@@Xdr@Imf@@YAXAAVIStream@1@QACH@Z 1008b480 f i ImfBoxAttribute.obj
 0002:0001b4e0       ??0Channel@Imf@@QAE@W4PixelType@1@HH_N@Z 1008b4e0 f   ImfChannelList.obj
 0002:0001b550       ??8Channel@Imf@@QBE_NABU01@@Z 1008b550 f   ImfChannelList.obj
 0002:0001b600       ?insert@ChannelList@Imf@@QAEXQBDABUChannel@2@@Z 1008b600 f   ImfChannelList.obj
 0002:0001b7d0       ??0Name@Imf@@QAE@QBD@Z     1008b7d0 f i ImfChannelList.obj
 0002:0001b840       ??4Name@Imf@@QAEAAV01@QBD@Z 1008b840 f i ImfChannelList.obj
 0002:0001b8c0       ?insert@ChannelList@Imf@@QAEXABV?$basic_string@DU?$char_traits@D@std@@V?$allocator@D@2@@std@@ABUChannel@2@@Z 1008b8c0 f   ImfChannelList.obj
 0002:0001b930       ??AChannelList@Imf@@QAEAAUChannel@1@QBD@Z 1008b930 f   ImfChannelList.obj
 0002:0001bba0       ??1?$_Tree_iterator@V?$_Tree_val@V?$_Tmap_traits@VName@Imf@@UChannel@2@U?$less@VName@Imf@@@std@@V?$allocator@U?$pair@$$CBVName@Imf@@UChannel@2@@std@@@5@$0A@@std@@@std@@@std@@QAE@XZ 1008bba0 f i ImfChannelList.obj
 0002:0001bbf0       ??AChannelList@Imf@@QBEABUChannel@1@QBD@Z 1008bbf0 f   ImfChannelList.obj
 0002:0001be60       ??AChannelList@Imf@@QAEAAUChannel@1@ABV?$basic_string@DU?$char_traits@D@std@@V?$allocator@D@2@@std@@@Z 1008be60 f   ImfChannelList.obj
 0002:0001bec0       ??AChannelList@Imf@@QBEABUChannel@1@ABV?$basic_string@DU?$char_traits@D@std@@V?$allocator@D@2@@std@@@Z 1008bec0 f   ImfChannelList.obj
 0002:0001bf20       ?findChannel@ChannelList@Imf@@QAEPAUChannel@2@QBD@Z 1008bf20 f   ImfChannelList.obj
 0002:0001c0c0       ?findChannel@ChannelList@Imf@@QBEPBUChannel@2@QBD@Z 1008c0c0 f   ImfChannelList.obj
 0002:0001c260       ?findChannel@ChannelList@Imf@@QAEPAUChannel@2@ABV?$basic_string@DU?$char_traits@D@std@@V?$allocator@D@2@@std@@@Z 1008c260 f   ImfChannelList.obj
 0002:0001c2c0       ?findChannel@ChannelList@Imf@@QBEPBUChannel@2@ABV?$basic_string@DU?$char_traits@D@std@@V?$allocator@D@2@@std@@@Z 1008c2c0 f   ImfChannelList.obj
 0002:0001c320       ?begin@ChannelList@Imf@@QAE?AVIterator@12@XZ 1008c320 f   ImfChannelList.obj
 0002:0001c420       ??0Iterator@ChannelList@Imf@@QAE@ABV?$_Tree_iterator@V?$_Tree_val@V?$_Tmap_traits@VName@Imf@@UChannel@2@U?$less@VName@Imf@@@std@@V?$allocator@U?$pair@$$CBVName@Imf@@UChannel@2@@std@@@5@$0A@@std@@@std@@@std@@@Z 1008c420 f i ImfChannelList.obj
 0002:0001c480       ??0?$_Tree_iterator@V?$_Tree_val@V?$_Tmap_traits@VName@Imf@@UChannel@2@U?$less@VName@Imf@@@std@@V?$allocator@U?$pair@$$CBVName@Imf@@UChannel@2@@std@@@5@$0A@@std@@@std@@@std@@QAE@ABV01@@Z 1008c480 f i ImfChannelList.obj
 0002:0001c4e0       ??0?$_Tree_const_iterator@V?$_Tree_val@V?$_Tmap_traits@VName@Imf@@UChannel@2@U?$less@VName@Imf@@@std@@V?$allocator@U?$pair@$$CBVName@Imf@@UChannel@2@@std@@@5@$0A@@std@@@std@@@std@@QAE@ABV01@@Z 1008c4e0 f i ImfChannelList.obj
 0002:0001c540       ??0?$_Tree_unchecked_const_iterator@V?$_Tree_val@V?$_Tmap_traits@VName@Imf@@UChannel@2@U?$less@VName@Imf@@@std@@V?$allocator@U?$pair@$$CBVName@Imf@@UChannel@2@@std@@@5@$0A@@std@@@std@@U_Iterator_base12@2@@std@@QAE@ABV01@@Z 1008c540 f i ImfChannelList.obj
 0002:0001c5b0       ??0?$_Iterator012@Ubidirectional_iterator_tag@std@@U?$pair@$$CBVName@Imf@@UChannel@2@@2@HPBU32@ABU32@U_Iterator_base12@2@@std@@QAE@ABU01@@Z 1008c5b0 f i ImfChannelList.obj
 0002:0001c610       ??1Iterator@ChannelList@Imf@@QAE@XZ 1008c610 f i ImfChannelList.obj
 0002:0001c660       ?begin@ChannelList@Imf@@QBE?AVConstIterator@12@XZ 1008c660 f   ImfChannelList.obj
 0002:0001c760       ??0ConstIterator@ChannelList@Imf@@QAE@ABV?$_Tree_const_iterator@V?$_Tree_val@V?$_Tmap_traits@VName@Imf@@UChannel@2@U?$less@VName@Imf@@@std@@V?$allocator@U?$pair@$$CBVName@Imf@@UChannel@2@@std@@@5@$0A@@std@@@std@@@std@@@Z 1008c760 f i ImfChannelList.obj
 0002:0001c7c0       ?end@ChannelList@Imf@@QAE?AVIterator@12@XZ 1008c7c0 f   ImfChannelList.obj
 0002:0001c8c0       ?end@ChannelList@Imf@@QBE?AVConstIterator@12@XZ 1008c8c0 f   ImfChannelList.obj
 0002:0001c9c0       ?find@ChannelList@Imf@@QAE?AVIterator@12@QBD@Z 1008c9c0 f   ImfChannelList.obj
 0002:0001caf0       ?find@ChannelList@Imf@@QBE?AVConstIterator@12@QBD@Z 1008caf0 f   ImfChannelList.obj
 0002:0001cc20       ?find@ChannelList@Imf@@QAE?AVIterator@12@ABV?$basic_string@DU?$char_traits@D@std@@V?$allocator@D@2@@std@@@Z 1008cc20 f   ImfChannelList.obj
 0002:0001ccb0       ?find@ChannelList@Imf@@QBE?AVConstIterator@12@ABV?$basic_string@DU?$char_traits@D@std@@V?$allocator@D@2@@std@@@Z 1008ccb0 f   ImfChannelList.obj
 0002:0001cd40       ?layers@ChannelList@Imf@@QBEXAAV?$set@V?$basic_string@DU?$char_traits@D@std@@V?$allocator@D@2@@std@@U?$less@V?$basic_string@DU?$char_traits@D@std@@V?$allocator@D@2@@std@@@2@V?$allocator@V?$basic_string@DU?$char_traits@D@std@@V?$allocator@D@2@@std@@@2@@std@@@Z 1008cd40 f   ImfChannelList.obj
 0002:0001cf80       ?name@ConstIterator@ChannelList@Imf@@QBEPBDXZ 1008cf80 f i ImfChannelList.obj
 0002:0001cfe0       ??DName@Imf@@QBEPBDXZ      1008cfe0 f i ImfChannelList.obj
 0002:0001d020       ??1?$pair@V?$_Tree_const_iterator@V?$_Tree_val@V?$_Tset_traits@V?$basic_string@DU?$char_traits@D@std@@V?$allocator@D@2@@std@@U?$less@V?$basic_string@DU?$char_traits@D@std@@V?$allocator@D@2@@std@@@2@V?$allocator@V?$basic_string@DU?$char_traits@D@std@@V?$allocator@D@2@@std@@@2@$0A@@std@@@std@@@std@@_N@std@@QAE@XZ 1008d020 f i ImfChannelList.obj
 0002:0001d070       ??1?$_Pair_base@V?$_Tree_const_iterator@V?$_Tree_val@V?$_Tset_traits@V?$basic_string@DU?$char_traits@D@std@@V?$allocator@D@2@@std@@U?$less@V?$basic_string@DU?$char_traits@D@std@@V?$allocator@D@2@@std@@@2@V?$allocator@V?$basic_string@DU?$char_traits@D@std@@V?$allocator@D@2@@std@@@2@$0A@@std@@@std@@@std@@_N@std@@QAE@XZ 1008d070 f i ImfChannelList.obj
 0002:0001d0c0       ??1?$_Tree_const_iterator@V?$_Tree_val@V?$_Tset_traits@V?$basic_string@DU?$char_traits@D@std@@V?$allocator@D@2@@std@@U?$less@V?$basic_string@DU?$char_traits@D@std@@V?$allocator@D@2@@std@@@2@V?$allocator@V?$basic_string@DU?$char_traits@D@std@@V?$allocator@D@2@@std@@@2@$0A@@std@@@std@@@std@@QAE@XZ 1008d0c0 f i ImfChannelList.obj
 0002:0001d110       ??1?$_Tree_unchecked_const_iterator@V?$_Tree_val@V?$_Tset_traits@V?$basic_string@DU?$char_traits@D@std@@V?$allocator@D@2@@std@@U?$less@V?$basic_string@DU?$char_traits@D@std@@V?$allocator@D@2@@std@@@2@V?$allocator@V?$basic_string@DU?$char_traits@D@std@@V?$allocator@D@2@@std@@@2@$0A@@std@@@std@@U_Iterator_base12@2@@std@@QAE@XZ 1008d110 f i ImfChannelList.obj
 0002:0001d160       ??1?$_Iterator012@Ubidirectional_iterator_tag@std@@V?$basic_string@DU?$char_traits@D@std@@V?$allocator@D@2@@2@HPBV32@ABV32@U_Iterator_base12@2@@std@@QAE@XZ 1008d160 f i ImfChannelList.obj
 0002:0001d1b0       ?channelsInLayer@ChannelList@Imf@@QAEXABV?$basic_string@DU?$char_traits@D@std@@V?$allocator@D@2@@std@@AAVIterator@12@1@Z 1008d1b0 f   ImfChannelList.obj
 0002:0001d2b0       ?channelsInLayer@ChannelList@Imf@@QBEXABV?$basic_string@DU?$char_traits@D@std@@V?$allocator@D@2@@std@@AAVConstIterator@12@1@Z 1008d2b0 f   ImfChannelList.obj
 0002:0001d3b0       ?channelsWithPrefix@ChannelList@Imf@@QAEXQBDAAVIterator@12@1@Z 1008d3b0 f   ImfChannelList.obj
 0002:0001d750       ??EIterator@ChannelList@Imf@@QAEAAV012@XZ 1008d750 f i ImfChannelList.obj
 0002:0001d7b0       ?name@Iterator@ChannelList@Imf@@QBEPBDXZ 1008d7b0 f i ImfChannelList.obj
 0002:0001d810       ??0ConstIterator@ChannelList@Imf@@QAE@ABVIterator@12@@Z 1008d810 f i ImfChannelList.obj
 0002:0001d870       ??4Iterator@ChannelList@Imf@@QAEAAV012@ABV012@@Z 1008d870 f i ImfChannelList.obj
 0002:0001d8d0       ??4?$_Tree_iterator@V?$_Tree_val@V?$_Tmap_traits@VName@Imf@@UChannel@2@U?$less@VName@Imf@@@std@@V?$allocator@U?$pair@$$CBVName@Imf@@UChannel@2@@std@@@5@$0A@@std@@@std@@@std@@QAEAAV01@ABV01@@Z 1008d8d0 f i ImfChannelList.obj
 0002:0001d930       ??4?$_Tree_const_iterator@V?$_Tree_val@V?$_Tmap_traits@VName@Imf@@UChannel@2@U?$less@VName@Imf@@@std@@V?$allocator@U?$pair@$$CBVName@Imf@@UChannel@2@@std@@@5@$0A@@std@@@std@@@std@@QAEAAV01@ABV01@@Z 1008d930 f i ImfChannelList.obj
 0002:0001d990       ??4?$_Tree_unchecked_const_iterator@V?$_Tree_val@V?$_Tmap_traits@VName@Imf@@UChannel@2@U?$less@VName@Imf@@@std@@V?$allocator@U?$pair@$$CBVName@Imf@@UChannel@2@@std@@@5@$0A@@std@@@std@@U_Iterator_base12@2@@std@@QAEAAV01@ABV01@@Z 1008d990 f i ImfChannelList.obj
 0002:0001da00       ??4?$_Iterator012@Ubidirectional_iterator_tag@std@@U?$pair@$$CBVName@Imf@@UChannel@2@@2@HPBU32@ABU32@U_Iterator_base12@2@@std@@QAEAAU01@ABU01@@Z 1008da00 f i ImfChannelList.obj
 0002:0001da60       ?channelsWithPrefix@ChannelList@Imf@@QBEXQBDAAVConstIterator@12@1@Z 1008da60 f   ImfChannelList.obj
 0002:0001dd40       ??4ConstIterator@ChannelList@Imf@@QAEAAV012@ABV012@@Z 1008dd40 f i ImfChannelList.obj
 0002:0001dda0       ?channelsWithPrefix@ChannelList@Imf@@QAEXABV?$basic_string@DU?$char_traits@D@std@@V?$allocator@D@2@@std@@AAVIterator@12@1@Z 1008dda0 f   ImfChannelList.obj
 0002:0001de10       ?channelsWithPrefix@ChannelList@Imf@@QBEXABV?$basic_string@DU?$char_traits@D@std@@V?$allocator@D@2@@std@@AAVConstIterator@12@1@Z 1008de10 f   ImfChannelList.obj
 0002:0001de80       ??8ChannelList@Imf@@QBE_NABV01@@Z 1008de80 f   ImfChannelList.obj
 0002:0001e2c0       ??0?$basic_string@DU?$char_traits@D@std@@V?$allocator@D@2@@std@@QAE@PBD@Z 1008e2c0 f i ImfChannelList.obj
 0002:0001e390       ??1?$basic_string@DU?$char_traits@D@std@@V?$allocator@D@2@@std@@QAE@XZ 1008e390 f i ImfChannelList.obj
 0002:0001e440       ?assign@?$basic_string@DU?$char_traits@D@std@@V?$allocator@D@2@@std@@QAEAAV12@PBD@Z 1008e440 f i ImfChannelList.obj
 0002:0001e4d0       ?c_str@?$basic_string@DU?$char_traits@D@std@@V?$allocator@D@2@@std@@QBEPBDXZ 1008e4d0 f i ImfChannelList.obj
 0002:0001e520       ?rfind@?$basic_string@DU?$char_traits@D@std@@V?$allocator@D@2@@std@@QBEIDI@Z 1008e520 f i ImfChannelList.obj
 0002:0001e580       ??A?$map@VName@Imf@@UChannel@2@U?$less@VName@Imf@@@std@@V?$allocator@U?$pair@$$CBVName@Imf@@UChannel@2@@std@@@5@@std@@QAEAAUChannel@Imf@@ABVName@3@@Z 1008e580 f i ImfChannelList.obj
 0002:0001e840       ?begin@?$_Tree@V?$_Tmap_traits@VName@Imf@@UChannel@2@U?$less@VName@Imf@@@std@@V?$allocator@U?$pair@$$CBVName@Imf@@UChannel@2@@std@@@5@$0A@@std@@@std@@QAE?AV?$_Tree_iterator@V?$_Tree_val@V?$_Tmap_traits@VName@Imf@@UChannel@2@U?$less@VName@Imf@@@std@@V?$allocator@U?$pair@$$CBVName@Imf@@UChannel@2@@std@@@5@$0A@@std@@@std@@@2@XZ 1008e840 f i ImfChannelList.obj
 0002:0001e8d0       ?begin@?$_Tree@V?$_Tmap_traits@VName@Imf@@UChannel@2@U?$less@VName@Imf@@@std@@V?$allocator@U?$pair@$$CBVName@Imf@@UChannel@2@@std@@@5@$0A@@std@@@std@@QBE?AV?$_Tree_const_iterator@V?$_Tree_val@V?$_Tmap_traits@VName@Imf@@UChannel@2@U?$less@VName@Imf@@@std@@V?$allocator@U?$pair@$$CBVName@Imf@@UChannel@2@@std@@@5@$0A@@std@@@std@@@2@XZ 1008e8d0 f i ImfChannelList.obj
 0002:0001e960       ?end@?$_Tree@V?$_Tmap_traits@VName@Imf@@UChannel@2@U?$less@VName@Imf@@@std@@V?$allocator@U?$pair@$$CBVName@Imf@@UChannel@2@@std@@@5@$0A@@std@@@std@@QAE?AV?$_Tree_iterator@V?$_Tree_val@V?$_Tmap_traits@VName@Imf@@UChannel@2@U?$less@VName@Imf@@@std@@V?$allocator@U?$pair@$$CBVName@Imf@@UChannel@2@@std@@@5@$0A@@std@@@std@@@2@XZ 1008e960 f i ImfChannelList.obj
 0002:0001e9f0       ?end@?$_Tree@V?$_Tmap_traits@VName@Imf@@UChannel@2@U?$less@VName@Imf@@@std@@V?$allocator@U?$pair@$$CBVName@Imf@@UChannel@2@@std@@@5@$0A@@std@@@std@@QBE?AV?$_Tree_const_iterator@V?$_Tree_val@V?$_Tmap_traits@VName@Imf@@UChannel@2@U?$less@VName@Imf@@@std@@V?$allocator@U?$pair@$$CBVName@Imf@@UChannel@2@@std@@@5@$0A@@std@@@std@@@2@XZ 1008e9f0 f i ImfChannelList.obj
 0002:0001ea80       ?find@?$_Tree@V?$_Tmap_traits@VName@Imf@@UChannel@2@U?$less@VName@Imf@@@std@@V?$allocator@U?$pair@$$CBVName@Imf@@UChannel@2@@std@@@5@$0A@@std@@@std@@QAE?AV?$_Tree_iterator@V?$_Tree_val@V?$_Tmap_traits@VName@Imf@@UChannel@2@U?$less@VName@Imf@@@std@@V?$allocator@U?$pair@$$CBVName@Imf@@UChannel@2@@std@@@5@$0A@@std@@@std@@@2@ABVName@Imf@@@Z 1008ea80 f i ImfChannelList.obj
 0002:0001ed80       ?find@?$_Tree@V?$_Tmap_traits@VName@Imf@@UChannel@2@U?$less@VName@Imf@@@std@@V?$allocator@U?$pair@$$CBVName@Imf@@UChannel@2@@std@@@5@$0A@@std@@@std@@QBE?AV?$_Tree_const_iterator@V?$_Tree_val@V?$_Tmap_traits@VName@Imf@@UChannel@2@U?$less@VName@Imf@@@std@@V?$allocator@U?$pair@$$CBVName@Imf@@UChannel@2@@std@@@5@$0A@@std@@@std@@@2@ABVName@Imf@@@Z 1008ed80 f i ImfChannelList.obj
 0002:0001f080       ?lower_bound@?$_Tree@V?$_Tmap_traits@VName@Imf@@UChannel@2@U?$less@VName@Imf@@@std@@V?$allocator@U?$pair@$$CBVName@Imf@@UChannel@2@@std@@@5@$0A@@std@@@std@@QAE?AV?$_Tree_iterator@V?$_Tree_val@V?$_Tmap_traits@VName@Imf@@UChannel@2@U?$less@VName@Imf@@@std@@V?$allocator@U?$pair@$$CBVName@Imf@@UChannel@2@@std@@@5@$0A@@std@@@std@@@2@ABVName@Imf@@@Z 1008f080 f i ImfChannelList.obj
 0002:0001f110       ?lower_bound@?$_Tree@V?$_Tmap_traits@VName@Imf@@UChannel@2@U?$less@VName@Imf@@@std@@V?$allocator@U?$pair@$$CBVName@Imf@@UChannel@2@@std@@@5@$0A@@std@@@std@@QBE?AV?$_Tree_const_iterator@V?$_Tree_val@V?$_Tmap_traits@VName@Imf@@UChannel@2@U?$less@VName@Imf@@@std@@V?$allocator@U?$pair@$$CBVName@Imf@@UChannel@2@@std@@@5@$0A@@std@@@std@@@2@ABVName@Imf@@@Z 1008f110 f i ImfChannelList.obj
 0002:0001f1a0       ??C?$_Tree_iterator@V?$_Tree_val@V?$_Tmap_traits@VName@Imf@@UChannel@2@U?$less@VName@Imf@@@std@@V?$allocator@U?$pair@$$CBVName@Imf@@UChannel@2@@std@@@5@$0A@@std@@@std@@@std@@QBEPAU?$pair@$$CBVName@Imf@@UChannel@2@@1@XZ 1008f1a0 f i ImfChannelList.obj
[...]
 0005:0000073c       \177IlmThread_NULL_THUNK_DATA 101c973c     IlmThread:IlmThread.dll
 0005:00000774       __imp__DisableThreadLibraryCalls@4 101c9774     kernel32:KERNEL32.dll
 0005:00000778       __imp__GetSystemTimeAsFileTime@4 101c9778     kernel32:KERNEL32.dll
 0005:0000077c       __imp__DecodePointer@4     101c977c     kernel32:KERNEL32.dll
 0005:00000780       __imp__WideCharToMultiByte@32 101c9780     kernel32:KERNEL32.dll
 0005:00000784       __imp__IsDebuggerPresent@0 101c9784     kernel32:KERNEL32.dll
 0005:00000788       __imp__MultiByteToWideChar@24 101c9788     kernel32:KERNEL32.dll
 0005:0000078c       __imp__RaiseException@16   101c978c     kernel32:KERNEL32.dll
 0005:00000790       __imp__lstrlenA@4          101c9790     kernel32:KERNEL32.dll
 0005:00000794       __imp__GetProcAddress@8    101c9794     kernel32:KERNEL32.dll
 0005:00000798       __imp__LoadLibraryW@4      101c9798     kernel32:KERNEL32.dll
 0005:0000079c       __imp__InterlockedExchange@8 101c979c     kernel32:KERNEL32.dll
 0005:000007a0       __imp__Sleep@4             101c97a0     kernel32:KERNEL32.dll
 0005:000007a4       __imp__InterlockedCompareExchange@12 101c97a4     kernel32:KERNEL32.dll
 0005:000007a8       __imp__TerminateProcess@8  101c97a8     kernel32:KERNEL32.dll
 0005:000007ac       __imp__GetCurrentProcess@0 101c97ac     kernel32:KERNEL32.dll
 0005:000007b0       __imp__UnhandledExceptionFilter@4 101c97b0     kernel32:KERNEL32.dll
 0005:000007b4       __imp__SetUnhandledExceptionFilter@4 101c97b4     kernel32:KERNEL32.dll
 0005:000007b8       __imp__IsProcessorFeaturePresent@4 101c97b8     kernel32:KERNEL32.dll
 0005:000007bc       __imp__HeapFree@12         101c97bc     kernel32:KERNEL32.dll
 0005:000007c0       __imp__HeapAlloc@12        101c97c0     kernel32:KERNEL32.dll
 0005:000007c4       __imp__GetProcessHeap@0    101c97c4     kernel32:KERNEL32.dll
 0005:000007c8       __imp__GetModuleFileNameW@12 101c97c8     kernel32:KERNEL32.dll
 0005:000007cc       __imp__VirtualQuery@12     101c97cc     kernel32:KERNEL32.dll
 0005:000007d0       __imp__GetModuleHandleW@4  101c97d0     kernel32:KERNEL32.dll
 0005:000007d4       __imp__FreeLibrary@4       101c97d4     kernel32:KERNEL32.dll
 0005:000007d8       __imp__QueryPerformanceCounter@4 101c97d8     kernel32:KERNEL32.dll
 0005:000007dc       __imp__GetTickCount@0      101c97dc     kernel32:KERNEL32.dll
 0005:000007e0       __imp__GetCurrentThreadId@0 101c97e0     kernel32:KERNEL32.dll
 0005:000007e4       __imp__GetCurrentProcessId@0 101c97e4     kernel32:KERNEL32.dll
 0005:000007e8       __imp__EncodePointer@4     101c97e8     kernel32:KERNEL32.dll
 0005:000007ec       \177KERNEL32_NULL_THUNK_DATA 101c97ec     kernel32:KERNEL32.dll
 0005:00000830       __imp_?egptr@?$basic_streambuf@DU?$char_traits@D@std@@@std@@IBEPADXZ 101c9830     msvcprtd:MSVCP100D.dll
 0005:00000834       __imp_?pbump@?$basic_streambuf@DU?$char_traits@D@std@@@std@@IAEXH@Z 101c9834     msvcprtd:MSVCP100D.dll
 0005:00000838       __imp_?_BADOFF@std@@3_JB   101c9838     msvcprtd:MSVCP100D.dll
 0005:0000083c       __imp_??1_Container_base12@std@@QAE@XZ 101c983c     msvcprtd:MSVCP100D.dll
 0005:00000840       __imp_??0_Container_base12@std@@QAE@XZ 101c9840     msvcprtd:MSVCP100D.dll
 0005:00000844       __imp_?_Orphan_all@_Container_base12@std@@QAEXXZ 101c9844     msvcprtd:MSVCP100D.dll
 0005:00000848       __imp_??0?$basic_streambuf@DU?$char_traits@D@std@@@std@@IAE@XZ 101c9848     msvcprtd:MSVCP100D.dll
 0005:0000084c       __imp_?gbump@?$basic_streambuf@DU?$char_traits@D@std@@@std@@IAEXH@Z 101c984c     msvcprtd:MSVCP100D.dll
 0005:00000850       __imp_?_Xout_of_range@std@@YAXPBD@Z 101c9850     msvcprtd:MSVCP100D.dll
 0005:00000854       __imp_?_Getpfirst@_Container_base12@std@@QBEPAPAU_Iterator_base12@2@XZ 101c9854     msvcprtd:MSVCP100D.dll
 0005:00000858       __imp_?setstate@?$basic_ios@DU?$char_traits@D@std@@@std@@QAEXH_N@Z 101c9858     msvcprtd:MSVCP100D.dll
 0005:0000085c       __imp_?width@ios_base@std@@QAE_J_J@Z 101c985c     msvcprtd:MSVCP100D.dll
 0005:00000860       __imp_?sputn@?$basic_streambuf@DU?$char_traits@D@std@@@std@@QAE_JPBD_J@Z 101c9860     msvcprtd:MSVCP100D.dll
 0005:00000864       __imp_?sputc@?$basic_streambuf@DU?$char_traits@D@std@@@std@@QAEHD@Z 101c9864     msvcprtd:MSVCP100D.dll
 0005:00000868       __imp_?rdbuf@?$basic_ios@DU?$char_traits@D@std@@@std@@QBEPAV?$basic_streambuf@DU?$char_traits@D@std@@@2@XZ 101c9868     msvcprtd:MSVCP100D.dll
 0005:0000086c       __imp_?fill@?$basic_ios@DU?$char_traits@D@std@@@std@@QBEDXZ 101c986c     msvcprtd:MSVCP100D.dll
 0005:00000870       __imp_?flags@ios_base@std@@QBEHXZ 101c9870     msvcprtd:MSVCP100D.dll
 0005:00000874       __imp_?width@ios_base@std@@QBE_JXZ 101c9874     msvcprtd:MSVCP100D.dll
 0005:00000878       __imp_?flush@?$basic_ostream@DU?$char_traits@D@std@@@std@@QAEAAV12@XZ 101c9878     msvcprtd:MSVCP100D.dll
 0005:0000087c       __imp_?tie@?$basic_ios@DU?$char_traits@D@std@@@std@@QBEPAV?$basic_ostream@DU?$char_traits@D@std@@@2@XZ 101c987c     msvcprtd:MSVCP100D.dll
 0005:00000880       __imp_?good@ios_base@std@@QBE_NXZ 101c9880     msvcprtd:MSVCP100D.dll
 0005:00000884       __imp_?_Osfx@?$basic_ostream@DU?$char_traits@D@std@@@std@@QAEXXZ 101c9884     msvcprtd:MSVCP100D.dll
 0005:00000888       __imp_?uncaught_exception@std@@YA_NXZ 101c9888     msvcprtd:MSVCP100D.dll
 0005:0000088c       __imp_?max@?$numeric_limits@I@std@@SAIXZ 101c988c     msvcprtd:MSVCP100D.dll
 0005:00000890       __imp_??6?$basic_ostream@DU?$char_traits@D@std@@@std@@QAEAAV01@I@Z 101c9890     msvcprtd:MSVCP100D.dll
 0005:00000894       __imp_??6?$basic_ostream@DU?$char_traits@D@std@@@std@@QAEAAV01@H@Z 101c9894     msvcprtd:MSVCP100D.dll
 0005:00000898       __imp_??1?$basic_ostream@DU?$char_traits@D@std@@@std@@UAE@XZ 101c9898     msvcprtd:MSVCP100D.dll
 0005:0000089c       __imp_?_Swap_all@_Container_base12@std@@QAEXAAU12@@Z 101c989c     msvcprtd:MSVCP100D.dll
 0005:000008a0       __imp_??6?$basic_ostream@DU?$char_traits@D@std@@@std@@QAEAAV01@_J@Z 101c98a0     msvcprtd:MSVCP100D.dll
 0005:000008a4       __imp_?gcount@?$basic_istream@DU?$char_traits@D@std@@@std@@QBE_JXZ 101c98a4     msvcprtd:MSVCP100D.dll
 0005:000008a8       __imp_??7ios_base@std@@QBE_NXZ 101c98a8     msvcprtd:MSVCP100D.dll
 0005:000008ac       __imp_?read@?$basic_istream@DU?$char_traits@D@std@@@std@@QAEAAV12@PAD_J@Z 101c98ac     msvcprtd:MSVCP100D.dll
 0005:000008b0       __imp_?tellg@?$basic_istream@DU?$char_traits@D@std@@@std@@QAE?AV?$fpos@H@2@XZ 101c98b0     msvcprtd:MSVCP100D.dll
 0005:000008b4       __imp_?seekg@?$basic_istream@DU?$char_traits@D@std@@@std@@QAEAAV12@V?$fpos@H@2@@Z 101c98b4     msvcprtd:MSVCP100D.dll
 0005:000008b8       __imp_?clear@?$basic_ios@DU?$char_traits@D@std@@@std@@QAEXH_N@Z 101c98b8     msvcprtd:MSVCP100D.dll
 0005:000008bc       __imp_?write@?$basic_ostream@DU?$char_traits@D@std@@@std@@QAEAAV12@PBD_J@Z 101c98bc     msvcprtd:MSVCP100D.dll
 0005:000008c0       __imp_?tellp@?$basic_ostream@DU?$char_traits@D@std@@@std@@QAE?AV?$fpos@H@2@XZ 101c98c0     msvcprtd:MSVCP100D.dll
 0005:000008c4       __imp_?seekp@?$basic_ostream@DU?$char_traits@D@std@@@std@@QAEAAV12@V?$fpos@H@2@@Z 101c98c4     msvcprtd:MSVCP100D.dll
 0005:000008c8       __imp_??0?$basic_ostream@DU?$char_traits@D@std@@@std@@QAE@PAV?$basic_streambuf@DU?$char_traits@D@std@@@1@_N@Z 101c98c8     msvcprtd:MSVCP100D.dll
 0005:000008cc       __imp_??1?$basic_istream@DU?$char_traits@D@std@@@std@@UAE@XZ 101c98cc     msvcprtd:MSVCP100D.dll
 0005:000008d0       __imp_??0?$basic_istream@DU?$char_traits@D@std@@@std@@QAE@PAV?$basic_streambuf@DU?$char_traits@D@std@@@1@_N@Z 101c98d0     msvcprtd:MSVCP100D.dll
 0005:000008d4       __imp_?out@?$codecvt@DDH@std@@QBEHAAHPBD1AAPBDPAD3AAPAD@Z 101c98d4     msvcprtd:MSVCP100D.dll
 0005:000008d8       __imp_?_Gndec@?$basic_streambuf@DU?$char_traits@D@std@@@std@@IAEPADXZ 101c98d8     msvcprtd:MSVCP100D.dll
 0005:000008dc       __imp_?in@?$codecvt@DDH@std@@QBEHAAHPBD1AAPBDPAD3AAPAD@Z 101c98dc     msvcprtd:MSVCP100D.dll
 0005:000008e0       __imp_?_Gninc@?$basic_streambuf@DU?$char_traits@D@std@@@std@@IAEPADXZ 101c98e0     msvcprtd:MSVCP100D.dll
 0005:000008e4       __imp_?getloc@?$basic_streambuf@DU?$char_traits@D@std@@@std@@QBE?AVlocale@2@XZ 101c98e4     msvcprtd:MSVCP100D.dll
 0005:000008e8       __imp_?_Fiopen@std@@YAPAU_iobuf@@PBDHH@Z 101c98e8     msvcprtd:MSVCP100D.dll
 0005:000008ec       __imp_?_Decref@facet@locale@std@@QAEPAV123@XZ 101c98ec     msvcprtd:MSVCP100D.dll
 0005:000008f0       __imp_?_Init@?$basic_streambuf@DU?$char_traits@D@std@@@std@@IAEXPAPAD0PAH001@Z 101c98f0     msvcprtd:MSVCP100D.dll
 0005:000008f4       __imp_?_Init@?$basic_streambuf@DU?$char_traits@D@std@@@std@@IAEXXZ 101c98f4     msvcprtd:MSVCP100D.dll
 0005:000008f8       __imp_?unshift@?$codecvt@DDH@std@@QBEHAAHPAD1AAPAD@Z 101c98f8     msvcprtd:MSVCP100D.dll
 0005:000008fc       __imp_?always_noconv@codecvt_base@std@@QBE_NXZ 101c98fc     msvcprtd:MSVCP100D.dll
 0005:00000900       __imp_?_Incref@facet@locale@std@@QAEXXZ 101c9900     msvcprtd:MSVCP100D.dll
 0005:00000904       __imp_?_Getcat@?$codecvt@DDH@std@@SAIPAPBVfacet@locale@2@PBV42@@Z 101c9904     msvcprtd:MSVCP100D.dll
 0005:00000908       __imp_??Bid@locale@std@@QAEIXZ 101c9908     msvcprtd:MSVCP100D.dll
 0005:0000090c       __imp_?id@?$codecvt@DDH@std@@2V0locale@2@A 101c990c     msvcprtd:MSVCP100D.dll
 0005:00000910       __imp_?_Getgloballocale@locale@std@@CAPAV_Locimp@12@XZ 101c9910     msvcprtd:MSVCP100D.dll
 0005:00000914       __imp_??3@YAXPAXABU_DebugHeapTag_t@std@@PADH@Z 101c9914     msvcprtd:MSVCP100D.dll
 0005:00000918       __imp_??2@YAPAXIABU_DebugHeapTag_t@std@@PADH@Z 101c9918     msvcprtd:MSVCP100D.dll
 0005:0000091c       __imp_?_DebugHeapTag_func@std@@YAABU_DebugHeapTag_t@1@XZ 101c991c     msvcprtd:MSVCP100D.dll
 0005:00000920       __imp_?pptr@?$basic_streambuf@DU?$char_traits@D@std@@@std@@IBEPADXZ 101c9920     msvcprtd:MSVCP100D.dll
 0005:00000924       __imp_?epptr@?$basic_streambuf@DU?$char_traits@D@std@@@std@@IBEPADXZ 101c9924     msvcprtd:MSVCP100D.dll
 0005:00000928       __imp_?pbase@?$basic_streambuf@DU?$char_traits@D@std@@@std@@IBEPADXZ 101c9928     msvcprtd:MSVCP100D.dll
 0005:0000092c       __imp_?setp@?$basic_streambuf@DU?$char_traits@D@std@@@std@@IAEXPAD00@Z 101c992c     msvcprtd:MSVCP100D.dll
 0005:00000930       __imp_?_Pninc@?$basic_streambuf@DU?$char_traits@D@std@@@std@@IAEPADXZ 101c9930     msvcprtd:MSVCP100D.dll
 0005:00000934       __imp_?eback@?$basic_streambuf@DU?$char_traits@D@std@@@std@@IBEPADXZ 101c9934     msvcprtd:MSVCP100D.dll
 0005:00000938       __imp_?setp@?$basic_streambuf@DU?$char_traits@D@std@@@std@@IAEXPAD0@Z 101c9938     msvcprtd:MSVCP100D.dll
 0005:0000093c       __imp_?setg@?$basic_streambuf@DU?$char_traits@D@std@@@std@@IAEXPAD00@Z 101c993c     msvcprtd:MSVCP100D.dll
 0005:00000940       __imp_?gptr@?$basic_streambuf@DU?$char_traits@D@std@@@std@@IBEPADXZ 101c9940     msvcprtd:MSVCP100D.dll
 0005:00000944       __imp_?imbue@?$basic_streambuf@DU?$char_traits@D@std@@@std@@MAEXABVlocale@2@@Z 101c9944     msvcprtd:MSVCP100D.dll
 0005:00000948       __imp_?sync@?$basic_streambuf@DU?$char_traits@D@std@@@std@@MAEHXZ 101c9948     msvcprtd:MSVCP100D.dll
 0005:0000094c       __imp_?setbuf@?$basic_streambuf@DU?$char_traits@D@std@@@std@@MAEPAV12@PAD_J@Z 101c994c     msvcprtd:MSVCP100D.dll
 0005:00000950       __imp_?xsputn@?$basic_streambuf@DU?$char_traits@D@std@@@std@@MAE_JPBD_J@Z 101c9950     msvcprtd:MSVCP100D.dll
 0005:00000954       __imp_?xsgetn@?$basic_streambuf@DU?$char_traits@D@std@@@std@@MAE_JPAD_J@Z 101c9954     msvcprtd:MSVCP100D.dll
 0005:00000958       __imp_?uflow@?$basic_streambuf@DU?$char_traits@D@std@@@std@@MAEHXZ 101c9958     msvcprtd:MSVCP100D.dll
 0005:0000095c       __imp_?showmanyc@?$basic_streambuf@DU?$char_traits@D@std@@@std@@MAE_JXZ 101c995c     msvcprtd:MSVCP100D.dll
 0005:00000960       __imp_?_Unlock@?$basic_streambuf@DU?$char_traits@D@std@@@std@@UAEXXZ 101c9960     msvcprtd:MSVCP100D.dll
 0005:00000964       __imp_?_Lock@?$basic_streambuf@DU?$char_traits@D@std@@@std@@UAEXXZ 101c9964     msvcprtd:MSVCP100D.dll
 0005:00000968       __imp_??1?$basic_streambuf@DU?$char_traits@D@std@@@std@@UAE@XZ 101c9968     msvcprtd:MSVCP100D.dll
 0005:0000096c       __imp_??0?$basic_ios@DU?$char_traits@D@std@@@std@@IAE@XZ 101c996c     msvcprtd:MSVCP100D.dll
 0005:00000970       __imp_??0?$basic_iostream@DU?$char_traits@D@std@@@std@@QAE@PAV?$basic_streambuf@DU?$char_traits@D@std@@@1@@Z 101c9970     msvcprtd:MSVCP100D.dll
 0005:00000974       __imp_??1?$basic_iostream@DU?$char_traits@D@std@@@std@@UAE@XZ 101c9974     msvcprtd:MSVCP100D.dll
 0005:00000978       __imp_??1?$basic_ios@DU?$char_traits@D@std@@@std@@UAE@XZ 101c9978     msvcprtd:MSVCP100D.dll
 0005:0000097c       __imp_??0_Container_base12@std@@QAE@ABU01@@Z 101c997c     msvcprtd:MSVCP100D.dll
 0005:00000980       __imp_?_Debug_message@std@@YAXPB_W0I@Z 101c9980     msvcprtd:MSVCP100D.dll
 0005:00000984       __imp_??0_Lockit@std@@QAE@H@Z 101c9984     msvcprtd:MSVCP100D.dll
 0005:00000988       __imp_??1_Lockit@std@@QAE@XZ 101c9988     msvcprtd:MSVCP100D.dll
 0005:0000098c       __imp_?_Xlength_error@std@@YAXPBD@Z 101c998c     msvcprtd:MSVCP100D.dll
 0005:00000990       \177MSVCP100D_NULL_THUNK_DATA 101c9990     msvcprtd:MSVCP100D.dll
 0005:00000a00       __imp__sin                 101c9a00     MSVCRTD:MSVCR100D.dll
 0005:00000a04       __imp__log                 101c9a04     MSVCRTD:MSVCR100D.dll
 0005:00000a08       __imp__pow                 101c9a08     MSVCRTD:MSVCR100D.dll
 0005:00000a0c       __imp__memchr              101c9a0c     MSVCRTD:MSVCR100D.dll
 0005:00000a10       __imp__strcpy              101c9a10     MSVCRTD:MSVCR100D.dll
 0005:00000a14       __imp__ceil                101c9a14     MSVCRTD:MSVCR100D.dll
 0005:00000a18       __imp__floor               101c9a18     MSVCRTD:MSVCR100D.dll
 0005:00000a1c       __imp__abs                 101c9a1c     MSVCRTD:MSVCR100D.dll
 0005:00000a20       __imp___errno              101c9a20     MSVCRTD:MSVCR100D.dll
 0005:00000a24       __imp___lock_file          101c9a24     MSVCRTD:MSVCR100D.dll
 0005:00000a28       __imp___unlock_file        101c9a28     MSVCRTD:MSVCR100D.dll
 0005:00000a2c       __imp__fwrite              101c9a2c     MSVCRTD:MSVCR100D.dll
 0005:00000a30       __imp__fputc               101c9a30     MSVCRTD:MSVCR100D.dll
 0005:00000a34       __imp__ungetc              101c9a34     MSVCRTD:MSVCR100D.dll
 0005:00000a38       __imp__memcpy_s            101c9a38     MSVCRTD:MSVCR100D.dll
 0005:00000a3c       __imp__fgetc               101c9a3c     MSVCRTD:MSVCR100D.dll
 0005:00000a40       __imp__fgetpos             101c9a40     MSVCRTD:MSVCR100D.dll
 0005:00000a44       __imp___fseeki64           101c9a44     MSVCRTD:MSVCR100D.dll
 0005:00000a48       __imp__fsetpos             101c9a48     MSVCRTD:MSVCR100D.dll
 0005:00000a4c       __imp__setvbuf             101c9a4c     MSVCRTD:MSVCR100D.dll
 0005:00000a50       __imp__fflush              101c9a50     MSVCRTD:MSVCR100D.dll
 0005:00000a54       __imp__fclose              101c9a54     MSVCRTD:MSVCR100D.dll
 0005:00000a58       __imp__free                101c9a58     MSVCRTD:MSVCR100D.dll
 0005:00000a5c       __imp_??0bad_cast@std@@QAE@PBD@Z 101c9a5c     MSVCRTD:MSVCR100D.dll
 0005:00000a60       __imp_??1bad_cast@std@@UAE@XZ 101c9a60     MSVCRTD:MSVCR100D.dll
 0005:00000a64       __imp_??0bad_cast@std@@QAE@ABV01@@Z 101c9a64     MSVCRTD:MSVCR100D.dll
 0005:00000a68       __imp___CRT_RTC_INITW      101c9a68     MSVCRTD:MSVCR100D.dll
 0005:00000a6c       __imp___unlock             101c9a6c     MSVCRTD:MSVCR100D.dll
 0005:00000a70       __imp____dllonexit         101c9a70     MSVCRTD:MSVCR100D.dll
 0005:00000a74       __imp___lock               101c9a74     MSVCRTD:MSVCR100D.dll
 0005:00000a78       __imp___onexit             101c9a78     MSVCRTD:MSVCR100D.dll
 0005:00000a7c       __imp___malloc_dbg         101c9a7c     MSVCRTD:MSVCR100D.dll
 0005:00000a80       __imp___free_dbg           101c9a80     MSVCRTD:MSVCR100D.dll
 0005:00000a84       __imp___encoded_null       101c9a84     MSVCRTD:MSVCR100D.dll
 0005:00000a88       __imp___CrtSetCheckCount   101c9a88     MSVCRTD:MSVCR100D.dll
 0005:00000a8c       __imp___initterm           101c9a8c     MSVCRTD:MSVCR100D.dll
 0005:00000a90       __imp___initterm_e         101c9a90     MSVCRTD:MSVCR100D.dll
 0005:00000a94       __imp___amsg_exit          101c9a94     MSVCRTD:MSVCR100D.dll
 0005:00000a98       __imp____CppXcptFilter     101c9a98     MSVCRTD:MSVCR100D.dll
 0005:00000a9c       __imp_?terminate@@YAXXZ    101c9a9c     MSVCRTD:MSVCR100D.dll
 0005:00000aa0       __imp_?_type_info_dtor_internal_method@type_info@@QAEXXZ 101c9aa0     MSVCRTD:MSVCR100D.dll
 0005:00000aa4       __imp___except_handler4_common 101c9aa4     MSVCRTD:MSVCR100D.dll
 0005:00000aa8       __imp___crt_debugger_hook  101c9aa8     MSVCRTD:MSVCR100D.dll
 0005:00000aac       __imp___wmakepath_s        101c9aac     MSVCRTD:MSVCR100D.dll
 0005:00000ab0       __imp__wcscpy_s            101c9ab0     MSVCRTD:MSVCR100D.dll
 0005:00000ab4       __imp___wsplitpath_s       101c9ab4     MSVCRTD:MSVCR100D.dll
 0005:00000ab8       __imp____clean_type_info_names_internal 101c9ab8     MSVCRTD:MSVCR100D.dll
 0005:00000abc       __imp__cos                 101c9abc     MSVCRTD:MSVCR100D.dll
 0005:00000ac0       __imp__sqrt                101c9ac0     MSVCRTD:MSVCR100D.dll
 0005:00000ac4       __imp__atan2               101c9ac4     MSVCRTD:MSVCR100D.dll
 0005:00000ac8       __imp__asin                101c9ac8     MSVCRTD:MSVCR100D.dll
 0005:00000acc       __imp__acos                101c9acc     MSVCRTD:MSVCR100D.dll
 0005:00000ad0       __imp__fabs                101c9ad0     MSVCRTD:MSVCR100D.dll
 0005:00000ad4       __imp__memset              101c9ad4     MSVCRTD:MSVCR100D.dll
 0005:00000ad8       __imp__memcmp              101c9ad8     MSVCRTD:MSVCR100D.dll
 0005:00000adc       __imp__strncmp             101c9adc     MSVCRTD:MSVCR100D.dll
 0005:00000ae0       __imp__strncpy             101c9ae0     MSVCRTD:MSVCR100D.dll
 0005:00000ae4       __imp_??_V@YAXPAX@Z        101c9ae4     MSVCRTD:MSVCR100D.dll
 0005:00000ae8       __imp___wassert            101c9ae8     MSVCRTD:MSVCR100D.dll
 0005:00000aec       __imp_??1exception@std@@UAE@XZ 101c9aec     MSVCRTD:MSVCR100D.dll
 0005:00000af0       __imp_?what@exception@std@@UBEPBDXZ 101c9af0     MSVCRTD:MSVCR100D.dll
 0005:00000af4       __imp_??0exception@std@@QAE@ABQBD@Z 101c9af4     MSVCRTD:MSVCR100D.dll
 0005:00000af8       __imp__strcmp              101c9af8     MSVCRTD:MSVCR100D.dll
 0005:00000afc       __imp__strlen              101c9afc     MSVCRTD:MSVCR100D.dll
 0005:00000b00       __imp____RTDynamicCast     101c9b00     MSVCRTD:MSVCR100D.dll
 0005:00000b04       __imp__memmove             101c9b04     MSVCRTD:MSVCR100D.dll
 0005:00000b08       __imp___CrtDbgReportW      101c9b08     MSVCRTD:MSVCR100D.dll
 0005:00000b0c       __imp___invalid_parameter  101c9b0c     MSVCRTD:MSVCR100D.dll
 0005:00000b10       __imp__memcpy              101c9b10     MSVCRTD:MSVCR100D.dll
 0005:00000b14       __imp_??0exception@std@@QAE@ABV01@@Z 101c9b14     MSVCRTD:MSVCR100D.dll
 0005:00000b18       __imp___CxxThrowException@8 101c9b18     MSVCRTD:MSVCR100D.dll
 0005:00000b1c       __imp____CxxFrameHandler3  101c9b1c     MSVCRTD:MSVCR100D.dll
 0005:00000b20       __imp_??2@YAPAXI@Z         101c9b20     MSVCRTD:MSVCR100D.dll
 0005:00000b24       __imp_??3@YAXPAX@Z         101c9b24     MSVCRTD:MSVCR100D.dll
 0005:00000b28       __imp___purecall           101c9b28     MSVCRTD:MSVCR100D.dll
 0005:00000b2c       \177MSVCR100D_NULL_THUNK_DATA 101c9b2c     MSVCRTD:MSVCR100D.dll
 0005:00000b94       __imp__uncompress@16       101c9b94     zlibwapi:zlibwapi.dll
 0005:00000b98       __imp__compress@16         101c9b98     zlibwapi:zlibwapi.dll
 0005:00000b9c       \177zlibwapi_NULL_THUNK_DATA 101c9b9c     zlibwapi:zlibwapi.dll

 entry point at        0002:00001617

